[1.579s] Invoking command in '/home/jetson/Multitask-Drone/src/drone_vision': AMENT_PREFIX_PATH=/home/jetson/Multitask-Drone/install/drone_interfaces:${AMENT_PREFIX_PATH} CMAKE_PREFIX_PATH=/home/jetson/Multitask-Drone/install/drone_interfaces LD_LIBRARY_PATH=/home/jetson/Multitask-Drone/install/drone_interfaces/lib:${LD_LIBRARY_PATH} PYTHONPATH=/home/jetson/Multitask-Drone/build/drone_vision/prefix_override:/usr/lib/python3/dist-packages/colcon_core/task/python/colcon_distutils_commands:/home/jetson/Multitask-Drone/install/drone_vision/lib/python3.10/site-packages:/home/jetson/Multitask-Drone/install/drone_interfaces/local/lib/python3.10/dist-packages:${PYTHONPATH} /usr/bin/python3 -W ignore:setup.py install is deprecated -W ignore:easy_install command is deprecated setup.py egg_info --egg-base ../../build/drone_vision build --build-base /home/jetson/Multitask-Drone/build/drone_vision/build install --record /home/jetson/Multitask-Drone/build/drone_vision/install.log --single-version-externally-managed install_data
[1.985s] running egg_info
[1.987s] creating ../../build/drone_vision/drone_vision.egg-info
[1.987s] writing ../../build/drone_vision/drone_vision.egg-info/PKG-INFO
[1.987s] writing dependency_links to ../../build/drone_vision/drone_vision.egg-info/dependency_links.txt
[1.987s] writing entry points to ../../build/drone_vision/drone_vision.egg-info/entry_points.txt
[1.988s] writing requirements to ../../build/drone_vision/drone_vision.egg-info/requires.txt
[1.988s] writing top-level names to ../../build/drone_vision/drone_vision.egg-info/top_level.txt
[1.988s] writing manifest file '../../build/drone_vision/drone_vision.egg-info/SOURCES.txt'
[1.991s] reading manifest file '../../build/drone_vision/drone_vision.egg-info/SOURCES.txt'
[1.991s] adding license file 'LICENSE'
[1.992s] writing manifest file '../../build/drone_vision/drone_vision.egg-info/SOURCES.txt'
[1.992s] running build
[1.992s] running build_py
[1.993s] creating /home/jetson/Multitask-Drone/build/drone_vision/build
[1.993s] creating /home/jetson/Multitask-Drone/build/drone_vision/build/lib
[1.993s] creating /home/jetson/Multitask-Drone/build/drone_vision/build/lib/drone_vision
[1.993s] copying drone_vision/object_detector.py -> /home/jetson/Multitask-Drone/build/drone_vision/build/lib/drone_vision
[1.994s] copying drone_vision/__init__.py -> /home/jetson/Multitask-Drone/build/drone_vision/build/lib/drone_vision
[1.994s] copying drone_vision/utils.py -> /home/jetson/Multitask-Drone/build/drone_vision/build/lib/drone_vision
[1.994s] running install
[1.994s] running install_lib
[1.996s] creating /home/jetson/Multitask-Drone/install/drone_vision/lib/python3.10/site-packages/drone_vision
[1.996s] copying /home/jetson/Multitask-Drone/build/drone_vision/build/lib/drone_vision/object_detector.py -> /home/jetson/Multitask-Drone/install/drone_vision/lib/python3.10/site-packages/drone_vision
[1.996s] copying /home/jetson/Multitask-Drone/build/drone_vision/build/lib/drone_vision/__init__.py -> /home/jetson/Multitask-Drone/install/drone_vision/lib/python3.10/site-packages/drone_vision
[1.996s] copying /home/jetson/Multitask-Drone/build/drone_vision/build/lib/drone_vision/utils.py -> /home/jetson/Multitask-Drone/install/drone_vision/lib/python3.10/site-packages/drone_vision
[1.997s] byte-compiling /home/jetson/Multitask-Drone/install/drone_vision/lib/python3.10/site-packages/drone_vision/object_detector.py to object_detector.cpython-310.pyc
[1.999s] byte-compiling /home/jetson/Multitask-Drone/install/drone_vision/lib/python3.10/site-packages/drone_vision/__init__.py to __init__.cpython-310.pyc
[1.999s] byte-compiling /home/jetson/Multitask-Drone/install/drone_vision/lib/python3.10/site-packages/drone_vision/utils.py to utils.cpython-310.pyc
[2.000s] running install_data
[2.000s] creating /home/jetson/Multitask-Drone/install/drone_vision/share/ament_index
[2.000s] creating /home/jetson/Multitask-Drone/install/drone_vision/share/ament_index/resource_index
[2.001s] creating /home/jetson/Multitask-Drone/install/drone_vision/share/ament_index/resource_index/packages
[2.001s] copying resource/drone_vision -> /home/jetson/Multitask-Drone/install/drone_vision/share/ament_index/resource_index/packages
[2.001s] copying package.xml -> /home/jetson/Multitask-Drone/install/drone_vision/share/drone_vision
[2.001s] copying launch/drone_vision.launch.py -> /home/jetson/Multitask-Drone/install/drone_vision/share/drone_vision
[2.002s] running install_egg_info
[2.005s] Copying ../../build/drone_vision/drone_vision.egg-info to /home/jetson/Multitask-Drone/install/drone_vision/lib/python3.10/site-packages/drone_vision-0.0.0-py3.10.egg-info
[2.006s] running install_scripts
[2.039s] Installing object_detector script to /home/jetson/Multitask-Drone/install/drone_vision/lib/drone_vision
[2.040s] writing list of installed files to '/home/jetson/Multitask-Drone/build/drone_vision/install.log'
[2.105s] Invoked command in '/home/jetson/Multitask-Drone/src/drone_vision' returned '0': AMENT_PREFIX_PATH=/home/jetson/Multitask-Drone/install/drone_interfaces:${AMENT_PREFIX_PATH} CMAKE_PREFIX_PATH=/home/jetson/Multitask-Drone/install/drone_interfaces LD_LIBRARY_PATH=/home/jetson/Multitask-Drone/install/drone_interfaces/lib:${LD_LIBRARY_PATH} PYTHONPATH=/home/jetson/Multitask-Drone/build/drone_vision/prefix_override:/usr/lib/python3/dist-packages/colcon_core/task/python/colcon_distutils_commands:/home/jetson/Multitask-Drone/install/drone_vision/lib/python3.10/site-packages:/home/jetson/Multitask-Drone/install/drone_interfaces/local/lib/python3.10/dist-packages:${PYTHONPATH} /usr/bin/python3 -W ignore:setup.py install is deprecated -W ignore:easy_install command is deprecated setup.py egg_info --egg-base ../../build/drone_vision build --build-base /home/jetson/Multitask-Drone/build/drone_vision/build install --record /home/jetson/Multitask-Drone/build/drone_vision/install.log --single-version-externally-managed install_data
