/home/ccl/Multitask-Drone/install/drone_controller/lib/python3.10/site-packages/drone_controller/drone_controller.py
/home/ccl/Multitask-Drone/install/drone_controller/lib/python3.10/site-packages/drone_controller/__init__.py
/home/ccl/Multitask-Drone/install/drone_controller/lib/python3.10/site-packages/drone_controller/yiku_test.py
/home/ccl/Multitask-Drone/install/drone_controller/lib/python3.10/site-packages/drone_controller/constant.py
/home/ccl/Multitask-Drone/install/drone_controller/lib/python3.10/site-packages/drone_controller/config.py
/home/ccl/Multitask-Drone/install/drone_controller/lib/python3.10/site-packages/drone_controller/utils.py
/home/ccl/Multitask-Drone/install/drone_controller/lib/python3.10/site-packages/drone_controller/task/__init__.py
/home/ccl/Multitask-Drone/install/drone_controller/lib/python3.10/site-packages/drone_controller/task/task_executor.py
/home/ccl/Multitask-Drone/install/drone_controller/lib/python3.10/site-packages/drone_controller/task/task_handler.py
/home/ccl/Multitask-Drone/install/drone_controller/lib/python3.10/site-packages/drone_controller/waypoint/waypoint_handler.py
/home/ccl/Multitask-Drone/install/drone_controller/lib/python3.10/site-packages/drone_controller/waypoint/__init__.py
/home/ccl/Multitask-Drone/install/drone_controller/lib/python3.10/site-packages/drone_controller/waypoint/waypoint_task_executor.py
/home/ccl/Multitask-Drone/install/drone_controller/lib/python3.10/site-packages/drone_controller/waypoint/waypoint_task_executor_test.py
/home/ccl/Multitask-Drone/install/drone_controller/lib/python3.10/site-packages/drone_controller/payload/payload_controller.py
/home/ccl/Multitask-Drone/install/drone_controller/lib/python3.10/site-packages/drone_controller/payload/__init__.py
/home/ccl/Multitask-Drone/install/drone_controller/lib/python3.10/site-packages/drone_controller/__pycache__/drone_controller.cpython-310.pyc
/home/ccl/Multitask-Drone/install/drone_controller/lib/python3.10/site-packages/drone_controller/__pycache__/__init__.cpython-310.pyc
/home/ccl/Multitask-Drone/install/drone_controller/lib/python3.10/site-packages/drone_controller/__pycache__/yiku_test.cpython-310.pyc
/home/ccl/Multitask-Drone/install/drone_controller/lib/python3.10/site-packages/drone_controller/__pycache__/constant.cpython-310.pyc
/home/ccl/Multitask-Drone/install/drone_controller/lib/python3.10/site-packages/drone_controller/__pycache__/config.cpython-310.pyc
/home/ccl/Multitask-Drone/install/drone_controller/lib/python3.10/site-packages/drone_controller/__pycache__/utils.cpython-310.pyc
/home/ccl/Multitask-Drone/install/drone_controller/lib/python3.10/site-packages/drone_controller/task/__pycache__/__init__.cpython-310.pyc
/home/ccl/Multitask-Drone/install/drone_controller/lib/python3.10/site-packages/drone_controller/task/__pycache__/task_executor.cpython-310.pyc
/home/ccl/Multitask-Drone/install/drone_controller/lib/python3.10/site-packages/drone_controller/task/__pycache__/task_handler.cpython-310.pyc
/home/ccl/Multitask-Drone/install/drone_controller/lib/python3.10/site-packages/drone_controller/waypoint/__pycache__/waypoint_handler.cpython-310.pyc
/home/ccl/Multitask-Drone/install/drone_controller/lib/python3.10/site-packages/drone_controller/waypoint/__pycache__/__init__.cpython-310.pyc
/home/ccl/Multitask-Drone/install/drone_controller/lib/python3.10/site-packages/drone_controller/waypoint/__pycache__/waypoint_task_executor.cpython-310.pyc
/home/ccl/Multitask-Drone/install/drone_controller/lib/python3.10/site-packages/drone_controller/waypoint/__pycache__/waypoint_task_executor_test.cpython-310.pyc
/home/ccl/Multitask-Drone/install/drone_controller/lib/python3.10/site-packages/drone_controller/payload/__pycache__/payload_controller.cpython-310.pyc
/home/ccl/Multitask-Drone/install/drone_controller/lib/python3.10/site-packages/drone_controller/payload/__pycache__/__init__.cpython-310.pyc
/home/ccl/Multitask-Drone/install/drone_controller/share/ament_index/resource_index/packages/drone_controller
/home/ccl/Multitask-Drone/install/drone_controller/share/drone_controller/package.xml
/home/ccl/Multitask-Drone/install/drone_controller/share/drone_controller/drone_controller.launch.py
/home/ccl/Multitask-Drone/install/drone_controller/lib/python3.10/site-packages/drone_controller-0.0.0-py3.10.egg-info/entry_points.txt
/home/ccl/Multitask-Drone/install/drone_controller/lib/python3.10/site-packages/drone_controller-0.0.0-py3.10.egg-info/top_level.txt
/home/ccl/Multitask-Drone/install/drone_controller/lib/python3.10/site-packages/drone_controller-0.0.0-py3.10.egg-info/dependency_links.txt
/home/ccl/Multitask-Drone/install/drone_controller/lib/python3.10/site-packages/drone_controller-0.0.0-py3.10.egg-info/zip-safe
/home/ccl/Multitask-Drone/install/drone_controller/lib/python3.10/site-packages/drone_controller-0.0.0-py3.10.egg-info/requires.txt
/home/ccl/Multitask-Drone/install/drone_controller/lib/python3.10/site-packages/drone_controller-0.0.0-py3.10.egg-info/SOURCES.txt
/home/ccl/Multitask-Drone/install/drone_controller/lib/python3.10/site-packages/drone_controller-0.0.0-py3.10.egg-info/PKG-INFO
/home/ccl/Multitask-Drone/install/drone_controller/lib/drone_controller/drone_controller
/home/ccl/Multitask-Drone/install/drone_controller/lib/drone_controller/task_executor
/home/ccl/Multitask-Drone/install/drone_controller/lib/drone_controller/waypoint_handler
/home/ccl/Multitask-Drone/install/drone_controller/lib/drone_controller/yiku_test
