[1.511s] Invoking command in '/home/orangepi/Multitask-Drone/src/drone_controller': AMENT_PREFIX_PATH=/home/orangepi/Multitask-Drone/install/drone_interfaces:${AMENT_PREFIX_PATH} CMAKE_PREFIX_PATH=/home/orangepi/Multitask-Drone/install/drone_interfaces LD_LIBRARY_PATH=/home/orangepi/Multitask-Drone/install/drone_interfaces/lib:${LD_LIBRARY_PATH} PYTHONPATH=/home/orangepi/Multitask-Drone/build/drone_controller/prefix_override:/usr/lib/python3/dist-packages/colcon_core/task/python/colcon_distutils_commands:/home/orangepi/Multitask-Drone/install/drone_controller/lib/python3.10/site-packages:/home/orangepi/Multitask-Drone/install/drone_interfaces/local/lib/python3.10/dist-packages:${PYTHONPATH} /usr/bin/python3 -W ignore:setup.py install is deprecated -W ignore:easy_install command is deprecated setup.py egg_info --egg-base ../../build/drone_controller build --build-base /home/orangepi/Multitask-Drone/build/drone_controller/build install --record /home/orangepi/Multitask-Drone/build/drone_controller/install.log --single-version-externally-managed install_data
[1.873s] running egg_info
[1.874s] creating ../../build/drone_controller/drone_controller.egg-info
[1.875s] writing ../../build/drone_controller/drone_controller.egg-info/PKG-INFO
[1.876s] writing dependency_links to ../../build/drone_controller/drone_controller.egg-info/dependency_links.txt
[1.876s] writing entry points to ../../build/drone_controller/drone_controller.egg-info/entry_points.txt
[1.877s] writing requirements to ../../build/drone_controller/drone_controller.egg-info/requires.txt
[1.877s] writing top-level names to ../../build/drone_controller/drone_controller.egg-info/top_level.txt
[1.877s] writing manifest file '../../build/drone_controller/drone_controller.egg-info/SOURCES.txt'
[1.879s] reading manifest file '../../build/drone_controller/drone_controller.egg-info/SOURCES.txt'
[1.880s] adding license file 'LICENSE'
[1.880s] writing manifest file '../../build/drone_controller/drone_controller.egg-info/SOURCES.txt'
[1.881s] running build
[1.881s] running build_py
[1.882s] creating /home/orangepi/Multitask-Drone/build/drone_controller/build
[1.882s] creating /home/orangepi/Multitask-Drone/build/drone_controller/build/lib
[1.883s] creating /home/orangepi/Multitask-Drone/build/drone_controller/build/lib/drone_controller
[1.883s] copying drone_controller/__init__.py -> /home/orangepi/Multitask-Drone/build/drone_controller/build/lib/drone_controller
[1.883s] copying drone_controller/constant.py -> /home/orangepi/Multitask-Drone/build/drone_controller/build/lib/drone_controller
[1.884s] copying drone_controller/utils.py -> /home/orangepi/Multitask-Drone/build/drone_controller/build/lib/drone_controller
[1.884s] copying drone_controller/drone_controller.py -> /home/orangepi/Multitask-Drone/build/drone_controller/build/lib/drone_controller
[1.885s] copying drone_controller/config.py -> /home/orangepi/Multitask-Drone/build/drone_controller/build/lib/drone_controller
[1.885s] creating /home/orangepi/Multitask-Drone/build/drone_controller/build/lib/drone_controller/task
[1.885s] copying drone_controller/task/task_executor.py -> /home/orangepi/Multitask-Drone/build/drone_controller/build/lib/drone_controller/task
[1.885s] copying drone_controller/task/__init__.py -> /home/orangepi/Multitask-Drone/build/drone_controller/build/lib/drone_controller/task
[1.885s] copying drone_controller/task/task_handler.py -> /home/orangepi/Multitask-Drone/build/drone_controller/build/lib/drone_controller/task
[1.885s] creating /home/orangepi/Multitask-Drone/build/drone_controller/build/lib/drone_controller/waypoint
[1.886s] copying drone_controller/waypoint/waypoint_handler.py -> /home/orangepi/Multitask-Drone/build/drone_controller/build/lib/drone_controller/waypoint
[1.887s] copying drone_controller/waypoint/waypoint_task_executor_test.py -> /home/orangepi/Multitask-Drone/build/drone_controller/build/lib/drone_controller/waypoint
[1.887s] copying drone_controller/waypoint/__init__.py -> /home/orangepi/Multitask-Drone/build/drone_controller/build/lib/drone_controller/waypoint
[1.887s] copying drone_controller/waypoint/waypoint_task_executor.py -> /home/orangepi/Multitask-Drone/build/drone_controller/build/lib/drone_controller/waypoint
[1.887s] running install
[1.890s] running install_lib
[1.890s] creating /home/orangepi/Multitask-Drone/install/drone_controller/lib/python3.10/site-packages/drone_controller
[1.891s] copying /home/orangepi/Multitask-Drone/build/drone_controller/build/lib/drone_controller/__init__.py -> /home/orangepi/Multitask-Drone/install/drone_controller/lib/python3.10/site-packages/drone_controller
[1.891s] creating /home/orangepi/Multitask-Drone/install/drone_controller/lib/python3.10/site-packages/drone_controller/waypoint
[1.891s] copying /home/orangepi/Multitask-Drone/build/drone_controller/build/lib/drone_controller/waypoint/waypoint_handler.py -> /home/orangepi/Multitask-Drone/install/drone_controller/lib/python3.10/site-packages/drone_controller/waypoint
[1.891s] copying /home/orangepi/Multitask-Drone/build/drone_controller/build/lib/drone_controller/waypoint/waypoint_task_executor_test.py -> /home/orangepi/Multitask-Drone/install/drone_controller/lib/python3.10/site-packages/drone_controller/waypoint
[1.892s] copying /home/orangepi/Multitask-Drone/build/drone_controller/build/lib/drone_controller/waypoint/__init__.py -> /home/orangepi/Multitask-Drone/install/drone_controller/lib/python3.10/site-packages/drone_controller/waypoint
[1.892s] copying /home/orangepi/Multitask-Drone/build/drone_controller/build/lib/drone_controller/waypoint/waypoint_task_executor.py -> /home/orangepi/Multitask-Drone/install/drone_controller/lib/python3.10/site-packages/drone_controller/waypoint
[1.892s] copying /home/orangepi/Multitask-Drone/build/drone_controller/build/lib/drone_controller/constant.py -> /home/orangepi/Multitask-Drone/install/drone_controller/lib/python3.10/site-packages/drone_controller
[1.892s] copying /home/orangepi/Multitask-Drone/build/drone_controller/build/lib/drone_controller/utils.py -> /home/orangepi/Multitask-Drone/install/drone_controller/lib/python3.10/site-packages/drone_controller
[1.892s] copying /home/orangepi/Multitask-Drone/build/drone_controller/build/lib/drone_controller/drone_controller.py -> /home/orangepi/Multitask-Drone/install/drone_controller/lib/python3.10/site-packages/drone_controller
[1.893s] creating /home/orangepi/Multitask-Drone/install/drone_controller/lib/python3.10/site-packages/drone_controller/task
[1.893s] copying /home/orangepi/Multitask-Drone/build/drone_controller/build/lib/drone_controller/task/task_executor.py -> /home/orangepi/Multitask-Drone/install/drone_controller/lib/python3.10/site-packages/drone_controller/task
[1.893s] copying /home/orangepi/Multitask-Drone/build/drone_controller/build/lib/drone_controller/task/__init__.py -> /home/orangepi/Multitask-Drone/install/drone_controller/lib/python3.10/site-packages/drone_controller/task
[1.893s] copying /home/orangepi/Multitask-Drone/build/drone_controller/build/lib/drone_controller/task/task_handler.py -> /home/orangepi/Multitask-Drone/install/drone_controller/lib/python3.10/site-packages/drone_controller/task
[1.893s] copying /home/orangepi/Multitask-Drone/build/drone_controller/build/lib/drone_controller/config.py -> /home/orangepi/Multitask-Drone/install/drone_controller/lib/python3.10/site-packages/drone_controller
[1.893s] byte-compiling /home/orangepi/Multitask-Drone/install/drone_controller/lib/python3.10/site-packages/drone_controller/__init__.py to __init__.cpython-310.pyc
[1.894s] byte-compiling /home/orangepi/Multitask-Drone/install/drone_controller/lib/python3.10/site-packages/drone_controller/waypoint/waypoint_handler.py to waypoint_handler.cpython-310.pyc
[1.894s] byte-compiling /home/orangepi/Multitask-Drone/install/drone_controller/lib/python3.10/site-packages/drone_controller/waypoint/waypoint_task_executor_test.py to waypoint_task_executor_test.cpython-310.pyc
[1.895s] byte-compiling /home/orangepi/Multitask-Drone/install/drone_controller/lib/python3.10/site-packages/drone_controller/waypoint/__init__.py to __init__.cpython-310.pyc
[1.895s] byte-compiling /home/orangepi/Multitask-Drone/install/drone_controller/lib/python3.10/site-packages/drone_controller/waypoint/waypoint_task_executor.py to waypoint_task_executor.cpython-310.pyc
[1.899s] byte-compiling /home/orangepi/Multitask-Drone/install/drone_controller/lib/python3.10/site-packages/drone_controller/constant.py to constant.cpython-310.pyc
[1.899s] byte-compiling /home/orangepi/Multitask-Drone/install/drone_controller/lib/python3.10/site-packages/drone_controller/utils.py to utils.cpython-310.pyc
[1.900s] byte-compiling /home/orangepi/Multitask-Drone/install/drone_controller/lib/python3.10/site-packages/drone_controller/drone_controller.py to drone_controller.cpython-310.pyc
[1.902s] byte-compiling /home/orangepi/Multitask-Drone/install/drone_controller/lib/python3.10/site-packages/drone_controller/task/task_executor.py to task_executor.cpython-310.pyc
[1.904s] byte-compiling /home/orangepi/Multitask-Drone/install/drone_controller/lib/python3.10/site-packages/drone_controller/task/__init__.py to __init__.cpython-310.pyc
[1.904s] byte-compiling /home/orangepi/Multitask-Drone/install/drone_controller/lib/python3.10/site-packages/drone_controller/task/task_handler.py to task_handler.cpython-310.pyc
[1.905s] byte-compiling /home/orangepi/Multitask-Drone/install/drone_controller/lib/python3.10/site-packages/drone_controller/config.py to config.cpython-310.pyc
[1.906s] running install_data
[1.906s] creating /home/orangepi/Multitask-Drone/install/drone_controller/share/ament_index
[1.906s] creating /home/orangepi/Multitask-Drone/install/drone_controller/share/ament_index/resource_index
[1.906s] creating /home/orangepi/Multitask-Drone/install/drone_controller/share/ament_index/resource_index/packages
[1.907s] copying resource/drone_controller -> /home/orangepi/Multitask-Drone/install/drone_controller/share/ament_index/resource_index/packages
[1.907s] copying package.xml -> /home/orangepi/Multitask-Drone/install/drone_controller/share/drone_controller
[1.907s] copying launch/drone_controller.launch.py -> /home/orangepi/Multitask-Drone/install/drone_controller/share/drone_controller
[1.907s] running install_egg_info
[1.910s] Copying ../../build/drone_controller/drone_controller.egg-info to /home/orangepi/Multitask-Drone/install/drone_controller/lib/python3.10/site-packages/drone_controller-0.0.0-py3.10.egg-info
[1.911s] running install_scripts
[1.950s] Installing drone_controller script to /home/orangepi/Multitask-Drone/install/drone_controller/lib/drone_controller
[1.950s] Installing task_executor script to /home/orangepi/Multitask-Drone/install/drone_controller/lib/drone_controller
[1.951s] Installing waypoint_handler script to /home/orangepi/Multitask-Drone/install/drone_controller/lib/drone_controller
[1.952s] writing list of installed files to '/home/orangepi/Multitask-Drone/build/drone_controller/install.log'
[2.105s] Invoked command in '/home/orangepi/Multitask-Drone/src/drone_controller' returned '0': AMENT_PREFIX_PATH=/home/orangepi/Multitask-Drone/install/drone_interfaces:${AMENT_PREFIX_PATH} CMAKE_PREFIX_PATH=/home/orangepi/Multitask-Drone/install/drone_interfaces LD_LIBRARY_PATH=/home/orangepi/Multitask-Drone/install/drone_interfaces/lib:${LD_LIBRARY_PATH} PYTHONPATH=/home/orangepi/Multitask-Drone/build/drone_controller/prefix_override:/usr/lib/python3/dist-packages/colcon_core/task/python/colcon_distutils_commands:/home/orangepi/Multitask-Drone/install/drone_controller/lib/python3.10/site-packages:/home/orangepi/Multitask-Drone/install/drone_interfaces/local/lib/python3.10/dist-packages:${PYTHONPATH} /usr/bin/python3 -W ignore:setup.py install is deprecated -W ignore:easy_install command is deprecated setup.py egg_info --egg-base ../../build/drone_controller build --build-base /home/orangepi/Multitask-Drone/build/drone_controller/build install --record /home/orangepi/Multitask-Drone/build/drone_controller/install.log --single-version-externally-managed install_data
