running egg_info
creating ../../build/drone_vision/drone_vision.egg-info
writing ../../build/drone_vision/drone_vision.egg-info/PKG-INFO
writing dependency_links to ../../build/drone_vision/drone_vision.egg-info/dependency_links.txt
writing entry points to ../../build/drone_vision/drone_vision.egg-info/entry_points.txt
writing requirements to ../../build/drone_vision/drone_vision.egg-info/requires.txt
writing top-level names to ../../build/drone_vision/drone_vision.egg-info/top_level.txt
writing manifest file '../../build/drone_vision/drone_vision.egg-info/SOURCES.txt'
reading manifest file '../../build/drone_vision/drone_vision.egg-info/SOURCES.txt'
adding license file 'LICENSE'
writing manifest file '../../build/drone_vision/drone_vision.egg-info/SOURCES.txt'
running build
running build_py
creating /home/orangepi/Multitask-Drone/build/drone_vision/build
creating /home/orangepi/Multitask-Drone/build/drone_vision/build/lib
creating /home/orangepi/Multitask-Drone/build/drone_vision/build/lib/drone_vision
copying drone_vision/__init__.py -> /home/orangepi/Multitask-Drone/build/drone_vision/build/lib/drone_vision
copying drone_vision/object_detector.py -> /home/orangepi/Multitask-Drone/build/drone_vision/build/lib/drone_vision
copying drone_vision/config.py -> /home/orangepi/Multitask-Drone/build/drone_vision/build/lib/drone_vision
creating /home/orangepi/Multitask-Drone/build/drone_vision/build/lib/drone_vision/utils
copying drone_vision/utils/__init__.py -> /home/orangepi/Multitask-Drone/build/drone_vision/build/lib/drone_vision/utils
copying drone_vision/utils/rknn_executor.py -> /home/orangepi/Multitask-Drone/build/drone_vision/build/lib/drone_vision/utils
copying drone_vision/utils/bound_detector.py -> /home/orangepi/Multitask-Drone/build/drone_vision/build/lib/drone_vision/utils
copying drone_vision/utils/rknn_helper.py -> /home/orangepi/Multitask-Drone/build/drone_vision/build/lib/drone_vision/utils
copying drone_vision/utils/coco_helper.py -> /home/orangepi/Multitask-Drone/build/drone_vision/build/lib/drone_vision/utils
running install
running install_lib
creating /home/orangepi/Multitask-Drone/install/drone_vision/lib/python3.10/site-packages/drone_vision
copying /home/orangepi/Multitask-Drone/build/drone_vision/build/lib/drone_vision/__init__.py -> /home/orangepi/Multitask-Drone/install/drone_vision/lib/python3.10/site-packages/drone_vision
creating /home/orangepi/Multitask-Drone/install/drone_vision/lib/python3.10/site-packages/drone_vision/utils
copying /home/orangepi/Multitask-Drone/build/drone_vision/build/lib/drone_vision/utils/__init__.py -> /home/orangepi/Multitask-Drone/install/drone_vision/lib/python3.10/site-packages/drone_vision/utils
copying /home/orangepi/Multitask-Drone/build/drone_vision/build/lib/drone_vision/utils/rknn_executor.py -> /home/orangepi/Multitask-Drone/install/drone_vision/lib/python3.10/site-packages/drone_vision/utils
copying /home/orangepi/Multitask-Drone/build/drone_vision/build/lib/drone_vision/utils/bound_detector.py -> /home/orangepi/Multitask-Drone/install/drone_vision/lib/python3.10/site-packages/drone_vision/utils
copying /home/orangepi/Multitask-Drone/build/drone_vision/build/lib/drone_vision/utils/rknn_helper.py -> /home/orangepi/Multitask-Drone/install/drone_vision/lib/python3.10/site-packages/drone_vision/utils
copying /home/orangepi/Multitask-Drone/build/drone_vision/build/lib/drone_vision/utils/coco_helper.py -> /home/orangepi/Multitask-Drone/install/drone_vision/lib/python3.10/site-packages/drone_vision/utils
copying /home/orangepi/Multitask-Drone/build/drone_vision/build/lib/drone_vision/object_detector.py -> /home/orangepi/Multitask-Drone/install/drone_vision/lib/python3.10/site-packages/drone_vision
copying /home/orangepi/Multitask-Drone/build/drone_vision/build/lib/drone_vision/config.py -> /home/orangepi/Multitask-Drone/install/drone_vision/lib/python3.10/site-packages/drone_vision
byte-compiling /home/orangepi/Multitask-Drone/install/drone_vision/lib/python3.10/site-packages/drone_vision/__init__.py to __init__.cpython-310.pyc
byte-compiling /home/orangepi/Multitask-Drone/install/drone_vision/lib/python3.10/site-packages/drone_vision/utils/__init__.py to __init__.cpython-310.pyc
byte-compiling /home/orangepi/Multitask-Drone/install/drone_vision/lib/python3.10/site-packages/drone_vision/utils/rknn_executor.py to rknn_executor.cpython-310.pyc
byte-compiling /home/orangepi/Multitask-Drone/install/drone_vision/lib/python3.10/site-packages/drone_vision/utils/bound_detector.py to bound_detector.cpython-310.pyc
byte-compiling /home/orangepi/Multitask-Drone/install/drone_vision/lib/python3.10/site-packages/drone_vision/utils/rknn_helper.py to rknn_helper.cpython-310.pyc
byte-compiling /home/orangepi/Multitask-Drone/install/drone_vision/lib/python3.10/site-packages/drone_vision/utils/coco_helper.py to coco_helper.cpython-310.pyc
byte-compiling /home/orangepi/Multitask-Drone/install/drone_vision/lib/python3.10/site-packages/drone_vision/object_detector.py to object_detector.cpython-310.pyc
byte-compiling /home/orangepi/Multitask-Drone/install/drone_vision/lib/python3.10/site-packages/drone_vision/config.py to config.cpython-310.pyc
running install_data
creating /home/orangepi/Multitask-Drone/install/drone_vision/share/ament_index
creating /home/orangepi/Multitask-Drone/install/drone_vision/share/ament_index/resource_index
creating /home/orangepi/Multitask-Drone/install/drone_vision/share/ament_index/resource_index/packages
copying resource/drone_vision -> /home/orangepi/Multitask-Drone/install/drone_vision/share/ament_index/resource_index/packages
copying package.xml -> /home/orangepi/Multitask-Drone/install/drone_vision/share/drone_vision
copying launch/drone_vision.launch.py -> /home/orangepi/Multitask-Drone/install/drone_vision/share/drone_vision
running install_egg_info
Copying ../../build/drone_vision/drone_vision.egg-info to /home/orangepi/Multitask-Drone/install/drone_vision/lib/python3.10/site-packages/drone_vision-0.0.0-py3.10.egg-info
running install_scripts
Installing object_detector script to /home/orangepi/Multitask-Drone/install/drone_vision/lib/drone_vision
writing list of installed files to '/home/orangepi/Multitask-Drone/build/drone_vision/install.log'
