[1.474s] Invoking command in '/home/orangepi/Multitask-Drone/src/drone_vision': AMENT_PREFIX_PATH=/home/orangepi/Multitask-Drone/install/drone_interfaces:${AMENT_PREFIX_PATH} CMAKE_PREFIX_PATH=/home/orangepi/Multitask-Drone/install/drone_interfaces LD_LIBRARY_PATH=/home/orangepi/Multitask-Drone/install/drone_interfaces/lib:${LD_LIBRARY_PATH} PYTHONPATH=/home/orangepi/Multitask-Drone/build/drone_vision/prefix_override:/usr/lib/python3/dist-packages/colcon_core/task/python/colcon_distutils_commands:/home/orangepi/Multitask-Drone/install/drone_vision/lib/python3.10/site-packages:/home/orangepi/Multitask-Drone/install/drone_interfaces/local/lib/python3.10/dist-packages:${PYTHONPATH} /usr/bin/python3 -W ignore:setup.py install is deprecated -W ignore:easy_install command is deprecated setup.py egg_info --egg-base ../../build/drone_vision build --build-base /home/orangepi/Multitask-Drone/build/drone_vision/build install --record /home/orangepi/Multitask-Drone/build/drone_vision/install.log --single-version-externally-managed install_data
[1.802s] running egg_info
[1.803s] creating ../../build/drone_vision/drone_vision.egg-info
[1.804s] writing ../../build/drone_vision/drone_vision.egg-info/PKG-INFO
[1.804s] writing dependency_links to ../../build/drone_vision/drone_vision.egg-info/dependency_links.txt
[1.805s] writing entry points to ../../build/drone_vision/drone_vision.egg-info/entry_points.txt
[1.805s] writing requirements to ../../build/drone_vision/drone_vision.egg-info/requires.txt
[1.805s] writing top-level names to ../../build/drone_vision/drone_vision.egg-info/top_level.txt
[1.806s] writing manifest file '../../build/drone_vision/drone_vision.egg-info/SOURCES.txt'
[1.807s] reading manifest file '../../build/drone_vision/drone_vision.egg-info/SOURCES.txt'
[1.809s] adding license file 'LICENSE'
[1.811s] writing manifest file '../../build/drone_vision/drone_vision.egg-info/SOURCES.txt'
[1.811s] running build
[1.812s] running build_py
[1.812s] creating /home/orangepi/Multitask-Drone/build/drone_vision/build
[1.812s] creating /home/orangepi/Multitask-Drone/build/drone_vision/build/lib
[1.813s] creating /home/orangepi/Multitask-Drone/build/drone_vision/build/lib/drone_vision
[1.814s] copying drone_vision/__init__.py -> /home/orangepi/Multitask-Drone/build/drone_vision/build/lib/drone_vision
[1.814s] copying drone_vision/object_detector.py -> /home/orangepi/Multitask-Drone/build/drone_vision/build/lib/drone_vision
[1.814s] copying drone_vision/config.py -> /home/orangepi/Multitask-Drone/build/drone_vision/build/lib/drone_vision
[1.815s] creating /home/orangepi/Multitask-Drone/build/drone_vision/build/lib/drone_vision/utils
[1.815s] copying drone_vision/utils/__init__.py -> /home/orangepi/Multitask-Drone/build/drone_vision/build/lib/drone_vision/utils
[1.816s] copying drone_vision/utils/rknn_executor.py -> /home/orangepi/Multitask-Drone/build/drone_vision/build/lib/drone_vision/utils
[1.818s] copying drone_vision/utils/bound_detector.py -> /home/orangepi/Multitask-Drone/build/drone_vision/build/lib/drone_vision/utils
[1.818s] copying drone_vision/utils/rknn_helper.py -> /home/orangepi/Multitask-Drone/build/drone_vision/build/lib/drone_vision/utils
[1.819s] copying drone_vision/utils/coco_helper.py -> /home/orangepi/Multitask-Drone/build/drone_vision/build/lib/drone_vision/utils
[1.819s] running install
[1.822s] running install_lib
[1.823s] creating /home/orangepi/Multitask-Drone/install/drone_vision/lib/python3.10/site-packages/drone_vision
[1.823s] copying /home/orangepi/Multitask-Drone/build/drone_vision/build/lib/drone_vision/__init__.py -> /home/orangepi/Multitask-Drone/install/drone_vision/lib/python3.10/site-packages/drone_vision
[1.824s] creating /home/orangepi/Multitask-Drone/install/drone_vision/lib/python3.10/site-packages/drone_vision/utils
[1.825s] copying /home/orangepi/Multitask-Drone/build/drone_vision/build/lib/drone_vision/utils/__init__.py -> /home/orangepi/Multitask-Drone/install/drone_vision/lib/python3.10/site-packages/drone_vision/utils
[1.826s] copying /home/orangepi/Multitask-Drone/build/drone_vision/build/lib/drone_vision/utils/rknn_executor.py -> /home/orangepi/Multitask-Drone/install/drone_vision/lib/python3.10/site-packages/drone_vision/utils
[1.826s] copying /home/orangepi/Multitask-Drone/build/drone_vision/build/lib/drone_vision/utils/bound_detector.py -> /home/orangepi/Multitask-Drone/install/drone_vision/lib/python3.10/site-packages/drone_vision/utils
[1.826s] copying /home/orangepi/Multitask-Drone/build/drone_vision/build/lib/drone_vision/utils/rknn_helper.py -> /home/orangepi/Multitask-Drone/install/drone_vision/lib/python3.10/site-packages/drone_vision/utils
[1.827s] copying /home/orangepi/Multitask-Drone/build/drone_vision/build/lib/drone_vision/utils/coco_helper.py -> /home/orangepi/Multitask-Drone/install/drone_vision/lib/python3.10/site-packages/drone_vision/utils
[1.827s] copying /home/orangepi/Multitask-Drone/build/drone_vision/build/lib/drone_vision/object_detector.py -> /home/orangepi/Multitask-Drone/install/drone_vision/lib/python3.10/site-packages/drone_vision
[1.828s] copying /home/orangepi/Multitask-Drone/build/drone_vision/build/lib/drone_vision/config.py -> /home/orangepi/Multitask-Drone/install/drone_vision/lib/python3.10/site-packages/drone_vision
[1.828s] byte-compiling /home/orangepi/Multitask-Drone/install/drone_vision/lib/python3.10/site-packages/drone_vision/__init__.py to __init__.cpython-310.pyc
[1.829s] byte-compiling /home/orangepi/Multitask-Drone/install/drone_vision/lib/python3.10/site-packages/drone_vision/utils/__init__.py to __init__.cpython-310.pyc
[1.829s] byte-compiling /home/orangepi/Multitask-Drone/install/drone_vision/lib/python3.10/site-packages/drone_vision/utils/rknn_executor.py to rknn_executor.cpython-310.pyc
[1.829s] byte-compiling /home/orangepi/Multitask-Drone/install/drone_vision/lib/python3.10/site-packages/drone_vision/utils/bound_detector.py to bound_detector.cpython-310.pyc
[1.831s] byte-compiling /home/orangepi/Multitask-Drone/install/drone_vision/lib/python3.10/site-packages/drone_vision/utils/rknn_helper.py to rknn_helper.cpython-310.pyc
[1.838s] byte-compiling /home/orangepi/Multitask-Drone/install/drone_vision/lib/python3.10/site-packages/drone_vision/utils/coco_helper.py to coco_helper.cpython-310.pyc
[1.840s] byte-compiling /home/orangepi/Multitask-Drone/install/drone_vision/lib/python3.10/site-packages/drone_vision/object_detector.py to object_detector.cpython-310.pyc
[1.841s] byte-compiling /home/orangepi/Multitask-Drone/install/drone_vision/lib/python3.10/site-packages/drone_vision/config.py to config.cpython-310.pyc
[1.841s] running install_data
[1.842s] creating /home/orangepi/Multitask-Drone/install/drone_vision/share/ament_index
[1.842s] creating /home/orangepi/Multitask-Drone/install/drone_vision/share/ament_index/resource_index
[1.842s] creating /home/orangepi/Multitask-Drone/install/drone_vision/share/ament_index/resource_index/packages
[1.843s] copying resource/drone_vision -> /home/orangepi/Multitask-Drone/install/drone_vision/share/ament_index/resource_index/packages
[1.843s] copying package.xml -> /home/orangepi/Multitask-Drone/install/drone_vision/share/drone_vision
[1.844s] copying launch/drone_vision.launch.py -> /home/orangepi/Multitask-Drone/install/drone_vision/share/drone_vision
[1.844s] running install_egg_info
[1.852s] Copying ../../build/drone_vision/drone_vision.egg-info to /home/orangepi/Multitask-Drone/install/drone_vision/lib/python3.10/site-packages/drone_vision-0.0.0-py3.10.egg-info
[1.853s] running install_scripts
[1.867s] Installing object_detector script to /home/orangepi/Multitask-Drone/install/drone_vision/lib/drone_vision
[1.869s] writing list of installed files to '/home/orangepi/Multitask-Drone/build/drone_vision/install.log'
[1.974s] Invoked command in '/home/orangepi/Multitask-Drone/src/drone_vision' returned '0': AMENT_PREFIX_PATH=/home/orangepi/Multitask-Drone/install/drone_interfaces:${AMENT_PREFIX_PATH} CMAKE_PREFIX_PATH=/home/orangepi/Multitask-Drone/install/drone_interfaces LD_LIBRARY_PATH=/home/orangepi/Multitask-Drone/install/drone_interfaces/lib:${LD_LIBRARY_PATH} PYTHONPATH=/home/orangepi/Multitask-Drone/build/drone_vision/prefix_override:/usr/lib/python3/dist-packages/colcon_core/task/python/colcon_distutils_commands:/home/orangepi/Multitask-Drone/install/drone_vision/lib/python3.10/site-packages:/home/orangepi/Multitask-Drone/install/drone_interfaces/local/lib/python3.10/dist-packages:${PYTHONPATH} /usr/bin/python3 -W ignore:setup.py install is deprecated -W ignore:easy_install command is deprecated setup.py egg_info --egg-base ../../build/drone_vision build --build-base /home/orangepi/Multitask-Drone/build/drone_vision/build install --record /home/orangepi/Multitask-Drone/build/drone_vision/install.log --single-version-externally-managed install_data
