[0.806s] Invoking command in '/home/ccl/Multitask-Drone/src/drone_controller': PYTHONPATH=/home/ccl/Multitask-Drone/build/drone_controller/prefix_override:/usr/lib/python3/dist-packages/colcon_core/task/python/colcon_distutils_commands:/home/ccl/Multitask-Drone/install/drone_controller/lib/python3.10/site-packages:${PYTHONPATH} /usr/bin/python3 -W ignore:setup.py install is deprecated -W ignore:easy_install command is deprecated setup.py egg_info --egg-base ../../build/drone_controller build --build-base /home/ccl/Multitask-Drone/build/drone_controller/build install --record /home/ccl/Multitask-Drone/build/drone_controller/install.log --single-version-externally-managed install_data
[1.031s] running egg_info
[1.031s] writing ../../build/drone_controller/drone_controller.egg-info/PKG-INFO
[1.031s] writing dependency_links to ../../build/drone_controller/drone_controller.egg-info/dependency_links.txt
[1.033s] writing entry points to ../../build/drone_controller/drone_controller.egg-info/entry_points.txt
[1.034s] writing requirements to ../../build/drone_controller/drone_controller.egg-info/requires.txt
[1.034s] writing top-level names to ../../build/drone_controller/drone_controller.egg-info/top_level.txt
[1.034s] reading manifest file '../../build/drone_controller/drone_controller.egg-info/SOURCES.txt'
[1.034s] adding license file 'LICENSE'
[1.035s] writing manifest file '../../build/drone_controller/drone_controller.egg-info/SOURCES.txt'
[1.035s] running build
[1.035s] running build_py
[1.036s] copying drone_controller/task/task_executor.py -> /home/ccl/Multitask-Drone/build/drone_controller/build/lib/drone_controller/task
[1.037s] running install
[1.038s] running install_lib
[1.038s] copying /home/ccl/Multitask-Drone/build/drone_controller/build/lib/drone_controller/task/task_executor.py -> /home/ccl/Multitask-Drone/install/drone_controller/lib/python3.10/site-packages/drone_controller/task
[1.039s] byte-compiling /home/ccl/Multitask-Drone/install/drone_controller/lib/python3.10/site-packages/drone_controller/task/task_executor.py to task_executor.cpython-310.pyc
[1.042s] running install_data
[1.042s] running install_egg_info
[1.045s] removing '/home/ccl/Multitask-Drone/install/drone_controller/lib/python3.10/site-packages/drone_controller-0.0.0-py3.10.egg-info' (and everything under it)
[1.045s] Copying ../../build/drone_controller/drone_controller.egg-info to /home/ccl/Multitask-Drone/install/drone_controller/lib/python3.10/site-packages/drone_controller-0.0.0-py3.10.egg-info
[1.046s] running install_scripts
[1.066s] Installing drone_controller script to /home/ccl/Multitask-Drone/install/drone_controller/lib/drone_controller
[1.068s] Installing task_executor script to /home/ccl/Multitask-Drone/install/drone_controller/lib/drone_controller
[1.068s] Installing waypoint_handler script to /home/ccl/Multitask-Drone/install/drone_controller/lib/drone_controller
[1.068s] Installing yiku_test script to /home/ccl/Multitask-Drone/install/drone_controller/lib/drone_controller
[1.068s] writing list of installed files to '/home/ccl/Multitask-Drone/build/drone_controller/install.log'
[1.090s] Invoked command in '/home/ccl/Multitask-Drone/src/drone_controller' returned '0': PYTHONPATH=/home/ccl/Multitask-Drone/build/drone_controller/prefix_override:/usr/lib/python3/dist-packages/colcon_core/task/python/colcon_distutils_commands:/home/ccl/Multitask-Drone/install/drone_controller/lib/python3.10/site-packages:${PYTHONPATH} /usr/bin/python3 -W ignore:setup.py install is deprecated -W ignore:easy_install command is deprecated setup.py egg_info --egg-base ../../build/drone_controller build --build-base /home/ccl/Multitask-Drone/build/drone_controller/build install --record /home/ccl/Multitask-Drone/build/drone_controller/install.log --single-version-externally-managed install_data
