[1.620s] Invoking command in '/home/orangepi/Multitask-Drone/src/drone_vision': AMENT_PREFIX_PATH=/home/orangepi/Multitask-Drone/install/drone_interfaces:${AMENT_PREFIX_PATH} CMAKE_PREFIX_PATH=/home/orangepi/Multitask-Drone/install/drone_interfaces LD_LIBRARY_PATH=/home/orangepi/Multitask-Drone/install/drone_interfaces/lib:${LD_LIBRARY_PATH} PYTHONPATH=/home/orangepi/Multitask-Drone/build/drone_vision/prefix_override:/usr/lib/python3/dist-packages/colcon_core/task/python/colcon_distutils_commands:/home/orangepi/Multitask-Drone/install/drone_vision/lib/python3.10/site-packages:/home/orangepi/Multitask-Drone/install/drone_interfaces/local/lib/python3.10/dist-packages:${PYTHONPATH} /usr/bin/python3 -W ignore:setup.py install is deprecated -W ignore:easy_install command is deprecated setup.py egg_info --egg-base ../../build/drone_vision build --build-base /home/orangepi/Multitask-Drone/build/drone_vision/build install --record /home/orangepi/Multitask-Drone/build/drone_vision/install.log --single-version-externally-managed install_data
[1.984s] running egg_info
[1.985s] writing ../../build/drone_vision/drone_vision.egg-info/PKG-INFO
[1.986s] writing dependency_links to ../../build/drone_vision/drone_vision.egg-info/dependency_links.txt
[1.987s] writing entry points to ../../build/drone_vision/drone_vision.egg-info/entry_points.txt
[1.987s] writing requirements to ../../build/drone_vision/drone_vision.egg-info/requires.txt
[1.988s] writing top-level names to ../../build/drone_vision/drone_vision.egg-info/top_level.txt
[1.991s] reading manifest file '../../build/drone_vision/drone_vision.egg-info/SOURCES.txt'
[1.992s] adding license file 'LICENSE'
[1.993s] writing manifest file '../../build/drone_vision/drone_vision.egg-info/SOURCES.txt'
[1.994s] running build
[1.994s] running build_py
[1.995s] running install
[1.996s] running install_lib
[2.000s] running install_data
[2.001s] running install_egg_info
[2.006s] removing '/home/orangepi/Multitask-Drone/install/drone_vision/lib/python3.10/site-packages/drone_vision-0.0.0-py3.10.egg-info' (and everything under it)
[2.006s] Copying ../../build/drone_vision/drone_vision.egg-info to /home/orangepi/Multitask-Drone/install/drone_vision/lib/python3.10/site-packages/drone_vision-0.0.0-py3.10.egg-info
[2.008s] running install_scripts
[2.052s] Installing object_detector script to /home/orangepi/Multitask-Drone/install/drone_vision/lib/drone_vision
[2.053s] writing list of installed files to '/home/orangepi/Multitask-Drone/build/drone_vision/install.log'
[2.161s] Invoked command in '/home/orangepi/Multitask-Drone/src/drone_vision' returned '0': AMENT_PREFIX_PATH=/home/orangepi/Multitask-Drone/install/drone_interfaces:${AMENT_PREFIX_PATH} CMAKE_PREFIX_PATH=/home/orangepi/Multitask-Drone/install/drone_interfaces LD_LIBRARY_PATH=/home/orangepi/Multitask-Drone/install/drone_interfaces/lib:${LD_LIBRARY_PATH} PYTHONPATH=/home/orangepi/Multitask-Drone/build/drone_vision/prefix_override:/usr/lib/python3/dist-packages/colcon_core/task/python/colcon_distutils_commands:/home/orangepi/Multitask-Drone/install/drone_vision/lib/python3.10/site-packages:/home/orangepi/Multitask-Drone/install/drone_interfaces/local/lib/python3.10/dist-packages:${PYTHONPATH} /usr/bin/python3 -W ignore:setup.py install is deprecated -W ignore:easy_install command is deprecated setup.py egg_info --egg-base ../../build/drone_vision build --build-base /home/orangepi/Multitask-Drone/build/drone_vision/build install --record /home/orangepi/Multitask-Drone/build/drone_vision/install.log --single-version-externally-managed install_data
