[0.672s] Invoking command in '/home/ccl/Multitask-Drone/src/drone_monitor': PYTHONPATH=/home/ccl/Multitask-Drone/build/drone_monitor/prefix_override:/usr/lib/python3/dist-packages/colcon_core/task/python/colcon_distutils_commands:/home/ccl/Multitask-Drone/install/drone_monitor/lib/python3.10/site-packages:${PYTHONPATH} /usr/bin/python3 -W ignore:setup.py install is deprecated -W ignore:easy_install command is deprecated setup.py egg_info --egg-base ../../build/drone_monitor build --build-base /home/ccl/Multitask-Drone/build/drone_monitor/build install --record /home/ccl/Multitask-Drone/build/drone_monitor/install.log --single-version-externally-managed install_data
[0.936s] running egg_info
[0.938s] writing ../../build/drone_monitor/drone_monitor.egg-info/PKG-INFO
[0.938s] writing dependency_links to ../../build/drone_monitor/drone_monitor.egg-info/dependency_links.txt
[0.938s] writing entry points to ../../build/drone_monitor/drone_monitor.egg-info/entry_points.txt
[0.939s] writing requirements to ../../build/drone_monitor/drone_monitor.egg-info/requires.txt
[0.939s] writing top-level names to ../../build/drone_monitor/drone_monitor.egg-info/top_level.txt
[0.940s] reading manifest file '../../build/drone_monitor/drone_monitor.egg-info/SOURCES.txt'
[0.940s] adding license file 'LICENSE'
[0.942s] writing manifest file '../../build/drone_monitor/drone_monitor.egg-info/SOURCES.txt'
[0.942s] running build
[0.942s] running build_py
[0.943s] running install
[0.943s] running install_lib
[0.943s] running install_data
[0.943s] running install_egg_info
[0.946s] removing '/home/ccl/Multitask-Drone/install/drone_monitor/lib/python3.10/site-packages/drone_monitor-0.0.0-py3.10.egg-info' (and everything under it)
[0.946s] Copying ../../build/drone_monitor/drone_monitor.egg-info to /home/ccl/Multitask-Drone/install/drone_monitor/lib/python3.10/site-packages/drone_monitor-0.0.0-py3.10.egg-info
[0.951s] running install_scripts
[0.970s] writing list of installed files to '/home/ccl/Multitask-Drone/build/drone_monitor/install.log'
[1.000s] Invoked command in '/home/ccl/Multitask-Drone/src/drone_monitor' returned '0': PYTHONPATH=/home/ccl/Multitask-Drone/build/drone_monitor/prefix_override:/usr/lib/python3/dist-packages/colcon_core/task/python/colcon_distutils_commands:/home/ccl/Multitask-Drone/install/drone_monitor/lib/python3.10/site-packages:${PYTHONPATH} /usr/bin/python3 -W ignore:setup.py install is deprecated -W ignore:easy_install command is deprecated setup.py egg_info --egg-base ../../build/drone_monitor build --build-base /home/ccl/Multitask-Drone/build/drone_monitor/build install --record /home/ccl/Multitask-Drone/build/drone_monitor/install.log --single-version-externally-managed install_data
