[0.226s] [34mcolcon[0m [1;30mDEBUG[0m [32mCommand line arguments: ['/usr/bin/colcon', 'build'][0m
[0.226s] [34mcolcon[0m [1;30mDEBUG[0m [32mParsed command line arguments: Namespace(log_base=None, log_level=None, verb_name='build', build_base='build', install_base='install', merge_install=False, symlink_install=False, test_result_base=None, continue_on_error=False, executor='parallel', parallel_workers=8, event_handlers=None, ignore_user_meta=False, metas=['./colcon.meta'], base_paths=['.'], packages_ignore=None, packages_ignore_regex=None, paths=None, packages_up_to=None, packages_up_to_regex=None, packages_above=None, packages_above_and_dependencies=None, packages_above_depth=None, packages_select_by_dep=None, packages_skip_by_dep=None, packages_skip_up_to=None, packages_select_build_failed=False, packages_skip_build_finished=False, packages_select_test_failures=False, packages_skip_test_passed=False, packages_select=None, packages_skip=None, packages_select_regex=None, packages_skip_regex=None, packages_start=None, packages_end=None, cmake_args=None, cmake_target=None, cmake_target_skip_unavailable=False, cmake_clean_cache=False, cmake_clean_first=False, cmake_force_configure=False, ament_cmake_args=None, catkin_cmake_args=None, catkin_skip_building_tests=False, mixin_files=None, mixin=None, verb_parser=<colcon_mixin.mixin.mixin_argument.MixinArgumentDecorator object at 0x7f8bd1c190>, verb_extension=<colcon_core.verb.build.BuildVerb object at 0x7f8bf03ca0>, main=<bound method BuildVerb.main of <colcon_core.verb.build.BuildVerb object at 0x7f8bf03ca0>>, mixin_verb=('build',))[0m
[0.477s] [34mcolcon.colcon_core.package_discovery[0m [1;30mLevel 1[0m discover_packages(colcon_meta) check parameters
[0.478s] [34mcolcon.colcon_core.package_discovery[0m [1;30mLevel 1[0m discover_packages(recursive) check parameters
[0.478s] [34mcolcon.colcon_core.package_discovery[0m [1;30mLevel 1[0m discover_packages(ignore) check parameters
[0.478s] [34mcolcon.colcon_core.package_discovery[0m [1;30mLevel 1[0m discover_packages(path) check parameters
[0.478s] [34mcolcon.colcon_core.package_discovery[0m [1;30mLevel 1[0m discover_packages(colcon_meta) discover
[0.478s] [34mcolcon.colcon_core.package_discovery[0m [1;30mLevel 1[0m discover_packages(recursive) discover
[0.478s] [34mcolcon.colcon_core.package_discovery[0m [1;30mINFO[0m Crawling recursively for packages in '/home/orangepi/Multitask-Drone'
[0.478s] [34mcolcon.colcon_core.package_identification[0m [1;30mLevel 1[0m _identify(.) by extensions ['ignore', 'ignore_ament_install']
[0.478s] [34mcolcon.colcon_core.package_identification[0m [1;30mLevel 1[0m _identify(.) by extension 'ignore'
[0.479s] [34mcolcon.colcon_core.package_identification[0m [1;30mLevel 1[0m _identify(.) by extension 'ignore_ament_install'
[0.479s] [34mcolcon.colcon_core.package_identification[0m [1;30mLevel 1[0m _identify(.) by extensions ['colcon_pkg']
[0.479s] [34mcolcon.colcon_core.package_identification[0m [1;30mLevel 1[0m _identify(.) by extension 'colcon_pkg'
[0.479s] [34mcolcon.colcon_core.package_identification[0m [1;30mLevel 1[0m _identify(.) by extensions ['colcon_meta']
[0.479s] [34mcolcon.colcon_core.package_identification[0m [1;30mLevel 1[0m _identify(.) by extension 'colcon_meta'
[0.479s] [34mcolcon.colcon_core.package_identification[0m [1;30mLevel 1[0m _identify(.) by extensions ['ros']
[0.479s] [34mcolcon.colcon_core.package_identification[0m [1;30mLevel 1[0m _identify(.) by extension 'ros'
[0.499s] [34mcolcon.colcon_core.package_identification[0m [1;30mLevel 1[0m _identify(.) by extensions ['cmake', 'python']
[0.500s] [34mcolcon.colcon_core.package_identification[0m [1;30mLevel 1[0m _identify(.) by extension 'cmake'
[0.500s] [34mcolcon.colcon_core.package_identification[0m [1;30mLevel 1[0m _identify(.) by extension 'python'
[0.500s] [34mcolcon.colcon_core.package_identification[0m [1;30mLevel 1[0m _identify(.) by extensions ['python_setup_py']
[0.500s] [34mcolcon.colcon_core.package_identification[0m [1;30mLevel 1[0m _identify(.) by extension 'python_setup_py'
[0.501s] [34mcolcon.colcon_core.package_identification[0m [1;30mLevel 1[0m _identify(build) by extensions ['ignore', 'ignore_ament_install']
[0.501s] [34mcolcon.colcon_core.package_identification[0m [1;30mLevel 1[0m _identify(build) by extension 'ignore'
[0.501s] [34mcolcon.colcon_core.package_identification[0m [1;30mLevel 1[0m _identify(build) ignored
[0.501s] [34mcolcon.colcon_core.package_identification[0m [1;30mLevel 1[0m _identify(install) by extensions ['ignore', 'ignore_ament_install']
[0.501s] [34mcolcon.colcon_core.package_identification[0m [1;30mLevel 1[0m _identify(install) by extension 'ignore'
[0.501s] [34mcolcon.colcon_core.package_identification[0m [1;30mLevel 1[0m _identify(install) ignored
[0.501s] [34mcolcon.colcon_core.package_identification[0m [1;30mLevel 1[0m _identify(log) by extensions ['ignore', 'ignore_ament_install']
[0.502s] [34mcolcon.colcon_core.package_identification[0m [1;30mLevel 1[0m _identify(log) by extension 'ignore'
[0.502s] [34mcolcon.colcon_core.package_identification[0m [1;30mLevel 1[0m _identify(log) ignored
[0.502s] [34mcolcon.colcon_core.package_identification[0m [1;30mLevel 1[0m _identify(src) by extensions ['ignore', 'ignore_ament_install']
[0.502s] [34mcolcon.colcon_core.package_identification[0m [1;30mLevel 1[0m _identify(src) by extension 'ignore'
[0.502s] [34mcolcon.colcon_core.package_identification[0m [1;30mLevel 1[0m _identify(src) by extension 'ignore_ament_install'
[0.502s] [34mcolcon.colcon_core.package_identification[0m [1;30mLevel 1[0m _identify(src) by extensions ['colcon_pkg']
[0.502s] [34mcolcon.colcon_core.package_identification[0m [1;30mLevel 1[0m _identify(src) by extension 'colcon_pkg'
[0.502s] [34mcolcon.colcon_core.package_identification[0m [1;30mLevel 1[0m _identify(src) by extensions ['colcon_meta']
[0.502s] [34mcolcon.colcon_core.package_identification[0m [1;30mLevel 1[0m _identify(src) by extension 'colcon_meta'
[0.502s] [34mcolcon.colcon_core.package_identification[0m [1;30mLevel 1[0m _identify(src) by extensions ['ros']
[0.502s] [34mcolcon.colcon_core.package_identification[0m [1;30mLevel 1[0m _identify(src) by extension 'ros'
[0.502s] [34mcolcon.colcon_core.package_identification[0m [1;30mLevel 1[0m _identify(src) by extensions ['cmake', 'python']
[0.502s] [34mcolcon.colcon_core.package_identification[0m [1;30mLevel 1[0m _identify(src) by extension 'cmake'
[0.502s] [34mcolcon.colcon_core.package_identification[0m [1;30mLevel 1[0m _identify(src) by extension 'python'
[0.503s] [34mcolcon.colcon_core.package_identification[0m [1;30mLevel 1[0m _identify(src) by extensions ['python_setup_py']
[0.503s] [34mcolcon.colcon_core.package_identification[0m [1;30mLevel 1[0m _identify(src) by extension 'python_setup_py'
[0.503s] [34mcolcon.colcon_core.package_identification[0m [1;30mLevel 1[0m _identify(src/drone_controller) by extensions ['ignore', 'ignore_ament_install']
[0.503s] [34mcolcon.colcon_core.package_identification[0m [1;30mLevel 1[0m _identify(src/drone_controller) by extension 'ignore'
[0.503s] [34mcolcon.colcon_core.package_identification[0m [1;30mLevel 1[0m _identify(src/drone_controller) by extension 'ignore_ament_install'
[0.503s] [34mcolcon.colcon_core.package_identification[0m [1;30mLevel 1[0m _identify(src/drone_controller) by extensions ['colcon_pkg']
[0.503s] [34mcolcon.colcon_core.package_identification[0m [1;30mLevel 1[0m _identify(src/drone_controller) by extension 'colcon_pkg'
[0.503s] [34mcolcon.colcon_core.package_identification[0m [1;30mLevel 1[0m _identify(src/drone_controller) by extensions ['colcon_meta']
[0.503s] [34mcolcon.colcon_core.package_identification[0m [1;30mLevel 1[0m _identify(src/drone_controller) by extension 'colcon_meta'
[0.503s] [34mcolcon.colcon_core.package_identification[0m [1;30mLevel 1[0m _identify(src/drone_controller) by extensions ['ros']
[0.503s] [34mcolcon.colcon_core.package_identification[0m [1;30mLevel 1[0m _identify(src/drone_controller) by extension 'ros'
[0.509s] [34mcolcon.colcon_core.package_identification[0m [1;30mDEBUG[0m [32mPackage 'src/drone_controller' with type 'ros.ament_python' and name 'drone_controller'[0m
[0.510s] [34mcolcon.colcon_core.package_identification[0m [1;30mLevel 1[0m _identify(src/drone_interfaces) by extensions ['ignore', 'ignore_ament_install']
[0.510s] [34mcolcon.colcon_core.package_identification[0m [1;30mLevel 1[0m _identify(src/drone_interfaces) by extension 'ignore'
[0.510s] [34mcolcon.colcon_core.package_identification[0m [1;30mLevel 1[0m _identify(src/drone_interfaces) by extension 'ignore_ament_install'
[0.510s] [34mcolcon.colcon_core.package_identification[0m [1;30mLevel 1[0m _identify(src/drone_interfaces) by extensions ['colcon_pkg']
[0.510s] [34mcolcon.colcon_core.package_identification[0m [1;30mLevel 1[0m _identify(src/drone_interfaces) by extension 'colcon_pkg'
[0.510s] [34mcolcon.colcon_core.package_identification[0m [1;30mLevel 1[0m _identify(src/drone_interfaces) by extensions ['colcon_meta']
[0.510s] [34mcolcon.colcon_core.package_identification[0m [1;30mLevel 1[0m _identify(src/drone_interfaces) by extension 'colcon_meta'
[0.510s] [34mcolcon.colcon_core.package_identification[0m [1;30mLevel 1[0m _identify(src/drone_interfaces) by extensions ['ros']
[0.510s] [34mcolcon.colcon_core.package_identification[0m [1;30mLevel 1[0m _identify(src/drone_interfaces) by extension 'ros'
[0.512s] [34mcolcon.colcon_core.package_identification[0m [1;30mDEBUG[0m [32mPackage 'src/drone_interfaces' with type 'ros.ament_cmake' and name 'drone_interfaces'[0m
[0.513s] [34mcolcon.colcon_core.package_identification[0m [1;30mLevel 1[0m _identify(src/drone_monitor) by extensions ['ignore', 'ignore_ament_install']
[0.513s] [34mcolcon.colcon_core.package_identification[0m [1;30mLevel 1[0m _identify(src/drone_monitor) by extension 'ignore'
[0.513s] [34mcolcon.colcon_core.package_identification[0m [1;30mLevel 1[0m _identify(src/drone_monitor) by extension 'ignore_ament_install'
[0.513s] [34mcolcon.colcon_core.package_identification[0m [1;30mLevel 1[0m _identify(src/drone_monitor) by extensions ['colcon_pkg']
[0.513s] [34mcolcon.colcon_core.package_identification[0m [1;30mLevel 1[0m _identify(src/drone_monitor) by extension 'colcon_pkg'
[0.513s] [34mcolcon.colcon_core.package_identification[0m [1;30mLevel 1[0m _identify(src/drone_monitor) by extensions ['colcon_meta']
[0.513s] [34mcolcon.colcon_core.package_identification[0m [1;30mLevel 1[0m _identify(src/drone_monitor) by extension 'colcon_meta'
[0.513s] [34mcolcon.colcon_core.package_identification[0m [1;30mLevel 1[0m _identify(src/drone_monitor) by extensions ['ros']
[0.513s] [34mcolcon.colcon_core.package_identification[0m [1;30mLevel 1[0m _identify(src/drone_monitor) by extension 'ros'
[0.514s] [34mcolcon.colcon_core.package_identification[0m [1;30mDEBUG[0m [32mPackage 'src/drone_monitor' with type 'ros.ament_python' and name 'drone_monitor'[0m
[0.515s] [34mcolcon.colcon_core.package_identification[0m [1;30mLevel 1[0m _identify(src/drone_vision) by extensions ['ignore', 'ignore_ament_install']
[0.515s] [34mcolcon.colcon_core.package_identification[0m [1;30mLevel 1[0m _identify(src/drone_vision) by extension 'ignore'
[0.515s] [34mcolcon.colcon_core.package_identification[0m [1;30mLevel 1[0m _identify(src/drone_vision) by extension 'ignore_ament_install'
[0.515s] [34mcolcon.colcon_core.package_identification[0m [1;30mLevel 1[0m _identify(src/drone_vision) by extensions ['colcon_pkg']
[0.515s] [34mcolcon.colcon_core.package_identification[0m [1;30mLevel 1[0m _identify(src/drone_vision) by extension 'colcon_pkg'
[0.515s] [34mcolcon.colcon_core.package_identification[0m [1;30mLevel 1[0m _identify(src/drone_vision) by extensions ['colcon_meta']
[0.515s] [34mcolcon.colcon_core.package_identification[0m [1;30mLevel 1[0m _identify(src/drone_vision) by extension 'colcon_meta'
[0.515s] [34mcolcon.colcon_core.package_identification[0m [1;30mLevel 1[0m _identify(src/drone_vision) by extensions ['ros']
[0.515s] [34mcolcon.colcon_core.package_identification[0m [1;30mLevel 1[0m _identify(src/drone_vision) by extension 'ros'
[0.517s] [34mcolcon.colcon_core.package_identification[0m [1;30mDEBUG[0m [32mPackage 'src/drone_vision' with type 'ros.ament_python' and name 'drone_vision'[0m
[0.517s] [34mcolcon.colcon_core.package_identification[0m [1;30mLevel 1[0m _identify(src/json_paths) by extensions ['ignore', 'ignore_ament_install']
[0.517s] [34mcolcon.colcon_core.package_identification[0m [1;30mLevel 1[0m _identify(src/json_paths) by extension 'ignore'
[0.517s] [34mcolcon.colcon_core.package_identification[0m [1;30mLevel 1[0m _identify(src/json_paths) by extension 'ignore_ament_install'
[0.517s] [34mcolcon.colcon_core.package_identification[0m [1;30mLevel 1[0m _identify(src/json_paths) by extensions ['colcon_pkg']
[0.517s] [34mcolcon.colcon_core.package_identification[0m [1;30mLevel 1[0m _identify(src/json_paths) by extension 'colcon_pkg'
[0.517s] [34mcolcon.colcon_core.package_identification[0m [1;30mLevel 1[0m _identify(src/json_paths) by extensions ['colcon_meta']
[0.517s] [34mcolcon.colcon_core.package_identification[0m [1;30mLevel 1[0m _identify(src/json_paths) by extension 'colcon_meta'
[0.518s] [34mcolcon.colcon_core.package_identification[0m [1;30mLevel 1[0m _identify(src/json_paths) by extensions ['ros']
[0.518s] [34mcolcon.colcon_core.package_identification[0m [1;30mLevel 1[0m _identify(src/json_paths) by extension 'ros'
[0.518s] [34mcolcon.colcon_core.package_identification[0m [1;30mLevel 1[0m _identify(src/json_paths) by extensions ['cmake', 'python']
[0.518s] [34mcolcon.colcon_core.package_identification[0m [1;30mLevel 1[0m _identify(src/json_paths) by extension 'cmake'
[0.518s] [34mcolcon.colcon_core.package_identification[0m [1;30mLevel 1[0m _identify(src/json_paths) by extension 'python'
[0.518s] [34mcolcon.colcon_core.package_identification[0m [1;30mLevel 1[0m _identify(src/json_paths) by extensions ['python_setup_py']
[0.518s] [34mcolcon.colcon_core.package_identification[0m [1;30mLevel 1[0m _identify(src/json_paths) by extension 'python_setup_py'
[0.518s] [34mcolcon.colcon_core.package_identification[0m [1;30mLevel 1[0m _identify(src/scripts) by extensions ['ignore', 'ignore_ament_install']
[0.518s] [34mcolcon.colcon_core.package_identification[0m [1;30mLevel 1[0m _identify(src/scripts) by extension 'ignore'
[0.518s] [34mcolcon.colcon_core.package_identification[0m [1;30mLevel 1[0m _identify(src/scripts) by extension 'ignore_ament_install'
[0.518s] [34mcolcon.colcon_core.package_identification[0m [1;30mLevel 1[0m _identify(src/scripts) by extensions ['colcon_pkg']
[0.518s] [34mcolcon.colcon_core.package_identification[0m [1;30mLevel 1[0m _identify(src/scripts) by extension 'colcon_pkg'
[0.518s] [34mcolcon.colcon_core.package_identification[0m [1;30mLevel 1[0m _identify(src/scripts) by extensions ['colcon_meta']
[0.518s] [34mcolcon.colcon_core.package_identification[0m [1;30mLevel 1[0m _identify(src/scripts) by extension 'colcon_meta'
[0.518s] [34mcolcon.colcon_core.package_identification[0m [1;30mLevel 1[0m _identify(src/scripts) by extensions ['ros']
[0.518s] [34mcolcon.colcon_core.package_identification[0m [1;30mLevel 1[0m _identify(src/scripts) by extension 'ros'
[0.519s] [34mcolcon.colcon_core.package_identification[0m [1;30mLevel 1[0m _identify(src/scripts) by extensions ['cmake', 'python']
[0.519s] [34mcolcon.colcon_core.package_identification[0m [1;30mLevel 1[0m _identify(src/scripts) by extension 'cmake'
[0.519s] [34mcolcon.colcon_core.package_identification[0m [1;30mLevel 1[0m _identify(src/scripts) by extension 'python'
[0.519s] [34mcolcon.colcon_core.package_identification[0m [1;30mLevel 1[0m _identify(src/scripts) by extensions ['python_setup_py']
[0.519s] [34mcolcon.colcon_core.package_identification[0m [1;30mLevel 1[0m _identify(src/scripts) by extension 'python_setup_py'
[0.519s] [34mcolcon.colcon_core.package_identification[0m [1;30mLevel 1[0m _identify(src/shell) by extensions ['ignore', 'ignore_ament_install']
[0.519s] [34mcolcon.colcon_core.package_identification[0m [1;30mLevel 1[0m _identify(src/shell) by extension 'ignore'
[0.519s] [34mcolcon.colcon_core.package_identification[0m [1;30mLevel 1[0m _identify(src/shell) by extension 'ignore_ament_install'
[0.519s] [34mcolcon.colcon_core.package_identification[0m [1;30mLevel 1[0m _identify(src/shell) by extensions ['colcon_pkg']
[0.519s] [34mcolcon.colcon_core.package_identification[0m [1;30mLevel 1[0m _identify(src/shell) by extension 'colcon_pkg'
[0.519s] [34mcolcon.colcon_core.package_identification[0m [1;30mLevel 1[0m _identify(src/shell) by extensions ['colcon_meta']
[0.519s] [34mcolcon.colcon_core.package_identification[0m [1;30mLevel 1[0m _identify(src/shell) by extension 'colcon_meta'
[0.519s] [34mcolcon.colcon_core.package_identification[0m [1;30mLevel 1[0m _identify(src/shell) by extensions ['ros']
[0.519s] [34mcolcon.colcon_core.package_identification[0m [1;30mLevel 1[0m _identify(src/shell) by extension 'ros'
[0.520s] [34mcolcon.colcon_core.package_identification[0m [1;30mLevel 1[0m _identify(src/shell) by extensions ['cmake', 'python']
[0.520s] [34mcolcon.colcon_core.package_identification[0m [1;30mLevel 1[0m _identify(src/shell) by extension 'cmake'
[0.520s] [34mcolcon.colcon_core.package_identification[0m [1;30mLevel 1[0m _identify(src/shell) by extension 'python'
[0.520s] [34mcolcon.colcon_core.package_identification[0m [1;30mLevel 1[0m _identify(src/shell) by extensions ['python_setup_py']
[0.520s] [34mcolcon.colcon_core.package_identification[0m [1;30mLevel 1[0m _identify(src/shell) by extension 'python_setup_py'
[0.520s] [34mcolcon.colcon_core.package_identification[0m [1;30mLevel 1[0m _identify(src/test_demo) by extensions ['ignore', 'ignore_ament_install']
[0.520s] [34mcolcon.colcon_core.package_identification[0m [1;30mLevel 1[0m _identify(src/test_demo) by extension 'ignore'
[0.520s] [34mcolcon.colcon_core.package_identification[0m [1;30mLevel 1[0m _identify(src/test_demo) by extension 'ignore_ament_install'
[0.520s] [34mcolcon.colcon_core.package_identification[0m [1;30mLevel 1[0m _identify(src/test_demo) by extensions ['colcon_pkg']
[0.520s] [34mcolcon.colcon_core.package_identification[0m [1;30mLevel 1[0m _identify(src/test_demo) by extension 'colcon_pkg'
[0.520s] [34mcolcon.colcon_core.package_identification[0m [1;30mLevel 1[0m _identify(src/test_demo) by extensions ['colcon_meta']
[0.520s] [34mcolcon.colcon_core.package_identification[0m [1;30mLevel 1[0m _identify(src/test_demo) by extension 'colcon_meta'
[0.520s] [34mcolcon.colcon_core.package_identification[0m [1;30mLevel 1[0m _identify(src/test_demo) by extensions ['ros']
[0.520s] [34mcolcon.colcon_core.package_identification[0m [1;30mLevel 1[0m _identify(src/test_demo) by extension 'ros'
[0.520s] [34mcolcon.colcon_core.package_identification[0m [1;30mLevel 1[0m _identify(src/test_demo) by extensions ['cmake', 'python']
[0.520s] [34mcolcon.colcon_core.package_identification[0m [1;30mLevel 1[0m _identify(src/test_demo) by extension 'cmake'
[0.520s] [34mcolcon.colcon_core.package_identification[0m [1;30mLevel 1[0m _identify(src/test_demo) by extension 'python'
[0.521s] [34mcolcon.colcon_core.package_identification[0m [1;30mLevel 1[0m _identify(src/test_demo) by extensions ['python_setup_py']
[0.521s] [34mcolcon.colcon_core.package_identification[0m [1;30mLevel 1[0m _identify(src/test_demo) by extension 'python_setup_py'
[0.521s] [34mcolcon.colcon_core.package_discovery[0m [1;30mLevel 1[0m discover_packages(recursive) using defaults
[0.521s] [34mcolcon.colcon_core.package_discovery[0m [1;30mLevel 1[0m discover_packages(ignore) discover
[0.521s] [34mcolcon.colcon_core.package_discovery[0m [1;30mLevel 1[0m discover_packages(ignore) using defaults
[0.521s] [34mcolcon.colcon_core.package_discovery[0m [1;30mLevel 1[0m discover_packages(path) discover
[0.521s] [34mcolcon.colcon_core.package_discovery[0m [1;30mLevel 1[0m discover_packages(path) using defaults
[0.603s] [34mcolcon.colcon_core.verb[0m [1;30mLevel 5[0m set package 'drone_interfaces' build argument 'cmake_args' from command line to 'None'
[0.603s] [34mcolcon.colcon_core.verb[0m [1;30mLevel 5[0m set package 'drone_interfaces' build argument 'cmake_target' from command line to 'None'
[0.603s] [34mcolcon.colcon_core.verb[0m [1;30mLevel 5[0m set package 'drone_interfaces' build argument 'cmake_target_skip_unavailable' from command line to 'False'
[0.603s] [34mcolcon.colcon_core.verb[0m [1;30mLevel 5[0m set package 'drone_interfaces' build argument 'cmake_clean_cache' from command line to 'False'
[0.603s] [34mcolcon.colcon_core.verb[0m [1;30mLevel 5[0m set package 'drone_interfaces' build argument 'cmake_clean_first' from command line to 'False'
[0.603s] [34mcolcon.colcon_core.verb[0m [1;30mLevel 5[0m set package 'drone_interfaces' build argument 'cmake_force_configure' from command line to 'False'
[0.603s] [34mcolcon.colcon_core.verb[0m [1;30mLevel 5[0m set package 'drone_interfaces' build argument 'ament_cmake_args' from command line to 'None'
[0.603s] [34mcolcon.colcon_core.verb[0m [1;30mLevel 5[0m set package 'drone_interfaces' build argument 'catkin_cmake_args' from command line to 'None'
[0.603s] [34mcolcon.colcon_core.verb[0m [1;30mLevel 5[0m set package 'drone_interfaces' build argument 'catkin_skip_building_tests' from command line to 'False'
[0.603s] [34mcolcon.colcon_core.verb[0m [1;30mDEBUG[0m [32mBuilding package 'drone_interfaces' with the following arguments: {'ament_cmake_args': None, 'build_base': '/home/orangepi/Multitask-Drone/build/drone_interfaces', 'catkin_cmake_args': None, 'catkin_skip_building_tests': False, 'cmake_args': None, 'cmake_clean_cache': False, 'cmake_clean_first': False, 'cmake_force_configure': False, 'cmake_target': None, 'cmake_target_skip_unavailable': False, 'install_base': '/home/orangepi/Multitask-Drone/install/drone_interfaces', 'merge_install': False, 'path': '/home/orangepi/Multitask-Drone/src/drone_interfaces', 'symlink_install': False, 'test_result_base': None}[0m
[0.604s] [34mcolcon.colcon_core.verb[0m [1;30mLevel 5[0m set package 'drone_monitor' build argument 'cmake_args' from command line to 'None'
[0.604s] [34mcolcon.colcon_core.verb[0m [1;30mLevel 5[0m set package 'drone_monitor' build argument 'cmake_target' from command line to 'None'
[0.604s] [34mcolcon.colcon_core.verb[0m [1;30mLevel 5[0m set package 'drone_monitor' build argument 'cmake_target_skip_unavailable' from command line to 'False'
[0.604s] [34mcolcon.colcon_core.verb[0m [1;30mLevel 5[0m set package 'drone_monitor' build argument 'cmake_clean_cache' from command line to 'False'
[0.604s] [34mcolcon.colcon_core.verb[0m [1;30mLevel 5[0m set package 'drone_monitor' build argument 'cmake_clean_first' from command line to 'False'
[0.604s] [34mcolcon.colcon_core.verb[0m [1;30mLevel 5[0m set package 'drone_monitor' build argument 'cmake_force_configure' from command line to 'False'
[0.604s] [34mcolcon.colcon_core.verb[0m [1;30mLevel 5[0m set package 'drone_monitor' build argument 'ament_cmake_args' from command line to 'None'
[0.604s] [34mcolcon.colcon_core.verb[0m [1;30mLevel 5[0m set package 'drone_monitor' build argument 'catkin_cmake_args' from command line to 'None'
[0.604s] [34mcolcon.colcon_core.verb[0m [1;30mLevel 5[0m set package 'drone_monitor' build argument 'catkin_skip_building_tests' from command line to 'False'
[0.604s] [34mcolcon.colcon_core.verb[0m [1;30mDEBUG[0m [32mBuilding package 'drone_monitor' with the following arguments: {'ament_cmake_args': None, 'build_base': '/home/orangepi/Multitask-Drone/build/drone_monitor', 'catkin_cmake_args': None, 'catkin_skip_building_tests': False, 'cmake_args': None, 'cmake_clean_cache': False, 'cmake_clean_first': False, 'cmake_force_configure': False, 'cmake_target': None, 'cmake_target_skip_unavailable': False, 'install_base': '/home/orangepi/Multitask-Drone/install/drone_monitor', 'merge_install': False, 'path': '/home/orangepi/Multitask-Drone/src/drone_monitor', 'symlink_install': False, 'test_result_base': None}[0m
[0.605s] [34mcolcon.colcon_core.verb[0m [1;30mLevel 5[0m set package 'drone_controller' build argument 'cmake_args' from command line to 'None'
[0.605s] [34mcolcon.colcon_core.verb[0m [1;30mLevel 5[0m set package 'drone_controller' build argument 'cmake_target' from command line to 'None'
[0.605s] [34mcolcon.colcon_core.verb[0m [1;30mLevel 5[0m set package 'drone_controller' build argument 'cmake_target_skip_unavailable' from command line to 'False'
[0.605s] [34mcolcon.colcon_core.verb[0m [1;30mLevel 5[0m set package 'drone_controller' build argument 'cmake_clean_cache' from command line to 'False'
[0.605s] [34mcolcon.colcon_core.verb[0m [1;30mLevel 5[0m set package 'drone_controller' build argument 'cmake_clean_first' from command line to 'False'
[0.605s] [34mcolcon.colcon_core.verb[0m [1;30mLevel 5[0m set package 'drone_controller' build argument 'cmake_force_configure' from command line to 'False'
[0.605s] [34mcolcon.colcon_core.verb[0m [1;30mLevel 5[0m set package 'drone_controller' build argument 'ament_cmake_args' from command line to 'None'
[0.605s] [34mcolcon.colcon_core.verb[0m [1;30mLevel 5[0m set package 'drone_controller' build argument 'catkin_cmake_args' from command line to 'None'
[0.605s] [34mcolcon.colcon_core.verb[0m [1;30mLevel 5[0m set package 'drone_controller' build argument 'catkin_skip_building_tests' from command line to 'False'
[0.605s] [34mcolcon.colcon_core.verb[0m [1;30mDEBUG[0m [32mBuilding package 'drone_controller' with the following arguments: {'ament_cmake_args': None, 'build_base': '/home/orangepi/Multitask-Drone/build/drone_controller', 'catkin_cmake_args': None, 'catkin_skip_building_tests': False, 'cmake_args': None, 'cmake_clean_cache': False, 'cmake_clean_first': False, 'cmake_force_configure': False, 'cmake_target': None, 'cmake_target_skip_unavailable': False, 'install_base': '/home/orangepi/Multitask-Drone/install/drone_controller', 'merge_install': False, 'path': '/home/orangepi/Multitask-Drone/src/drone_controller', 'symlink_install': False, 'test_result_base': None}[0m
[0.605s] [34mcolcon.colcon_core.verb[0m [1;30mLevel 5[0m set package 'drone_vision' build argument 'cmake_args' from command line to 'None'
[0.606s] [34mcolcon.colcon_core.verb[0m [1;30mLevel 5[0m set package 'drone_vision' build argument 'cmake_target' from command line to 'None'
[0.606s] [34mcolcon.colcon_core.verb[0m [1;30mLevel 5[0m set package 'drone_vision' build argument 'cmake_target_skip_unavailable' from command line to 'False'
[0.606s] [34mcolcon.colcon_core.verb[0m [1;30mLevel 5[0m set package 'drone_vision' build argument 'cmake_clean_cache' from command line to 'False'
[0.606s] [34mcolcon.colcon_core.verb[0m [1;30mLevel 5[0m set package 'drone_vision' build argument 'cmake_clean_first' from command line to 'False'
[0.606s] [34mcolcon.colcon_core.verb[0m [1;30mLevel 5[0m set package 'drone_vision' build argument 'cmake_force_configure' from command line to 'False'
[0.606s] [34mcolcon.colcon_core.verb[0m [1;30mLevel 5[0m set package 'drone_vision' build argument 'ament_cmake_args' from command line to 'None'
[0.606s] [34mcolcon.colcon_core.verb[0m [1;30mLevel 5[0m set package 'drone_vision' build argument 'catkin_cmake_args' from command line to 'None'
[0.606s] [34mcolcon.colcon_core.verb[0m [1;30mLevel 5[0m set package 'drone_vision' build argument 'catkin_skip_building_tests' from command line to 'False'
[0.606s] [34mcolcon.colcon_core.verb[0m [1;30mDEBUG[0m [32mBuilding package 'drone_vision' with the following arguments: {'ament_cmake_args': None, 'build_base': '/home/orangepi/Multitask-Drone/build/drone_vision', 'catkin_cmake_args': None, 'catkin_skip_building_tests': False, 'cmake_args': None, 'cmake_clean_cache': False, 'cmake_clean_first': False, 'cmake_force_configure': False, 'cmake_target': None, 'cmake_target_skip_unavailable': False, 'install_base': '/home/orangepi/Multitask-Drone/install/drone_vision', 'merge_install': False, 'path': '/home/orangepi/Multitask-Drone/src/drone_vision', 'symlink_install': False, 'test_result_base': None}[0m
[0.606s] [34mcolcon.colcon_core.executor[0m [1;30mINFO[0m Executing jobs using 'parallel' executor
[0.608s] [34mcolcon.colcon_parallel_executor.executor.parallel[0m [1;30mDEBUG[0m [32mrun_until_complete[0m
[0.608s] [34mcolcon.colcon_ros.task.ament_cmake.build[0m [1;30mINFO[0m Building ROS package in '/home/orangepi/Multitask-Drone/src/drone_interfaces' with build type 'ament_cmake'
[0.609s] [34mcolcon.colcon_cmake.task.cmake.build[0m [1;30mINFO[0m Building CMake package in '/home/orangepi/Multitask-Drone/src/drone_interfaces'
[0.612s] [34mcolcon.colcon_core.plugin_system[0m [1;30mINFO[0m Skipping extension 'colcon_core.shell.bat': Not used on non-Windows systems
[0.613s] [34mcolcon.colcon_core.shell[0m [1;30mINFO[0m Skip shell extension 'powershell' for command environment: Not usable outside of PowerShell
[0.613s] [34mcolcon.colcon_core.shell[0m [1;30mDEBUG[0m [32mSkip shell extension 'dsv' for command environment[0m
[0.619s] [34mcolcon.colcon_ros.task.ament_python.build[0m [1;30mINFO[0m Building ROS package in '/home/orangepi/Multitask-Drone/src/drone_monitor' with build type 'ament_python'
[0.619s] [34mcolcon.colcon_core.shell[0m [1;30mLevel 1[0m create_environment_hook('drone_monitor', 'ament_prefix_path')
[0.620s] [34mcolcon.colcon_core.shell[0m [1;30mINFO[0m Creating environment hook '/home/orangepi/Multitask-Drone/install/drone_monitor/share/drone_monitor/hook/ament_prefix_path.ps1'
[0.621s] [34mcolcon.colcon_core.shell[0m [1;30mINFO[0m Creating environment descriptor '/home/orangepi/Multitask-Drone/install/drone_monitor/share/drone_monitor/hook/ament_prefix_path.dsv'
[0.622s] [34mcolcon.colcon_core.shell[0m [1;30mINFO[0m Creating environment hook '/home/orangepi/Multitask-Drone/install/drone_monitor/share/drone_monitor/hook/ament_prefix_path.sh'
[0.623s] [34mcolcon.colcon_core.shell[0m [1;30mINFO[0m Skip shell extension 'powershell' for command environment: Not usable outside of PowerShell
[0.623s] [34mcolcon.colcon_core.shell[0m [1;30mDEBUG[0m [32mSkip shell extension 'dsv' for command environment[0m
[0.636s] [34mcolcon.colcon_core.event_handler.log_command[0m [1;30mDEBUG[0m [32mInvoking command in '/home/orangepi/Multitask-Drone/build/drone_interfaces': CMAKE_PREFIX_PATH=/opt/ros/humble /usr/bin/cmake --build /home/orangepi/Multitask-Drone/build/drone_interfaces -- -j8 -l8[0m
[1.145s] [34mcolcon.colcon_core.task.python.build[0m [1;30mINFO[0m Building Python package in '/home/orangepi/Multitask-Drone/src/drone_monitor'
[1.147s] [34mcolcon.colcon_core.shell[0m [1;30mINFO[0m Skip shell extension 'powershell' for command environment: Not usable outside of PowerShell
[1.148s] [34mcolcon.colcon_core.shell[0m [1;30mDEBUG[0m [32mSkip shell extension 'dsv' for command environment[0m
[1.613s] [34mcolcon.colcon_core.event_handler.log_command[0m [1;30mDEBUG[0m [32mInvoked command in '/home/orangepi/Multitask-Drone/build/drone_interfaces' returned '0': CMAKE_PREFIX_PATH=/opt/ros/humble /usr/bin/cmake --build /home/orangepi/Multitask-Drone/build/drone_interfaces -- -j8 -l8[0m
[1.657s] [34mcolcon.colcon_core.event_handler.log_command[0m [1;30mDEBUG[0m [32mInvoking command in '/home/orangepi/Multitask-Drone/build/drone_interfaces': CMAKE_PREFIX_PATH=/opt/ros/humble /usr/bin/cmake --install /home/orangepi/Multitask-Drone/build/drone_interfaces[0m
[1.772s] [34mcolcon.colcon_core.event_handler.log_command[0m [1;30mDEBUG[0m [32mInvoking command in '/home/orangepi/Multitask-Drone/src/drone_monitor': PYTHONPATH=/home/orangepi/Multitask-Drone/build/drone_monitor/prefix_override:/usr/lib/python3/dist-packages/colcon_core/task/python/colcon_distutils_commands:/home/orangepi/Multitask-Drone/install/drone_monitor/lib/python3.10/site-packages:${PYTHONPATH} /usr/bin/python3 -W ignore:setup.py install is deprecated -W ignore:easy_install command is deprecated setup.py egg_info --egg-base ../../build/drone_monitor build --build-base /home/orangepi/Multitask-Drone/build/drone_monitor/build install --record /home/orangepi/Multitask-Drone/build/drone_monitor/install.log --single-version-externally-managed install_data[0m
[1.807s] [34mcolcon.colcon_core.environment[0m [1;30mLevel 1[0m create_environment_scripts_only(drone_interfaces)
[1.809s] [34mcolcon.colcon_core.event_handler.log_command[0m [1;30mDEBUG[0m [32mInvoked command in '/home/orangepi/Multitask-Drone/build/drone_interfaces' returned '0': CMAKE_PREFIX_PATH=/opt/ros/humble /usr/bin/cmake --install /home/orangepi/Multitask-Drone/build/drone_interfaces[0m
[1.818s] [34mcolcon.colcon_core.environment[0m [1;30mLevel 1[0m checking '/home/orangepi/Multitask-Drone/install/drone_interfaces' for CMake module files
[1.822s] [34mcolcon.colcon_core.environment[0m [1;30mLevel 1[0m checking '/home/orangepi/Multitask-Drone/install/drone_interfaces' for CMake config files
[1.826s] [34mcolcon.colcon_core.shell[0m [1;30mLevel 1[0m create_environment_hook('drone_interfaces', 'cmake_prefix_path')
[1.828s] [34mcolcon.colcon_core.shell[0m [1;30mINFO[0m Creating environment hook '/home/orangepi/Multitask-Drone/install/drone_interfaces/share/drone_interfaces/hook/cmake_prefix_path.ps1'
[1.830s] [34mcolcon.colcon_core.shell[0m [1;30mINFO[0m Creating environment descriptor '/home/orangepi/Multitask-Drone/install/drone_interfaces/share/drone_interfaces/hook/cmake_prefix_path.dsv'
[1.832s] [34mcolcon.colcon_core.shell[0m [1;30mINFO[0m Creating environment hook '/home/orangepi/Multitask-Drone/install/drone_interfaces/share/drone_interfaces/hook/cmake_prefix_path.sh'
[1.835s] [34mcolcon.colcon_core.environment[0m [1;30mLevel 1[0m checking '/home/orangepi/Multitask-Drone/install/drone_interfaces/lib'
[1.836s] [34mcolcon.colcon_core.shell[0m [1;30mLevel 1[0m create_environment_hook('drone_interfaces', 'ld_library_path_lib')
[1.838s] [34mcolcon.colcon_core.shell[0m [1;30mINFO[0m Creating environment hook '/home/orangepi/Multitask-Drone/install/drone_interfaces/share/drone_interfaces/hook/ld_library_path_lib.ps1'
[1.840s] [34mcolcon.colcon_core.shell[0m [1;30mINFO[0m Creating environment descriptor '/home/orangepi/Multitask-Drone/install/drone_interfaces/share/drone_interfaces/hook/ld_library_path_lib.dsv'
[1.842s] [34mcolcon.colcon_core.shell[0m [1;30mINFO[0m Creating environment hook '/home/orangepi/Multitask-Drone/install/drone_interfaces/share/drone_interfaces/hook/ld_library_path_lib.sh'
[1.845s] [34mcolcon.colcon_core.environment[0m [1;30mLevel 1[0m checking '/home/orangepi/Multitask-Drone/install/drone_interfaces/bin'
[1.845s] [34mcolcon.colcon_core.environment[0m [1;30mLevel 1[0m checking '/home/orangepi/Multitask-Drone/install/drone_interfaces/lib/pkgconfig/drone_interfaces.pc'
[1.846s] [34mcolcon.colcon_core.environment[0m [1;30mLevel 1[0m checking '/home/orangepi/Multitask-Drone/install/drone_interfaces/lib/python3.10/site-packages'
[1.848s] [34mcolcon.colcon_core.environment[0m [1;30mLevel 1[0m checking '/home/orangepi/Multitask-Drone/install/drone_interfaces/bin'
[1.850s] [34mcolcon.colcon_core.shell[0m [1;30mINFO[0m Creating package script '/home/orangepi/Multitask-Drone/install/drone_interfaces/share/drone_interfaces/package.ps1'
[1.854s] [34mcolcon.colcon_core.shell[0m [1;30mINFO[0m Creating package descriptor '/home/orangepi/Multitask-Drone/install/drone_interfaces/share/drone_interfaces/package.dsv'
[1.856s] [34mcolcon.colcon_core.shell[0m [1;30mINFO[0m Creating package script '/home/orangepi/Multitask-Drone/install/drone_interfaces/share/drone_interfaces/package.sh'
[1.859s] [34mcolcon.colcon_core.shell[0m [1;30mINFO[0m Creating package script '/home/orangepi/Multitask-Drone/install/drone_interfaces/share/drone_interfaces/package.bash'
[1.861s] [34mcolcon.colcon_core.shell[0m [1;30mINFO[0m Creating package script '/home/orangepi/Multitask-Drone/install/drone_interfaces/share/drone_interfaces/package.zsh'
[1.862s] [34mcolcon.colcon_core.environment[0m [1;30mLevel 1[0m create_file_with_runtime_dependencies(/home/orangepi/Multitask-Drone/install/drone_interfaces/share/colcon-core/packages/drone_interfaces)
[1.864s] [34mcolcon.colcon_core.environment[0m [1;30mLevel 1[0m create_environment_scripts_only(drone_interfaces)
[1.865s] [34mcolcon.colcon_core.environment[0m [1;30mLevel 1[0m checking '/home/orangepi/Multitask-Drone/install/drone_interfaces' for CMake module files
[1.866s] [34mcolcon.colcon_core.environment[0m [1;30mLevel 1[0m checking '/home/orangepi/Multitask-Drone/install/drone_interfaces' for CMake config files
[1.867s] [34mcolcon.colcon_core.shell[0m [1;30mLevel 1[0m create_environment_hook('drone_interfaces', 'cmake_prefix_path')
[1.868s] [34mcolcon.colcon_core.shell[0m [1;30mINFO[0m Creating environment hook '/home/orangepi/Multitask-Drone/install/drone_interfaces/share/drone_interfaces/hook/cmake_prefix_path.ps1'
[1.869s] [34mcolcon.colcon_core.shell[0m [1;30mINFO[0m Creating environment descriptor '/home/orangepi/Multitask-Drone/install/drone_interfaces/share/drone_interfaces/hook/cmake_prefix_path.dsv'
[1.869s] [34mcolcon.colcon_core.shell[0m [1;30mINFO[0m Creating environment hook '/home/orangepi/Multitask-Drone/install/drone_interfaces/share/drone_interfaces/hook/cmake_prefix_path.sh'
[1.870s] [34mcolcon.colcon_core.environment[0m [1;30mLevel 1[0m checking '/home/orangepi/Multitask-Drone/install/drone_interfaces/lib'
[1.870s] [34mcolcon.colcon_core.shell[0m [1;30mLevel 1[0m create_environment_hook('drone_interfaces', 'ld_library_path_lib')
[1.871s] [34mcolcon.colcon_core.shell[0m [1;30mINFO[0m Creating environment hook '/home/orangepi/Multitask-Drone/install/drone_interfaces/share/drone_interfaces/hook/ld_library_path_lib.ps1'
[1.872s] [34mcolcon.colcon_core.shell[0m [1;30mINFO[0m Creating environment descriptor '/home/orangepi/Multitask-Drone/install/drone_interfaces/share/drone_interfaces/hook/ld_library_path_lib.dsv'
[1.872s] [34mcolcon.colcon_core.shell[0m [1;30mINFO[0m Creating environment hook '/home/orangepi/Multitask-Drone/install/drone_interfaces/share/drone_interfaces/hook/ld_library_path_lib.sh'
[1.873s] [34mcolcon.colcon_core.environment[0m [1;30mLevel 1[0m checking '/home/orangepi/Multitask-Drone/install/drone_interfaces/bin'
[1.873s] [34mcolcon.colcon_core.environment[0m [1;30mLevel 1[0m checking '/home/orangepi/Multitask-Drone/install/drone_interfaces/lib/pkgconfig/drone_interfaces.pc'
[1.873s] [34mcolcon.colcon_core.environment[0m [1;30mLevel 1[0m checking '/home/orangepi/Multitask-Drone/install/drone_interfaces/lib/python3.10/site-packages'
[1.873s] [34mcolcon.colcon_core.environment[0m [1;30mLevel 1[0m checking '/home/orangepi/Multitask-Drone/install/drone_interfaces/bin'
[1.874s] [34mcolcon.colcon_core.shell[0m [1;30mINFO[0m Creating package script '/home/orangepi/Multitask-Drone/install/drone_interfaces/share/drone_interfaces/package.ps1'
[1.875s] [34mcolcon.colcon_core.shell[0m [1;30mINFO[0m Creating package descriptor '/home/orangepi/Multitask-Drone/install/drone_interfaces/share/drone_interfaces/package.dsv'
[1.876s] [34mcolcon.colcon_core.shell[0m [1;30mINFO[0m Creating package script '/home/orangepi/Multitask-Drone/install/drone_interfaces/share/drone_interfaces/package.sh'
[1.877s] [34mcolcon.colcon_core.shell[0m [1;30mINFO[0m Creating package script '/home/orangepi/Multitask-Drone/install/drone_interfaces/share/drone_interfaces/package.bash'
[1.877s] [34mcolcon.colcon_core.shell[0m [1;30mINFO[0m Creating package script '/home/orangepi/Multitask-Drone/install/drone_interfaces/share/drone_interfaces/package.zsh'
[1.878s] [34mcolcon.colcon_core.environment[0m [1;30mLevel 1[0m create_file_with_runtime_dependencies(/home/orangepi/Multitask-Drone/install/drone_interfaces/share/colcon-core/packages/drone_interfaces)
[1.879s] [34mcolcon.colcon_ros.task.ament_python.build[0m [1;30mINFO[0m Building ROS package in '/home/orangepi/Multitask-Drone/src/drone_controller' with build type 'ament_python'
[1.879s] [34mcolcon.colcon_core.shell[0m [1;30mLevel 1[0m create_environment_hook('drone_controller', 'ament_prefix_path')
[1.880s] [34mcolcon.colcon_core.shell[0m [1;30mINFO[0m Creating environment hook '/home/orangepi/Multitask-Drone/install/drone_controller/share/drone_controller/hook/ament_prefix_path.ps1'
[1.881s] [34mcolcon.colcon_core.shell[0m [1;30mINFO[0m Creating environment descriptor '/home/orangepi/Multitask-Drone/install/drone_controller/share/drone_controller/hook/ament_prefix_path.dsv'
[1.882s] [34mcolcon.colcon_core.shell[0m [1;30mINFO[0m Creating environment hook '/home/orangepi/Multitask-Drone/install/drone_controller/share/drone_controller/hook/ament_prefix_path.sh'
[1.883s] [34mcolcon.colcon_core.shell[0m [1;30mINFO[0m Skip shell extension 'powershell' for command environment: Not usable outside of PowerShell
[1.884s] [34mcolcon.colcon_core.shell[0m [1;30mDEBUG[0m [32mSkip shell extension 'dsv' for command environment[0m
[1.889s] [34mcolcon.colcon_ros.task.ament_python.build[0m [1;30mINFO[0m Building ROS package in '/home/orangepi/Multitask-Drone/src/drone_vision' with build type 'ament_python'
[1.889s] [34mcolcon.colcon_core.shell[0m [1;30mLevel 1[0m create_environment_hook('drone_vision', 'ament_prefix_path')
[1.890s] [34mcolcon.colcon_core.shell[0m [1;30mINFO[0m Creating environment hook '/home/orangepi/Multitask-Drone/install/drone_vision/share/drone_vision/hook/ament_prefix_path.ps1'
[1.891s] [34mcolcon.colcon_core.shell[0m [1;30mINFO[0m Creating environment descriptor '/home/orangepi/Multitask-Drone/install/drone_vision/share/drone_vision/hook/ament_prefix_path.dsv'
[1.892s] [34mcolcon.colcon_core.shell[0m [1;30mINFO[0m Creating environment hook '/home/orangepi/Multitask-Drone/install/drone_vision/share/drone_vision/hook/ament_prefix_path.sh'
[1.893s] [34mcolcon.colcon_core.shell[0m [1;30mINFO[0m Skip shell extension 'powershell' for command environment: Not usable outside of PowerShell
[1.893s] [34mcolcon.colcon_core.shell[0m [1;30mDEBUG[0m [32mSkip shell extension 'dsv' for command environment[0m
[2.347s] [34mcolcon.colcon_core.task.python.build[0m [1;30mINFO[0m Building Python package in '/home/orangepi/Multitask-Drone/src/drone_controller'
[2.348s] [34mcolcon.colcon_core.shell[0m [1;30mINFO[0m Skip shell extension 'powershell' for command environment: Not usable outside of PowerShell
[2.348s] [34mcolcon.colcon_core.shell[0m [1;30mDEBUG[0m [32mSkip shell extension 'dsv' for command environment[0m
[2.756s] [34mcolcon.colcon_core.task.python.build[0m [1;30mINFO[0m Building Python package in '/home/orangepi/Multitask-Drone/src/drone_vision'
[2.758s] [34mcolcon.colcon_core.shell[0m [1;30mINFO[0m Skip shell extension 'powershell' for command environment: Not usable outside of PowerShell
[2.759s] [34mcolcon.colcon_core.shell[0m [1;30mDEBUG[0m [32mSkip shell extension 'dsv' for command environment[0m
[2.777s] [34mcolcon.colcon_core.environment[0m [1;30mLevel 1[0m checking '/home/orangepi/Multitask-Drone/install/drone_monitor' for CMake module files
[2.783s] [34mcolcon.colcon_core.event_handler.log_command[0m [1;30mDEBUG[0m [32mInvoked command in '/home/orangepi/Multitask-Drone/src/drone_monitor' returned '0': PYTHONPATH=/home/orangepi/Multitask-Drone/build/drone_monitor/prefix_override:/usr/lib/python3/dist-packages/colcon_core/task/python/colcon_distutils_commands:/home/orangepi/Multitask-Drone/install/drone_monitor/lib/python3.10/site-packages:${PYTHONPATH} /usr/bin/python3 -W ignore:setup.py install is deprecated -W ignore:easy_install command is deprecated setup.py egg_info --egg-base ../../build/drone_monitor build --build-base /home/orangepi/Multitask-Drone/build/drone_monitor/build install --record /home/orangepi/Multitask-Drone/build/drone_monitor/install.log --single-version-externally-managed install_data[0m
[2.785s] [34mcolcon.colcon_core.environment[0m [1;30mLevel 1[0m checking '/home/orangepi/Multitask-Drone/install/drone_monitor' for CMake config files
[2.791s] [34mcolcon.colcon_core.environment[0m [1;30mLevel 1[0m checking '/home/orangepi/Multitask-Drone/install/drone_monitor/lib'
[2.791s] [34mcolcon.colcon_core.environment[0m [1;30mLevel 1[0m checking '/home/orangepi/Multitask-Drone/install/drone_monitor/bin'
[2.791s] [34mcolcon.colcon_core.environment[0m [1;30mLevel 1[0m checking '/home/orangepi/Multitask-Drone/install/drone_monitor/lib/pkgconfig/drone_monitor.pc'
[2.793s] [34mcolcon.colcon_core.environment[0m [1;30mLevel 1[0m checking '/home/orangepi/Multitask-Drone/install/drone_monitor/lib/python3.10/site-packages'
[2.793s] [34mcolcon.colcon_core.shell[0m [1;30mLevel 1[0m create_environment_hook('drone_monitor', 'pythonpath')
[2.794s] [34mcolcon.colcon_core.shell[0m [1;30mINFO[0m Creating environment hook '/home/orangepi/Multitask-Drone/install/drone_monitor/share/drone_monitor/hook/pythonpath.ps1'
[2.797s] [34mcolcon.colcon_core.shell[0m [1;30mINFO[0m Creating environment descriptor '/home/orangepi/Multitask-Drone/install/drone_monitor/share/drone_monitor/hook/pythonpath.dsv'
[2.799s] [34mcolcon.colcon_core.shell[0m [1;30mINFO[0m Creating environment hook '/home/orangepi/Multitask-Drone/install/drone_monitor/share/drone_monitor/hook/pythonpath.sh'
[2.801s] [34mcolcon.colcon_core.environment[0m [1;30mLevel 1[0m checking '/home/orangepi/Multitask-Drone/install/drone_monitor/bin'
[2.801s] [34mcolcon.colcon_core.environment[0m [1;30mLevel 1[0m create_environment_scripts_only(drone_monitor)
[2.803s] [34mcolcon.colcon_core.shell[0m [1;30mINFO[0m Creating package script '/home/orangepi/Multitask-Drone/install/drone_monitor/share/drone_monitor/package.ps1'
[2.805s] [34mcolcon.colcon_core.shell[0m [1;30mINFO[0m Creating package descriptor '/home/orangepi/Multitask-Drone/install/drone_monitor/share/drone_monitor/package.dsv'
[2.807s] [34mcolcon.colcon_core.shell[0m [1;30mINFO[0m Creating package script '/home/orangepi/Multitask-Drone/install/drone_monitor/share/drone_monitor/package.sh'
[2.809s] [34mcolcon.colcon_core.shell[0m [1;30mINFO[0m Creating package script '/home/orangepi/Multitask-Drone/install/drone_monitor/share/drone_monitor/package.bash'
[2.811s] [34mcolcon.colcon_core.shell[0m [1;30mINFO[0m Creating package script '/home/orangepi/Multitask-Drone/install/drone_monitor/share/drone_monitor/package.zsh'
[2.812s] [34mcolcon.colcon_core.environment[0m [1;30mLevel 1[0m create_file_with_runtime_dependencies(/home/orangepi/Multitask-Drone/install/drone_monitor/share/colcon-core/packages/drone_monitor)
[3.404s] [34mcolcon.colcon_core.event_handler.log_command[0m [1;30mDEBUG[0m [32mInvoking command in '/home/orangepi/Multitask-Drone/src/drone_controller': AMENT_PREFIX_PATH=/home/orangepi/Multitask-Drone/install/drone_interfaces:${AMENT_PREFIX_PATH} CMAKE_PREFIX_PATH=/home/orangepi/Multitask-Drone/install/drone_interfaces LD_LIBRARY_PATH=/home/orangepi/Multitask-Drone/install/drone_interfaces/lib:${LD_LIBRARY_PATH} PYTHONPATH=/home/orangepi/Multitask-Drone/build/drone_controller/prefix_override:/usr/lib/python3/dist-packages/colcon_core/task/python/colcon_distutils_commands:/home/orangepi/Multitask-Drone/install/drone_controller/lib/python3.10/site-packages:/home/orangepi/Multitask-Drone/install/drone_interfaces/local/lib/python3.10/dist-packages:${PYTHONPATH} /usr/bin/python3 -W ignore:setup.py install is deprecated -W ignore:easy_install command is deprecated setup.py egg_info --egg-base ../../build/drone_controller build --build-base /home/orangepi/Multitask-Drone/build/drone_controller/build install --record /home/orangepi/Multitask-Drone/build/drone_controller/install.log --single-version-externally-managed install_data[0m
[3.412s] [34mcolcon.colcon_core.event_handler.log_command[0m [1;30mDEBUG[0m [32mInvoking command in '/home/orangepi/Multitask-Drone/src/drone_vision': AMENT_PREFIX_PATH=/home/orangepi/Multitask-Drone/install/drone_interfaces:${AMENT_PREFIX_PATH} CMAKE_PREFIX_PATH=/home/orangepi/Multitask-Drone/install/drone_interfaces LD_LIBRARY_PATH=/home/orangepi/Multitask-Drone/install/drone_interfaces/lib:${LD_LIBRARY_PATH} PYTHONPATH=/home/orangepi/Multitask-Drone/build/drone_vision/prefix_override:/usr/lib/python3/dist-packages/colcon_core/task/python/colcon_distutils_commands:/home/orangepi/Multitask-Drone/install/drone_vision/lib/python3.10/site-packages:/home/orangepi/Multitask-Drone/install/drone_interfaces/local/lib/python3.10/dist-packages:${PYTHONPATH} /usr/bin/python3 -W ignore:setup.py install is deprecated -W ignore:easy_install command is deprecated setup.py egg_info --egg-base ../../build/drone_vision build --build-base /home/orangepi/Multitask-Drone/build/drone_vision/build install --record /home/orangepi/Multitask-Drone/build/drone_vision/install.log --single-version-externally-managed install_data[0m
[3.909s] [34mcolcon.colcon_core.environment[0m [1;30mLevel 1[0m checking '/home/orangepi/Multitask-Drone/install/drone_vision' for CMake module files
[3.912s] [34mcolcon.colcon_core.event_handler.log_command[0m [1;30mDEBUG[0m [32mInvoked command in '/home/orangepi/Multitask-Drone/src/drone_vision' returned '0': AMENT_PREFIX_PATH=/home/orangepi/Multitask-Drone/install/drone_interfaces:${AMENT_PREFIX_PATH} CMAKE_PREFIX_PATH=/home/orangepi/Multitask-Drone/install/drone_interfaces LD_LIBRARY_PATH=/home/orangepi/Multitask-Drone/install/drone_interfaces/lib:${LD_LIBRARY_PATH} PYTHONPATH=/home/orangepi/Multitask-Drone/build/drone_vision/prefix_override:/usr/lib/python3/dist-packages/colcon_core/task/python/colcon_distutils_commands:/home/orangepi/Multitask-Drone/install/drone_vision/lib/python3.10/site-packages:/home/orangepi/Multitask-Drone/install/drone_interfaces/local/lib/python3.10/dist-packages:${PYTHONPATH} /usr/bin/python3 -W ignore:setup.py install is deprecated -W ignore:easy_install command is deprecated setup.py egg_info --egg-base ../../build/drone_vision build --build-base /home/orangepi/Multitask-Drone/build/drone_vision/build install --record /home/orangepi/Multitask-Drone/build/drone_vision/install.log --single-version-externally-managed install_data[0m
[3.913s] [34mcolcon.colcon_core.environment[0m [1;30mLevel 1[0m checking '/home/orangepi/Multitask-Drone/install/drone_vision' for CMake config files
[3.914s] [34mcolcon.colcon_core.environment[0m [1;30mLevel 1[0m checking '/home/orangepi/Multitask-Drone/install/drone_vision/lib'
[3.914s] [34mcolcon.colcon_core.environment[0m [1;30mLevel 1[0m checking '/home/orangepi/Multitask-Drone/install/drone_vision/bin'
[3.915s] [34mcolcon.colcon_core.environment[0m [1;30mLevel 1[0m checking '/home/orangepi/Multitask-Drone/install/drone_vision/lib/pkgconfig/drone_vision.pc'
[3.915s] [34mcolcon.colcon_core.environment[0m [1;30mLevel 1[0m checking '/home/orangepi/Multitask-Drone/install/drone_vision/lib/python3.10/site-packages'
[3.915s] [34mcolcon.colcon_core.shell[0m [1;30mLevel 1[0m create_environment_hook('drone_vision', 'pythonpath')
[3.916s] [34mcolcon.colcon_core.shell[0m [1;30mINFO[0m Creating environment hook '/home/orangepi/Multitask-Drone/install/drone_vision/share/drone_vision/hook/pythonpath.ps1'
[3.917s] [34mcolcon.colcon_core.shell[0m [1;30mINFO[0m Creating environment descriptor '/home/orangepi/Multitask-Drone/install/drone_vision/share/drone_vision/hook/pythonpath.dsv'
[3.918s] [34mcolcon.colcon_core.shell[0m [1;30mINFO[0m Creating environment hook '/home/orangepi/Multitask-Drone/install/drone_vision/share/drone_vision/hook/pythonpath.sh'
[3.919s] [34mcolcon.colcon_core.environment[0m [1;30mLevel 1[0m checking '/home/orangepi/Multitask-Drone/install/drone_vision/bin'
[3.919s] [34mcolcon.colcon_core.environment[0m [1;30mLevel 1[0m create_environment_scripts_only(drone_vision)
[3.920s] [34mcolcon.colcon_core.shell[0m [1;30mINFO[0m Creating package script '/home/orangepi/Multitask-Drone/install/drone_vision/share/drone_vision/package.ps1'
[3.920s] [34mcolcon.colcon_core.shell[0m [1;30mINFO[0m Creating package descriptor '/home/orangepi/Multitask-Drone/install/drone_vision/share/drone_vision/package.dsv'
[3.921s] [34mcolcon.colcon_core.shell[0m [1;30mINFO[0m Creating package script '/home/orangepi/Multitask-Drone/install/drone_vision/share/drone_vision/package.sh'
[3.922s] [34mcolcon.colcon_core.shell[0m [1;30mINFO[0m Creating package script '/home/orangepi/Multitask-Drone/install/drone_vision/share/drone_vision/package.bash'
[3.923s] [34mcolcon.colcon_core.shell[0m [1;30mINFO[0m Creating package script '/home/orangepi/Multitask-Drone/install/drone_vision/share/drone_vision/package.zsh'
[3.924s] [34mcolcon.colcon_core.environment[0m [1;30mLevel 1[0m create_file_with_runtime_dependencies(/home/orangepi/Multitask-Drone/install/drone_vision/share/colcon-core/packages/drone_vision)
[3.928s] [34mcolcon.colcon_core.environment[0m [1;30mLevel 1[0m checking '/home/orangepi/Multitask-Drone/install/drone_controller' for CMake module files
[3.931s] [34mcolcon.colcon_core.event_handler.log_command[0m [1;30mDEBUG[0m [32mInvoked command in '/home/orangepi/Multitask-Drone/src/drone_controller' returned '0': AMENT_PREFIX_PATH=/home/orangepi/Multitask-Drone/install/drone_interfaces:${AMENT_PREFIX_PATH} CMAKE_PREFIX_PATH=/home/orangepi/Multitask-Drone/install/drone_interfaces LD_LIBRARY_PATH=/home/orangepi/Multitask-Drone/install/drone_interfaces/lib:${LD_LIBRARY_PATH} PYTHONPATH=/home/orangepi/Multitask-Drone/build/drone_controller/prefix_override:/usr/lib/python3/dist-packages/colcon_core/task/python/colcon_distutils_commands:/home/orangepi/Multitask-Drone/install/drone_controller/lib/python3.10/site-packages:/home/orangepi/Multitask-Drone/install/drone_interfaces/local/lib/python3.10/dist-packages:${PYTHONPATH} /usr/bin/python3 -W ignore:setup.py install is deprecated -W ignore:easy_install command is deprecated setup.py egg_info --egg-base ../../build/drone_controller build --build-base /home/orangepi/Multitask-Drone/build/drone_controller/build install --record /home/orangepi/Multitask-Drone/build/drone_controller/install.log --single-version-externally-managed install_data[0m
[3.933s] [34mcolcon.colcon_core.environment[0m [1;30mLevel 1[0m checking '/home/orangepi/Multitask-Drone/install/drone_controller' for CMake config files
[3.937s] [34mcolcon.colcon_core.environment[0m [1;30mLevel 1[0m checking '/home/orangepi/Multitask-Drone/install/drone_controller/lib'
[3.938s] [34mcolcon.colcon_core.environment[0m [1;30mLevel 1[0m checking '/home/orangepi/Multitask-Drone/install/drone_controller/bin'
[3.938s] [34mcolcon.colcon_core.environment[0m [1;30mLevel 1[0m checking '/home/orangepi/Multitask-Drone/install/drone_controller/lib/pkgconfig/drone_controller.pc'
[3.939s] [34mcolcon.colcon_core.environment[0m [1;30mLevel 1[0m checking '/home/orangepi/Multitask-Drone/install/drone_controller/lib/python3.10/site-packages'
[3.939s] [34mcolcon.colcon_core.shell[0m [1;30mLevel 1[0m create_environment_hook('drone_controller', 'pythonpath')
[3.941s] [34mcolcon.colcon_core.shell[0m [1;30mINFO[0m Creating environment hook '/home/orangepi/Multitask-Drone/install/drone_controller/share/drone_controller/hook/pythonpath.ps1'
[3.943s] [34mcolcon.colcon_core.shell[0m [1;30mINFO[0m Creating environment descriptor '/home/orangepi/Multitask-Drone/install/drone_controller/share/drone_controller/hook/pythonpath.dsv'
[3.944s] [34mcolcon.colcon_core.shell[0m [1;30mINFO[0m Creating environment hook '/home/orangepi/Multitask-Drone/install/drone_controller/share/drone_controller/hook/pythonpath.sh'
[3.946s] [34mcolcon.colcon_core.environment[0m [1;30mLevel 1[0m checking '/home/orangepi/Multitask-Drone/install/drone_controller/bin'
[3.947s] [34mcolcon.colcon_core.environment[0m [1;30mLevel 1[0m create_environment_scripts_only(drone_controller)
[3.948s] [34mcolcon.colcon_core.shell[0m [1;30mINFO[0m Creating package script '/home/orangepi/Multitask-Drone/install/drone_controller/share/drone_controller/package.ps1'
[3.950s] [34mcolcon.colcon_core.shell[0m [1;30mINFO[0m Creating package descriptor '/home/orangepi/Multitask-Drone/install/drone_controller/share/drone_controller/package.dsv'
[3.952s] [34mcolcon.colcon_core.shell[0m [1;30mINFO[0m Creating package script '/home/orangepi/Multitask-Drone/install/drone_controller/share/drone_controller/package.sh'
[3.954s] [34mcolcon.colcon_core.shell[0m [1;30mINFO[0m Creating package script '/home/orangepi/Multitask-Drone/install/drone_controller/share/drone_controller/package.bash'
[3.955s] [34mcolcon.colcon_core.shell[0m [1;30mINFO[0m Creating package script '/home/orangepi/Multitask-Drone/install/drone_controller/share/drone_controller/package.zsh'
[3.956s] [34mcolcon.colcon_core.environment[0m [1;30mLevel 1[0m create_file_with_runtime_dependencies(/home/orangepi/Multitask-Drone/install/drone_controller/share/colcon-core/packages/drone_controller)
[3.957s] [34mcolcon.colcon_parallel_executor.executor.parallel[0m [1;30mDEBUG[0m [32mclosing loop[0m
[3.959s] [34mcolcon.colcon_parallel_executor.executor.parallel[0m [1;30mDEBUG[0m [32mloop closed[0m
[3.959s] [34mcolcon.colcon_parallel_executor.executor.parallel[0m [1;30mDEBUG[0m [32mrun_until_complete finished with '0'[0m
[3.960s] [34mcolcon.colcon_core.event_reactor[0m [1;30mDEBUG[0m [32mjoining thread[0m
[3.984s] [34mcolcon.colcon_core.plugin_system[0m [1;30mINFO[0m Skipping extension 'colcon_notification.desktop_notification.terminal_notifier': Not used on non-Darwin systems
[3.985s] [34mcolcon.colcon_core.plugin_system[0m [1;30mINFO[0m Skipping extension 'colcon_notification.desktop_notification.win32': Not used on non-Windows systems
[3.985s] [34mcolcon.colcon_notification.desktop_notification[0m [1;30mINFO[0m Sending desktop notification using 'notify2'
[4.002s] [34mcolcon.colcon_core.event_reactor[0m [1;30mDEBUG[0m [32mjoined thread[0m
[4.004s] [34mcolcon.colcon_core.shell[0m [1;30mINFO[0m Creating prefix script '/home/orangepi/Multitask-Drone/install/local_setup.ps1'
[4.010s] [34mcolcon.colcon_core.shell[0m [1;30mINFO[0m Creating prefix util module '/home/orangepi/Multitask-Drone/install/_local_setup_util_ps1.py'
[4.018s] [34mcolcon.colcon_core.shell[0m [1;30mINFO[0m Creating prefix chain script '/home/orangepi/Multitask-Drone/install/setup.ps1'
[4.024s] [34mcolcon.colcon_core.shell[0m [1;30mINFO[0m Creating prefix script '/home/orangepi/Multitask-Drone/install/local_setup.sh'
[4.027s] [34mcolcon.colcon_core.shell[0m [1;30mINFO[0m Creating prefix util module '/home/orangepi/Multitask-Drone/install/_local_setup_util_sh.py'
[4.029s] [34mcolcon.colcon_core.shell[0m [1;30mINFO[0m Creating prefix chain script '/home/orangepi/Multitask-Drone/install/setup.sh'
[4.034s] [34mcolcon.colcon_core.shell[0m [1;30mINFO[0m Creating prefix script '/home/orangepi/Multitask-Drone/install/local_setup.bash'
[4.036s] [34mcolcon.colcon_core.shell[0m [1;30mINFO[0m Creating prefix chain script '/home/orangepi/Multitask-Drone/install/setup.bash'
[4.041s] [34mcolcon.colcon_core.shell[0m [1;30mINFO[0m Creating prefix script '/home/orangepi/Multitask-Drone/install/local_setup.zsh'
[4.042s] [34mcolcon.colcon_core.shell[0m [1;30mINFO[0m Creating prefix chain script '/home/orangepi/Multitask-Drone/install/setup.zsh'
