[1.593s] Invoking command in '/home/orangepi/Multitask-Drone/src/drone_controller': AMENT_PREFIX_PATH=/home/orangepi/Multitask-Drone/install/drone_interfaces:${AMENT_PREFIX_PATH} CMAKE_PREFIX_PATH=/home/orangepi/Multitask-Drone/install/drone_interfaces LD_LIBRARY_PATH=/home/orangepi/Multitask-Drone/install/drone_interfaces/lib:${LD_LIBRARY_PATH} PYTHONPATH=/home/orangepi/Multitask-Drone/build/drone_controller/prefix_override:/usr/lib/python3/dist-packages/colcon_core/task/python/colcon_distutils_commands:/home/orangepi/Multitask-Drone/install/drone_controller/lib/python3.10/site-packages:/home/orangepi/Multitask-Drone/install/drone_interfaces/local/lib/python3.10/dist-packages:${PYTHONPATH} /usr/bin/python3 -W ignore:setup.py install is deprecated -W ignore:easy_install command is deprecated setup.py egg_info --egg-base ../../build/drone_controller build --build-base /home/orangepi/Multitask-Drone/build/drone_controller/build install --record /home/orangepi/Multitask-Drone/build/drone_controller/install.log --single-version-externally-managed install_data
[1.947s] running egg_info
[1.948s] writing ../../build/drone_controller/drone_controller.egg-info/PKG-INFO
[1.949s] writing dependency_links to ../../build/drone_controller/drone_controller.egg-info/dependency_links.txt
[1.950s] writing entry points to ../../build/drone_controller/drone_controller.egg-info/entry_points.txt
[1.950s] writing requirements to ../../build/drone_controller/drone_controller.egg-info/requires.txt
[1.951s] writing top-level names to ../../build/drone_controller/drone_controller.egg-info/top_level.txt
[1.955s] reading manifest file '../../build/drone_controller/drone_controller.egg-info/SOURCES.txt'
[1.955s] adding license file 'LICENSE'
[1.956s] writing manifest file '../../build/drone_controller/drone_controller.egg-info/SOURCES.txt'
[1.957s] running build
[1.957s] running build_py
[1.957s] copying drone_controller/drone_controller.py -> /home/orangepi/Multitask-Drone/build/drone_controller/build/lib/drone_controller
[1.958s] running install
[1.959s] running install_lib
[1.961s] copying /home/orangepi/Multitask-Drone/build/drone_controller/build/lib/drone_controller/drone_controller.py -> /home/orangepi/Multitask-Drone/install/drone_controller/lib/python3.10/site-packages/drone_controller
[1.962s] byte-compiling /home/orangepi/Multitask-Drone/install/drone_controller/lib/python3.10/site-packages/drone_controller/drone_controller.py to drone_controller.cpython-310.pyc
[1.967s] running install_data
[1.967s] running install_egg_info
[1.971s] removing '/home/orangepi/Multitask-Drone/install/drone_controller/lib/python3.10/site-packages/drone_controller-0.0.0-py3.10.egg-info' (and everything under it)
[1.972s] Copying ../../build/drone_controller/drone_controller.egg-info to /home/orangepi/Multitask-Drone/install/drone_controller/lib/python3.10/site-packages/drone_controller-0.0.0-py3.10.egg-info
[1.972s] running install_scripts
[2.010s] Installing drone_controller script to /home/orangepi/Multitask-Drone/install/drone_controller/lib/drone_controller
[2.011s] Installing task_executor script to /home/orangepi/Multitask-Drone/install/drone_controller/lib/drone_controller
[2.012s] Installing waypoint_handler script to /home/orangepi/Multitask-Drone/install/drone_controller/lib/drone_controller
[2.012s] Installing yiku_test script to /home/orangepi/Multitask-Drone/install/drone_controller/lib/drone_controller
[2.014s] writing list of installed files to '/home/orangepi/Multitask-Drone/build/drone_controller/install.log'
[2.132s] Invoked command in '/home/orangepi/Multitask-Drone/src/drone_controller' returned '0': AMENT_PREFIX_PATH=/home/orangepi/Multitask-Drone/install/drone_interfaces:${AMENT_PREFIX_PATH} CMAKE_PREFIX_PATH=/home/orangepi/Multitask-Drone/install/drone_interfaces LD_LIBRARY_PATH=/home/orangepi/Multitask-Drone/install/drone_interfaces/lib:${LD_LIBRARY_PATH} PYTHONPATH=/home/orangepi/Multitask-Drone/build/drone_controller/prefix_override:/usr/lib/python3/dist-packages/colcon_core/task/python/colcon_distutils_commands:/home/orangepi/Multitask-Drone/install/drone_controller/lib/python3.10/site-packages:/home/orangepi/Multitask-Drone/install/drone_interfaces/local/lib/python3.10/dist-packages:${PYTHONPATH} /usr/bin/python3 -W ignore:setup.py install is deprecated -W ignore:easy_install command is deprecated setup.py egg_info --egg-base ../../build/drone_controller build --build-base /home/orangepi/Multitask-Drone/build/drone_controller/build install --record /home/orangepi/Multitask-Drone/build/drone_controller/install.log --single-version-externally-managed install_data
