[0.658s] Invoking command in '/home/ccl/Multitask-Drone/src/drone_monitor': PYTHONPATH=/home/ccl/Multitask-Drone/build/drone_monitor/prefix_override:/usr/lib/python3/dist-packages/colcon_core/task/python/colcon_distutils_commands:/home/ccl/Multitask-Drone/install/drone_monitor/lib/python3.10/site-packages:${PYTHONPATH} /usr/bin/python3 -W ignore:setup.py install is deprecated -W ignore:easy_install command is deprecated setup.py egg_info --egg-base ../../build/drone_monitor build --build-base /home/ccl/Multitask-Drone/build/drone_monitor/build install --record /home/ccl/Multitask-Drone/build/drone_monitor/install.log --single-version-externally-managed install_data
[0.854s] running egg_info
[0.854s] creating ../../build/drone_monitor/drone_monitor.egg-info
[0.855s] writing ../../build/drone_monitor/drone_monitor.egg-info/PKG-INFO
[0.855s] writing dependency_links to ../../build/drone_monitor/drone_monitor.egg-info/dependency_links.txt
[0.855s] writing entry points to ../../build/drone_monitor/drone_monitor.egg-info/entry_points.txt
[0.855s] writing requirements to ../../build/drone_monitor/drone_monitor.egg-info/requires.txt
[0.855s] writing top-level names to ../../build/drone_monitor/drone_monitor.egg-info/top_level.txt
[0.856s] writing manifest file '../../build/drone_monitor/drone_monitor.egg-info/SOURCES.txt'
[0.856s] reading manifest file '../../build/drone_monitor/drone_monitor.egg-info/SOURCES.txt'
[0.856s] adding license file 'LICENSE'
[0.856s] writing manifest file '../../build/drone_monitor/drone_monitor.egg-info/SOURCES.txt'
[0.856s] running build
[0.856s] running build_py
[0.856s] creating /home/ccl/Multitask-Drone/build/drone_monitor/build
[0.856s] creating /home/ccl/Multitask-Drone/build/drone_monitor/build/lib
[0.856s] creating /home/ccl/Multitask-Drone/build/drone_monitor/build/lib/src
[0.856s] copying src/__init__.py -> /home/ccl/Multitask-Drone/build/drone_monitor/build/lib/src
[0.856s] running install
[0.856s] running install_lib
[0.856s] creating /home/ccl/Multitask-Drone/install/drone_monitor/lib/python3.10/site-packages/src
[0.856s] copying /home/ccl/Multitask-Drone/build/drone_monitor/build/lib/src/__init__.py -> /home/ccl/Multitask-Drone/install/drone_monitor/lib/python3.10/site-packages/src
[0.857s] byte-compiling /home/ccl/Multitask-Drone/install/drone_monitor/lib/python3.10/site-packages/src/__init__.py to __init__.cpython-310.pyc
[0.857s] running install_data
[0.857s] creating /home/ccl/Multitask-Drone/install/drone_monitor/share/ament_index
[0.858s] creating /home/ccl/Multitask-Drone/install/drone_monitor/share/ament_index/resource_index
[0.858s] creating /home/ccl/Multitask-Drone/install/drone_monitor/share/ament_index/resource_index/packages
[0.858s] copying resource/drone_monitor -> /home/ccl/Multitask-Drone/install/drone_monitor/share/ament_index/resource_index/packages
[0.858s] copying package.xml -> /home/ccl/Multitask-Drone/install/drone_monitor/share/drone_monitor
[0.858s] running install_egg_info
[0.859s] Copying ../../build/drone_monitor/drone_monitor.egg-info to /home/ccl/Multitask-Drone/install/drone_monitor/lib/python3.10/site-packages/drone_monitor-0.0.0-py3.10.egg-info
[0.859s] running install_scripts
[0.874s] writing list of installed files to '/home/ccl/Multitask-Drone/build/drone_monitor/install.log'
[0.889s] Invoked command in '/home/ccl/Multitask-Drone/src/drone_monitor' returned '0': PYTHONPATH=/home/ccl/Multitask-Drone/build/drone_monitor/prefix_override:/usr/lib/python3/dist-packages/colcon_core/task/python/colcon_distutils_commands:/home/ccl/Multitask-Drone/install/drone_monitor/lib/python3.10/site-packages:${PYTHONPATH} /usr/bin/python3 -W ignore:setup.py install is deprecated -W ignore:easy_install command is deprecated setup.py egg_info --egg-base ../../build/drone_monitor build --build-base /home/ccl/Multitask-Drone/build/drone_monitor/build install --record /home/ccl/Multitask-Drone/build/drone_monitor/install.log --single-version-externally-managed install_data
