[0.605s] Invoking command in '/home/ccl/Multitask-Drone/src/drone_controller': AMENT_PREFIX_PATH=/home/ccl/Multitask-Drone/install/drone_interfaces:${AMENT_PREFIX_PATH} CMAKE_PREFIX_PATH=/home/ccl/Multitask-Drone/install/drone_interfaces LD_LIBRARY_PATH=/home/ccl/Multitask-Drone/install/drone_interfaces/lib:${LD_LIBRARY_PATH} PYTHONPATH=/home/ccl/Multitask-Drone/build/drone_controller/prefix_override:/usr/lib/python3/dist-packages/colcon_core/task/python/colcon_distutils_commands:/home/ccl/Multitask-Drone/install/drone_controller/lib/python3.10/site-packages:/home/ccl/Multitask-Drone/install/drone_interfaces/local/lib/python3.10/dist-packages:${PYTHONPATH} /usr/bin/python3 -W ignore:setup.py install is deprecated -W ignore:easy_install command is deprecated setup.py egg_info --egg-base ../../build/drone_controller build --build-base /home/ccl/Multitask-Drone/build/drone_controller/build install --record /home/ccl/Multitask-Drone/build/drone_controller/install.log --single-version-externally-managed install_data
[0.793s] running egg_info
[0.793s] writing ../../build/drone_controller/drone_controller.egg-info/PKG-INFO
[0.793s] writing dependency_links to ../../build/drone_controller/drone_controller.egg-info/dependency_links.txt
[0.793s] writing entry points to ../../build/drone_controller/drone_controller.egg-info/entry_points.txt
[0.793s] writing requirements to ../../build/drone_controller/drone_controller.egg-info/requires.txt
[0.793s] writing top-level names to ../../build/drone_controller/drone_controller.egg-info/top_level.txt
[0.793s] reading manifest file '../../build/drone_controller/drone_controller.egg-info/SOURCES.txt'
[0.793s] adding license file 'LICENSE'
[0.793s] writing manifest file '../../build/drone_controller/drone_controller.egg-info/SOURCES.txt'
[0.793s] running build
[0.793s] running build_py
[0.794s] running install
[0.794s] running install_lib
[0.796s] running install_data
[0.796s] copying launch/drone_controller.launch.py -> /home/ccl/Multitask-Drone/install/drone_controller/share/drone_controller
[0.796s] running install_egg_info
[0.798s] removing '/home/ccl/Multitask-Drone/install/drone_controller/lib/python3.10/site-packages/drone_controller-0.0.0-py3.10.egg-info' (and everything under it)
[0.798s] Copying ../../build/drone_controller/drone_controller.egg-info to /home/ccl/Multitask-Drone/install/drone_controller/lib/python3.10/site-packages/drone_controller-0.0.0-py3.10.egg-info
[0.799s] running install_scripts
[0.815s] Installing drone_controller script to /home/ccl/Multitask-Drone/install/drone_controller/lib/drone_controller
[0.816s] Installing task_executor script to /home/ccl/Multitask-Drone/install/drone_controller/lib/drone_controller
[0.816s] Installing waypoint_handler script to /home/ccl/Multitask-Drone/install/drone_controller/lib/drone_controller
[0.816s] Installing yiku_test script to /home/ccl/Multitask-Drone/install/drone_controller/lib/drone_controller
[0.816s] writing list of installed files to '/home/ccl/Multitask-Drone/build/drone_controller/install.log'
[0.849s] Invoked command in '/home/ccl/Multitask-Drone/src/drone_controller' returned '0': AMENT_PREFIX_PATH=/home/ccl/Multitask-Drone/install/drone_interfaces:${AMENT_PREFIX_PATH} CMAKE_PREFIX_PATH=/home/ccl/Multitask-Drone/install/drone_interfaces LD_LIBRARY_PATH=/home/ccl/Multitask-Drone/install/drone_interfaces/lib:${LD_LIBRARY_PATH} PYTHONPATH=/home/ccl/Multitask-Drone/build/drone_controller/prefix_override:/usr/lib/python3/dist-packages/colcon_core/task/python/colcon_distutils_commands:/home/ccl/Multitask-Drone/install/drone_controller/lib/python3.10/site-packages:/home/ccl/Multitask-Drone/install/drone_interfaces/local/lib/python3.10/dist-packages:${PYTHONPATH} /usr/bin/python3 -W ignore:setup.py install is deprecated -W ignore:easy_install command is deprecated setup.py egg_info --egg-base ../../build/drone_controller build --build-base /home/ccl/Multitask-Drone/build/drone_controller/build install --record /home/ccl/Multitask-Drone/build/drone_controller/install.log --single-version-externally-managed install_data
