[0.332s] [34mcolcon[0m [1;30mDEBUG[0m [32mCommand line arguments: ['/usr/bin/colcon', 'build'][0m
[0.332s] [34mcolcon[0m [1;30mDEBUG[0m [32mParsed command line arguments: Namespace(log_base=None, log_level=None, verb_name='build', build_base='build', install_base='install', merge_install=False, symlink_install=False, test_result_base=None, continue_on_error=False, executor='parallel', parallel_workers=6, event_handlers=None, ignore_user_meta=False, metas=['./colcon.meta'], base_paths=['.'], packages_ignore=None, packages_ignore_regex=None, paths=None, packages_up_to=None, packages_up_to_regex=None, packages_above=None, packages_above_and_dependencies=None, packages_above_depth=None, packages_select_by_dep=None, packages_skip_by_dep=None, packages_skip_up_to=None, packages_select_build_failed=False, packages_skip_build_finished=False, packages_select_test_failures=False, packages_skip_test_passed=False, packages_select=None, packages_skip=None, packages_select_regex=None, packages_skip_regex=None, packages_start=None, packages_end=None, allow_overriding=[], cmake_args=None, cmake_target=None, cmake_target_skip_unavailable=False, cmake_clean_cache=False, cmake_clean_first=False, cmake_force_configure=False, ament_cmake_args=None, catkin_cmake_args=None, catkin_skip_building_tests=False, mixin_files=None, mixin=None, verb_parser=<colcon_mixin.mixin.mixin_argument.MixinArgumentDecorator object at 0xffff9ded3af0>, verb_extension=<colcon_core.verb.build.BuildVerb object at 0xffff9de8cb20>, main=<bound method BuildVerb.main of <colcon_core.verb.build.BuildVerb object at 0xffff9de8cb20>>, mixin_verb=('build',))[0m
[0.683s] [34mcolcon.colcon_core.package_discovery[0m [1;30mLevel 1[0m discover_packages(colcon_meta) check parameters
[0.683s] [34mcolcon.colcon_core.package_discovery[0m [1;30mLevel 1[0m discover_packages(recursive) check parameters
[0.683s] [34mcolcon.colcon_core.package_discovery[0m [1;30mLevel 1[0m discover_packages(ignore) check parameters
[0.683s] [34mcolcon.colcon_core.package_discovery[0m [1;30mLevel 1[0m discover_packages(path) check parameters
[0.683s] [34mcolcon.colcon_core.package_discovery[0m [1;30mLevel 1[0m discover_packages(colcon_meta) discover
[0.683s] [34mcolcon.colcon_core.package_discovery[0m [1;30mLevel 1[0m discover_packages(recursive) discover
[0.683s] [34mcolcon.colcon_core.package_discovery[0m [1;30mINFO[0m Crawling recursively for packages in '/home/jetson/Multitask-Drone'
[0.683s] [34mcolcon.colcon_core.package_identification[0m [1;30mLevel 1[0m _identify(.) by extensions ['ignore', 'ignore_ament_install']
[0.684s] [34mcolcon.colcon_core.package_identification[0m [1;30mLevel 1[0m _identify(.) by extension 'ignore'
[0.684s] [34mcolcon.colcon_core.package_identification[0m [1;30mLevel 1[0m _identify(.) by extension 'ignore_ament_install'
[0.684s] [34mcolcon.colcon_core.package_identification[0m [1;30mLevel 1[0m _identify(.) by extensions ['colcon_pkg']
[0.684s] [34mcolcon.colcon_core.package_identification[0m [1;30mLevel 1[0m _identify(.) by extension 'colcon_pkg'
[0.684s] [34mcolcon.colcon_core.package_identification[0m [1;30mLevel 1[0m _identify(.) by extensions ['colcon_meta']
[0.684s] [34mcolcon.colcon_core.package_identification[0m [1;30mLevel 1[0m _identify(.) by extension 'colcon_meta'
[0.684s] [34mcolcon.colcon_core.package_identification[0m [1;30mLevel 1[0m _identify(.) by extensions ['ros']
[0.684s] [34mcolcon.colcon_core.package_identification[0m [1;30mLevel 1[0m _identify(.) by extension 'ros'
[0.702s] [34mcolcon.colcon_core.package_identification[0m [1;30mLevel 1[0m _identify(.) by extensions ['cmake', 'python']
[0.702s] [34mcolcon.colcon_core.package_identification[0m [1;30mLevel 1[0m _identify(.) by extension 'cmake'
[0.702s] [34mcolcon.colcon_core.package_identification[0m [1;30mLevel 1[0m _identify(.) by extension 'python'
[0.702s] [34mcolcon.colcon_core.package_identification[0m [1;30mLevel 1[0m _identify(.) by extensions ['python_setup_py']
[0.702s] [34mcolcon.colcon_core.package_identification[0m [1;30mLevel 1[0m _identify(.) by extension 'python_setup_py'
[0.703s] [34mcolcon.colcon_core.package_identification[0m [1;30mLevel 1[0m _identify(build) by extensions ['ignore', 'ignore_ament_install']
[0.703s] [34mcolcon.colcon_core.package_identification[0m [1;30mLevel 1[0m _identify(build) by extension 'ignore'
[0.703s] [34mcolcon.colcon_core.package_identification[0m [1;30mLevel 1[0m _identify(build) ignored
[0.703s] [34mcolcon.colcon_core.package_identification[0m [1;30mLevel 1[0m _identify(install) by extensions ['ignore', 'ignore_ament_install']
[0.703s] [34mcolcon.colcon_core.package_identification[0m [1;30mLevel 1[0m _identify(install) by extension 'ignore'
[0.703s] [34mcolcon.colcon_core.package_identification[0m [1;30mLevel 1[0m _identify(install) ignored
[0.703s] [34mcolcon.colcon_core.package_identification[0m [1;30mLevel 1[0m _identify(log) by extensions ['ignore', 'ignore_ament_install']
[0.704s] [34mcolcon.colcon_core.package_identification[0m [1;30mLevel 1[0m _identify(log) by extension 'ignore'
[0.704s] [34mcolcon.colcon_core.package_identification[0m [1;30mLevel 1[0m _identify(log) ignored
[0.704s] [34mcolcon.colcon_core.package_identification[0m [1;30mLevel 1[0m _identify(src) by extensions ['ignore', 'ignore_ament_install']
[0.704s] [34mcolcon.colcon_core.package_identification[0m [1;30mLevel 1[0m _identify(src) by extension 'ignore'
[0.704s] [34mcolcon.colcon_core.package_identification[0m [1;30mLevel 1[0m _identify(src) by extension 'ignore_ament_install'
[0.704s] [34mcolcon.colcon_core.package_identification[0m [1;30mLevel 1[0m _identify(src) by extensions ['colcon_pkg']
[0.704s] [34mcolcon.colcon_core.package_identification[0m [1;30mLevel 1[0m _identify(src) by extension 'colcon_pkg'
[0.704s] [34mcolcon.colcon_core.package_identification[0m [1;30mLevel 1[0m _identify(src) by extensions ['colcon_meta']
[0.704s] [34mcolcon.colcon_core.package_identification[0m [1;30mLevel 1[0m _identify(src) by extension 'colcon_meta'
[0.704s] [34mcolcon.colcon_core.package_identification[0m [1;30mLevel 1[0m _identify(src) by extensions ['ros']
[0.704s] [34mcolcon.colcon_core.package_identification[0m [1;30mLevel 1[0m _identify(src) by extension 'ros'
[0.705s] [34mcolcon.colcon_core.package_identification[0m [1;30mLevel 1[0m _identify(src) by extensions ['cmake', 'python']
[0.705s] [34mcolcon.colcon_core.package_identification[0m [1;30mLevel 1[0m _identify(src) by extension 'cmake'
[0.705s] [34mcolcon.colcon_core.package_identification[0m [1;30mLevel 1[0m _identify(src) by extension 'python'
[0.705s] [34mcolcon.colcon_core.package_identification[0m [1;30mLevel 1[0m _identify(src) by extensions ['python_setup_py']
[0.705s] [34mcolcon.colcon_core.package_identification[0m [1;30mLevel 1[0m _identify(src) by extension 'python_setup_py'
[0.705s] [34mcolcon.colcon_core.package_identification[0m [1;30mLevel 1[0m _identify(src/drone_controller) by extensions ['ignore', 'ignore_ament_install']
[0.705s] [34mcolcon.colcon_core.package_identification[0m [1;30mLevel 1[0m _identify(src/drone_controller) by extension 'ignore'
[0.705s] [34mcolcon.colcon_core.package_identification[0m [1;30mLevel 1[0m _identify(src/drone_controller) by extension 'ignore_ament_install'
[0.705s] [34mcolcon.colcon_core.package_identification[0m [1;30mLevel 1[0m _identify(src/drone_controller) by extensions ['colcon_pkg']
[0.705s] [34mcolcon.colcon_core.package_identification[0m [1;30mLevel 1[0m _identify(src/drone_controller) by extension 'colcon_pkg'
[0.705s] [34mcolcon.colcon_core.package_identification[0m [1;30mLevel 1[0m _identify(src/drone_controller) by extensions ['colcon_meta']
[0.706s] [34mcolcon.colcon_core.package_identification[0m [1;30mLevel 1[0m _identify(src/drone_controller) by extension 'colcon_meta'
[0.706s] [34mcolcon.colcon_core.package_identification[0m [1;30mLevel 1[0m _identify(src/drone_controller) by extensions ['ros']
[0.706s] [34mcolcon.colcon_core.package_identification[0m [1;30mLevel 1[0m _identify(src/drone_controller) by extension 'ros'
[0.713s] [34mcolcon.colcon_core.package_identification[0m [1;30mDEBUG[0m [32mPackage 'src/drone_controller' with type 'ros.ament_python' and name 'drone_controller'[0m
[0.713s] [34mcolcon.colcon_core.package_identification[0m [1;30mLevel 1[0m _identify(src/drone_interfaces) by extensions ['ignore', 'ignore_ament_install']
[0.713s] [34mcolcon.colcon_core.package_identification[0m [1;30mLevel 1[0m _identify(src/drone_interfaces) by extension 'ignore'
[0.713s] [34mcolcon.colcon_core.package_identification[0m [1;30mLevel 1[0m _identify(src/drone_interfaces) by extension 'ignore_ament_install'
[0.714s] [34mcolcon.colcon_core.package_identification[0m [1;30mLevel 1[0m _identify(src/drone_interfaces) by extensions ['colcon_pkg']
[0.714s] [34mcolcon.colcon_core.package_identification[0m [1;30mLevel 1[0m _identify(src/drone_interfaces) by extension 'colcon_pkg'
[0.714s] [34mcolcon.colcon_core.package_identification[0m [1;30mLevel 1[0m _identify(src/drone_interfaces) by extensions ['colcon_meta']
[0.714s] [34mcolcon.colcon_core.package_identification[0m [1;30mLevel 1[0m _identify(src/drone_interfaces) by extension 'colcon_meta'
[0.714s] [34mcolcon.colcon_core.package_identification[0m [1;30mLevel 1[0m _identify(src/drone_interfaces) by extensions ['ros']
[0.714s] [34mcolcon.colcon_core.package_identification[0m [1;30mLevel 1[0m _identify(src/drone_interfaces) by extension 'ros'
[0.715s] [34mcolcon.colcon_core.package_identification[0m [1;30mDEBUG[0m [32mPackage 'src/drone_interfaces' with type 'ros.ament_cmake' and name 'drone_interfaces'[0m
[0.716s] [34mcolcon.colcon_core.package_identification[0m [1;30mLevel 1[0m _identify(src/drone_monitor) by extensions ['ignore', 'ignore_ament_install']
[0.716s] [34mcolcon.colcon_core.package_identification[0m [1;30mLevel 1[0m _identify(src/drone_monitor) by extension 'ignore'
[0.716s] [34mcolcon.colcon_core.package_identification[0m [1;30mLevel 1[0m _identify(src/drone_monitor) by extension 'ignore_ament_install'
[0.716s] [34mcolcon.colcon_core.package_identification[0m [1;30mLevel 1[0m _identify(src/drone_monitor) by extensions ['colcon_pkg']
[0.716s] [34mcolcon.colcon_core.package_identification[0m [1;30mLevel 1[0m _identify(src/drone_monitor) by extension 'colcon_pkg'
[0.716s] [34mcolcon.colcon_core.package_identification[0m [1;30mLevel 1[0m _identify(src/drone_monitor) by extensions ['colcon_meta']
[0.716s] [34mcolcon.colcon_core.package_identification[0m [1;30mLevel 1[0m _identify(src/drone_monitor) by extension 'colcon_meta'
[0.716s] [34mcolcon.colcon_core.package_identification[0m [1;30mLevel 1[0m _identify(src/drone_monitor) by extensions ['ros']
[0.716s] [34mcolcon.colcon_core.package_identification[0m [1;30mLevel 1[0m _identify(src/drone_monitor) by extension 'ros'
[0.717s] [34mcolcon.colcon_core.package_identification[0m [1;30mDEBUG[0m [32mPackage 'src/drone_monitor' with type 'ros.ament_python' and name 'drone_monitor'[0m
[0.717s] [34mcolcon.colcon_core.package_identification[0m [1;30mLevel 1[0m _identify(src/drone_vision) by extensions ['ignore', 'ignore_ament_install']
[0.718s] [34mcolcon.colcon_core.package_identification[0m [1;30mLevel 1[0m _identify(src/drone_vision) by extension 'ignore'
[0.718s] [34mcolcon.colcon_core.package_identification[0m [1;30mLevel 1[0m _identify(src/drone_vision) by extension 'ignore_ament_install'
[0.718s] [34mcolcon.colcon_core.package_identification[0m [1;30mLevel 1[0m _identify(src/drone_vision) by extensions ['colcon_pkg']
[0.718s] [34mcolcon.colcon_core.package_identification[0m [1;30mLevel 1[0m _identify(src/drone_vision) by extension 'colcon_pkg'
[0.718s] [34mcolcon.colcon_core.package_identification[0m [1;30mLevel 1[0m _identify(src/drone_vision) by extensions ['colcon_meta']
[0.718s] [34mcolcon.colcon_core.package_identification[0m [1;30mLevel 1[0m _identify(src/drone_vision) by extension 'colcon_meta'
[0.718s] [34mcolcon.colcon_core.package_identification[0m [1;30mLevel 1[0m _identify(src/drone_vision) by extensions ['ros']
[0.718s] [34mcolcon.colcon_core.package_identification[0m [1;30mLevel 1[0m _identify(src/drone_vision) by extension 'ros'
[0.744s] [34mcolcon.colcon_core.package_identification[0m [1;30mDEBUG[0m [32mPackage 'src/drone_vision' with type 'ros.ament_python' and name 'drone_vision'[0m
[0.744s] [34mcolcon.colcon_core.package_identification[0m [1;30mLevel 1[0m _identify(src/json_paths) by extensions ['ignore', 'ignore_ament_install']
[0.744s] [34mcolcon.colcon_core.package_identification[0m [1;30mLevel 1[0m _identify(src/json_paths) by extension 'ignore'
[0.745s] [34mcolcon.colcon_core.package_identification[0m [1;30mLevel 1[0m _identify(src/json_paths) by extension 'ignore_ament_install'
[0.745s] [34mcolcon.colcon_core.package_identification[0m [1;30mLevel 1[0m _identify(src/json_paths) by extensions ['colcon_pkg']
[0.745s] [34mcolcon.colcon_core.package_identification[0m [1;30mLevel 1[0m _identify(src/json_paths) by extension 'colcon_pkg'
[0.745s] [34mcolcon.colcon_core.package_identification[0m [1;30mLevel 1[0m _identify(src/json_paths) by extensions ['colcon_meta']
[0.745s] [34mcolcon.colcon_core.package_identification[0m [1;30mLevel 1[0m _identify(src/json_paths) by extension 'colcon_meta'
[0.745s] [34mcolcon.colcon_core.package_identification[0m [1;30mLevel 1[0m _identify(src/json_paths) by extensions ['ros']
[0.745s] [34mcolcon.colcon_core.package_identification[0m [1;30mLevel 1[0m _identify(src/json_paths) by extension 'ros'
[0.745s] [34mcolcon.colcon_core.package_identification[0m [1;30mLevel 1[0m _identify(src/json_paths) by extensions ['cmake', 'python']
[0.745s] [34mcolcon.colcon_core.package_identification[0m [1;30mLevel 1[0m _identify(src/json_paths) by extension 'cmake'
[0.745s] [34mcolcon.colcon_core.package_identification[0m [1;30mLevel 1[0m _identify(src/json_paths) by extension 'python'
[0.745s] [34mcolcon.colcon_core.package_identification[0m [1;30mLevel 1[0m _identify(src/json_paths) by extensions ['python_setup_py']
[0.746s] [34mcolcon.colcon_core.package_identification[0m [1;30mLevel 1[0m _identify(src/json_paths) by extension 'python_setup_py'
[0.746s] [34mcolcon.colcon_core.package_identification[0m [1;30mLevel 1[0m _identify(src/scripts) by extensions ['ignore', 'ignore_ament_install']
[0.746s] [34mcolcon.colcon_core.package_identification[0m [1;30mLevel 1[0m _identify(src/scripts) by extension 'ignore'
[0.746s] [34mcolcon.colcon_core.package_identification[0m [1;30mLevel 1[0m _identify(src/scripts) by extension 'ignore_ament_install'
[0.746s] [34mcolcon.colcon_core.package_identification[0m [1;30mLevel 1[0m _identify(src/scripts) by extensions ['colcon_pkg']
[0.746s] [34mcolcon.colcon_core.package_identification[0m [1;30mLevel 1[0m _identify(src/scripts) by extension 'colcon_pkg'
[0.746s] [34mcolcon.colcon_core.package_identification[0m [1;30mLevel 1[0m _identify(src/scripts) by extensions ['colcon_meta']
[0.746s] [34mcolcon.colcon_core.package_identification[0m [1;30mLevel 1[0m _identify(src/scripts) by extension 'colcon_meta'
[0.746s] [34mcolcon.colcon_core.package_identification[0m [1;30mLevel 1[0m _identify(src/scripts) by extensions ['ros']
[0.746s] [34mcolcon.colcon_core.package_identification[0m [1;30mLevel 1[0m _identify(src/scripts) by extension 'ros'
[0.746s] [34mcolcon.colcon_core.package_identification[0m [1;30mLevel 1[0m _identify(src/scripts) by extensions ['cmake', 'python']
[0.747s] [34mcolcon.colcon_core.package_identification[0m [1;30mLevel 1[0m _identify(src/scripts) by extension 'cmake'
[0.747s] [34mcolcon.colcon_core.package_identification[0m [1;30mLevel 1[0m _identify(src/scripts) by extension 'python'
[0.747s] [34mcolcon.colcon_core.package_identification[0m [1;30mLevel 1[0m _identify(src/scripts) by extensions ['python_setup_py']
[0.747s] [34mcolcon.colcon_core.package_identification[0m [1;30mLevel 1[0m _identify(src/scripts) by extension 'python_setup_py'
[0.747s] [34mcolcon.colcon_core.package_identification[0m [1;30mLevel 1[0m _identify(src/shell) by extensions ['ignore', 'ignore_ament_install']
[0.747s] [34mcolcon.colcon_core.package_identification[0m [1;30mLevel 1[0m _identify(src/shell) by extension 'ignore'
[0.747s] [34mcolcon.colcon_core.package_identification[0m [1;30mLevel 1[0m _identify(src/shell) by extension 'ignore_ament_install'
[0.747s] [34mcolcon.colcon_core.package_identification[0m [1;30mLevel 1[0m _identify(src/shell) by extensions ['colcon_pkg']
[0.747s] [34mcolcon.colcon_core.package_identification[0m [1;30mLevel 1[0m _identify(src/shell) by extension 'colcon_pkg'
[0.747s] [34mcolcon.colcon_core.package_identification[0m [1;30mLevel 1[0m _identify(src/shell) by extensions ['colcon_meta']
[0.747s] [34mcolcon.colcon_core.package_identification[0m [1;30mLevel 1[0m _identify(src/shell) by extension 'colcon_meta'
[0.748s] [34mcolcon.colcon_core.package_identification[0m [1;30mLevel 1[0m _identify(src/shell) by extensions ['ros']
[0.748s] [34mcolcon.colcon_core.package_identification[0m [1;30mLevel 1[0m _identify(src/shell) by extension 'ros'
[0.748s] [34mcolcon.colcon_core.package_identification[0m [1;30mLevel 1[0m _identify(src/shell) by extensions ['cmake', 'python']
[0.748s] [34mcolcon.colcon_core.package_identification[0m [1;30mLevel 1[0m _identify(src/shell) by extension 'cmake'
[0.748s] [34mcolcon.colcon_core.package_identification[0m [1;30mLevel 1[0m _identify(src/shell) by extension 'python'
[0.748s] [34mcolcon.colcon_core.package_identification[0m [1;30mLevel 1[0m _identify(src/shell) by extensions ['python_setup_py']
[0.748s] [34mcolcon.colcon_core.package_identification[0m [1;30mLevel 1[0m _identify(src/shell) by extension 'python_setup_py'
[0.748s] [34mcolcon.colcon_core.package_identification[0m [1;30mLevel 1[0m _identify(src/test_demo) by extensions ['ignore', 'ignore_ament_install']
[0.748s] [34mcolcon.colcon_core.package_identification[0m [1;30mLevel 1[0m _identify(src/test_demo) by extension 'ignore'
[0.748s] [34mcolcon.colcon_core.package_identification[0m [1;30mLevel 1[0m _identify(src/test_demo) by extension 'ignore_ament_install'
[0.748s] [34mcolcon.colcon_core.package_identification[0m [1;30mLevel 1[0m _identify(src/test_demo) by extensions ['colcon_pkg']
[0.749s] [34mcolcon.colcon_core.package_identification[0m [1;30mLevel 1[0m _identify(src/test_demo) by extension 'colcon_pkg'
[0.749s] [34mcolcon.colcon_core.package_identification[0m [1;30mLevel 1[0m _identify(src/test_demo) by extensions ['colcon_meta']
[0.749s] [34mcolcon.colcon_core.package_identification[0m [1;30mLevel 1[0m _identify(src/test_demo) by extension 'colcon_meta'
[0.749s] [34mcolcon.colcon_core.package_identification[0m [1;30mLevel 1[0m _identify(src/test_demo) by extensions ['ros']
[0.749s] [34mcolcon.colcon_core.package_identification[0m [1;30mLevel 1[0m _identify(src/test_demo) by extension 'ros'
[0.749s] [34mcolcon.colcon_core.package_identification[0m [1;30mLevel 1[0m _identify(src/test_demo) by extensions ['cmake', 'python']
[0.749s] [34mcolcon.colcon_core.package_identification[0m [1;30mLevel 1[0m _identify(src/test_demo) by extension 'cmake'
[0.749s] [34mcolcon.colcon_core.package_identification[0m [1;30mLevel 1[0m _identify(src/test_demo) by extension 'python'
[0.749s] [34mcolcon.colcon_core.package_identification[0m [1;30mLevel 1[0m _identify(src/test_demo) by extensions ['python_setup_py']
[0.749s] [34mcolcon.colcon_core.package_identification[0m [1;30mLevel 1[0m _identify(src/test_demo) by extension 'python_setup_py'
[0.749s] [34mcolcon.colcon_core.package_discovery[0m [1;30mLevel 1[0m discover_packages(recursive) using defaults
[0.749s] [34mcolcon.colcon_core.package_discovery[0m [1;30mLevel 1[0m discover_packages(ignore) discover
[0.749s] [34mcolcon.colcon_core.package_discovery[0m [1;30mLevel 1[0m discover_packages(ignore) using defaults
[0.749s] [34mcolcon.colcon_core.package_discovery[0m [1;30mLevel 1[0m discover_packages(path) discover
[0.749s] [34mcolcon.colcon_core.package_discovery[0m [1;30mLevel 1[0m discover_packages(path) using defaults
[0.783s] [34mcolcon.colcon_core.package_discovery[0m [1;30mLevel 1[0m discover_packages(prefix_path) check parameters
[0.783s] [34mcolcon.colcon_core.package_discovery[0m [1;30mLevel 1[0m discover_packages(prefix_path) discover
[0.789s] [34mcolcon.colcon_installed_package_information.package_discovery[0m [1;30mDEBUG[0m [32mFound 277 installed packages in /opt/ros/humble[0m
[0.791s] [34mcolcon.colcon_core.package_discovery[0m [1;30mLevel 1[0m discover_packages(prefix_path) using defaults
[0.849s] [34mcolcon.colcon_core.verb[0m [1;30mLevel 5[0m set package 'drone_interfaces' build argument 'cmake_args' from command line to 'None'
[0.849s] [34mcolcon.colcon_core.verb[0m [1;30mLevel 5[0m set package 'drone_interfaces' build argument 'cmake_target' from command line to 'None'
[0.850s] [34mcolcon.colcon_core.verb[0m [1;30mLevel 5[0m set package 'drone_interfaces' build argument 'cmake_target_skip_unavailable' from command line to 'False'
[0.850s] [34mcolcon.colcon_core.verb[0m [1;30mLevel 5[0m set package 'drone_interfaces' build argument 'cmake_clean_cache' from command line to 'False'
[0.850s] [34mcolcon.colcon_core.verb[0m [1;30mLevel 5[0m set package 'drone_interfaces' build argument 'cmake_clean_first' from command line to 'False'
[0.850s] [34mcolcon.colcon_core.verb[0m [1;30mLevel 5[0m set package 'drone_interfaces' build argument 'cmake_force_configure' from command line to 'False'
[0.850s] [34mcolcon.colcon_core.verb[0m [1;30mLevel 5[0m set package 'drone_interfaces' build argument 'ament_cmake_args' from command line to 'None'
[0.850s] [34mcolcon.colcon_core.verb[0m [1;30mLevel 5[0m set package 'drone_interfaces' build argument 'catkin_cmake_args' from command line to 'None'
[0.850s] [34mcolcon.colcon_core.verb[0m [1;30mLevel 5[0m set package 'drone_interfaces' build argument 'catkin_skip_building_tests' from command line to 'False'
[0.850s] [34mcolcon.colcon_core.verb[0m [1;30mDEBUG[0m [32mBuilding package 'drone_interfaces' with the following arguments: {'ament_cmake_args': None, 'build_base': '/home/jetson/Multitask-Drone/build/drone_interfaces', 'catkin_cmake_args': None, 'catkin_skip_building_tests': False, 'cmake_args': None, 'cmake_clean_cache': False, 'cmake_clean_first': False, 'cmake_force_configure': False, 'cmake_target': None, 'cmake_target_skip_unavailable': False, 'install_base': '/home/jetson/Multitask-Drone/install/drone_interfaces', 'merge_install': False, 'path': '/home/jetson/Multitask-Drone/src/drone_interfaces', 'symlink_install': False, 'test_result_base': None}[0m
[0.850s] [34mcolcon.colcon_core.verb[0m [1;30mLevel 5[0m set package 'drone_monitor' build argument 'cmake_args' from command line to 'None'
[0.851s] [34mcolcon.colcon_core.verb[0m [1;30mLevel 5[0m set package 'drone_monitor' build argument 'cmake_target' from command line to 'None'
[0.851s] [34mcolcon.colcon_core.verb[0m [1;30mLevel 5[0m set package 'drone_monitor' build argument 'cmake_target_skip_unavailable' from command line to 'False'
[0.851s] [34mcolcon.colcon_core.verb[0m [1;30mLevel 5[0m set package 'drone_monitor' build argument 'cmake_clean_cache' from command line to 'False'
[0.851s] [34mcolcon.colcon_core.verb[0m [1;30mLevel 5[0m set package 'drone_monitor' build argument 'cmake_clean_first' from command line to 'False'
[0.851s] [34mcolcon.colcon_core.verb[0m [1;30mLevel 5[0m set package 'drone_monitor' build argument 'cmake_force_configure' from command line to 'False'
[0.851s] [34mcolcon.colcon_core.verb[0m [1;30mLevel 5[0m set package 'drone_monitor' build argument 'ament_cmake_args' from command line to 'None'
[0.851s] [34mcolcon.colcon_core.verb[0m [1;30mLevel 5[0m set package 'drone_monitor' build argument 'catkin_cmake_args' from command line to 'None'
[0.851s] [34mcolcon.colcon_core.verb[0m [1;30mLevel 5[0m set package 'drone_monitor' build argument 'catkin_skip_building_tests' from command line to 'False'
[0.851s] [34mcolcon.colcon_core.verb[0m [1;30mDEBUG[0m [32mBuilding package 'drone_monitor' with the following arguments: {'ament_cmake_args': None, 'build_base': '/home/jetson/Multitask-Drone/build/drone_monitor', 'catkin_cmake_args': None, 'catkin_skip_building_tests': False, 'cmake_args': None, 'cmake_clean_cache': False, 'cmake_clean_first': False, 'cmake_force_configure': False, 'cmake_target': None, 'cmake_target_skip_unavailable': False, 'install_base': '/home/jetson/Multitask-Drone/install/drone_monitor', 'merge_install': False, 'path': '/home/jetson/Multitask-Drone/src/drone_monitor', 'symlink_install': False, 'test_result_base': None}[0m
[0.851s] [34mcolcon.colcon_core.verb[0m [1;30mLevel 5[0m set package 'drone_controller' build argument 'cmake_args' from command line to 'None'
[0.851s] [34mcolcon.colcon_core.verb[0m [1;30mLevel 5[0m set package 'drone_controller' build argument 'cmake_target' from command line to 'None'
[0.852s] [34mcolcon.colcon_core.verb[0m [1;30mLevel 5[0m set package 'drone_controller' build argument 'cmake_target_skip_unavailable' from command line to 'False'
[0.852s] [34mcolcon.colcon_core.verb[0m [1;30mLevel 5[0m set package 'drone_controller' build argument 'cmake_clean_cache' from command line to 'False'
[0.852s] [34mcolcon.colcon_core.verb[0m [1;30mLevel 5[0m set package 'drone_controller' build argument 'cmake_clean_first' from command line to 'False'
[0.852s] [34mcolcon.colcon_core.verb[0m [1;30mLevel 5[0m set package 'drone_controller' build argument 'cmake_force_configure' from command line to 'False'
[0.852s] [34mcolcon.colcon_core.verb[0m [1;30mLevel 5[0m set package 'drone_controller' build argument 'ament_cmake_args' from command line to 'None'
[0.852s] [34mcolcon.colcon_core.verb[0m [1;30mLevel 5[0m set package 'drone_controller' build argument 'catkin_cmake_args' from command line to 'None'
[0.852s] [34mcolcon.colcon_core.verb[0m [1;30mLevel 5[0m set package 'drone_controller' build argument 'catkin_skip_building_tests' from command line to 'False'
[0.852s] [34mcolcon.colcon_core.verb[0m [1;30mDEBUG[0m [32mBuilding package 'drone_controller' with the following arguments: {'ament_cmake_args': None, 'build_base': '/home/jetson/Multitask-Drone/build/drone_controller', 'catkin_cmake_args': None, 'catkin_skip_building_tests': False, 'cmake_args': None, 'cmake_clean_cache': False, 'cmake_clean_first': False, 'cmake_force_configure': False, 'cmake_target': None, 'cmake_target_skip_unavailable': False, 'install_base': '/home/jetson/Multitask-Drone/install/drone_controller', 'merge_install': False, 'path': '/home/jetson/Multitask-Drone/src/drone_controller', 'symlink_install': False, 'test_result_base': None}[0m
[0.852s] [34mcolcon.colcon_core.verb[0m [1;30mLevel 5[0m set package 'drone_vision' build argument 'cmake_args' from command line to 'None'
[0.852s] [34mcolcon.colcon_core.verb[0m [1;30mLevel 5[0m set package 'drone_vision' build argument 'cmake_target' from command line to 'None'
[0.852s] [34mcolcon.colcon_core.verb[0m [1;30mLevel 5[0m set package 'drone_vision' build argument 'cmake_target_skip_unavailable' from command line to 'False'
[0.852s] [34mcolcon.colcon_core.verb[0m [1;30mLevel 5[0m set package 'drone_vision' build argument 'cmake_clean_cache' from command line to 'False'
[0.852s] [34mcolcon.colcon_core.verb[0m [1;30mLevel 5[0m set package 'drone_vision' build argument 'cmake_clean_first' from command line to 'False'
[0.852s] [34mcolcon.colcon_core.verb[0m [1;30mLevel 5[0m set package 'drone_vision' build argument 'cmake_force_configure' from command line to 'False'
[0.853s] [34mcolcon.colcon_core.verb[0m [1;30mLevel 5[0m set package 'drone_vision' build argument 'ament_cmake_args' from command line to 'None'
[0.853s] [34mcolcon.colcon_core.verb[0m [1;30mLevel 5[0m set package 'drone_vision' build argument 'catkin_cmake_args' from command line to 'None'
[0.853s] [34mcolcon.colcon_core.verb[0m [1;30mLevel 5[0m set package 'drone_vision' build argument 'catkin_skip_building_tests' from command line to 'False'
[0.853s] [34mcolcon.colcon_core.verb[0m [1;30mDEBUG[0m [32mBuilding package 'drone_vision' with the following arguments: {'ament_cmake_args': None, 'build_base': '/home/jetson/Multitask-Drone/build/drone_vision', 'catkin_cmake_args': None, 'catkin_skip_building_tests': False, 'cmake_args': None, 'cmake_clean_cache': False, 'cmake_clean_first': False, 'cmake_force_configure': False, 'cmake_target': None, 'cmake_target_skip_unavailable': False, 'install_base': '/home/jetson/Multitask-Drone/install/drone_vision', 'merge_install': False, 'path': '/home/jetson/Multitask-Drone/src/drone_vision', 'symlink_install': False, 'test_result_base': None}[0m
[0.853s] [34mcolcon.colcon_core.executor[0m [1;30mINFO[0m Executing jobs using 'parallel' executor
[0.855s] [34mcolcon.colcon_parallel_executor.executor.parallel[0m [1;30mDEBUG[0m [32mrun_until_complete[0m
[0.855s] [34mcolcon.colcon_ros.task.ament_cmake.build[0m [1;30mINFO[0m Building ROS package in '/home/jetson/Multitask-Drone/src/drone_interfaces' with build type 'ament_cmake'
[0.855s] [34mcolcon.colcon_cmake.task.cmake.build[0m [1;30mINFO[0m Building CMake package in '/home/jetson/Multitask-Drone/src/drone_interfaces'
[0.860s] [34mcolcon.colcon_core.plugin_system[0m [1;30mINFO[0m Skipping extension 'colcon_core.shell.bat': Not used on non-Windows systems
[0.861s] [34mcolcon.colcon_core.shell[0m [1;30mINFO[0m Skip shell extension 'powershell' for command environment: Not usable outside of PowerShell
[0.861s] [34mcolcon.colcon_core.shell[0m [1;30mDEBUG[0m [32mSkip shell extension 'dsv' for command environment[0m
[0.865s] [34mcolcon.colcon_ros.task.ament_python.build[0m [1;30mINFO[0m Building ROS package in '/home/jetson/Multitask-Drone/src/drone_monitor' with build type 'ament_python'
[0.866s] [34mcolcon.colcon_core.shell[0m [1;30mLevel 1[0m create_environment_hook('drone_monitor', 'ament_prefix_path')
[0.866s] [34mcolcon.colcon_core.shell[0m [1;30mINFO[0m Creating environment hook '/home/jetson/Multitask-Drone/install/drone_monitor/share/drone_monitor/hook/ament_prefix_path.ps1'
[0.868s] [34mcolcon.colcon_core.shell[0m [1;30mINFO[0m Creating environment descriptor '/home/jetson/Multitask-Drone/install/drone_monitor/share/drone_monitor/hook/ament_prefix_path.dsv'
[0.869s] [34mcolcon.colcon_core.shell[0m [1;30mINFO[0m Creating environment hook '/home/jetson/Multitask-Drone/install/drone_monitor/share/drone_monitor/hook/ament_prefix_path.sh'
[0.870s] [34mcolcon.colcon_core.shell[0m [1;30mINFO[0m Skip shell extension 'powershell' for command environment: Not usable outside of PowerShell
[0.870s] [34mcolcon.colcon_core.shell[0m [1;30mDEBUG[0m [32mSkip shell extension 'dsv' for command environment[0m
[0.878s] [34mcolcon.colcon_core.event_handler.log_command[0m [1;30mDEBUG[0m [32mInvoking command in '/home/jetson/Multitask-Drone/build/drone_interfaces': CMAKE_PREFIX_PATH=/opt/ros/humble /usr/bin/cmake /home/jetson/Multitask-Drone/src/drone_interfaces -DCMAKE_INSTALL_PREFIX=/home/jetson/Multitask-Drone/install/drone_interfaces[0m
[1.336s] [34mcolcon.colcon_core.task.python.build[0m [1;30mINFO[0m Building Python package in '/home/jetson/Multitask-Drone/src/drone_monitor'
[1.337s] [34mcolcon.colcon_core.shell[0m [1;30mINFO[0m Skip shell extension 'powershell' for command environment: Not usable outside of PowerShell
[1.337s] [34mcolcon.colcon_core.shell[0m [1;30mDEBUG[0m [32mSkip shell extension 'dsv' for command environment[0m
[1.951s] [34mcolcon.colcon_core.event_handler.log_command[0m [1;30mDEBUG[0m [32mInvoking command in '/home/jetson/Multitask-Drone/src/drone_monitor': PYTHONPATH=/home/jetson/Multitask-Drone/build/drone_monitor/prefix_override:/usr/lib/python3/dist-packages/colcon_core/task/python/colcon_distutils_commands:/home/jetson/Multitask-Drone/install/drone_monitor/lib/python3.10/site-packages:${PYTHONPATH} /usr/bin/python3 -W ignore:setup.py install is deprecated -W ignore:easy_install command is deprecated setup.py egg_info --egg-base ../../build/drone_monitor build --build-base /home/jetson/Multitask-Drone/build/drone_monitor/build install --record /home/jetson/Multitask-Drone/build/drone_monitor/install.log --single-version-externally-managed install_data[0m
[2.471s] [34mcolcon.colcon_core.event_handler.log_command[0m [1;30mDEBUG[0m [32mInvoked command in '/home/jetson/Multitask-Drone/src/drone_monitor' returned '0': PYTHONPATH=/home/jetson/Multitask-Drone/build/drone_monitor/prefix_override:/usr/lib/python3/dist-packages/colcon_core/task/python/colcon_distutils_commands:/home/jetson/Multitask-Drone/install/drone_monitor/lib/python3.10/site-packages:${PYTHONPATH} /usr/bin/python3 -W ignore:setup.py install is deprecated -W ignore:easy_install command is deprecated setup.py egg_info --egg-base ../../build/drone_monitor build --build-base /home/jetson/Multitask-Drone/build/drone_monitor/build install --record /home/jetson/Multitask-Drone/build/drone_monitor/install.log --single-version-externally-managed install_data[0m
[2.478s] [34mcolcon.colcon_core.environment[0m [1;30mLevel 1[0m checking '/home/jetson/Multitask-Drone/install/drone_monitor' for CMake module files
[2.479s] [34mcolcon.colcon_core.environment[0m [1;30mLevel 1[0m checking '/home/jetson/Multitask-Drone/install/drone_monitor' for CMake config files
[2.480s] [34mcolcon.colcon_core.environment[0m [1;30mLevel 1[0m checking '/home/jetson/Multitask-Drone/install/drone_monitor/lib'
[2.480s] [34mcolcon.colcon_core.environment[0m [1;30mLevel 1[0m checking '/home/jetson/Multitask-Drone/install/drone_monitor/bin'
[2.480s] [34mcolcon.colcon_core.environment[0m [1;30mLevel 1[0m checking '/home/jetson/Multitask-Drone/install/drone_monitor/lib/pkgconfig/drone_monitor.pc'
[2.481s] [34mcolcon.colcon_core.environment[0m [1;30mLevel 1[0m checking '/home/jetson/Multitask-Drone/install/drone_monitor/lib/python3.10/site-packages'
[2.481s] [34mcolcon.colcon_core.shell[0m [1;30mLevel 1[0m create_environment_hook('drone_monitor', 'pythonpath')
[2.481s] [34mcolcon.colcon_core.shell[0m [1;30mINFO[0m Creating environment hook '/home/jetson/Multitask-Drone/install/drone_monitor/share/drone_monitor/hook/pythonpath.ps1'
[2.482s] [34mcolcon.colcon_core.shell[0m [1;30mINFO[0m Creating environment descriptor '/home/jetson/Multitask-Drone/install/drone_monitor/share/drone_monitor/hook/pythonpath.dsv'
[2.483s] [34mcolcon.colcon_core.shell[0m [1;30mINFO[0m Creating environment hook '/home/jetson/Multitask-Drone/install/drone_monitor/share/drone_monitor/hook/pythonpath.sh'
[2.483s] [34mcolcon.colcon_core.environment[0m [1;30mLevel 1[0m checking '/home/jetson/Multitask-Drone/install/drone_monitor/bin'
[2.484s] [34mcolcon.colcon_core.environment[0m [1;30mLevel 1[0m create_environment_scripts_only(drone_monitor)
[2.484s] [34mcolcon.colcon_core.shell[0m [1;30mINFO[0m Creating package script '/home/jetson/Multitask-Drone/install/drone_monitor/share/drone_monitor/package.ps1'
[2.486s] [34mcolcon.colcon_core.shell[0m [1;30mINFO[0m Creating package descriptor '/home/jetson/Multitask-Drone/install/drone_monitor/share/drone_monitor/package.dsv'
[2.487s] [34mcolcon.colcon_core.shell[0m [1;30mINFO[0m Creating package script '/home/jetson/Multitask-Drone/install/drone_monitor/share/drone_monitor/package.sh'
[2.488s] [34mcolcon.colcon_core.shell[0m [1;30mINFO[0m Creating package script '/home/jetson/Multitask-Drone/install/drone_monitor/share/drone_monitor/package.bash'
[2.490s] [34mcolcon.colcon_core.shell[0m [1;30mINFO[0m Creating package script '/home/jetson/Multitask-Drone/install/drone_monitor/share/drone_monitor/package.zsh'
[2.492s] [34mcolcon.colcon_core.environment[0m [1;30mLevel 1[0m create_file_with_runtime_dependencies(/home/jetson/Multitask-Drone/install/drone_monitor/share/colcon-core/packages/drone_monitor)
[5.396s] [34mcolcon.colcon_core.event_handler.log_command[0m [1;30mDEBUG[0m [32mInvoked command in '/home/jetson/Multitask-Drone/build/drone_interfaces' returned '0': CMAKE_PREFIX_PATH=/opt/ros/humble /usr/bin/cmake /home/jetson/Multitask-Drone/src/drone_interfaces -DCMAKE_INSTALL_PREFIX=/home/jetson/Multitask-Drone/install/drone_interfaces[0m
[5.403s] [34mcolcon.colcon_core.event_handler.log_command[0m [1;30mDEBUG[0m [32mInvoking command in '/home/jetson/Multitask-Drone/build/drone_interfaces': CMAKE_PREFIX_PATH=/opt/ros/humble /usr/bin/cmake --build /home/jetson/Multitask-Drone/build/drone_interfaces -- -j6 -l6[0m
[20.616s] [34mcolcon.colcon_core.event_handler.log_command[0m [1;30mDEBUG[0m [32mInvoked command in '/home/jetson/Multitask-Drone/build/drone_interfaces' returned '0': CMAKE_PREFIX_PATH=/opt/ros/humble /usr/bin/cmake --build /home/jetson/Multitask-Drone/build/drone_interfaces -- -j6 -l6[0m
[20.637s] [34mcolcon.colcon_core.event_handler.log_command[0m [1;30mDEBUG[0m [32mInvoking command in '/home/jetson/Multitask-Drone/build/drone_interfaces': CMAKE_PREFIX_PATH=/opt/ros/humble /usr/bin/cmake --install /home/jetson/Multitask-Drone/build/drone_interfaces[0m
[20.818s] [34mcolcon.colcon_core.environment[0m [1;30mLevel 1[0m create_environment_scripts_only(drone_interfaces)
[20.820s] [34mcolcon.colcon_core.environment[0m [1;30mLevel 1[0m checking '/home/jetson/Multitask-Drone/install/drone_interfaces' for CMake module files
[20.821s] [34mcolcon.colcon_core.event_handler.log_command[0m [1;30mDEBUG[0m [32mInvoked command in '/home/jetson/Multitask-Drone/build/drone_interfaces' returned '0': CMAKE_PREFIX_PATH=/opt/ros/humble /usr/bin/cmake --install /home/jetson/Multitask-Drone/build/drone_interfaces[0m
[20.823s] [34mcolcon.colcon_core.environment[0m [1;30mLevel 1[0m checking '/home/jetson/Multitask-Drone/install/drone_interfaces' for CMake config files
[20.826s] [34mcolcon.colcon_core.shell[0m [1;30mLevel 1[0m create_environment_hook('drone_interfaces', 'cmake_prefix_path')
[20.827s] [34mcolcon.colcon_core.shell[0m [1;30mINFO[0m Creating environment hook '/home/jetson/Multitask-Drone/install/drone_interfaces/share/drone_interfaces/hook/cmake_prefix_path.ps1'
[20.829s] [34mcolcon.colcon_core.shell[0m [1;30mINFO[0m Creating environment descriptor '/home/jetson/Multitask-Drone/install/drone_interfaces/share/drone_interfaces/hook/cmake_prefix_path.dsv'
[20.830s] [34mcolcon.colcon_core.shell[0m [1;30mINFO[0m Creating environment hook '/home/jetson/Multitask-Drone/install/drone_interfaces/share/drone_interfaces/hook/cmake_prefix_path.sh'
[20.831s] [34mcolcon.colcon_core.environment[0m [1;30mLevel 1[0m checking '/home/jetson/Multitask-Drone/install/drone_interfaces/lib'
[20.831s] [34mcolcon.colcon_core.shell[0m [1;30mLevel 1[0m create_environment_hook('drone_interfaces', 'ld_library_path_lib')
[20.832s] [34mcolcon.colcon_core.shell[0m [1;30mINFO[0m Creating environment hook '/home/jetson/Multitask-Drone/install/drone_interfaces/share/drone_interfaces/hook/ld_library_path_lib.ps1'
[20.833s] [34mcolcon.colcon_core.shell[0m [1;30mINFO[0m Creating environment descriptor '/home/jetson/Multitask-Drone/install/drone_interfaces/share/drone_interfaces/hook/ld_library_path_lib.dsv'
[20.833s] [34mcolcon.colcon_core.shell[0m [1;30mINFO[0m Creating environment hook '/home/jetson/Multitask-Drone/install/drone_interfaces/share/drone_interfaces/hook/ld_library_path_lib.sh'
[20.834s] [34mcolcon.colcon_core.environment[0m [1;30mLevel 1[0m checking '/home/jetson/Multitask-Drone/install/drone_interfaces/bin'
[20.835s] [34mcolcon.colcon_core.environment[0m [1;30mLevel 1[0m checking '/home/jetson/Multitask-Drone/install/drone_interfaces/lib/pkgconfig/drone_interfaces.pc'
[20.835s] [34mcolcon.colcon_core.environment[0m [1;30mLevel 1[0m checking '/home/jetson/Multitask-Drone/install/drone_interfaces/lib/python3.10/site-packages'
[20.836s] [34mcolcon.colcon_core.environment[0m [1;30mLevel 1[0m checking '/home/jetson/Multitask-Drone/install/drone_interfaces/bin'
[20.837s] [34mcolcon.colcon_core.shell[0m [1;30mINFO[0m Creating package script '/home/jetson/Multitask-Drone/install/drone_interfaces/share/drone_interfaces/package.ps1'
[20.838s] [34mcolcon.colcon_core.shell[0m [1;30mINFO[0m Creating package descriptor '/home/jetson/Multitask-Drone/install/drone_interfaces/share/drone_interfaces/package.dsv'
[20.839s] [34mcolcon.colcon_core.shell[0m [1;30mINFO[0m Creating package script '/home/jetson/Multitask-Drone/install/drone_interfaces/share/drone_interfaces/package.sh'
[20.840s] [34mcolcon.colcon_core.shell[0m [1;30mINFO[0m Creating package script '/home/jetson/Multitask-Drone/install/drone_interfaces/share/drone_interfaces/package.bash'
[20.841s] [34mcolcon.colcon_core.shell[0m [1;30mINFO[0m Creating package script '/home/jetson/Multitask-Drone/install/drone_interfaces/share/drone_interfaces/package.zsh'
[20.842s] [34mcolcon.colcon_core.environment[0m [1;30mLevel 1[0m create_file_with_runtime_dependencies(/home/jetson/Multitask-Drone/install/drone_interfaces/share/colcon-core/packages/drone_interfaces)
[20.844s] [34mcolcon.colcon_core.environment[0m [1;30mLevel 1[0m create_environment_scripts_only(drone_interfaces)
[20.845s] [34mcolcon.colcon_core.environment[0m [1;30mLevel 1[0m checking '/home/jetson/Multitask-Drone/install/drone_interfaces' for CMake module files
[20.847s] [34mcolcon.colcon_core.environment[0m [1;30mLevel 1[0m checking '/home/jetson/Multitask-Drone/install/drone_interfaces' for CMake config files
[20.850s] [34mcolcon.colcon_core.shell[0m [1;30mLevel 1[0m create_environment_hook('drone_interfaces', 'cmake_prefix_path')
[20.850s] [34mcolcon.colcon_core.shell[0m [1;30mINFO[0m Creating environment hook '/home/jetson/Multitask-Drone/install/drone_interfaces/share/drone_interfaces/hook/cmake_prefix_path.ps1'
[20.852s] [34mcolcon.colcon_core.shell[0m [1;30mINFO[0m Creating environment descriptor '/home/jetson/Multitask-Drone/install/drone_interfaces/share/drone_interfaces/hook/cmake_prefix_path.dsv'
[20.853s] [34mcolcon.colcon_core.shell[0m [1;30mINFO[0m Creating environment hook '/home/jetson/Multitask-Drone/install/drone_interfaces/share/drone_interfaces/hook/cmake_prefix_path.sh'
[20.855s] [34mcolcon.colcon_core.environment[0m [1;30mLevel 1[0m checking '/home/jetson/Multitask-Drone/install/drone_interfaces/lib'
[20.855s] [34mcolcon.colcon_core.shell[0m [1;30mLevel 1[0m create_environment_hook('drone_interfaces', 'ld_library_path_lib')
[20.856s] [34mcolcon.colcon_core.shell[0m [1;30mINFO[0m Creating environment hook '/home/jetson/Multitask-Drone/install/drone_interfaces/share/drone_interfaces/hook/ld_library_path_lib.ps1'
[20.857s] [34mcolcon.colcon_core.shell[0m [1;30mINFO[0m Creating environment descriptor '/home/jetson/Multitask-Drone/install/drone_interfaces/share/drone_interfaces/hook/ld_library_path_lib.dsv'
[20.858s] [34mcolcon.colcon_core.shell[0m [1;30mINFO[0m Creating environment hook '/home/jetson/Multitask-Drone/install/drone_interfaces/share/drone_interfaces/hook/ld_library_path_lib.sh'
[20.860s] [34mcolcon.colcon_core.environment[0m [1;30mLevel 1[0m checking '/home/jetson/Multitask-Drone/install/drone_interfaces/bin'
[20.860s] [34mcolcon.colcon_core.environment[0m [1;30mLevel 1[0m checking '/home/jetson/Multitask-Drone/install/drone_interfaces/lib/pkgconfig/drone_interfaces.pc'
[20.861s] [34mcolcon.colcon_core.environment[0m [1;30mLevel 1[0m checking '/home/jetson/Multitask-Drone/install/drone_interfaces/lib/python3.10/site-packages'
[20.862s] [34mcolcon.colcon_core.environment[0m [1;30mLevel 1[0m checking '/home/jetson/Multitask-Drone/install/drone_interfaces/bin'
[20.863s] [34mcolcon.colcon_core.shell[0m [1;30mINFO[0m Creating package script '/home/jetson/Multitask-Drone/install/drone_interfaces/share/drone_interfaces/package.ps1'
[20.865s] [34mcolcon.colcon_core.shell[0m [1;30mINFO[0m Creating package descriptor '/home/jetson/Multitask-Drone/install/drone_interfaces/share/drone_interfaces/package.dsv'
[20.867s] [34mcolcon.colcon_core.shell[0m [1;30mINFO[0m Creating package script '/home/jetson/Multitask-Drone/install/drone_interfaces/share/drone_interfaces/package.sh'
[20.869s] [34mcolcon.colcon_core.shell[0m [1;30mINFO[0m Creating package script '/home/jetson/Multitask-Drone/install/drone_interfaces/share/drone_interfaces/package.bash'
[20.870s] [34mcolcon.colcon_core.shell[0m [1;30mINFO[0m Creating package script '/home/jetson/Multitask-Drone/install/drone_interfaces/share/drone_interfaces/package.zsh'
[20.871s] [34mcolcon.colcon_core.environment[0m [1;30mLevel 1[0m create_file_with_runtime_dependencies(/home/jetson/Multitask-Drone/install/drone_interfaces/share/colcon-core/packages/drone_interfaces)
[20.872s] [34mcolcon.colcon_ros.task.ament_python.build[0m [1;30mINFO[0m Building ROS package in '/home/jetson/Multitask-Drone/src/drone_controller' with build type 'ament_python'
[20.874s] [34mcolcon.colcon_core.shell[0m [1;30mLevel 1[0m create_environment_hook('drone_controller', 'ament_prefix_path')
[20.875s] [34mcolcon.colcon_core.shell[0m [1;30mINFO[0m Creating environment hook '/home/jetson/Multitask-Drone/install/drone_controller/share/drone_controller/hook/ament_prefix_path.ps1'
[20.878s] [34mcolcon.colcon_core.shell[0m [1;30mINFO[0m Creating environment descriptor '/home/jetson/Multitask-Drone/install/drone_controller/share/drone_controller/hook/ament_prefix_path.dsv'
[20.879s] [34mcolcon.colcon_core.shell[0m [1;30mINFO[0m Creating environment hook '/home/jetson/Multitask-Drone/install/drone_controller/share/drone_controller/hook/ament_prefix_path.sh'
[20.881s] [34mcolcon.colcon_core.shell[0m [1;30mINFO[0m Skip shell extension 'powershell' for command environment: Not usable outside of PowerShell
[20.881s] [34mcolcon.colcon_core.shell[0m [1;30mDEBUG[0m [32mSkip shell extension 'dsv' for command environment[0m
[20.889s] [34mcolcon.colcon_ros.task.ament_python.build[0m [1;30mINFO[0m Building ROS package in '/home/jetson/Multitask-Drone/src/drone_vision' with build type 'ament_python'
[20.889s] [34mcolcon.colcon_core.shell[0m [1;30mLevel 1[0m create_environment_hook('drone_vision', 'ament_prefix_path')
[20.890s] [34mcolcon.colcon_core.shell[0m [1;30mINFO[0m Creating environment hook '/home/jetson/Multitask-Drone/install/drone_vision/share/drone_vision/hook/ament_prefix_path.ps1'
[20.892s] [34mcolcon.colcon_core.shell[0m [1;30mINFO[0m Creating environment descriptor '/home/jetson/Multitask-Drone/install/drone_vision/share/drone_vision/hook/ament_prefix_path.dsv'
[20.892s] [34mcolcon.colcon_core.shell[0m [1;30mINFO[0m Creating environment hook '/home/jetson/Multitask-Drone/install/drone_vision/share/drone_vision/hook/ament_prefix_path.sh'
[20.894s] [34mcolcon.colcon_core.shell[0m [1;30mINFO[0m Skip shell extension 'powershell' for command environment: Not usable outside of PowerShell
[20.894s] [34mcolcon.colcon_core.shell[0m [1;30mDEBUG[0m [32mSkip shell extension 'dsv' for command environment[0m
[21.355s] [34mcolcon.colcon_core.task.python.build[0m [1;30mINFO[0m Building Python package in '/home/jetson/Multitask-Drone/src/drone_controller'
[21.356s] [34mcolcon.colcon_core.shell[0m [1;30mINFO[0m Skip shell extension 'powershell' for command environment: Not usable outside of PowerShell
[21.356s] [34mcolcon.colcon_core.shell[0m [1;30mDEBUG[0m [32mSkip shell extension 'dsv' for command environment[0m
[21.858s] [34mcolcon.colcon_core.task.python.build[0m [1;30mINFO[0m Building Python package in '/home/jetson/Multitask-Drone/src/drone_vision'
[21.860s] [34mcolcon.colcon_core.shell[0m [1;30mINFO[0m Skip shell extension 'powershell' for command environment: Not usable outside of PowerShell
[21.860s] [34mcolcon.colcon_core.shell[0m [1;30mDEBUG[0m [32mSkip shell extension 'dsv' for command environment[0m
[22.462s] [34mcolcon.colcon_core.event_handler.log_command[0m [1;30mDEBUG[0m [32mInvoking command in '/home/jetson/Multitask-Drone/src/drone_controller': AMENT_PREFIX_PATH=/home/jetson/Multitask-Drone/install/drone_interfaces:${AMENT_PREFIX_PATH} CMAKE_PREFIX_PATH=/home/jetson/Multitask-Drone/install/drone_interfaces LD_LIBRARY_PATH=/home/jetson/Multitask-Drone/install/drone_interfaces/lib:${LD_LIBRARY_PATH} PYTHONPATH=/home/jetson/Multitask-Drone/build/drone_controller/prefix_override:/usr/lib/python3/dist-packages/colcon_core/task/python/colcon_distutils_commands:/home/jetson/Multitask-Drone/install/drone_controller/lib/python3.10/site-packages:/home/jetson/Multitask-Drone/install/drone_interfaces/local/lib/python3.10/dist-packages:${PYTHONPATH} /usr/bin/python3 -W ignore:setup.py install is deprecated -W ignore:easy_install command is deprecated setup.py egg_info --egg-base ../../build/drone_controller build --build-base /home/jetson/Multitask-Drone/build/drone_controller/build install --record /home/jetson/Multitask-Drone/build/drone_controller/install.log --single-version-externally-managed install_data[0m
[22.469s] [34mcolcon.colcon_core.event_handler.log_command[0m [1;30mDEBUG[0m [32mInvoking command in '/home/jetson/Multitask-Drone/src/drone_vision': AMENT_PREFIX_PATH=/home/jetson/Multitask-Drone/install/drone_interfaces:${AMENT_PREFIX_PATH} CMAKE_PREFIX_PATH=/home/jetson/Multitask-Drone/install/drone_interfaces LD_LIBRARY_PATH=/home/jetson/Multitask-Drone/install/drone_interfaces/lib:${LD_LIBRARY_PATH} PYTHONPATH=/home/jetson/Multitask-Drone/build/drone_vision/prefix_override:/usr/lib/python3/dist-packages/colcon_core/task/python/colcon_distutils_commands:/home/jetson/Multitask-Drone/install/drone_vision/lib/python3.10/site-packages:/home/jetson/Multitask-Drone/install/drone_interfaces/local/lib/python3.10/dist-packages:${PYTHONPATH} /usr/bin/python3 -W ignore:setup.py install is deprecated -W ignore:easy_install command is deprecated setup.py egg_info --egg-base ../../build/drone_vision build --build-base /home/jetson/Multitask-Drone/build/drone_vision/build install --record /home/jetson/Multitask-Drone/build/drone_vision/install.log --single-version-externally-managed install_data[0m
[22.994s] [34mcolcon.colcon_core.environment[0m [1;30mLevel 1[0m checking '/home/jetson/Multitask-Drone/install/drone_vision' for CMake module files
[22.996s] [34mcolcon.colcon_core.event_handler.log_command[0m [1;30mDEBUG[0m [32mInvoked command in '/home/jetson/Multitask-Drone/src/drone_vision' returned '0': AMENT_PREFIX_PATH=/home/jetson/Multitask-Drone/install/drone_interfaces:${AMENT_PREFIX_PATH} CMAKE_PREFIX_PATH=/home/jetson/Multitask-Drone/install/drone_interfaces LD_LIBRARY_PATH=/home/jetson/Multitask-Drone/install/drone_interfaces/lib:${LD_LIBRARY_PATH} PYTHONPATH=/home/jetson/Multitask-Drone/build/drone_vision/prefix_override:/usr/lib/python3/dist-packages/colcon_core/task/python/colcon_distutils_commands:/home/jetson/Multitask-Drone/install/drone_vision/lib/python3.10/site-packages:/home/jetson/Multitask-Drone/install/drone_interfaces/local/lib/python3.10/dist-packages:${PYTHONPATH} /usr/bin/python3 -W ignore:setup.py install is deprecated -W ignore:easy_install command is deprecated setup.py egg_info --egg-base ../../build/drone_vision build --build-base /home/jetson/Multitask-Drone/build/drone_vision/build install --record /home/jetson/Multitask-Drone/build/drone_vision/install.log --single-version-externally-managed install_data[0m
[22.997s] [34mcolcon.colcon_core.environment[0m [1;30mLevel 1[0m checking '/home/jetson/Multitask-Drone/install/drone_vision' for CMake config files
[22.999s] [34mcolcon.colcon_core.environment[0m [1;30mLevel 1[0m checking '/home/jetson/Multitask-Drone/install/drone_vision/lib'
[22.999s] [34mcolcon.colcon_core.environment[0m [1;30mLevel 1[0m checking '/home/jetson/Multitask-Drone/install/drone_vision/bin'
[22.999s] [34mcolcon.colcon_core.environment[0m [1;30mLevel 1[0m checking '/home/jetson/Multitask-Drone/install/drone_vision/lib/pkgconfig/drone_vision.pc'
[23.000s] [34mcolcon.colcon_core.environment[0m [1;30mLevel 1[0m checking '/home/jetson/Multitask-Drone/install/drone_vision/lib/python3.10/site-packages'
[23.000s] [34mcolcon.colcon_core.shell[0m [1;30mLevel 1[0m create_environment_hook('drone_vision', 'pythonpath')
[23.001s] [34mcolcon.colcon_core.shell[0m [1;30mINFO[0m Creating environment hook '/home/jetson/Multitask-Drone/install/drone_vision/share/drone_vision/hook/pythonpath.ps1'
[23.003s] [34mcolcon.colcon_core.shell[0m [1;30mINFO[0m Creating environment descriptor '/home/jetson/Multitask-Drone/install/drone_vision/share/drone_vision/hook/pythonpath.dsv'
[23.004s] [34mcolcon.colcon_core.shell[0m [1;30mINFO[0m Creating environment hook '/home/jetson/Multitask-Drone/install/drone_vision/share/drone_vision/hook/pythonpath.sh'
[23.006s] [34mcolcon.colcon_core.environment[0m [1;30mLevel 1[0m checking '/home/jetson/Multitask-Drone/install/drone_vision/bin'
[23.006s] [34mcolcon.colcon_core.environment[0m [1;30mLevel 1[0m create_environment_scripts_only(drone_vision)
[23.007s] [34mcolcon.colcon_core.shell[0m [1;30mINFO[0m Creating package script '/home/jetson/Multitask-Drone/install/drone_vision/share/drone_vision/package.ps1'
[23.009s] [34mcolcon.colcon_core.shell[0m [1;30mINFO[0m Creating package descriptor '/home/jetson/Multitask-Drone/install/drone_vision/share/drone_vision/package.dsv'
[23.011s] [34mcolcon.colcon_core.shell[0m [1;30mINFO[0m Creating package script '/home/jetson/Multitask-Drone/install/drone_vision/share/drone_vision/package.sh'
[23.012s] [34mcolcon.colcon_core.shell[0m [1;30mINFO[0m Creating package script '/home/jetson/Multitask-Drone/install/drone_vision/share/drone_vision/package.bash'
[23.013s] [34mcolcon.colcon_core.shell[0m [1;30mINFO[0m Creating package script '/home/jetson/Multitask-Drone/install/drone_vision/share/drone_vision/package.zsh'
[23.014s] [34mcolcon.colcon_core.environment[0m [1;30mLevel 1[0m create_file_with_runtime_dependencies(/home/jetson/Multitask-Drone/install/drone_vision/share/colcon-core/packages/drone_vision)
[23.019s] [34mcolcon.colcon_core.environment[0m [1;30mLevel 1[0m checking '/home/jetson/Multitask-Drone/install/drone_controller' for CMake module files
[23.021s] [34mcolcon.colcon_core.event_handler.log_command[0m [1;30mDEBUG[0m [32mInvoked command in '/home/jetson/Multitask-Drone/src/drone_controller' returned '0': AMENT_PREFIX_PATH=/home/jetson/Multitask-Drone/install/drone_interfaces:${AMENT_PREFIX_PATH} CMAKE_PREFIX_PATH=/home/jetson/Multitask-Drone/install/drone_interfaces LD_LIBRARY_PATH=/home/jetson/Multitask-Drone/install/drone_interfaces/lib:${LD_LIBRARY_PATH} PYTHONPATH=/home/jetson/Multitask-Drone/build/drone_controller/prefix_override:/usr/lib/python3/dist-packages/colcon_core/task/python/colcon_distutils_commands:/home/jetson/Multitask-Drone/install/drone_controller/lib/python3.10/site-packages:/home/jetson/Multitask-Drone/install/drone_interfaces/local/lib/python3.10/dist-packages:${PYTHONPATH} /usr/bin/python3 -W ignore:setup.py install is deprecated -W ignore:easy_install command is deprecated setup.py egg_info --egg-base ../../build/drone_controller build --build-base /home/jetson/Multitask-Drone/build/drone_controller/build install --record /home/jetson/Multitask-Drone/build/drone_controller/install.log --single-version-externally-managed install_data[0m
[23.022s] [34mcolcon.colcon_core.environment[0m [1;30mLevel 1[0m checking '/home/jetson/Multitask-Drone/install/drone_controller' for CMake config files
[23.024s] [34mcolcon.colcon_core.environment[0m [1;30mLevel 1[0m checking '/home/jetson/Multitask-Drone/install/drone_controller/lib'
[23.025s] [34mcolcon.colcon_core.environment[0m [1;30mLevel 1[0m checking '/home/jetson/Multitask-Drone/install/drone_controller/bin'
[23.025s] [34mcolcon.colcon_core.environment[0m [1;30mLevel 1[0m checking '/home/jetson/Multitask-Drone/install/drone_controller/lib/pkgconfig/drone_controller.pc'
[23.026s] [34mcolcon.colcon_core.environment[0m [1;30mLevel 1[0m checking '/home/jetson/Multitask-Drone/install/drone_controller/lib/python3.10/site-packages'
[23.026s] [34mcolcon.colcon_core.shell[0m [1;30mLevel 1[0m create_environment_hook('drone_controller', 'pythonpath')
[23.027s] [34mcolcon.colcon_core.shell[0m [1;30mINFO[0m Creating environment hook '/home/jetson/Multitask-Drone/install/drone_controller/share/drone_controller/hook/pythonpath.ps1'
[23.029s] [34mcolcon.colcon_core.shell[0m [1;30mINFO[0m Creating environment descriptor '/home/jetson/Multitask-Drone/install/drone_controller/share/drone_controller/hook/pythonpath.dsv'
[23.030s] [34mcolcon.colcon_core.shell[0m [1;30mINFO[0m Creating environment hook '/home/jetson/Multitask-Drone/install/drone_controller/share/drone_controller/hook/pythonpath.sh'
[23.032s] [34mcolcon.colcon_core.environment[0m [1;30mLevel 1[0m checking '/home/jetson/Multitask-Drone/install/drone_controller/bin'
[23.032s] [34mcolcon.colcon_core.environment[0m [1;30mLevel 1[0m create_environment_scripts_only(drone_controller)
[23.033s] [34mcolcon.colcon_core.shell[0m [1;30mINFO[0m Creating package script '/home/jetson/Multitask-Drone/install/drone_controller/share/drone_controller/package.ps1'
[23.035s] [34mcolcon.colcon_core.shell[0m [1;30mINFO[0m Creating package descriptor '/home/jetson/Multitask-Drone/install/drone_controller/share/drone_controller/package.dsv'
[23.037s] [34mcolcon.colcon_core.shell[0m [1;30mINFO[0m Creating package script '/home/jetson/Multitask-Drone/install/drone_controller/share/drone_controller/package.sh'
[23.038s] [34mcolcon.colcon_core.shell[0m [1;30mINFO[0m Creating package script '/home/jetson/Multitask-Drone/install/drone_controller/share/drone_controller/package.bash'
[23.039s] [34mcolcon.colcon_core.shell[0m [1;30mINFO[0m Creating package script '/home/jetson/Multitask-Drone/install/drone_controller/share/drone_controller/package.zsh'
[23.041s] [34mcolcon.colcon_core.environment[0m [1;30mLevel 1[0m create_file_with_runtime_dependencies(/home/jetson/Multitask-Drone/install/drone_controller/share/colcon-core/packages/drone_controller)
[23.042s] [34mcolcon.colcon_parallel_executor.executor.parallel[0m [1;30mDEBUG[0m [32mclosing loop[0m
[23.043s] [34mcolcon.colcon_parallel_executor.executor.parallel[0m [1;30mDEBUG[0m [32mloop closed[0m
[23.043s] [34mcolcon.colcon_parallel_executor.executor.parallel[0m [1;30mDEBUG[0m [32mrun_until_complete finished with '0'[0m
[23.044s] [34mcolcon.colcon_core.event_reactor[0m [1;30mDEBUG[0m [32mjoining thread[0m
[23.066s] [34mcolcon.colcon_core.plugin_system[0m [1;30mINFO[0m Skipping extension 'colcon_notification.desktop_notification.terminal_notifier': Not used on non-Darwin systems
[23.066s] [34mcolcon.colcon_core.plugin_system[0m [1;30mINFO[0m Skipping extension 'colcon_notification.desktop_notification.win32': Not used on non-Windows systems
[23.066s] [34mcolcon.colcon_notification.desktop_notification[0m [1;30mINFO[0m Sending desktop notification using 'notify2'
[23.150s] [34mcolcon.colcon_core.event_reactor[0m [1;30mDEBUG[0m [32mjoined thread[0m
[23.151s] [34mcolcon.colcon_core.shell[0m [1;30mINFO[0m Creating prefix script '/home/jetson/Multitask-Drone/install/local_setup.ps1'
[23.155s] [34mcolcon.colcon_core.shell[0m [1;30mINFO[0m Creating prefix util module '/home/jetson/Multitask-Drone/install/_local_setup_util_ps1.py'
[23.161s] [34mcolcon.colcon_core.shell[0m [1;30mINFO[0m Creating prefix chain script '/home/jetson/Multitask-Drone/install/setup.ps1'
[23.164s] [34mcolcon.colcon_core.shell[0m [1;30mINFO[0m Creating prefix script '/home/jetson/Multitask-Drone/install/local_setup.sh'
[23.166s] [34mcolcon.colcon_core.shell[0m [1;30mINFO[0m Creating prefix util module '/home/jetson/Multitask-Drone/install/_local_setup_util_sh.py'
[23.168s] [34mcolcon.colcon_core.shell[0m [1;30mINFO[0m Creating prefix chain script '/home/jetson/Multitask-Drone/install/setup.sh'
[23.172s] [34mcolcon.colcon_core.shell[0m [1;30mINFO[0m Creating prefix script '/home/jetson/Multitask-Drone/install/local_setup.bash'
[23.174s] [34mcolcon.colcon_core.shell[0m [1;30mINFO[0m Creating prefix chain script '/home/jetson/Multitask-Drone/install/setup.bash'
[23.179s] [34mcolcon.colcon_core.shell[0m [1;30mINFO[0m Creating prefix script '/home/jetson/Multitask-Drone/install/local_setup.zsh'
[23.181s] [34mcolcon.colcon_core.shell[0m [1;30mINFO[0m Creating prefix chain script '/home/jetson/Multitask-Drone/install/setup.zsh'
