[1.183s] Invoking command in '/home/orangepi/Multitask-Drone/src/drone_monitor': PYTHONPATH=/home/orangepi/Multitask-Drone/build/drone_monitor/prefix_override:/usr/lib/python3/dist-packages/colcon_core/task/python/colcon_distutils_commands:/home/orangepi/Multitask-Drone/install/drone_monitor/lib/python3.10/site-packages:${PYTHONPATH} /usr/bin/python3 -W ignore:setup.py install is deprecated -W ignore:easy_install command is deprecated setup.py egg_info --egg-base ../../build/drone_monitor build --build-base /home/orangepi/Multitask-Drone/build/drone_monitor/build install --record /home/orangepi/Multitask-Drone/build/drone_monitor/install.log --single-version-externally-managed install_data
[1.551s] running egg_info
[1.552s] writing ../../build/drone_monitor/drone_monitor.egg-info/PKG-INFO
[1.553s] writing dependency_links to ../../build/drone_monitor/drone_monitor.egg-info/dependency_links.txt
[1.553s] writing entry points to ../../build/drone_monitor/drone_monitor.egg-info/entry_points.txt
[1.554s] writing requirements to ../../build/drone_monitor/drone_monitor.egg-info/requires.txt
[1.555s] writing top-level names to ../../build/drone_monitor/drone_monitor.egg-info/top_level.txt
[1.557s] reading manifest file '../../build/drone_monitor/drone_monitor.egg-info/SOURCES.txt'
[1.560s] adding license file 'LICENSE'
[1.564s] writing manifest file '../../build/drone_monitor/drone_monitor.egg-info/SOURCES.txt'
[1.564s] running build
[1.565s] running build_py
[1.565s] running install
[1.566s] running install_lib
[1.568s] running install_data
[1.569s] running install_egg_info
[1.572s] removing '/home/orangepi/Multitask-Drone/install/drone_monitor/lib/python3.10/site-packages/drone_monitor-0.0.0-py3.10.egg-info' (and everything under it)
[1.573s] Copying ../../build/drone_monitor/drone_monitor.egg-info to /home/orangepi/Multitask-Drone/install/drone_monitor/lib/python3.10/site-packages/drone_monitor-0.0.0-py3.10.egg-info
[1.574s] running install_scripts
[1.620s] writing list of installed files to '/home/orangepi/Multitask-Drone/build/drone_monitor/install.log'
[2.210s] Invoked command in '/home/orangepi/Multitask-Drone/src/drone_monitor' returned '0': PYTHONPATH=/home/orangepi/Multitask-Drone/build/drone_monitor/prefix_override:/usr/lib/python3/dist-packages/colcon_core/task/python/colcon_distutils_commands:/home/orangepi/Multitask-Drone/install/drone_monitor/lib/python3.10/site-packages:${PYTHONPATH} /usr/bin/python3 -W ignore:setup.py install is deprecated -W ignore:easy_install command is deprecated setup.py egg_info --egg-base ../../build/drone_monitor build --build-base /home/orangepi/Multitask-Drone/build/drone_monitor/build install --record /home/orangepi/Multitask-Drone/build/drone_monitor/install.log --single-version-externally-managed install_data
