[1.918s] Invoking command in '/home/jetson/Multitask-Drone/src/drone_controller': AMENT_PREFIX_PATH=/home/jetson/Multitask-Drone/install/drone_interfaces:${AMENT_PREFIX_PATH} CMAKE_PREFIX_PATH=/home/jetson/Multitask-Drone/install/drone_interfaces LD_LIBRARY_PATH=/home/jetson/Multitask-Drone/install/drone_interfaces/lib:${LD_LIBRARY_PATH} PYTHONPATH=/home/jetson/Multitask-Drone/build/drone_controller/prefix_override:/usr/lib/python3/dist-packages/colcon_core/task/python/colcon_distutils_commands:/home/jetson/Multitask-Drone/install/drone_controller/lib/python3.10/site-packages:/home/jetson/Multitask-Drone/install/drone_interfaces/local/lib/python3.10/dist-packages:${PYTHONPATH} /usr/bin/python3 -W ignore:setup.py install is deprecated -W ignore:easy_install command is deprecated setup.py egg_info --egg-base ../../build/drone_controller build --build-base /home/jetson/Multitask-Drone/build/drone_controller/build install --record /home/jetson/Multitask-Drone/build/drone_controller/install.log --single-version-externally-managed install_data
[2.442s] running egg_info
[2.443s] writing ../../build/drone_controller/drone_controller.egg-info/PKG-INFO
[2.444s] writing dependency_links to ../../build/drone_controller/drone_controller.egg-info/dependency_links.txt
[2.444s] writing entry points to ../../build/drone_controller/drone_controller.egg-info/entry_points.txt
[2.444s] writing requirements to ../../build/drone_controller/drone_controller.egg-info/requires.txt
[2.445s] writing top-level names to ../../build/drone_controller/drone_controller.egg-info/top_level.txt
[2.449s] reading manifest file '../../build/drone_controller/drone_controller.egg-info/SOURCES.txt'
[2.450s] adding license file 'LICENSE'
[2.451s] writing manifest file '../../build/drone_controller/drone_controller.egg-info/SOURCES.txt'
[2.451s] running build
[2.451s] running build_py
[2.452s] copying drone_controller/drone_controller.py -> /home/jetson/Multitask-Drone/build/drone_controller/build/lib/drone_controller
[2.454s] running install
[2.455s] running install_lib
[2.456s] copying /home/jetson/Multitask-Drone/build/drone_controller/build/lib/drone_controller/drone_controller.py -> /home/jetson/Multitask-Drone/install/drone_controller/lib/python3.10/site-packages/drone_controller
[2.458s] byte-compiling /home/jetson/Multitask-Drone/install/drone_controller/lib/python3.10/site-packages/drone_controller/drone_controller.py to drone_controller.cpython-310.pyc
[2.462s] running install_data
[2.462s] running install_egg_info
[2.466s] removing '/home/jetson/Multitask-Drone/install/drone_controller/lib/python3.10/site-packages/drone_controller-0.0.0-py3.10.egg-info' (and everything under it)
[2.466s] Copying ../../build/drone_controller/drone_controller.egg-info to /home/jetson/Multitask-Drone/install/drone_controller/lib/python3.10/site-packages/drone_controller-0.0.0-py3.10.egg-info
[2.468s] running install_scripts
[2.508s] Installing drone_controller script to /home/jetson/Multitask-Drone/install/drone_controller/lib/drone_controller
[2.514s] Installing task_executor script to /home/jetson/Multitask-Drone/install/drone_controller/lib/drone_controller
[2.514s] Installing waypoint_handler script to /home/jetson/Multitask-Drone/install/drone_controller/lib/drone_controller
[2.515s] Installing yiku_test script to /home/jetson/Multitask-Drone/install/drone_controller/lib/drone_controller
[2.515s] writing list of installed files to '/home/jetson/Multitask-Drone/build/drone_controller/install.log'
[2.583s] Invoked command in '/home/jetson/Multitask-Drone/src/drone_controller' returned '0': AMENT_PREFIX_PATH=/home/jetson/Multitask-Drone/install/drone_interfaces:${AMENT_PREFIX_PATH} CMAKE_PREFIX_PATH=/home/jetson/Multitask-Drone/install/drone_interfaces LD_LIBRARY_PATH=/home/jetson/Multitask-Drone/install/drone_interfaces/lib:${LD_LIBRARY_PATH} PYTHONPATH=/home/jetson/Multitask-Drone/build/drone_controller/prefix_override:/usr/lib/python3/dist-packages/colcon_core/task/python/colcon_distutils_commands:/home/jetson/Multitask-Drone/install/drone_controller/lib/python3.10/site-packages:/home/jetson/Multitask-Drone/install/drone_interfaces/local/lib/python3.10/dist-packages:${PYTHONPATH} /usr/bin/python3 -W ignore:setup.py install is deprecated -W ignore:easy_install command is deprecated setup.py egg_info --egg-base ../../build/drone_controller build --build-base /home/jetson/Multitask-Drone/build/drone_controller/build install --record /home/jetson/Multitask-Drone/build/drone_controller/install.log --single-version-externally-managed install_data
