[1.051s] Invoking command in '/home/jetson/Multitask-Drone/src/drone_monitor': PYTHONPATH=/home/jetson/Multitask-Drone/build/drone_monitor/prefix_override:/usr/lib/python3/dist-packages/colcon_core/task/python/colcon_distutils_commands:/home/jetson/Multitask-Drone/install/drone_monitor/lib/python3.10/site-packages:${PYTHONPATH} /usr/bin/python3 -W ignore:setup.py install is deprecated -W ignore:easy_install command is deprecated setup.py egg_info --egg-base ../../build/drone_monitor build --build-base /home/jetson/Multitask-Drone/build/drone_monitor/build install --record /home/jetson/Multitask-Drone/build/drone_monitor/install.log --single-version-externally-managed install_data
[1.446s] running egg_info
[1.447s] creating ../../build/drone_monitor/drone_monitor.egg-info
[1.448s] writing ../../build/drone_monitor/drone_monitor.egg-info/PKG-INFO
[1.448s] writing dependency_links to ../../build/drone_monitor/drone_monitor.egg-info/dependency_links.txt
[1.448s] writing entry points to ../../build/drone_monitor/drone_monitor.egg-info/entry_points.txt
[1.448s] writing requirements to ../../build/drone_monitor/drone_monitor.egg-info/requires.txt
[1.448s] writing top-level names to ../../build/drone_monitor/drone_monitor.egg-info/top_level.txt
[1.449s] writing manifest file '../../build/drone_monitor/drone_monitor.egg-info/SOURCES.txt'
[1.451s] reading manifest file '../../build/drone_monitor/drone_monitor.egg-info/SOURCES.txt'
[1.452s] adding license file 'LICENSE'
[1.453s] writing manifest file '../../build/drone_monitor/drone_monitor.egg-info/SOURCES.txt'
[1.453s] running build
[1.453s] running build_py
[1.453s] creating /home/jetson/Multitask-Drone/build/drone_monitor/build
[1.453s] creating /home/jetson/Multitask-Drone/build/drone_monitor/build/lib
[1.454s] creating /home/jetson/Multitask-Drone/build/drone_monitor/build/lib/src
[1.454s] copying src/__init__.py -> /home/jetson/Multitask-Drone/build/drone_monitor/build/lib/src
[1.454s] running install
[1.454s] running install_lib
[1.456s] creating /home/jetson/Multitask-Drone/install/drone_monitor/lib/python3.10/site-packages/src
[1.456s] copying /home/jetson/Multitask-Drone/build/drone_monitor/build/lib/src/__init__.py -> /home/jetson/Multitask-Drone/install/drone_monitor/lib/python3.10/site-packages/src
[1.457s] byte-compiling /home/jetson/Multitask-Drone/install/drone_monitor/lib/python3.10/site-packages/src/__init__.py to __init__.cpython-310.pyc
[1.457s] running install_data
[1.457s] creating /home/jetson/Multitask-Drone/install/drone_monitor/share/ament_index
[1.457s] creating /home/jetson/Multitask-Drone/install/drone_monitor/share/ament_index/resource_index
[1.457s] creating /home/jetson/Multitask-Drone/install/drone_monitor/share/ament_index/resource_index/packages
[1.457s] copying resource/drone_monitor -> /home/jetson/Multitask-Drone/install/drone_monitor/share/ament_index/resource_index/packages
[1.458s] copying package.xml -> /home/jetson/Multitask-Drone/install/drone_monitor/share/drone_monitor
[1.458s] running install_egg_info
[1.461s] Copying ../../build/drone_monitor/drone_monitor.egg-info to /home/jetson/Multitask-Drone/install/drone_monitor/lib/python3.10/site-packages/drone_monitor-0.0.0-py3.10.egg-info
[1.462s] running install_scripts
[1.497s] writing list of installed files to '/home/jetson/Multitask-Drone/build/drone_monitor/install.log'
[1.561s] Invoked command in '/home/jetson/Multitask-Drone/src/drone_monitor' returned '0': PYTHONPATH=/home/jetson/Multitask-Drone/build/drone_monitor/prefix_override:/usr/lib/python3/dist-packages/colcon_core/task/python/colcon_distutils_commands:/home/jetson/Multitask-Drone/install/drone_monitor/lib/python3.10/site-packages:${PYTHONPATH} /usr/bin/python3 -W ignore:setup.py install is deprecated -W ignore:easy_install command is deprecated setup.py egg_info --egg-base ../../build/drone_monitor build --build-base /home/jetson/Multitask-Drone/build/drone_monitor/build install --record /home/jetson/Multitask-Drone/build/drone_monitor/install.log --single-version-externally-managed install_data
