running egg_info
writing ../../build/drone_controller/drone_controller.egg-info/PKG-INFO
writing dependency_links to ../../build/drone_controller/drone_controller.egg-info/dependency_links.txt
writing entry points to ../../build/drone_controller/drone_controller.egg-info/entry_points.txt
writing requirements to ../../build/drone_controller/drone_controller.egg-info/requires.txt
writing top-level names to ../../build/drone_controller/drone_controller.egg-info/top_level.txt
reading manifest file '../../build/drone_controller/drone_controller.egg-info/SOURCES.txt'
adding license file 'LICENSE'
writing manifest file '../../build/drone_controller/drone_controller.egg-info/SOURCES.txt'
running build
running build_py
copying drone_controller/payload/__init__.py -> /home/orangepi/Multitask-Drone/build/drone_controller/build/lib/drone_controller/payload
running install
running install_lib
copying /home/orangepi/Multitask-Drone/build/drone_controller/build/lib/drone_controller/payload/__init__.py -> /home/orangepi/Multitask-Drone/install/drone_controller/lib/python3.10/site-packages/drone_controller/payload
byte-compiling /home/orangepi/Multitask-Drone/install/drone_controller/lib/python3.10/site-packages/drone_controller/payload/__init__.py to __init__.cpython-310.pyc
running install_data
running install_egg_info
removing '/home/orangepi/Multitask-Drone/install/drone_controller/lib/python3.10/site-packages/drone_controller-0.0.0-py3.10.egg-info' (and everything under it)
Copying ../../build/drone_controller/drone_controller.egg-info to /home/orangepi/Multitask-Drone/install/drone_controller/lib/python3.10/site-packages/drone_controller-0.0.0-py3.10.egg-info
running install_scripts
Installing drone_controller script to /home/orangepi/Multitask-Drone/install/drone_controller/lib/drone_controller
Installing task_executor script to /home/orangepi/Multitask-Drone/install/drone_controller/lib/drone_controller
Installing waypoint_handler script to /home/orangepi/Multitask-Drone/install/drone_controller/lib/drone_controller
Installing yiku_test script to /home/orangepi/Multitask-Drone/install/drone_controller/lib/drone_controller
writing list of installed files to '/home/orangepi/Multitask-Drone/build/drone_controller/install.log'
