[0.083s] DEBUG:colcon:Command line arguments: ['/usr/bin/colcon', 'build']
[0.083s] DEBUG:colcon:Parsed command line arguments: Namespace(log_base=None, log_level=None, verb_name='build', build_base='build', install_base='install', merge_install=False, symlink_install=False, test_result_base=None, continue_on_error=False, executor='parallel', parallel_workers=8, event_handlers=None, ignore_user_meta=False, metas=['./colcon.meta'], base_paths=['.'], packages_ignore=None, packages_ignore_regex=None, paths=None, packages_up_to=None, packages_up_to_regex=None, packages_above=None, packages_above_and_dependencies=None, packages_above_depth=None, packages_select_by_dep=None, packages_skip_by_dep=None, packages_skip_up_to=None, packages_select_build_failed=False, packages_skip_build_finished=False, packages_select_test_failures=False, packages_skip_test_passed=False, packages_select=None, packages_skip=None, packages_select_regex=None, packages_skip_regex=None, packages_start=None, packages_end=None, allow_overriding=[], cmake_args=None, cmake_target=None, cmake_target_skip_unavailable=False, cmake_clean_cache=False, cmake_clean_first=False, cmake_force_configure=False, ament_cmake_args=None, catkin_cmake_args=None, catkin_skip_building_tests=False, verb_parser=<colcon_defaults.argument_parser.defaults.DefaultArgumentsDecorator object at 0x79e6d9804ee0>, verb_extension=<colcon_core.verb.build.BuildVerb object at 0x79e6d995e440>, main=<bound method BuildVerb.main of <colcon_core.verb.build.BuildVerb object at 0x79e6d995e440>>)
[0.207s] Level 1:colcon.colcon_core.package_discovery:discover_packages(colcon_meta) check parameters
[0.207s] Level 1:colcon.colcon_core.package_discovery:discover_packages(recursive) check parameters
[0.207s] Level 1:colcon.colcon_core.package_discovery:discover_packages(ignore) check parameters
[0.208s] Level 1:colcon.colcon_core.package_discovery:discover_packages(path) check parameters
[0.208s] Level 1:colcon.colcon_core.package_discovery:discover_packages(colcon_meta) discover
[0.208s] Level 1:colcon.colcon_core.package_discovery:discover_packages(recursive) discover
[0.208s] INFO:colcon.colcon_core.package_discovery:Crawling recursively for packages in '/home/ccl/Multitask-Drone'
[0.208s] Level 1:colcon.colcon_core.package_identification:_identify(.) by extensions ['ignore', 'ignore_ament_install']
[0.208s] Level 1:colcon.colcon_core.package_identification:_identify(.) by extension 'ignore'
[0.208s] Level 1:colcon.colcon_core.package_identification:_identify(.) by extension 'ignore_ament_install'
[0.208s] Level 1:colcon.colcon_core.package_identification:_identify(.) by extensions ['colcon_pkg']
[0.208s] Level 1:colcon.colcon_core.package_identification:_identify(.) by extension 'colcon_pkg'
[0.208s] Level 1:colcon.colcon_core.package_identification:_identify(.) by extensions ['colcon_meta']
[0.208s] Level 1:colcon.colcon_core.package_identification:_identify(.) by extension 'colcon_meta'
[0.208s] Level 1:colcon.colcon_core.package_identification:_identify(.) by extensions ['ros']
[0.208s] Level 1:colcon.colcon_core.package_identification:_identify(.) by extension 'ros'
[0.219s] Level 1:colcon.colcon_core.package_identification:_identify(.) by extensions ['cmake', 'python']
[0.219s] Level 1:colcon.colcon_core.package_identification:_identify(.) by extension 'cmake'
[0.220s] Level 1:colcon.colcon_core.package_identification:_identify(.) by extension 'python'
[0.220s] Level 1:colcon.colcon_core.package_identification:_identify(.) by extensions ['python_setup_py']
[0.220s] Level 1:colcon.colcon_core.package_identification:_identify(.) by extension 'python_setup_py'
[0.220s] Level 1:colcon.colcon_core.package_identification:_identify(build) by extensions ['ignore', 'ignore_ament_install']
[0.220s] Level 1:colcon.colcon_core.package_identification:_identify(build) by extension 'ignore'
[0.220s] Level 1:colcon.colcon_core.package_identification:_identify(build) ignored
[0.220s] Level 1:colcon.colcon_core.package_identification:_identify(install) by extensions ['ignore', 'ignore_ament_install']
[0.220s] Level 1:colcon.colcon_core.package_identification:_identify(install) by extension 'ignore'
[0.220s] Level 1:colcon.colcon_core.package_identification:_identify(install) ignored
[0.220s] Level 1:colcon.colcon_core.package_identification:_identify(log) by extensions ['ignore', 'ignore_ament_install']
[0.220s] Level 1:colcon.colcon_core.package_identification:_identify(log) by extension 'ignore'
[0.221s] Level 1:colcon.colcon_core.package_identification:_identify(log) ignored
[0.221s] Level 1:colcon.colcon_core.package_identification:_identify(src) by extensions ['ignore', 'ignore_ament_install']
[0.221s] Level 1:colcon.colcon_core.package_identification:_identify(src) by extension 'ignore'
[0.221s] Level 1:colcon.colcon_core.package_identification:_identify(src) by extension 'ignore_ament_install'
[0.221s] Level 1:colcon.colcon_core.package_identification:_identify(src) by extensions ['colcon_pkg']
[0.221s] Level 1:colcon.colcon_core.package_identification:_identify(src) by extension 'colcon_pkg'
[0.221s] Level 1:colcon.colcon_core.package_identification:_identify(src) by extensions ['colcon_meta']
[0.221s] Level 1:colcon.colcon_core.package_identification:_identify(src) by extension 'colcon_meta'
[0.221s] Level 1:colcon.colcon_core.package_identification:_identify(src) by extensions ['ros']
[0.221s] Level 1:colcon.colcon_core.package_identification:_identify(src) by extension 'ros'
[0.221s] Level 1:colcon.colcon_core.package_identification:_identify(src) by extensions ['cmake', 'python']
[0.221s] Level 1:colcon.colcon_core.package_identification:_identify(src) by extension 'cmake'
[0.221s] Level 1:colcon.colcon_core.package_identification:_identify(src) by extension 'python'
[0.221s] Level 1:colcon.colcon_core.package_identification:_identify(src) by extensions ['python_setup_py']
[0.221s] Level 1:colcon.colcon_core.package_identification:_identify(src) by extension 'python_setup_py'
[0.221s] Level 1:colcon.colcon_core.package_identification:_identify(src/drone_controller) by extensions ['ignore', 'ignore_ament_install']
[0.221s] Level 1:colcon.colcon_core.package_identification:_identify(src/drone_controller) by extension 'ignore'
[0.221s] Level 1:colcon.colcon_core.package_identification:_identify(src/drone_controller) by extension 'ignore_ament_install'
[0.221s] Level 1:colcon.colcon_core.package_identification:_identify(src/drone_controller) by extensions ['colcon_pkg']
[0.221s] Level 1:colcon.colcon_core.package_identification:_identify(src/drone_controller) by extension 'colcon_pkg'
[0.222s] Level 1:colcon.colcon_core.package_identification:_identify(src/drone_controller) by extensions ['colcon_meta']
[0.222s] Level 1:colcon.colcon_core.package_identification:_identify(src/drone_controller) by extension 'colcon_meta'
[0.222s] Level 1:colcon.colcon_core.package_identification:_identify(src/drone_controller) by extensions ['ros']
[0.222s] Level 1:colcon.colcon_core.package_identification:_identify(src/drone_controller) by extension 'ros'
[0.226s] DEBUG:colcon.colcon_core.package_identification:Package 'src/drone_controller' with type 'ros.ament_python' and name 'drone_controller'
[0.226s] Level 1:colcon.colcon_core.package_identification:_identify(src/drone_interfaces) by extensions ['ignore', 'ignore_ament_install']
[0.226s] Level 1:colcon.colcon_core.package_identification:_identify(src/drone_interfaces) by extension 'ignore'
[0.226s] Level 1:colcon.colcon_core.package_identification:_identify(src/drone_interfaces) by extension 'ignore_ament_install'
[0.226s] Level 1:colcon.colcon_core.package_identification:_identify(src/drone_interfaces) by extensions ['colcon_pkg']
[0.226s] Level 1:colcon.colcon_core.package_identification:_identify(src/drone_interfaces) by extension 'colcon_pkg'
[0.227s] Level 1:colcon.colcon_core.package_identification:_identify(src/drone_interfaces) by extensions ['colcon_meta']
[0.227s] Level 1:colcon.colcon_core.package_identification:_identify(src/drone_interfaces) by extension 'colcon_meta'
[0.227s] Level 1:colcon.colcon_core.package_identification:_identify(src/drone_interfaces) by extensions ['ros']
[0.227s] Level 1:colcon.colcon_core.package_identification:_identify(src/drone_interfaces) by extension 'ros'
[0.229s] DEBUG:colcon.colcon_core.package_identification:Package 'src/drone_interfaces' with type 'ros.ament_cmake' and name 'drone_interfaces'
[0.229s] Level 1:colcon.colcon_core.package_identification:_identify(src/drone_monitor) by extensions ['ignore', 'ignore_ament_install']
[0.229s] Level 1:colcon.colcon_core.package_identification:_identify(src/drone_monitor) by extension 'ignore'
[0.229s] Level 1:colcon.colcon_core.package_identification:_identify(src/drone_monitor) by extension 'ignore_ament_install'
[0.229s] Level 1:colcon.colcon_core.package_identification:_identify(src/drone_monitor) by extensions ['colcon_pkg']
[0.229s] Level 1:colcon.colcon_core.package_identification:_identify(src/drone_monitor) by extension 'colcon_pkg'
[0.229s] Level 1:colcon.colcon_core.package_identification:_identify(src/drone_monitor) by extensions ['colcon_meta']
[0.229s] Level 1:colcon.colcon_core.package_identification:_identify(src/drone_monitor) by extension 'colcon_meta'
[0.229s] Level 1:colcon.colcon_core.package_identification:_identify(src/drone_monitor) by extensions ['ros']
[0.229s] Level 1:colcon.colcon_core.package_identification:_identify(src/drone_monitor) by extension 'ros'
[0.230s] DEBUG:colcon.colcon_core.package_identification:Package 'src/drone_monitor' with type 'ros.ament_python' and name 'drone_monitor'
[0.230s] Level 1:colcon.colcon_core.package_identification:_identify(src/drone_vision) by extensions ['ignore', 'ignore_ament_install']
[0.231s] Level 1:colcon.colcon_core.package_identification:_identify(src/drone_vision) by extension 'ignore'
[0.231s] Level 1:colcon.colcon_core.package_identification:_identify(src/drone_vision) by extension 'ignore_ament_install'
[0.231s] Level 1:colcon.colcon_core.package_identification:_identify(src/drone_vision) by extensions ['colcon_pkg']
[0.231s] Level 1:colcon.colcon_core.package_identification:_identify(src/drone_vision) by extension 'colcon_pkg'
[0.231s] Level 1:colcon.colcon_core.package_identification:_identify(src/drone_vision) by extensions ['colcon_meta']
[0.231s] Level 1:colcon.colcon_core.package_identification:_identify(src/drone_vision) by extension 'colcon_meta'
[0.231s] Level 1:colcon.colcon_core.package_identification:_identify(src/drone_vision) by extensions ['ros']
[0.231s] Level 1:colcon.colcon_core.package_identification:_identify(src/drone_vision) by extension 'ros'
[0.232s] DEBUG:colcon.colcon_core.package_identification:Package 'src/drone_vision' with type 'ros.ament_python' and name 'drone_vision'
[0.232s] Level 1:colcon.colcon_core.package_identification:_identify(src/json_paths) by extensions ['ignore', 'ignore_ament_install']
[0.233s] Level 1:colcon.colcon_core.package_identification:_identify(src/json_paths) by extension 'ignore'
[0.233s] Level 1:colcon.colcon_core.package_identification:_identify(src/json_paths) by extension 'ignore_ament_install'
[0.233s] Level 1:colcon.colcon_core.package_identification:_identify(src/json_paths) by extensions ['colcon_pkg']
[0.233s] Level 1:colcon.colcon_core.package_identification:_identify(src/json_paths) by extension 'colcon_pkg'
[0.233s] Level 1:colcon.colcon_core.package_identification:_identify(src/json_paths) by extensions ['colcon_meta']
[0.233s] Level 1:colcon.colcon_core.package_identification:_identify(src/json_paths) by extension 'colcon_meta'
[0.233s] Level 1:colcon.colcon_core.package_identification:_identify(src/json_paths) by extensions ['ros']
[0.233s] Level 1:colcon.colcon_core.package_identification:_identify(src/json_paths) by extension 'ros'
[0.233s] Level 1:colcon.colcon_core.package_identification:_identify(src/json_paths) by extensions ['cmake', 'python']
[0.233s] Level 1:colcon.colcon_core.package_identification:_identify(src/json_paths) by extension 'cmake'
[0.233s] Level 1:colcon.colcon_core.package_identification:_identify(src/json_paths) by extension 'python'
[0.233s] Level 1:colcon.colcon_core.package_identification:_identify(src/json_paths) by extensions ['python_setup_py']
[0.233s] Level 1:colcon.colcon_core.package_identification:_identify(src/json_paths) by extension 'python_setup_py'
[0.233s] Level 1:colcon.colcon_core.package_identification:_identify(src/scripts) by extensions ['ignore', 'ignore_ament_install']
[0.233s] Level 1:colcon.colcon_core.package_identification:_identify(src/scripts) by extension 'ignore'
[0.233s] Level 1:colcon.colcon_core.package_identification:_identify(src/scripts) by extension 'ignore_ament_install'
[0.233s] Level 1:colcon.colcon_core.package_identification:_identify(src/scripts) by extensions ['colcon_pkg']
[0.233s] Level 1:colcon.colcon_core.package_identification:_identify(src/scripts) by extension 'colcon_pkg'
[0.233s] Level 1:colcon.colcon_core.package_identification:_identify(src/scripts) by extensions ['colcon_meta']
[0.233s] Level 1:colcon.colcon_core.package_identification:_identify(src/scripts) by extension 'colcon_meta'
[0.234s] Level 1:colcon.colcon_core.package_identification:_identify(src/scripts) by extensions ['ros']
[0.234s] Level 1:colcon.colcon_core.package_identification:_identify(src/scripts) by extension 'ros'
[0.234s] Level 1:colcon.colcon_core.package_identification:_identify(src/scripts) by extensions ['cmake', 'python']
[0.234s] Level 1:colcon.colcon_core.package_identification:_identify(src/scripts) by extension 'cmake'
[0.234s] Level 1:colcon.colcon_core.package_identification:_identify(src/scripts) by extension 'python'
[0.234s] Level 1:colcon.colcon_core.package_identification:_identify(src/scripts) by extensions ['python_setup_py']
[0.234s] Level 1:colcon.colcon_core.package_identification:_identify(src/scripts) by extension 'python_setup_py'
[0.234s] Level 1:colcon.colcon_core.package_identification:_identify(src/shell) by extensions ['ignore', 'ignore_ament_install']
[0.234s] Level 1:colcon.colcon_core.package_identification:_identify(src/shell) by extension 'ignore'
[0.234s] Level 1:colcon.colcon_core.package_identification:_identify(src/shell) by extension 'ignore_ament_install'
[0.234s] Level 1:colcon.colcon_core.package_identification:_identify(src/shell) by extensions ['colcon_pkg']
[0.234s] Level 1:colcon.colcon_core.package_identification:_identify(src/shell) by extension 'colcon_pkg'
[0.234s] Level 1:colcon.colcon_core.package_identification:_identify(src/shell) by extensions ['colcon_meta']
[0.234s] Level 1:colcon.colcon_core.package_identification:_identify(src/shell) by extension 'colcon_meta'
[0.234s] Level 1:colcon.colcon_core.package_identification:_identify(src/shell) by extensions ['ros']
[0.234s] Level 1:colcon.colcon_core.package_identification:_identify(src/shell) by extension 'ros'
[0.234s] Level 1:colcon.colcon_core.package_identification:_identify(src/shell) by extensions ['cmake', 'python']
[0.234s] Level 1:colcon.colcon_core.package_identification:_identify(src/shell) by extension 'cmake'
[0.234s] Level 1:colcon.colcon_core.package_identification:_identify(src/shell) by extension 'python'
[0.234s] Level 1:colcon.colcon_core.package_identification:_identify(src/shell) by extensions ['python_setup_py']
[0.234s] Level 1:colcon.colcon_core.package_identification:_identify(src/shell) by extension 'python_setup_py'
[0.234s] Level 1:colcon.colcon_core.package_identification:_identify(src/test_demo) by extensions ['ignore', 'ignore_ament_install']
[0.235s] Level 1:colcon.colcon_core.package_identification:_identify(src/test_demo) by extension 'ignore'
[0.235s] Level 1:colcon.colcon_core.package_identification:_identify(src/test_demo) by extension 'ignore_ament_install'
[0.235s] Level 1:colcon.colcon_core.package_identification:_identify(src/test_demo) by extensions ['colcon_pkg']
[0.235s] Level 1:colcon.colcon_core.package_identification:_identify(src/test_demo) by extension 'colcon_pkg'
[0.235s] Level 1:colcon.colcon_core.package_identification:_identify(src/test_demo) by extensions ['colcon_meta']
[0.235s] Level 1:colcon.colcon_core.package_identification:_identify(src/test_demo) by extension 'colcon_meta'
[0.235s] Level 1:colcon.colcon_core.package_identification:_identify(src/test_demo) by extensions ['ros']
[0.235s] Level 1:colcon.colcon_core.package_identification:_identify(src/test_demo) by extension 'ros'
[0.235s] Level 1:colcon.colcon_core.package_identification:_identify(src/test_demo) by extensions ['cmake', 'python']
[0.235s] Level 1:colcon.colcon_core.package_identification:_identify(src/test_demo) by extension 'cmake'
[0.235s] Level 1:colcon.colcon_core.package_identification:_identify(src/test_demo) by extension 'python'
[0.235s] Level 1:colcon.colcon_core.package_identification:_identify(src/test_demo) by extensions ['python_setup_py']
[0.235s] Level 1:colcon.colcon_core.package_identification:_identify(src/test_demo) by extension 'python_setup_py'
[0.235s] Level 1:colcon.colcon_core.package_discovery:discover_packages(recursive) using defaults
[0.235s] Level 1:colcon.colcon_core.package_discovery:discover_packages(ignore) discover
[0.235s] Level 1:colcon.colcon_core.package_discovery:discover_packages(ignore) using defaults
[0.235s] Level 1:colcon.colcon_core.package_discovery:discover_packages(path) discover
[0.235s] Level 1:colcon.colcon_core.package_discovery:discover_packages(path) using defaults
[0.266s] Level 1:colcon.colcon_core.package_discovery:discover_packages(prefix_path) check parameters
[0.266s] Level 1:colcon.colcon_core.package_discovery:discover_packages(prefix_path) discover
[0.268s] DEBUG:colcon.colcon_installed_package_information.package_discovery:Found 4 installed packages in /home/ccl/Multitask-Drone/install
[0.269s] DEBUG:colcon.colcon_installed_package_information.package_discovery:Found 277 installed packages in /opt/ros/humble
[0.270s] Level 1:colcon.colcon_core.package_discovery:discover_packages(prefix_path) using defaults
[0.305s] Level 5:colcon.colcon_core.verb:set package 'drone_interfaces' build argument 'cmake_args' from command line to 'None'
[0.306s] Level 5:colcon.colcon_core.verb:set package 'drone_interfaces' build argument 'cmake_target' from command line to 'None'
[0.306s] Level 5:colcon.colcon_core.verb:set package 'drone_interfaces' build argument 'cmake_target_skip_unavailable' from command line to 'False'
[0.306s] Level 5:colcon.colcon_core.verb:set package 'drone_interfaces' build argument 'cmake_clean_cache' from command line to 'False'
[0.306s] Level 5:colcon.colcon_core.verb:set package 'drone_interfaces' build argument 'cmake_clean_first' from command line to 'False'
[0.306s] Level 5:colcon.colcon_core.verb:set package 'drone_interfaces' build argument 'cmake_force_configure' from command line to 'False'
[0.306s] Level 5:colcon.colcon_core.verb:set package 'drone_interfaces' build argument 'ament_cmake_args' from command line to 'None'
[0.306s] Level 5:colcon.colcon_core.verb:set package 'drone_interfaces' build argument 'catkin_cmake_args' from command line to 'None'
[0.306s] Level 5:colcon.colcon_core.verb:set package 'drone_interfaces' build argument 'catkin_skip_building_tests' from command line to 'False'
[0.306s] DEBUG:colcon.colcon_core.verb:Building package 'drone_interfaces' with the following arguments: {'ament_cmake_args': None, 'build_base': '/home/ccl/Multitask-Drone/build/drone_interfaces', 'catkin_cmake_args': None, 'catkin_skip_building_tests': False, 'cmake_args': None, 'cmake_clean_cache': False, 'cmake_clean_first': False, 'cmake_force_configure': False, 'cmake_target': None, 'cmake_target_skip_unavailable': False, 'install_base': '/home/ccl/Multitask-Drone/install/drone_interfaces', 'merge_install': False, 'path': '/home/ccl/Multitask-Drone/src/drone_interfaces', 'symlink_install': False, 'test_result_base': None}
[0.307s] Level 5:colcon.colcon_core.verb:set package 'drone_monitor' build argument 'cmake_args' from command line to 'None'
[0.307s] Level 5:colcon.colcon_core.verb:set package 'drone_monitor' build argument 'cmake_target' from command line to 'None'
[0.307s] Level 5:colcon.colcon_core.verb:set package 'drone_monitor' build argument 'cmake_target_skip_unavailable' from command line to 'False'
[0.307s] Level 5:colcon.colcon_core.verb:set package 'drone_monitor' build argument 'cmake_clean_cache' from command line to 'False'
[0.307s] Level 5:colcon.colcon_core.verb:set package 'drone_monitor' build argument 'cmake_clean_first' from command line to 'False'
[0.307s] Level 5:colcon.colcon_core.verb:set package 'drone_monitor' build argument 'cmake_force_configure' from command line to 'False'
[0.307s] Level 5:colcon.colcon_core.verb:set package 'drone_monitor' build argument 'ament_cmake_args' from command line to 'None'
[0.307s] Level 5:colcon.colcon_core.verb:set package 'drone_monitor' build argument 'catkin_cmake_args' from command line to 'None'
[0.307s] Level 5:colcon.colcon_core.verb:set package 'drone_monitor' build argument 'catkin_skip_building_tests' from command line to 'False'
[0.307s] DEBUG:colcon.colcon_core.verb:Building package 'drone_monitor' with the following arguments: {'ament_cmake_args': None, 'build_base': '/home/ccl/Multitask-Drone/build/drone_monitor', 'catkin_cmake_args': None, 'catkin_skip_building_tests': False, 'cmake_args': None, 'cmake_clean_cache': False, 'cmake_clean_first': False, 'cmake_force_configure': False, 'cmake_target': None, 'cmake_target_skip_unavailable': False, 'install_base': '/home/ccl/Multitask-Drone/install/drone_monitor', 'merge_install': False, 'path': '/home/ccl/Multitask-Drone/src/drone_monitor', 'symlink_install': False, 'test_result_base': None}
[0.308s] Level 5:colcon.colcon_core.verb:set package 'drone_controller' build argument 'cmake_args' from command line to 'None'
[0.308s] Level 5:colcon.colcon_core.verb:set package 'drone_controller' build argument 'cmake_target' from command line to 'None'
[0.308s] Level 5:colcon.colcon_core.verb:set package 'drone_controller' build argument 'cmake_target_skip_unavailable' from command line to 'False'
[0.308s] Level 5:colcon.colcon_core.verb:set package 'drone_controller' build argument 'cmake_clean_cache' from command line to 'False'
[0.308s] Level 5:colcon.colcon_core.verb:set package 'drone_controller' build argument 'cmake_clean_first' from command line to 'False'
[0.308s] Level 5:colcon.colcon_core.verb:set package 'drone_controller' build argument 'cmake_force_configure' from command line to 'False'
[0.308s] Level 5:colcon.colcon_core.verb:set package 'drone_controller' build argument 'ament_cmake_args' from command line to 'None'
[0.308s] Level 5:colcon.colcon_core.verb:set package 'drone_controller' build argument 'catkin_cmake_args' from command line to 'None'
[0.308s] Level 5:colcon.colcon_core.verb:set package 'drone_controller' build argument 'catkin_skip_building_tests' from command line to 'False'
[0.308s] DEBUG:colcon.colcon_core.verb:Building package 'drone_controller' with the following arguments: {'ament_cmake_args': None, 'build_base': '/home/ccl/Multitask-Drone/build/drone_controller', 'catkin_cmake_args': None, 'catkin_skip_building_tests': False, 'cmake_args': None, 'cmake_clean_cache': False, 'cmake_clean_first': False, 'cmake_force_configure': False, 'cmake_target': None, 'cmake_target_skip_unavailable': False, 'install_base': '/home/ccl/Multitask-Drone/install/drone_controller', 'merge_install': False, 'path': '/home/ccl/Multitask-Drone/src/drone_controller', 'symlink_install': False, 'test_result_base': None}
[0.308s] Level 5:colcon.colcon_core.verb:set package 'drone_vision' build argument 'cmake_args' from command line to 'None'
[0.308s] Level 5:colcon.colcon_core.verb:set package 'drone_vision' build argument 'cmake_target' from command line to 'None'
[0.308s] Level 5:colcon.colcon_core.verb:set package 'drone_vision' build argument 'cmake_target_skip_unavailable' from command line to 'False'
[0.308s] Level 5:colcon.colcon_core.verb:set package 'drone_vision' build argument 'cmake_clean_cache' from command line to 'False'
[0.308s] Level 5:colcon.colcon_core.verb:set package 'drone_vision' build argument 'cmake_clean_first' from command line to 'False'
[0.308s] Level 5:colcon.colcon_core.verb:set package 'drone_vision' build argument 'cmake_force_configure' from command line to 'False'
[0.308s] Level 5:colcon.colcon_core.verb:set package 'drone_vision' build argument 'ament_cmake_args' from command line to 'None'
[0.308s] Level 5:colcon.colcon_core.verb:set package 'drone_vision' build argument 'catkin_cmake_args' from command line to 'None'
[0.309s] Level 5:colcon.colcon_core.verb:set package 'drone_vision' build argument 'catkin_skip_building_tests' from command line to 'False'
[0.309s] DEBUG:colcon.colcon_core.verb:Building package 'drone_vision' with the following arguments: {'ament_cmake_args': None, 'build_base': '/home/ccl/Multitask-Drone/build/drone_vision', 'catkin_cmake_args': None, 'catkin_skip_building_tests': False, 'cmake_args': None, 'cmake_clean_cache': False, 'cmake_clean_first': False, 'cmake_force_configure': False, 'cmake_target': None, 'cmake_target_skip_unavailable': False, 'install_base': '/home/ccl/Multitask-Drone/install/drone_vision', 'merge_install': False, 'path': '/home/ccl/Multitask-Drone/src/drone_vision', 'symlink_install': False, 'test_result_base': None}
[0.309s] INFO:colcon.colcon_core.executor:Executing jobs using 'parallel' executor
[0.313s] DEBUG:colcon.colcon_parallel_executor.executor.parallel:run_until_complete
[0.313s] INFO:colcon.colcon_ros.task.ament_cmake.build:Building ROS package in '/home/ccl/Multitask-Drone/src/drone_interfaces' with build type 'ament_cmake'
[0.313s] INFO:colcon.colcon_cmake.task.cmake.build:Building CMake package in '/home/ccl/Multitask-Drone/src/drone_interfaces'
[0.315s] INFO:colcon.colcon_core.plugin_system:Skipping extension 'colcon_core.shell.bat': Not used on non-Windows systems
[0.315s] INFO:colcon.colcon_core.shell:Skip shell extension 'powershell' for command environment: Not usable outside of PowerShell
[0.315s] DEBUG:colcon.colcon_core.shell:Skip shell extension 'dsv' for command environment
[0.322s] INFO:colcon.colcon_ros.task.ament_python.build:Building ROS package in '/home/ccl/Multitask-Drone/src/drone_monitor' with build type 'ament_python'
[0.323s] Level 1:colcon.colcon_core.shell:create_environment_hook('drone_monitor', 'ament_prefix_path')
[0.323s] INFO:colcon.colcon_core.shell:Creating environment hook '/home/ccl/Multitask-Drone/install/drone_monitor/share/drone_monitor/hook/ament_prefix_path.ps1'
[0.324s] INFO:colcon.colcon_core.shell:Creating environment descriptor '/home/ccl/Multitask-Drone/install/drone_monitor/share/drone_monitor/hook/ament_prefix_path.dsv'
[0.324s] INFO:colcon.colcon_core.shell:Creating environment hook '/home/ccl/Multitask-Drone/install/drone_monitor/share/drone_monitor/hook/ament_prefix_path.sh'
[0.326s] INFO:colcon.colcon_core.shell:Skip shell extension 'powershell' for command environment: Not usable outside of PowerShell
[0.326s] DEBUG:colcon.colcon_core.shell:Skip shell extension 'dsv' for command environment
[0.339s] DEBUG:colcon.colcon_core.event_handler.log_command:Invoking command in '/home/ccl/Multitask-Drone/build/drone_interfaces': CMAKE_PREFIX_PATH=${CMAKE_PREFIX_PATH}:/home/ccl/Multitask-Drone/install/drone_vision:/home/ccl/Multitask-Drone/install/drone_monitor:/home/ccl/Multitask-Drone/install/drone_controller:/opt/ros/humble /usr/bin/cmake --build /home/ccl/Multitask-Drone/build/drone_interfaces -- -j8 -l8
[0.626s] INFO:colcon.colcon_core.task.python.build:Building Python package in '/home/ccl/Multitask-Drone/src/drone_monitor'
[0.626s] INFO:colcon.colcon_core.shell:Skip shell extension 'powershell' for command environment: Not usable outside of PowerShell
[0.626s] DEBUG:colcon.colcon_core.shell:Skip shell extension 'dsv' for command environment
[0.936s] DEBUG:colcon.colcon_core.event_handler.log_command:Invoking command in '/home/ccl/Multitask-Drone/src/drone_monitor': PYTHONPATH=/home/ccl/Multitask-Drone/build/drone_monitor/prefix_override:/usr/lib/python3/dist-packages/colcon_core/task/python/colcon_distutils_commands:/home/ccl/Multitask-Drone/install/drone_monitor/lib/python3.10/site-packages:${PYTHONPATH} /usr/bin/python3 -W ignore:setup.py install is deprecated -W ignore:easy_install command is deprecated setup.py egg_info --egg-base ../../build/drone_monitor build --build-base /home/ccl/Multitask-Drone/build/drone_monitor/build install --record /home/ccl/Multitask-Drone/build/drone_monitor/install.log --single-version-externally-managed install_data
[1.270s] DEBUG:colcon.colcon_core.event_handler.log_command:Invoked command in '/home/ccl/Multitask-Drone/src/drone_monitor' returned '0': PYTHONPATH=/home/ccl/Multitask-Drone/build/drone_monitor/prefix_override:/usr/lib/python3/dist-packages/colcon_core/task/python/colcon_distutils_commands:/home/ccl/Multitask-Drone/install/drone_monitor/lib/python3.10/site-packages:${PYTHONPATH} /usr/bin/python3 -W ignore:setup.py install is deprecated -W ignore:easy_install command is deprecated setup.py egg_info --egg-base ../../build/drone_monitor build --build-base /home/ccl/Multitask-Drone/build/drone_monitor/build install --record /home/ccl/Multitask-Drone/build/drone_monitor/install.log --single-version-externally-managed install_data
[1.272s] Level 1:colcon.colcon_core.environment:checking '/home/ccl/Multitask-Drone/install/drone_monitor' for CMake module files
[1.272s] Level 1:colcon.colcon_core.environment:checking '/home/ccl/Multitask-Drone/install/drone_monitor' for CMake config files
[1.273s] Level 1:colcon.colcon_core.environment:checking '/home/ccl/Multitask-Drone/install/drone_monitor/lib'
[1.273s] Level 1:colcon.colcon_core.environment:checking '/home/ccl/Multitask-Drone/install/drone_monitor/bin'
[1.273s] Level 1:colcon.colcon_core.environment:checking '/home/ccl/Multitask-Drone/install/drone_monitor/lib/pkgconfig/drone_monitor.pc'
[1.273s] Level 1:colcon.colcon_core.environment:checking '/home/ccl/Multitask-Drone/install/drone_monitor/lib/python3.10/site-packages'
[1.273s] Level 1:colcon.colcon_core.shell:create_environment_hook('drone_monitor', 'pythonpath')
[1.274s] INFO:colcon.colcon_core.shell:Creating environment hook '/home/ccl/Multitask-Drone/install/drone_monitor/share/drone_monitor/hook/pythonpath.ps1'
[1.275s] INFO:colcon.colcon_core.shell:Creating environment descriptor '/home/ccl/Multitask-Drone/install/drone_monitor/share/drone_monitor/hook/pythonpath.dsv'
[1.276s] INFO:colcon.colcon_core.shell:Creating environment hook '/home/ccl/Multitask-Drone/install/drone_monitor/share/drone_monitor/hook/pythonpath.sh'
[1.276s] Level 1:colcon.colcon_core.environment:checking '/home/ccl/Multitask-Drone/install/drone_monitor/bin'
[1.276s] Level 1:colcon.colcon_core.environment:create_environment_scripts_only(drone_monitor)
[1.277s] INFO:colcon.colcon_core.shell:Creating package script '/home/ccl/Multitask-Drone/install/drone_monitor/share/drone_monitor/package.ps1'
[1.277s] INFO:colcon.colcon_core.shell:Creating package descriptor '/home/ccl/Multitask-Drone/install/drone_monitor/share/drone_monitor/package.dsv'
[1.279s] INFO:colcon.colcon_core.shell:Creating package script '/home/ccl/Multitask-Drone/install/drone_monitor/share/drone_monitor/package.sh'
[1.279s] INFO:colcon.colcon_core.shell:Creating package script '/home/ccl/Multitask-Drone/install/drone_monitor/share/drone_monitor/package.bash'
[1.280s] INFO:colcon.colcon_core.shell:Creating package script '/home/ccl/Multitask-Drone/install/drone_monitor/share/drone_monitor/package.zsh'
[1.281s] Level 1:colcon.colcon_core.environment:create_file_with_runtime_dependencies(/home/ccl/Multitask-Drone/install/drone_monitor/share/colcon-core/packages/drone_monitor)
[1.410s] DEBUG:colcon.colcon_core.event_handler.log_command:Invoked command in '/home/ccl/Multitask-Drone/build/drone_interfaces' returned '0': CMAKE_PREFIX_PATH=${CMAKE_PREFIX_PATH}:/home/ccl/Multitask-Drone/install/drone_vision:/home/ccl/Multitask-Drone/install/drone_monitor:/home/ccl/Multitask-Drone/install/drone_controller:/opt/ros/humble /usr/bin/cmake --build /home/ccl/Multitask-Drone/build/drone_interfaces -- -j8 -l8
[1.421s] DEBUG:colcon.colcon_core.event_handler.log_command:Invoking command in '/home/ccl/Multitask-Drone/build/drone_interfaces': CMAKE_PREFIX_PATH=${CMAKE_PREFIX_PATH}:/home/ccl/Multitask-Drone/install/drone_vision:/home/ccl/Multitask-Drone/install/drone_monitor:/home/ccl/Multitask-Drone/install/drone_controller:/opt/ros/humble /usr/bin/cmake --install /home/ccl/Multitask-Drone/build/drone_interfaces
[1.491s] Level 1:colcon.colcon_core.environment:create_environment_scripts_only(drone_interfaces)
[1.492s] Level 1:colcon.colcon_core.environment:checking '/home/ccl/Multitask-Drone/install/drone_interfaces' for CMake module files
[1.494s] Level 1:colcon.colcon_core.environment:checking '/home/ccl/Multitask-Drone/install/drone_interfaces' for CMake config files
[1.494s] Level 1:colcon.colcon_core.shell:create_environment_hook('drone_interfaces', 'cmake_prefix_path')
[1.495s] INFO:colcon.colcon_core.shell:Creating environment hook '/home/ccl/Multitask-Drone/install/drone_interfaces/share/drone_interfaces/hook/cmake_prefix_path.ps1'
[1.496s] DEBUG:colcon.colcon_core.event_handler.log_command:Invoked command in '/home/ccl/Multitask-Drone/build/drone_interfaces' returned '0': CMAKE_PREFIX_PATH=${CMAKE_PREFIX_PATH}:/home/ccl/Multitask-Drone/install/drone_vision:/home/ccl/Multitask-Drone/install/drone_monitor:/home/ccl/Multitask-Drone/install/drone_controller:/opt/ros/humble /usr/bin/cmake --install /home/ccl/Multitask-Drone/build/drone_interfaces
[1.497s] INFO:colcon.colcon_core.shell:Creating environment descriptor '/home/ccl/Multitask-Drone/install/drone_interfaces/share/drone_interfaces/hook/cmake_prefix_path.dsv'
[1.497s] INFO:colcon.colcon_core.shell:Creating environment hook '/home/ccl/Multitask-Drone/install/drone_interfaces/share/drone_interfaces/hook/cmake_prefix_path.sh'
[1.498s] Level 1:colcon.colcon_core.environment:checking '/home/ccl/Multitask-Drone/install/drone_interfaces/lib'
[1.498s] Level 1:colcon.colcon_core.shell:create_environment_hook('drone_interfaces', 'ld_library_path_lib')
[1.499s] INFO:colcon.colcon_core.shell:Creating environment hook '/home/ccl/Multitask-Drone/install/drone_interfaces/share/drone_interfaces/hook/ld_library_path_lib.ps1'
[1.500s] INFO:colcon.colcon_core.shell:Creating environment descriptor '/home/ccl/Multitask-Drone/install/drone_interfaces/share/drone_interfaces/hook/ld_library_path_lib.dsv'
[1.501s] INFO:colcon.colcon_core.shell:Creating environment hook '/home/ccl/Multitask-Drone/install/drone_interfaces/share/drone_interfaces/hook/ld_library_path_lib.sh'
[1.502s] Level 1:colcon.colcon_core.environment:checking '/home/ccl/Multitask-Drone/install/drone_interfaces/bin'
[1.502s] Level 1:colcon.colcon_core.environment:checking '/home/ccl/Multitask-Drone/install/drone_interfaces/lib/pkgconfig/drone_interfaces.pc'
[1.502s] Level 1:colcon.colcon_core.environment:checking '/home/ccl/Multitask-Drone/install/drone_interfaces/lib/python3.10/site-packages'
[1.502s] Level 1:colcon.colcon_core.environment:checking '/home/ccl/Multitask-Drone/install/drone_interfaces/bin'
[1.503s] INFO:colcon.colcon_core.shell:Creating package script '/home/ccl/Multitask-Drone/install/drone_interfaces/share/drone_interfaces/package.ps1'
[1.503s] INFO:colcon.colcon_core.shell:Creating package descriptor '/home/ccl/Multitask-Drone/install/drone_interfaces/share/drone_interfaces/package.dsv'
[1.504s] INFO:colcon.colcon_core.shell:Creating package script '/home/ccl/Multitask-Drone/install/drone_interfaces/share/drone_interfaces/package.sh'
[1.505s] INFO:colcon.colcon_core.shell:Creating package script '/home/ccl/Multitask-Drone/install/drone_interfaces/share/drone_interfaces/package.bash'
[1.505s] INFO:colcon.colcon_core.shell:Creating package script '/home/ccl/Multitask-Drone/install/drone_interfaces/share/drone_interfaces/package.zsh'
[1.507s] Level 1:colcon.colcon_core.environment:create_file_with_runtime_dependencies(/home/ccl/Multitask-Drone/install/drone_interfaces/share/colcon-core/packages/drone_interfaces)
[1.507s] Level 1:colcon.colcon_core.environment:create_environment_scripts_only(drone_interfaces)
[1.508s] Level 1:colcon.colcon_core.environment:checking '/home/ccl/Multitask-Drone/install/drone_interfaces' for CMake module files
[1.508s] Level 1:colcon.colcon_core.environment:checking '/home/ccl/Multitask-Drone/install/drone_interfaces' for CMake config files
[1.508s] Level 1:colcon.colcon_core.shell:create_environment_hook('drone_interfaces', 'cmake_prefix_path')
[1.508s] INFO:colcon.colcon_core.shell:Creating environment hook '/home/ccl/Multitask-Drone/install/drone_interfaces/share/drone_interfaces/hook/cmake_prefix_path.ps1'
[1.509s] INFO:colcon.colcon_core.shell:Creating environment descriptor '/home/ccl/Multitask-Drone/install/drone_interfaces/share/drone_interfaces/hook/cmake_prefix_path.dsv'
[1.509s] INFO:colcon.colcon_core.shell:Creating environment hook '/home/ccl/Multitask-Drone/install/drone_interfaces/share/drone_interfaces/hook/cmake_prefix_path.sh'
[1.510s] Level 1:colcon.colcon_core.environment:checking '/home/ccl/Multitask-Drone/install/drone_interfaces/lib'
[1.510s] Level 1:colcon.colcon_core.shell:create_environment_hook('drone_interfaces', 'ld_library_path_lib')
[1.510s] INFO:colcon.colcon_core.shell:Creating environment hook '/home/ccl/Multitask-Drone/install/drone_interfaces/share/drone_interfaces/hook/ld_library_path_lib.ps1'
[1.510s] INFO:colcon.colcon_core.shell:Creating environment descriptor '/home/ccl/Multitask-Drone/install/drone_interfaces/share/drone_interfaces/hook/ld_library_path_lib.dsv'
[1.510s] INFO:colcon.colcon_core.shell:Creating environment hook '/home/ccl/Multitask-Drone/install/drone_interfaces/share/drone_interfaces/hook/ld_library_path_lib.sh'
[1.511s] Level 1:colcon.colcon_core.environment:checking '/home/ccl/Multitask-Drone/install/drone_interfaces/bin'
[1.511s] Level 1:colcon.colcon_core.environment:checking '/home/ccl/Multitask-Drone/install/drone_interfaces/lib/pkgconfig/drone_interfaces.pc'
[1.511s] Level 1:colcon.colcon_core.environment:checking '/home/ccl/Multitask-Drone/install/drone_interfaces/lib/python3.10/site-packages'
[1.511s] Level 1:colcon.colcon_core.environment:checking '/home/ccl/Multitask-Drone/install/drone_interfaces/bin'
[1.511s] INFO:colcon.colcon_core.shell:Creating package script '/home/ccl/Multitask-Drone/install/drone_interfaces/share/drone_interfaces/package.ps1'
[1.512s] INFO:colcon.colcon_core.shell:Creating package descriptor '/home/ccl/Multitask-Drone/install/drone_interfaces/share/drone_interfaces/package.dsv'
[1.512s] INFO:colcon.colcon_core.shell:Creating package script '/home/ccl/Multitask-Drone/install/drone_interfaces/share/drone_interfaces/package.sh'
[1.513s] INFO:colcon.colcon_core.shell:Creating package script '/home/ccl/Multitask-Drone/install/drone_interfaces/share/drone_interfaces/package.bash'
[1.513s] INFO:colcon.colcon_core.shell:Creating package script '/home/ccl/Multitask-Drone/install/drone_interfaces/share/drone_interfaces/package.zsh'
[1.514s] Level 1:colcon.colcon_core.environment:create_file_with_runtime_dependencies(/home/ccl/Multitask-Drone/install/drone_interfaces/share/colcon-core/packages/drone_interfaces)
[1.514s] INFO:colcon.colcon_ros.task.ament_python.build:Building ROS package in '/home/ccl/Multitask-Drone/src/drone_controller' with build type 'ament_python'
[1.514s] Level 1:colcon.colcon_core.shell:create_environment_hook('drone_controller', 'ament_prefix_path')
[1.514s] INFO:colcon.colcon_core.shell:Creating environment hook '/home/ccl/Multitask-Drone/install/drone_controller/share/drone_controller/hook/ament_prefix_path.ps1'
[1.516s] INFO:colcon.colcon_core.shell:Creating environment descriptor '/home/ccl/Multitask-Drone/install/drone_controller/share/drone_controller/hook/ament_prefix_path.dsv'
[1.517s] INFO:colcon.colcon_core.shell:Creating environment hook '/home/ccl/Multitask-Drone/install/drone_controller/share/drone_controller/hook/ament_prefix_path.sh'
[1.517s] INFO:colcon.colcon_core.shell:Skip shell extension 'powershell' for command environment: Not usable outside of PowerShell
[1.518s] DEBUG:colcon.colcon_core.shell:Skip shell extension 'dsv' for command environment
[1.523s] INFO:colcon.colcon_ros.task.ament_python.build:Building ROS package in '/home/ccl/Multitask-Drone/src/drone_vision' with build type 'ament_python'
[1.524s] Level 1:colcon.colcon_core.shell:create_environment_hook('drone_vision', 'ament_prefix_path')
[1.524s] INFO:colcon.colcon_core.shell:Creating environment hook '/home/ccl/Multitask-Drone/install/drone_vision/share/drone_vision/hook/ament_prefix_path.ps1'
[1.525s] INFO:colcon.colcon_core.shell:Creating environment descriptor '/home/ccl/Multitask-Drone/install/drone_vision/share/drone_vision/hook/ament_prefix_path.dsv'
[1.526s] INFO:colcon.colcon_core.shell:Creating environment hook '/home/ccl/Multitask-Drone/install/drone_vision/share/drone_vision/hook/ament_prefix_path.sh'
[1.528s] INFO:colcon.colcon_core.shell:Skip shell extension 'powershell' for command environment: Not usable outside of PowerShell
[1.528s] DEBUG:colcon.colcon_core.shell:Skip shell extension 'dsv' for command environment
[1.779s] INFO:colcon.colcon_core.task.python.build:Building Python package in '/home/ccl/Multitask-Drone/src/drone_controller'
[1.779s] INFO:colcon.colcon_core.shell:Skip shell extension 'powershell' for command environment: Not usable outside of PowerShell
[1.779s] DEBUG:colcon.colcon_core.shell:Skip shell extension 'dsv' for command environment
[2.023s] INFO:colcon.colcon_core.task.python.build:Building Python package in '/home/ccl/Multitask-Drone/src/drone_vision'
[2.024s] INFO:colcon.colcon_core.shell:Skip shell extension 'powershell' for command environment: Not usable outside of PowerShell
[2.024s] DEBUG:colcon.colcon_core.shell:Skip shell extension 'dsv' for command environment
[2.374s] DEBUG:colcon.colcon_core.event_handler.log_command:Invoking command in '/home/ccl/Multitask-Drone/src/drone_vision': PYTHONPATH=/home/ccl/Multitask-Drone/build/drone_vision/prefix_override:/usr/lib/python3/dist-packages/colcon_core/task/python/colcon_distutils_commands:/home/ccl/Multitask-Drone/install/drone_vision/lib/python3.10/site-packages:${PYTHONPATH} /usr/bin/python3 -W ignore:setup.py install is deprecated -W ignore:easy_install command is deprecated setup.py egg_info --egg-base ../../build/drone_vision build --build-base /home/ccl/Multitask-Drone/build/drone_vision/build install --record /home/ccl/Multitask-Drone/build/drone_vision/install.log --single-version-externally-managed install_data
[2.392s] DEBUG:colcon.colcon_core.event_handler.log_command:Invoking command in '/home/ccl/Multitask-Drone/src/drone_controller': PYTHONPATH=/home/ccl/Multitask-Drone/build/drone_controller/prefix_override:/usr/lib/python3/dist-packages/colcon_core/task/python/colcon_distutils_commands:/home/ccl/Multitask-Drone/install/drone_controller/lib/python3.10/site-packages:${PYTHONPATH} /usr/bin/python3 -W ignore:setup.py install is deprecated -W ignore:easy_install command is deprecated setup.py egg_info --egg-base ../../build/drone_controller build --build-base /home/ccl/Multitask-Drone/build/drone_controller/build install --record /home/ccl/Multitask-Drone/build/drone_controller/install.log --single-version-externally-managed install_data
[2.647s] Level 1:colcon.colcon_core.environment:checking '/home/ccl/Multitask-Drone/install/drone_vision' for CMake module files
[2.647s] DEBUG:colcon.colcon_core.event_handler.log_command:Invoked command in '/home/ccl/Multitask-Drone/src/drone_vision' returned '0': PYTHONPATH=/home/ccl/Multitask-Drone/build/drone_vision/prefix_override:/usr/lib/python3/dist-packages/colcon_core/task/python/colcon_distutils_commands:/home/ccl/Multitask-Drone/install/drone_vision/lib/python3.10/site-packages:${PYTHONPATH} /usr/bin/python3 -W ignore:setup.py install is deprecated -W ignore:easy_install command is deprecated setup.py egg_info --egg-base ../../build/drone_vision build --build-base /home/ccl/Multitask-Drone/build/drone_vision/build install --record /home/ccl/Multitask-Drone/build/drone_vision/install.log --single-version-externally-managed install_data
[2.647s] Level 1:colcon.colcon_core.environment:checking '/home/ccl/Multitask-Drone/install/drone_vision' for CMake config files
[2.648s] Level 1:colcon.colcon_core.environment:checking '/home/ccl/Multitask-Drone/install/drone_vision/lib'
[2.648s] Level 1:colcon.colcon_core.environment:checking '/home/ccl/Multitask-Drone/install/drone_vision/bin'
[2.648s] Level 1:colcon.colcon_core.environment:checking '/home/ccl/Multitask-Drone/install/drone_vision/lib/pkgconfig/drone_vision.pc'
[2.648s] Level 1:colcon.colcon_core.environment:checking '/home/ccl/Multitask-Drone/install/drone_vision/lib/python3.10/site-packages'
[2.648s] Level 1:colcon.colcon_core.shell:create_environment_hook('drone_vision', 'pythonpath')
[2.648s] INFO:colcon.colcon_core.shell:Creating environment hook '/home/ccl/Multitask-Drone/install/drone_vision/share/drone_vision/hook/pythonpath.ps1'
[2.649s] INFO:colcon.colcon_core.shell:Creating environment descriptor '/home/ccl/Multitask-Drone/install/drone_vision/share/drone_vision/hook/pythonpath.dsv'
[2.649s] INFO:colcon.colcon_core.shell:Creating environment hook '/home/ccl/Multitask-Drone/install/drone_vision/share/drone_vision/hook/pythonpath.sh'
[2.650s] Level 1:colcon.colcon_core.environment:checking '/home/ccl/Multitask-Drone/install/drone_vision/bin'
[2.650s] Level 1:colcon.colcon_core.environment:create_environment_scripts_only(drone_vision)
[2.655s] INFO:colcon.colcon_core.shell:Creating package script '/home/ccl/Multitask-Drone/install/drone_vision/share/drone_vision/package.ps1'
[2.655s] INFO:colcon.colcon_core.shell:Creating package descriptor '/home/ccl/Multitask-Drone/install/drone_vision/share/drone_vision/package.dsv'
[2.656s] INFO:colcon.colcon_core.shell:Creating package script '/home/ccl/Multitask-Drone/install/drone_vision/share/drone_vision/package.sh'
[2.656s] INFO:colcon.colcon_core.shell:Creating package script '/home/ccl/Multitask-Drone/install/drone_vision/share/drone_vision/package.bash'
[2.656s] INFO:colcon.colcon_core.shell:Creating package script '/home/ccl/Multitask-Drone/install/drone_vision/share/drone_vision/package.zsh'
[2.657s] Level 1:colcon.colcon_core.environment:create_file_with_runtime_dependencies(/home/ccl/Multitask-Drone/install/drone_vision/share/colcon-core/packages/drone_vision)
[2.661s] Level 1:colcon.colcon_core.environment:checking '/home/ccl/Multitask-Drone/install/drone_controller' for CMake module files
[2.661s] DEBUG:colcon.colcon_core.event_handler.log_command:Invoked command in '/home/ccl/Multitask-Drone/src/drone_controller' returned '0': PYTHONPATH=/home/ccl/Multitask-Drone/build/drone_controller/prefix_override:/usr/lib/python3/dist-packages/colcon_core/task/python/colcon_distutils_commands:/home/ccl/Multitask-Drone/install/drone_controller/lib/python3.10/site-packages:${PYTHONPATH} /usr/bin/python3 -W ignore:setup.py install is deprecated -W ignore:easy_install command is deprecated setup.py egg_info --egg-base ../../build/drone_controller build --build-base /home/ccl/Multitask-Drone/build/drone_controller/build install --record /home/ccl/Multitask-Drone/build/drone_controller/install.log --single-version-externally-managed install_data
[2.661s] Level 1:colcon.colcon_core.environment:checking '/home/ccl/Multitask-Drone/install/drone_controller' for CMake config files
[2.662s] Level 1:colcon.colcon_core.environment:checking '/home/ccl/Multitask-Drone/install/drone_controller/lib'
[2.662s] Level 1:colcon.colcon_core.environment:checking '/home/ccl/Multitask-Drone/install/drone_controller/bin'
[2.662s] Level 1:colcon.colcon_core.environment:checking '/home/ccl/Multitask-Drone/install/drone_controller/lib/pkgconfig/drone_controller.pc'
[2.662s] Level 1:colcon.colcon_core.environment:checking '/home/ccl/Multitask-Drone/install/drone_controller/lib/python3.10/site-packages'
[2.662s] Level 1:colcon.colcon_core.shell:create_environment_hook('drone_controller', 'pythonpath')
[2.662s] INFO:colcon.colcon_core.shell:Creating environment hook '/home/ccl/Multitask-Drone/install/drone_controller/share/drone_controller/hook/pythonpath.ps1'
[2.663s] INFO:colcon.colcon_core.shell:Creating environment descriptor '/home/ccl/Multitask-Drone/install/drone_controller/share/drone_controller/hook/pythonpath.dsv'
[2.663s] INFO:colcon.colcon_core.shell:Creating environment hook '/home/ccl/Multitask-Drone/install/drone_controller/share/drone_controller/hook/pythonpath.sh'
[2.664s] Level 1:colcon.colcon_core.environment:checking '/home/ccl/Multitask-Drone/install/drone_controller/bin'
[2.664s] Level 1:colcon.colcon_core.environment:create_environment_scripts_only(drone_controller)
[2.664s] INFO:colcon.colcon_core.shell:Creating package script '/home/ccl/Multitask-Drone/install/drone_controller/share/drone_controller/package.ps1'
[2.665s] INFO:colcon.colcon_core.shell:Creating package descriptor '/home/ccl/Multitask-Drone/install/drone_controller/share/drone_controller/package.dsv'
[2.665s] INFO:colcon.colcon_core.shell:Creating package script '/home/ccl/Multitask-Drone/install/drone_controller/share/drone_controller/package.sh'
[2.666s] INFO:colcon.colcon_core.shell:Creating package script '/home/ccl/Multitask-Drone/install/drone_controller/share/drone_controller/package.bash'
[2.666s] INFO:colcon.colcon_core.shell:Creating package script '/home/ccl/Multitask-Drone/install/drone_controller/share/drone_controller/package.zsh'
[2.666s] Level 1:colcon.colcon_core.environment:create_file_with_runtime_dependencies(/home/ccl/Multitask-Drone/install/drone_controller/share/colcon-core/packages/drone_controller)
[2.667s] DEBUG:colcon.colcon_parallel_executor.executor.parallel:closing loop
[2.667s] DEBUG:colcon.colcon_parallel_executor.executor.parallel:loop closed
[2.667s] DEBUG:colcon.colcon_parallel_executor.executor.parallel:run_until_complete finished with '0'
[2.667s] DEBUG:colcon.colcon_core.event_reactor:joining thread
[2.676s] INFO:colcon.colcon_core.plugin_system:Skipping extension 'colcon_notification.desktop_notification.terminal_notifier': Not used on non-Darwin systems
[2.676s] INFO:colcon.colcon_core.plugin_system:Skipping extension 'colcon_notification.desktop_notification.win32': Not used on non-Windows systems
[2.677s] INFO:colcon.colcon_notification.desktop_notification:Sending desktop notification using 'notify2'
[2.712s] DEBUG:colcon.colcon_core.event_reactor:joined thread
[2.712s] INFO:colcon.colcon_core.shell:Creating prefix script '/home/ccl/Multitask-Drone/install/local_setup.ps1'
[2.714s] INFO:colcon.colcon_core.shell:Creating prefix util module '/home/ccl/Multitask-Drone/install/_local_setup_util_ps1.py'
[2.716s] INFO:colcon.colcon_core.shell:Creating prefix chain script '/home/ccl/Multitask-Drone/install/setup.ps1'
[2.717s] INFO:colcon.colcon_core.shell:Creating prefix script '/home/ccl/Multitask-Drone/install/local_setup.sh'
[2.718s] INFO:colcon.colcon_core.shell:Creating prefix util module '/home/ccl/Multitask-Drone/install/_local_setup_util_sh.py'
[2.720s] INFO:colcon.colcon_core.shell:Creating prefix chain script '/home/ccl/Multitask-Drone/install/setup.sh'
[2.722s] INFO:colcon.colcon_core.shell:Creating prefix script '/home/ccl/Multitask-Drone/install/local_setup.bash'
[2.723s] INFO:colcon.colcon_core.shell:Creating prefix chain script '/home/ccl/Multitask-Drone/install/setup.bash'
[2.725s] INFO:colcon.colcon_core.shell:Creating prefix script '/home/ccl/Multitask-Drone/install/local_setup.zsh'
[2.726s] INFO:colcon.colcon_core.shell:Creating prefix chain script '/home/ccl/Multitask-Drone/install/setup.zsh'
