[1.805s] Invoking command in '/home/jetson/Multitask-Drone/src/drone_monitor': PYTHONPATH=/home/jetson/Multitask-Drone/build/drone_monitor/prefix_override:/usr/lib/python3/dist-packages/colcon_core/task/python/colcon_distutils_commands:/home/jetson/Multitask-Drone/install/drone_monitor/lib/python3.10/site-packages:${PYTHONPATH} /usr/bin/python3 -W ignore:setup.py install is deprecated -W ignore:easy_install command is deprecated setup.py egg_info --egg-base ../../build/drone_monitor build --build-base /home/jetson/Multitask-Drone/build/drone_monitor/build install --record /home/jetson/Multitask-Drone/build/drone_monitor/install.log --single-version-externally-managed install_data
[2.221s] running egg_info
[2.222s] writing ../../build/drone_monitor/drone_monitor.egg-info/PKG-INFO
[2.223s] writing dependency_links to ../../build/drone_monitor/drone_monitor.egg-info/dependency_links.txt
[2.223s] writing entry points to ../../build/drone_monitor/drone_monitor.egg-info/entry_points.txt
[2.223s] writing requirements to ../../build/drone_monitor/drone_monitor.egg-info/requires.txt
[2.224s] writing top-level names to ../../build/drone_monitor/drone_monitor.egg-info/top_level.txt
[2.227s] reading manifest file '../../build/drone_monitor/drone_monitor.egg-info/SOURCES.txt'
[2.228s] adding license file 'LICENSE'
[2.229s] writing manifest file '../../build/drone_monitor/drone_monitor.egg-info/SOURCES.txt'
[2.229s] running build
[2.229s] running build_py
[2.230s] running install
[2.230s] running install_lib
[2.233s] running install_data
[2.233s] running install_egg_info
[2.236s] removing '/home/jetson/Multitask-Drone/install/drone_monitor/lib/python3.10/site-packages/drone_monitor-0.0.0-py3.10.egg-info' (and everything under it)
[2.237s] Copying ../../build/drone_monitor/drone_monitor.egg-info to /home/jetson/Multitask-Drone/install/drone_monitor/lib/python3.10/site-packages/drone_monitor-0.0.0-py3.10.egg-info
[2.239s] running install_scripts
[2.275s] writing list of installed files to '/home/jetson/Multitask-Drone/build/drone_monitor/install.log'
[2.353s] Invoked command in '/home/jetson/Multitask-Drone/src/drone_monitor' returned '0': PYTHONPATH=/home/jetson/Multitask-Drone/build/drone_monitor/prefix_override:/usr/lib/python3/dist-packages/colcon_core/task/python/colcon_distutils_commands:/home/jetson/Multitask-Drone/install/drone_monitor/lib/python3.10/site-packages:${PYTHONPATH} /usr/bin/python3 -W ignore:setup.py install is deprecated -W ignore:easy_install command is deprecated setup.py egg_info --egg-base ../../build/drone_monitor build --build-base /home/jetson/Multitask-Drone/build/drone_monitor/build install --record /home/jetson/Multitask-Drone/build/drone_monitor/install.log --single-version-externally-managed install_data
