/home/orangepi/Multitask-Drone/install/drone_vision/lib/python3.10/site-packages/drone_vision/__init__.py
/home/orangepi/Multitask-Drone/install/drone_vision/lib/python3.10/site-packages/drone_vision/object_detector.py
/home/orangepi/Multitask-Drone/install/drone_vision/lib/python3.10/site-packages/drone_vision/config.py
/home/orangepi/Multitask-Drone/install/drone_vision/lib/python3.10/site-packages/drone_vision/utils/__init__.py
/home/orangepi/Multitask-Drone/install/drone_vision/lib/python3.10/site-packages/drone_vision/utils/rknn_executor.py
/home/orangepi/Multitask-Drone/install/drone_vision/lib/python3.10/site-packages/drone_vision/utils/bound_detector.py
/home/orangepi/Multitask-Drone/install/drone_vision/lib/python3.10/site-packages/drone_vision/utils/rknn_helper.py
/home/orangepi/Multitask-Drone/install/drone_vision/lib/python3.10/site-packages/drone_vision/utils/coco_helper.py
/home/orangepi/Multitask-Drone/install/drone_vision/lib/python3.10/site-packages/drone_vision/__pycache__/__init__.cpython-310.pyc
/home/orangepi/Multitask-Drone/install/drone_vision/lib/python3.10/site-packages/drone_vision/__pycache__/object_detector.cpython-310.pyc
/home/orangepi/Multitask-Drone/install/drone_vision/lib/python3.10/site-packages/drone_vision/__pycache__/config.cpython-310.pyc
/home/orangepi/Multitask-Drone/install/drone_vision/lib/python3.10/site-packages/drone_vision/utils/__pycache__/__init__.cpython-310.pyc
/home/orangepi/Multitask-Drone/install/drone_vision/lib/python3.10/site-packages/drone_vision/utils/__pycache__/rknn_executor.cpython-310.pyc
/home/orangepi/Multitask-Drone/install/drone_vision/lib/python3.10/site-packages/drone_vision/utils/__pycache__/bound_detector.cpython-310.pyc
/home/orangepi/Multitask-Drone/install/drone_vision/lib/python3.10/site-packages/drone_vision/utils/__pycache__/rknn_helper.cpython-310.pyc
/home/orangepi/Multitask-Drone/install/drone_vision/lib/python3.10/site-packages/drone_vision/utils/__pycache__/coco_helper.cpython-310.pyc
/home/orangepi/Multitask-Drone/install/drone_vision/share/ament_index/resource_index/packages/drone_vision
/home/orangepi/Multitask-Drone/install/drone_vision/share/drone_vision/package.xml
/home/orangepi/Multitask-Drone/install/drone_vision/share/drone_vision/drone_vision.launch.py
/home/orangepi/Multitask-Drone/install/drone_vision/lib/python3.10/site-packages/drone_vision-0.0.0-py3.10.egg-info/top_level.txt
/home/orangepi/Multitask-Drone/install/drone_vision/lib/python3.10/site-packages/drone_vision-0.0.0-py3.10.egg-info/dependency_links.txt
/home/orangepi/Multitask-Drone/install/drone_vision/lib/python3.10/site-packages/drone_vision-0.0.0-py3.10.egg-info/SOURCES.txt
/home/orangepi/Multitask-Drone/install/drone_vision/lib/python3.10/site-packages/drone_vision-0.0.0-py3.10.egg-info/PKG-INFO
/home/orangepi/Multitask-Drone/install/drone_vision/lib/python3.10/site-packages/drone_vision-0.0.0-py3.10.egg-info/requires.txt
/home/orangepi/Multitask-Drone/install/drone_vision/lib/python3.10/site-packages/drone_vision-0.0.0-py3.10.egg-info/entry_points.txt
/home/orangepi/Multitask-Drone/install/drone_vision/lib/python3.10/site-packages/drone_vision-0.0.0-py3.10.egg-info/zip-safe
/home/orangepi/Multitask-Drone/install/drone_vision/lib/drone_vision/object_detector
