[1.584s] Invoking command in '/home/jetson/Multitask-Drone/src/drone_controller': AMENT_PREFIX_PATH=/home/jetson/Multitask-Drone/install/drone_interfaces:${AMENT_PREFIX_PATH} CMAKE_PREFIX_PATH=/home/jetson/Multitask-Drone/install/drone_interfaces LD_LIBRARY_PATH=/home/jetson/Multitask-Drone/install/drone_interfaces/lib:${LD_LIBRARY_PATH} PYTHONPATH=/home/jetson/Multitask-Drone/build/drone_controller/prefix_override:/usr/lib/python3/dist-packages/colcon_core/task/python/colcon_distutils_commands:/home/jetson/Multitask-Drone/install/drone_controller/lib/python3.10/site-packages:/home/jetson/Multitask-Drone/install/drone_interfaces/local/lib/python3.10/dist-packages:${PYTHONPATH} /usr/bin/python3 -W ignore:setup.py install is deprecated -W ignore:easy_install command is deprecated setup.py egg_info --egg-base ../../build/drone_controller build --build-base /home/jetson/Multitask-Drone/build/drone_controller/build install --record /home/jetson/Multitask-Drone/build/drone_controller/install.log --single-version-externally-managed install_data
[1.992s] running egg_info
[1.994s] creating ../../build/drone_controller/drone_controller.egg-info
[1.994s] writing ../../build/drone_controller/drone_controller.egg-info/PKG-INFO
[1.994s] writing dependency_links to ../../build/drone_controller/drone_controller.egg-info/dependency_links.txt
[1.995s] writing entry points to ../../build/drone_controller/drone_controller.egg-info/entry_points.txt
[1.995s] writing requirements to ../../build/drone_controller/drone_controller.egg-info/requires.txt
[1.995s] writing top-level names to ../../build/drone_controller/drone_controller.egg-info/top_level.txt
[1.995s] writing manifest file '../../build/drone_controller/drone_controller.egg-info/SOURCES.txt'
[1.999s] reading manifest file '../../build/drone_controller/drone_controller.egg-info/SOURCES.txt'
[1.999s] adding license file 'LICENSE'
[2.000s] writing manifest file '../../build/drone_controller/drone_controller.egg-info/SOURCES.txt'
[2.000s] running build
[2.001s] running build_py
[2.001s] creating /home/jetson/Multitask-Drone/build/drone_controller/build
[2.001s] creating /home/jetson/Multitask-Drone/build/drone_controller/build/lib
[2.001s] creating /home/jetson/Multitask-Drone/build/drone_controller/build/lib/drone_controller
[2.001s] copying drone_controller/config.py -> /home/jetson/Multitask-Drone/build/drone_controller/build/lib/drone_controller
[2.003s] copying drone_controller/drone_controller.py -> /home/jetson/Multitask-Drone/build/drone_controller/build/lib/drone_controller
[2.003s] copying drone_controller/__init__.py -> /home/jetson/Multitask-Drone/build/drone_controller/build/lib/drone_controller
[2.004s] copying drone_controller/constant.py -> /home/jetson/Multitask-Drone/build/drone_controller/build/lib/drone_controller
[2.004s] copying drone_controller/utils.py -> /home/jetson/Multitask-Drone/build/drone_controller/build/lib/drone_controller
[2.004s] copying drone_controller/yiku_test.py -> /home/jetson/Multitask-Drone/build/drone_controller/build/lib/drone_controller
[2.005s] creating /home/jetson/Multitask-Drone/build/drone_controller/build/lib/drone_controller/task
[2.005s] copying drone_controller/task/task_executor.py -> /home/jetson/Multitask-Drone/build/drone_controller/build/lib/drone_controller/task
[2.005s] copying drone_controller/task/task_handler.py -> /home/jetson/Multitask-Drone/build/drone_controller/build/lib/drone_controller/task
[2.006s] copying drone_controller/task/__init__.py -> /home/jetson/Multitask-Drone/build/drone_controller/build/lib/drone_controller/task
[2.006s] creating /home/jetson/Multitask-Drone/build/drone_controller/build/lib/drone_controller/waypoint
[2.006s] copying drone_controller/waypoint/waypoint_task_executor.py -> /home/jetson/Multitask-Drone/build/drone_controller/build/lib/drone_controller/waypoint
[2.006s] copying drone_controller/waypoint/waypoint_task_executor_test.py -> /home/jetson/Multitask-Drone/build/drone_controller/build/lib/drone_controller/waypoint
[2.007s] copying drone_controller/waypoint/waypoint_handler.py -> /home/jetson/Multitask-Drone/build/drone_controller/build/lib/drone_controller/waypoint
[2.007s] copying drone_controller/waypoint/__init__.py -> /home/jetson/Multitask-Drone/build/drone_controller/build/lib/drone_controller/waypoint
[2.007s] creating /home/jetson/Multitask-Drone/build/drone_controller/build/lib/drone_controller/payload
[2.007s] copying drone_controller/payload/__init__.py -> /home/jetson/Multitask-Drone/build/drone_controller/build/lib/drone_controller/payload
[2.007s] copying drone_controller/payload/payload_controller.py -> /home/jetson/Multitask-Drone/build/drone_controller/build/lib/drone_controller/payload
[2.008s] running install
[2.009s] running install_lib
[2.010s] creating /home/jetson/Multitask-Drone/install/drone_controller/lib/python3.10/site-packages/drone_controller
[2.010s] copying /home/jetson/Multitask-Drone/build/drone_controller/build/lib/drone_controller/config.py -> /home/jetson/Multitask-Drone/install/drone_controller/lib/python3.10/site-packages/drone_controller
[2.010s] copying /home/jetson/Multitask-Drone/build/drone_controller/build/lib/drone_controller/drone_controller.py -> /home/jetson/Multitask-Drone/install/drone_controller/lib/python3.10/site-packages/drone_controller
[2.011s] creating /home/jetson/Multitask-Drone/install/drone_controller/lib/python3.10/site-packages/drone_controller/task
[2.011s] copying /home/jetson/Multitask-Drone/build/drone_controller/build/lib/drone_controller/task/task_executor.py -> /home/jetson/Multitask-Drone/install/drone_controller/lib/python3.10/site-packages/drone_controller/task
[2.011s] copying /home/jetson/Multitask-Drone/build/drone_controller/build/lib/drone_controller/task/task_handler.py -> /home/jetson/Multitask-Drone/install/drone_controller/lib/python3.10/site-packages/drone_controller/task
[2.011s] copying /home/jetson/Multitask-Drone/build/drone_controller/build/lib/drone_controller/task/__init__.py -> /home/jetson/Multitask-Drone/install/drone_controller/lib/python3.10/site-packages/drone_controller/task
[2.011s] copying /home/jetson/Multitask-Drone/build/drone_controller/build/lib/drone_controller/__init__.py -> /home/jetson/Multitask-Drone/install/drone_controller/lib/python3.10/site-packages/drone_controller
[2.012s] creating /home/jetson/Multitask-Drone/install/drone_controller/lib/python3.10/site-packages/drone_controller/payload
[2.012s] copying /home/jetson/Multitask-Drone/build/drone_controller/build/lib/drone_controller/payload/__init__.py -> /home/jetson/Multitask-Drone/install/drone_controller/lib/python3.10/site-packages/drone_controller/payload
[2.012s] copying /home/jetson/Multitask-Drone/build/drone_controller/build/lib/drone_controller/payload/payload_controller.py -> /home/jetson/Multitask-Drone/install/drone_controller/lib/python3.10/site-packages/drone_controller/payload
[2.012s] copying /home/jetson/Multitask-Drone/build/drone_controller/build/lib/drone_controller/constant.py -> /home/jetson/Multitask-Drone/install/drone_controller/lib/python3.10/site-packages/drone_controller
[2.012s] creating /home/jetson/Multitask-Drone/install/drone_controller/lib/python3.10/site-packages/drone_controller/waypoint
[2.013s] copying /home/jetson/Multitask-Drone/build/drone_controller/build/lib/drone_controller/waypoint/waypoint_task_executor.py -> /home/jetson/Multitask-Drone/install/drone_controller/lib/python3.10/site-packages/drone_controller/waypoint
[2.013s] copying /home/jetson/Multitask-Drone/build/drone_controller/build/lib/drone_controller/waypoint/waypoint_task_executor_test.py -> /home/jetson/Multitask-Drone/install/drone_controller/lib/python3.10/site-packages/drone_controller/waypoint
[2.013s] copying /home/jetson/Multitask-Drone/build/drone_controller/build/lib/drone_controller/waypoint/waypoint_handler.py -> /home/jetson/Multitask-Drone/install/drone_controller/lib/python3.10/site-packages/drone_controller/waypoint
[2.014s] copying /home/jetson/Multitask-Drone/build/drone_controller/build/lib/drone_controller/waypoint/__init__.py -> /home/jetson/Multitask-Drone/install/drone_controller/lib/python3.10/site-packages/drone_controller/waypoint
[2.014s] copying /home/jetson/Multitask-Drone/build/drone_controller/build/lib/drone_controller/utils.py -> /home/jetson/Multitask-Drone/install/drone_controller/lib/python3.10/site-packages/drone_controller
[2.014s] copying /home/jetson/Multitask-Drone/build/drone_controller/build/lib/drone_controller/yiku_test.py -> /home/jetson/Multitask-Drone/install/drone_controller/lib/python3.10/site-packages/drone_controller
[2.016s] byte-compiling /home/jetson/Multitask-Drone/install/drone_controller/lib/python3.10/site-packages/drone_controller/config.py to config.cpython-310.pyc
[2.016s] byte-compiling /home/jetson/Multitask-Drone/install/drone_controller/lib/python3.10/site-packages/drone_controller/drone_controller.py to drone_controller.cpython-310.pyc
[2.018s] byte-compiling /home/jetson/Multitask-Drone/install/drone_controller/lib/python3.10/site-packages/drone_controller/task/task_executor.py to task_executor.cpython-310.pyc
[2.020s] byte-compiling /home/jetson/Multitask-Drone/install/drone_controller/lib/python3.10/site-packages/drone_controller/task/task_handler.py to task_handler.cpython-310.pyc
[2.021s] byte-compiling /home/jetson/Multitask-Drone/install/drone_controller/lib/python3.10/site-packages/drone_controller/task/__init__.py to __init__.cpython-310.pyc
[2.022s] byte-compiling /home/jetson/Multitask-Drone/install/drone_controller/lib/python3.10/site-packages/drone_controller/__init__.py to __init__.cpython-310.pyc
[2.022s] byte-compiling /home/jetson/Multitask-Drone/install/drone_controller/lib/python3.10/site-packages/drone_controller/payload/__init__.py to __init__.cpython-310.pyc
[2.022s] byte-compiling /home/jetson/Multitask-Drone/install/drone_controller/lib/python3.10/site-packages/drone_controller/payload/payload_controller.py to payload_controller.cpython-310.pyc
[2.023s] byte-compiling /home/jetson/Multitask-Drone/install/drone_controller/lib/python3.10/site-packages/drone_controller/constant.py to constant.cpython-310.pyc
[2.023s] byte-compiling /home/jetson/Multitask-Drone/install/drone_controller/lib/python3.10/site-packages/drone_controller/waypoint/waypoint_task_executor.py to waypoint_task_executor.cpython-310.pyc
[2.027s] byte-compiling /home/jetson/Multitask-Drone/install/drone_controller/lib/python3.10/site-packages/drone_controller/waypoint/waypoint_task_executor_test.py to waypoint_task_executor_test.cpython-310.pyc
[2.031s] byte-compiling /home/jetson/Multitask-Drone/install/drone_controller/lib/python3.10/site-packages/drone_controller/waypoint/waypoint_handler.py to waypoint_handler.cpython-310.pyc
[2.032s] byte-compiling /home/jetson/Multitask-Drone/install/drone_controller/lib/python3.10/site-packages/drone_controller/waypoint/__init__.py to __init__.cpython-310.pyc
[2.033s] byte-compiling /home/jetson/Multitask-Drone/install/drone_controller/lib/python3.10/site-packages/drone_controller/utils.py to utils.cpython-310.pyc
[2.034s] byte-compiling /home/jetson/Multitask-Drone/install/drone_controller/lib/python3.10/site-packages/drone_controller/yiku_test.py to yiku_test.cpython-310.pyc
[2.036s] running install_data
[2.036s] creating /home/jetson/Multitask-Drone/install/drone_controller/share/ament_index
[2.036s] creating /home/jetson/Multitask-Drone/install/drone_controller/share/ament_index/resource_index
[2.037s] creating /home/jetson/Multitask-Drone/install/drone_controller/share/ament_index/resource_index/packages
[2.037s] copying resource/drone_controller -> /home/jetson/Multitask-Drone/install/drone_controller/share/ament_index/resource_index/packages
[2.037s] copying package.xml -> /home/jetson/Multitask-Drone/install/drone_controller/share/drone_controller
[2.037s] copying launch/drone_controller.launch.py -> /home/jetson/Multitask-Drone/install/drone_controller/share/drone_controller
[2.037s] running install_egg_info
[2.040s] Copying ../../build/drone_controller/drone_controller.egg-info to /home/jetson/Multitask-Drone/install/drone_controller/lib/python3.10/site-packages/drone_controller-0.0.0-py3.10.egg-info
[2.042s] running install_scripts
[2.075s] Installing drone_controller script to /home/jetson/Multitask-Drone/install/drone_controller/lib/drone_controller
[2.075s] Installing task_executor script to /home/jetson/Multitask-Drone/install/drone_controller/lib/drone_controller
[2.075s] Installing waypoint_handler script to /home/jetson/Multitask-Drone/install/drone_controller/lib/drone_controller
[2.076s] Installing yiku_test script to /home/jetson/Multitask-Drone/install/drone_controller/lib/drone_controller
[2.077s] writing list of installed files to '/home/jetson/Multitask-Drone/build/drone_controller/install.log'
[2.143s] Invoked command in '/home/jetson/Multitask-Drone/src/drone_controller' returned '0': AMENT_PREFIX_PATH=/home/jetson/Multitask-Drone/install/drone_interfaces:${AMENT_PREFIX_PATH} CMAKE_PREFIX_PATH=/home/jetson/Multitask-Drone/install/drone_interfaces LD_LIBRARY_PATH=/home/jetson/Multitask-Drone/install/drone_interfaces/lib:${LD_LIBRARY_PATH} PYTHONPATH=/home/jetson/Multitask-Drone/build/drone_controller/prefix_override:/usr/lib/python3/dist-packages/colcon_core/task/python/colcon_distutils_commands:/home/jetson/Multitask-Drone/install/drone_controller/lib/python3.10/site-packages:/home/jetson/Multitask-Drone/install/drone_interfaces/local/lib/python3.10/dist-packages:${PYTHONPATH} /usr/bin/python3 -W ignore:setup.py install is deprecated -W ignore:easy_install command is deprecated setup.py egg_info --egg-base ../../build/drone_controller build --build-base /home/jetson/Multitask-Drone/build/drone_controller/build install --record /home/jetson/Multitask-Drone/build/drone_controller/install.log --single-version-externally-managed install_data
