running egg_info
writing ../../build/drone_vision/drone_vision.egg-info/PKG-INFO
writing dependency_links to ../../build/drone_vision/drone_vision.egg-info/dependency_links.txt
writing entry points to ../../build/drone_vision/drone_vision.egg-info/entry_points.txt
writing requirements to ../../build/drone_vision/drone_vision.egg-info/requires.txt
writing top-level names to ../../build/drone_vision/drone_vision.egg-info/top_level.txt
reading manifest file '../../build/drone_vision/drone_vision.egg-info/SOURCES.txt'
adding license file 'LICENSE'
writing manifest file '../../build/drone_vision/drone_vision.egg-info/SOURCES.txt'
running build
running build_py
copying drone_vision/config.py -> /home/orangepi/Multitask-Drone/build/drone_vision/build/lib/drone_vision
running install
running install_lib
copying /home/orangepi/Multitask-Drone/build/drone_vision/build/lib/drone_vision/config.py -> /home/orangepi/Multitask-Drone/install/drone_vision/lib/python3.10/site-packages/drone_vision
byte-compiling /home/orangepi/Multitask-Drone/install/drone_vision/lib/python3.10/site-packages/drone_vision/config.py to config.cpython-310.pyc
running install_data
running install_egg_info
removing '/home/orangepi/Multitask-Drone/install/drone_vision/lib/python3.10/site-packages/drone_vision-0.0.0-py3.10.egg-info' (and everything under it)
Copying ../../build/drone_vision/drone_vision.egg-info to /home/orangepi/Multitask-Drone/install/drone_vision/lib/python3.10/site-packages/drone_vision-0.0.0-py3.10.egg-info
running install_scripts
Installing object_detector script to /home/orangepi/Multitask-Drone/install/drone_vision/lib/drone_vision
writing list of installed files to '/home/orangepi/Multitask-Drone/build/drone_vision/install.log'
