[0.210s] DEBUG:colcon:Command line arguments: ['/usr/bin/colcon', 'build']
[0.210s] DEBUG:colcon:Parsed command line arguments: Namespace(log_base=None, log_level=None, verb_name='build', build_base='build', install_base='install', merge_install=False, symlink_install=False, test_result_base=None, continue_on_error=False, executor='parallel', parallel_workers=8, event_handlers=None, ignore_user_meta=False, metas=['./colcon.meta'], base_paths=['.'], packages_ignore=None, packages_ignore_regex=None, paths=None, packages_up_to=None, packages_up_to_regex=None, packages_above=None, packages_above_and_dependencies=None, packages_above_depth=None, packages_select_by_dep=None, packages_skip_by_dep=None, packages_skip_up_to=None, packages_select_build_failed=False, packages_skip_build_finished=False, packages_select_test_failures=False, packages_skip_test_passed=False, packages_select=None, packages_skip=None, packages_select_regex=None, packages_skip_regex=None, packages_start=None, packages_end=None, allow_overriding=[], cmake_args=None, cmake_target=None, cmake_target_skip_unavailable=False, cmake_clean_cache=False, cmake_clean_first=False, cmake_force_configure=False, ament_cmake_args=None, catkin_cmake_args=None, catkin_skip_building_tests=False, verb_parser=<colcon_defaults.argument_parser.defaults.DefaultArgumentsDecorator object at 0x70d27a50ce80>, verb_extension=<colcon_core.verb.build.BuildVerb object at 0x70d27a6663e0>, main=<bound method BuildVerb.main of <colcon_core.verb.build.BuildVerb object at 0x70d27a6663e0>>)
[0.585s] Level 1:colcon.colcon_core.package_discovery:discover_packages(colcon_meta) check parameters
[0.585s] Level 1:colcon.colcon_core.package_discovery:discover_packages(recursive) check parameters
[0.585s] Level 1:colcon.colcon_core.package_discovery:discover_packages(ignore) check parameters
[0.585s] Level 1:colcon.colcon_core.package_discovery:discover_packages(path) check parameters
[0.585s] Level 1:colcon.colcon_core.package_discovery:discover_packages(colcon_meta) discover
[0.585s] Level 1:colcon.colcon_core.package_discovery:discover_packages(recursive) discover
[0.585s] INFO:colcon.colcon_core.package_discovery:Crawling recursively for packages in '/home/ccl/Multitask-Drone'
[0.585s] Level 1:colcon.colcon_core.package_identification:_identify(.) by extensions ['ignore', 'ignore_ament_install']
[0.586s] Level 1:colcon.colcon_core.package_identification:_identify(.) by extension 'ignore'
[0.586s] Level 1:colcon.colcon_core.package_identification:_identify(.) by extension 'ignore_ament_install'
[0.586s] Level 1:colcon.colcon_core.package_identification:_identify(.) by extensions ['colcon_pkg']
[0.586s] Level 1:colcon.colcon_core.package_identification:_identify(.) by extension 'colcon_pkg'
[0.586s] Level 1:colcon.colcon_core.package_identification:_identify(.) by extensions ['colcon_meta']
[0.586s] Level 1:colcon.colcon_core.package_identification:_identify(.) by extension 'colcon_meta'
[0.586s] Level 1:colcon.colcon_core.package_identification:_identify(.) by extensions ['ros']
[0.586s] Level 1:colcon.colcon_core.package_identification:_identify(.) by extension 'ros'
[0.602s] Level 1:colcon.colcon_core.package_identification:_identify(.) by extensions ['cmake', 'python']
[0.602s] Level 1:colcon.colcon_core.package_identification:_identify(.) by extension 'cmake'
[0.602s] Level 1:colcon.colcon_core.package_identification:_identify(.) by extension 'python'
[0.602s] Level 1:colcon.colcon_core.package_identification:_identify(.) by extensions ['python_setup_py']
[0.602s] Level 1:colcon.colcon_core.package_identification:_identify(.) by extension 'python_setup_py'
[0.602s] Level 1:colcon.colcon_core.package_identification:_identify(build) by extensions ['ignore', 'ignore_ament_install']
[0.602s] Level 1:colcon.colcon_core.package_identification:_identify(build) by extension 'ignore'
[0.602s] Level 1:colcon.colcon_core.package_identification:_identify(build) ignored
[0.602s] Level 1:colcon.colcon_core.package_identification:_identify(install) by extensions ['ignore', 'ignore_ament_install']
[0.602s] Level 1:colcon.colcon_core.package_identification:_identify(install) by extension 'ignore'
[0.603s] Level 1:colcon.colcon_core.package_identification:_identify(install) ignored
[0.603s] Level 1:colcon.colcon_core.package_identification:_identify(log) by extensions ['ignore', 'ignore_ament_install']
[0.603s] Level 1:colcon.colcon_core.package_identification:_identify(log) by extension 'ignore'
[0.603s] Level 1:colcon.colcon_core.package_identification:_identify(log) ignored
[0.603s] Level 1:colcon.colcon_core.package_identification:_identify(src) by extensions ['ignore', 'ignore_ament_install']
[0.603s] Level 1:colcon.colcon_core.package_identification:_identify(src) by extension 'ignore'
[0.603s] Level 1:colcon.colcon_core.package_identification:_identify(src) by extension 'ignore_ament_install'
[0.603s] Level 1:colcon.colcon_core.package_identification:_identify(src) by extensions ['colcon_pkg']
[0.603s] Level 1:colcon.colcon_core.package_identification:_identify(src) by extension 'colcon_pkg'
[0.603s] Level 1:colcon.colcon_core.package_identification:_identify(src) by extensions ['colcon_meta']
[0.603s] Level 1:colcon.colcon_core.package_identification:_identify(src) by extension 'colcon_meta'
[0.603s] Level 1:colcon.colcon_core.package_identification:_identify(src) by extensions ['ros']
[0.603s] Level 1:colcon.colcon_core.package_identification:_identify(src) by extension 'ros'
[0.603s] Level 1:colcon.colcon_core.package_identification:_identify(src) by extensions ['cmake', 'python']
[0.603s] Level 1:colcon.colcon_core.package_identification:_identify(src) by extension 'cmake'
[0.603s] Level 1:colcon.colcon_core.package_identification:_identify(src) by extension 'python'
[0.603s] Level 1:colcon.colcon_core.package_identification:_identify(src) by extensions ['python_setup_py']
[0.603s] Level 1:colcon.colcon_core.package_identification:_identify(src) by extension 'python_setup_py'
[0.603s] Level 1:colcon.colcon_core.package_identification:_identify(src/drone_controller) by extensions ['ignore', 'ignore_ament_install']
[0.603s] Level 1:colcon.colcon_core.package_identification:_identify(src/drone_controller) by extension 'ignore'
[0.603s] Level 1:colcon.colcon_core.package_identification:_identify(src/drone_controller) by extension 'ignore_ament_install'
[0.604s] Level 1:colcon.colcon_core.package_identification:_identify(src/drone_controller) by extensions ['colcon_pkg']
[0.604s] Level 1:colcon.colcon_core.package_identification:_identify(src/drone_controller) by extension 'colcon_pkg'
[0.604s] Level 1:colcon.colcon_core.package_identification:_identify(src/drone_controller) by extensions ['colcon_meta']
[0.604s] Level 1:colcon.colcon_core.package_identification:_identify(src/drone_controller) by extension 'colcon_meta'
[0.604s] Level 1:colcon.colcon_core.package_identification:_identify(src/drone_controller) by extensions ['ros']
[0.604s] Level 1:colcon.colcon_core.package_identification:_identify(src/drone_controller) by extension 'ros'
[0.608s] DEBUG:colcon.colcon_core.package_identification:Package 'src/drone_controller' with type 'ros.ament_python' and name 'drone_controller'
[0.609s] Level 1:colcon.colcon_core.package_identification:_identify(src/drone_interfaces) by extensions ['ignore', 'ignore_ament_install']
[0.609s] Level 1:colcon.colcon_core.package_identification:_identify(src/drone_interfaces) by extension 'ignore'
[0.609s] Level 1:colcon.colcon_core.package_identification:_identify(src/drone_interfaces) by extension 'ignore_ament_install'
[0.609s] Level 1:colcon.colcon_core.package_identification:_identify(src/drone_interfaces) by extensions ['colcon_pkg']
[0.609s] Level 1:colcon.colcon_core.package_identification:_identify(src/drone_interfaces) by extension 'colcon_pkg'
[0.609s] Level 1:colcon.colcon_core.package_identification:_identify(src/drone_interfaces) by extensions ['colcon_meta']
[0.609s] Level 1:colcon.colcon_core.package_identification:_identify(src/drone_interfaces) by extension 'colcon_meta'
[0.609s] Level 1:colcon.colcon_core.package_identification:_identify(src/drone_interfaces) by extensions ['ros']
[0.609s] Level 1:colcon.colcon_core.package_identification:_identify(src/drone_interfaces) by extension 'ros'
[0.610s] DEBUG:colcon.colcon_core.package_identification:Package 'src/drone_interfaces' with type 'ros.ament_cmake' and name 'drone_interfaces'
[0.610s] Level 1:colcon.colcon_core.package_identification:_identify(src/drone_monitor) by extensions ['ignore', 'ignore_ament_install']
[0.610s] Level 1:colcon.colcon_core.package_identification:_identify(src/drone_monitor) by extension 'ignore'
[0.610s] Level 1:colcon.colcon_core.package_identification:_identify(src/drone_monitor) by extension 'ignore_ament_install'
[0.610s] Level 1:colcon.colcon_core.package_identification:_identify(src/drone_monitor) by extensions ['colcon_pkg']
[0.610s] Level 1:colcon.colcon_core.package_identification:_identify(src/drone_monitor) by extension 'colcon_pkg'
[0.610s] Level 1:colcon.colcon_core.package_identification:_identify(src/drone_monitor) by extensions ['colcon_meta']
[0.610s] Level 1:colcon.colcon_core.package_identification:_identify(src/drone_monitor) by extension 'colcon_meta'
[0.610s] Level 1:colcon.colcon_core.package_identification:_identify(src/drone_monitor) by extensions ['ros']
[0.610s] Level 1:colcon.colcon_core.package_identification:_identify(src/drone_monitor) by extension 'ros'
[0.610s] DEBUG:colcon.colcon_core.package_identification:Package 'src/drone_monitor' with type 'ros.ament_python' and name 'drone_monitor'
[0.611s] Level 1:colcon.colcon_core.package_identification:_identify(src/drone_vision) by extensions ['ignore', 'ignore_ament_install']
[0.611s] Level 1:colcon.colcon_core.package_identification:_identify(src/drone_vision) by extension 'ignore'
[0.611s] Level 1:colcon.colcon_core.package_identification:_identify(src/drone_vision) by extension 'ignore_ament_install'
[0.611s] Level 1:colcon.colcon_core.package_identification:_identify(src/drone_vision) by extensions ['colcon_pkg']
[0.611s] Level 1:colcon.colcon_core.package_identification:_identify(src/drone_vision) by extension 'colcon_pkg'
[0.611s] Level 1:colcon.colcon_core.package_identification:_identify(src/drone_vision) by extensions ['colcon_meta']
[0.611s] Level 1:colcon.colcon_core.package_identification:_identify(src/drone_vision) by extension 'colcon_meta'
[0.611s] Level 1:colcon.colcon_core.package_identification:_identify(src/drone_vision) by extensions ['ros']
[0.611s] Level 1:colcon.colcon_core.package_identification:_identify(src/drone_vision) by extension 'ros'
[0.612s] DEBUG:colcon.colcon_core.package_identification:Package 'src/drone_vision' with type 'ros.ament_python' and name 'drone_vision'
[0.612s] Level 1:colcon.colcon_core.package_identification:_identify(src/json_paths) by extensions ['ignore', 'ignore_ament_install']
[0.612s] Level 1:colcon.colcon_core.package_identification:_identify(src/json_paths) by extension 'ignore'
[0.612s] Level 1:colcon.colcon_core.package_identification:_identify(src/json_paths) by extension 'ignore_ament_install'
[0.612s] Level 1:colcon.colcon_core.package_identification:_identify(src/json_paths) by extensions ['colcon_pkg']
[0.612s] Level 1:colcon.colcon_core.package_identification:_identify(src/json_paths) by extension 'colcon_pkg'
[0.612s] Level 1:colcon.colcon_core.package_identification:_identify(src/json_paths) by extensions ['colcon_meta']
[0.612s] Level 1:colcon.colcon_core.package_identification:_identify(src/json_paths) by extension 'colcon_meta'
[0.612s] Level 1:colcon.colcon_core.package_identification:_identify(src/json_paths) by extensions ['ros']
[0.612s] Level 1:colcon.colcon_core.package_identification:_identify(src/json_paths) by extension 'ros'
[0.612s] Level 1:colcon.colcon_core.package_identification:_identify(src/json_paths) by extensions ['cmake', 'python']
[0.612s] Level 1:colcon.colcon_core.package_identification:_identify(src/json_paths) by extension 'cmake'
[0.612s] Level 1:colcon.colcon_core.package_identification:_identify(src/json_paths) by extension 'python'
[0.612s] Level 1:colcon.colcon_core.package_identification:_identify(src/json_paths) by extensions ['python_setup_py']
[0.612s] Level 1:colcon.colcon_core.package_identification:_identify(src/json_paths) by extension 'python_setup_py'
[0.612s] Level 1:colcon.colcon_core.package_identification:_identify(src/scripts) by extensions ['ignore', 'ignore_ament_install']
[0.612s] Level 1:colcon.colcon_core.package_identification:_identify(src/scripts) by extension 'ignore'
[0.612s] Level 1:colcon.colcon_core.package_identification:_identify(src/scripts) by extension 'ignore_ament_install'
[0.612s] Level 1:colcon.colcon_core.package_identification:_identify(src/scripts) by extensions ['colcon_pkg']
[0.612s] Level 1:colcon.colcon_core.package_identification:_identify(src/scripts) by extension 'colcon_pkg'
[0.612s] Level 1:colcon.colcon_core.package_identification:_identify(src/scripts) by extensions ['colcon_meta']
[0.612s] Level 1:colcon.colcon_core.package_identification:_identify(src/scripts) by extension 'colcon_meta'
[0.613s] Level 1:colcon.colcon_core.package_identification:_identify(src/scripts) by extensions ['ros']
[0.613s] Level 1:colcon.colcon_core.package_identification:_identify(src/scripts) by extension 'ros'
[0.613s] Level 1:colcon.colcon_core.package_identification:_identify(src/scripts) by extensions ['cmake', 'python']
[0.613s] Level 1:colcon.colcon_core.package_identification:_identify(src/scripts) by extension 'cmake'
[0.613s] Level 1:colcon.colcon_core.package_identification:_identify(src/scripts) by extension 'python'
[0.613s] Level 1:colcon.colcon_core.package_identification:_identify(src/scripts) by extensions ['python_setup_py']
[0.613s] Level 1:colcon.colcon_core.package_identification:_identify(src/scripts) by extension 'python_setup_py'
[0.613s] Level 1:colcon.colcon_core.package_identification:_identify(src/shell) by extensions ['ignore', 'ignore_ament_install']
[0.613s] Level 1:colcon.colcon_core.package_identification:_identify(src/shell) by extension 'ignore'
[0.613s] Level 1:colcon.colcon_core.package_identification:_identify(src/shell) by extension 'ignore_ament_install'
[0.613s] Level 1:colcon.colcon_core.package_identification:_identify(src/shell) by extensions ['colcon_pkg']
[0.613s] Level 1:colcon.colcon_core.package_identification:_identify(src/shell) by extension 'colcon_pkg'
[0.613s] Level 1:colcon.colcon_core.package_identification:_identify(src/shell) by extensions ['colcon_meta']
[0.613s] Level 1:colcon.colcon_core.package_identification:_identify(src/shell) by extension 'colcon_meta'
[0.613s] Level 1:colcon.colcon_core.package_identification:_identify(src/shell) by extensions ['ros']
[0.613s] Level 1:colcon.colcon_core.package_identification:_identify(src/shell) by extension 'ros'
[0.613s] Level 1:colcon.colcon_core.package_identification:_identify(src/shell) by extensions ['cmake', 'python']
[0.613s] Level 1:colcon.colcon_core.package_identification:_identify(src/shell) by extension 'cmake'
[0.613s] Level 1:colcon.colcon_core.package_identification:_identify(src/shell) by extension 'python'
[0.613s] Level 1:colcon.colcon_core.package_identification:_identify(src/shell) by extensions ['python_setup_py']
[0.613s] Level 1:colcon.colcon_core.package_identification:_identify(src/shell) by extension 'python_setup_py'
[0.613s] Level 1:colcon.colcon_core.package_identification:_identify(src/test_demo) by extensions ['ignore', 'ignore_ament_install']
[0.613s] Level 1:colcon.colcon_core.package_identification:_identify(src/test_demo) by extension 'ignore'
[0.614s] Level 1:colcon.colcon_core.package_identification:_identify(src/test_demo) by extension 'ignore_ament_install'
[0.614s] Level 1:colcon.colcon_core.package_identification:_identify(src/test_demo) by extensions ['colcon_pkg']
[0.614s] Level 1:colcon.colcon_core.package_identification:_identify(src/test_demo) by extension 'colcon_pkg'
[0.614s] Level 1:colcon.colcon_core.package_identification:_identify(src/test_demo) by extensions ['colcon_meta']
[0.614s] Level 1:colcon.colcon_core.package_identification:_identify(src/test_demo) by extension 'colcon_meta'
[0.614s] Level 1:colcon.colcon_core.package_identification:_identify(src/test_demo) by extensions ['ros']
[0.614s] Level 1:colcon.colcon_core.package_identification:_identify(src/test_demo) by extension 'ros'
[0.614s] Level 1:colcon.colcon_core.package_identification:_identify(src/test_demo) by extensions ['cmake', 'python']
[0.614s] Level 1:colcon.colcon_core.package_identification:_identify(src/test_demo) by extension 'cmake'
[0.614s] Level 1:colcon.colcon_core.package_identification:_identify(src/test_demo) by extension 'python'
[0.614s] Level 1:colcon.colcon_core.package_identification:_identify(src/test_demo) by extensions ['python_setup_py']
[0.614s] Level 1:colcon.colcon_core.package_identification:_identify(src/test_demo) by extension 'python_setup_py'
[0.614s] Level 1:colcon.colcon_core.package_discovery:discover_packages(recursive) using defaults
[0.614s] Level 1:colcon.colcon_core.package_discovery:discover_packages(ignore) discover
[0.614s] Level 1:colcon.colcon_core.package_discovery:discover_packages(ignore) using defaults
[0.614s] Level 1:colcon.colcon_core.package_discovery:discover_packages(path) discover
[0.614s] Level 1:colcon.colcon_core.package_discovery:discover_packages(path) using defaults
[0.659s] Level 1:colcon.colcon_core.package_discovery:discover_packages(prefix_path) check parameters
[0.659s] Level 1:colcon.colcon_core.package_discovery:discover_packages(prefix_path) discover
[0.664s] DEBUG:colcon.colcon_installed_package_information.package_discovery:Found 4 installed packages in /home/ccl/Multitask-Drone/install
[0.665s] DEBUG:colcon.colcon_installed_package_information.package_discovery:Found 277 installed packages in /opt/ros/humble
[0.666s] Level 1:colcon.colcon_core.package_discovery:discover_packages(prefix_path) using defaults
[0.697s] Level 5:colcon.colcon_core.verb:set package 'drone_interfaces' build argument 'cmake_args' from command line to 'None'
[0.698s] Level 5:colcon.colcon_core.verb:set package 'drone_interfaces' build argument 'cmake_target' from command line to 'None'
[0.698s] Level 5:colcon.colcon_core.verb:set package 'drone_interfaces' build argument 'cmake_target_skip_unavailable' from command line to 'False'
[0.698s] Level 5:colcon.colcon_core.verb:set package 'drone_interfaces' build argument 'cmake_clean_cache' from command line to 'False'
[0.698s] Level 5:colcon.colcon_core.verb:set package 'drone_interfaces' build argument 'cmake_clean_first' from command line to 'False'
[0.698s] Level 5:colcon.colcon_core.verb:set package 'drone_interfaces' build argument 'cmake_force_configure' from command line to 'False'
[0.698s] Level 5:colcon.colcon_core.verb:set package 'drone_interfaces' build argument 'ament_cmake_args' from command line to 'None'
[0.698s] Level 5:colcon.colcon_core.verb:set package 'drone_interfaces' build argument 'catkin_cmake_args' from command line to 'None'
[0.698s] Level 5:colcon.colcon_core.verb:set package 'drone_interfaces' build argument 'catkin_skip_building_tests' from command line to 'False'
[0.698s] DEBUG:colcon.colcon_core.verb:Building package 'drone_interfaces' with the following arguments: {'ament_cmake_args': None, 'build_base': '/home/ccl/Multitask-Drone/build/drone_interfaces', 'catkin_cmake_args': None, 'catkin_skip_building_tests': False, 'cmake_args': None, 'cmake_clean_cache': False, 'cmake_clean_first': False, 'cmake_force_configure': False, 'cmake_target': None, 'cmake_target_skip_unavailable': False, 'install_base': '/home/ccl/Multitask-Drone/install/drone_interfaces', 'merge_install': False, 'path': '/home/ccl/Multitask-Drone/src/drone_interfaces', 'symlink_install': False, 'test_result_base': None}
[0.698s] Level 5:colcon.colcon_core.verb:set package 'drone_monitor' build argument 'cmake_args' from command line to 'None'
[0.698s] Level 5:colcon.colcon_core.verb:set package 'drone_monitor' build argument 'cmake_target' from command line to 'None'
[0.698s] Level 5:colcon.colcon_core.verb:set package 'drone_monitor' build argument 'cmake_target_skip_unavailable' from command line to 'False'
[0.698s] Level 5:colcon.colcon_core.verb:set package 'drone_monitor' build argument 'cmake_clean_cache' from command line to 'False'
[0.698s] Level 5:colcon.colcon_core.verb:set package 'drone_monitor' build argument 'cmake_clean_first' from command line to 'False'
[0.698s] Level 5:colcon.colcon_core.verb:set package 'drone_monitor' build argument 'cmake_force_configure' from command line to 'False'
[0.698s] Level 5:colcon.colcon_core.verb:set package 'drone_monitor' build argument 'ament_cmake_args' from command line to 'None'
[0.698s] Level 5:colcon.colcon_core.verb:set package 'drone_monitor' build argument 'catkin_cmake_args' from command line to 'None'
[0.698s] Level 5:colcon.colcon_core.verb:set package 'drone_monitor' build argument 'catkin_skip_building_tests' from command line to 'False'
[0.698s] DEBUG:colcon.colcon_core.verb:Building package 'drone_monitor' with the following arguments: {'ament_cmake_args': None, 'build_base': '/home/ccl/Multitask-Drone/build/drone_monitor', 'catkin_cmake_args': None, 'catkin_skip_building_tests': False, 'cmake_args': None, 'cmake_clean_cache': False, 'cmake_clean_first': False, 'cmake_force_configure': False, 'cmake_target': None, 'cmake_target_skip_unavailable': False, 'install_base': '/home/ccl/Multitask-Drone/install/drone_monitor', 'merge_install': False, 'path': '/home/ccl/Multitask-Drone/src/drone_monitor', 'symlink_install': False, 'test_result_base': None}
[0.698s] Level 5:colcon.colcon_core.verb:set package 'drone_controller' build argument 'cmake_args' from command line to 'None'
[0.698s] Level 5:colcon.colcon_core.verb:set package 'drone_controller' build argument 'cmake_target' from command line to 'None'
[0.698s] Level 5:colcon.colcon_core.verb:set package 'drone_controller' build argument 'cmake_target_skip_unavailable' from command line to 'False'
[0.698s] Level 5:colcon.colcon_core.verb:set package 'drone_controller' build argument 'cmake_clean_cache' from command line to 'False'
[0.698s] Level 5:colcon.colcon_core.verb:set package 'drone_controller' build argument 'cmake_clean_first' from command line to 'False'
[0.698s] Level 5:colcon.colcon_core.verb:set package 'drone_controller' build argument 'cmake_force_configure' from command line to 'False'
[0.698s] Level 5:colcon.colcon_core.verb:set package 'drone_controller' build argument 'ament_cmake_args' from command line to 'None'
[0.698s] Level 5:colcon.colcon_core.verb:set package 'drone_controller' build argument 'catkin_cmake_args' from command line to 'None'
[0.699s] Level 5:colcon.colcon_core.verb:set package 'drone_controller' build argument 'catkin_skip_building_tests' from command line to 'False'
[0.699s] DEBUG:colcon.colcon_core.verb:Building package 'drone_controller' with the following arguments: {'ament_cmake_args': None, 'build_base': '/home/ccl/Multitask-Drone/build/drone_controller', 'catkin_cmake_args': None, 'catkin_skip_building_tests': False, 'cmake_args': None, 'cmake_clean_cache': False, 'cmake_clean_first': False, 'cmake_force_configure': False, 'cmake_target': None, 'cmake_target_skip_unavailable': False, 'install_base': '/home/ccl/Multitask-Drone/install/drone_controller', 'merge_install': False, 'path': '/home/ccl/Multitask-Drone/src/drone_controller', 'symlink_install': False, 'test_result_base': None}
[0.699s] Level 5:colcon.colcon_core.verb:set package 'drone_vision' build argument 'cmake_args' from command line to 'None'
[0.699s] Level 5:colcon.colcon_core.verb:set package 'drone_vision' build argument 'cmake_target' from command line to 'None'
[0.699s] Level 5:colcon.colcon_core.verb:set package 'drone_vision' build argument 'cmake_target_skip_unavailable' from command line to 'False'
[0.699s] Level 5:colcon.colcon_core.verb:set package 'drone_vision' build argument 'cmake_clean_cache' from command line to 'False'
[0.699s] Level 5:colcon.colcon_core.verb:set package 'drone_vision' build argument 'cmake_clean_first' from command line to 'False'
[0.699s] Level 5:colcon.colcon_core.verb:set package 'drone_vision' build argument 'cmake_force_configure' from command line to 'False'
[0.699s] Level 5:colcon.colcon_core.verb:set package 'drone_vision' build argument 'ament_cmake_args' from command line to 'None'
[0.700s] Level 5:colcon.colcon_core.verb:set package 'drone_vision' build argument 'catkin_cmake_args' from command line to 'None'
[0.700s] Level 5:colcon.colcon_core.verb:set package 'drone_vision' build argument 'catkin_skip_building_tests' from command line to 'False'
[0.700s] DEBUG:colcon.colcon_core.verb:Building package 'drone_vision' with the following arguments: {'ament_cmake_args': None, 'build_base': '/home/ccl/Multitask-Drone/build/drone_vision', 'catkin_cmake_args': None, 'catkin_skip_building_tests': False, 'cmake_args': None, 'cmake_clean_cache': False, 'cmake_clean_first': False, 'cmake_force_configure': False, 'cmake_target': None, 'cmake_target_skip_unavailable': False, 'install_base': '/home/ccl/Multitask-Drone/install/drone_vision', 'merge_install': False, 'path': '/home/ccl/Multitask-Drone/src/drone_vision', 'symlink_install': False, 'test_result_base': None}
[0.700s] INFO:colcon.colcon_core.executor:Executing jobs using 'parallel' executor
[0.701s] DEBUG:colcon.colcon_parallel_executor.executor.parallel:run_until_complete
[0.701s] INFO:colcon.colcon_ros.task.ament_cmake.build:Building ROS package in '/home/ccl/Multitask-Drone/src/drone_interfaces' with build type 'ament_cmake'
[0.701s] INFO:colcon.colcon_cmake.task.cmake.build:Building CMake package in '/home/ccl/Multitask-Drone/src/drone_interfaces'
[0.709s] INFO:colcon.colcon_core.plugin_system:Skipping extension 'colcon_core.shell.bat': Not used on non-Windows systems
[0.709s] INFO:colcon.colcon_core.shell:Skip shell extension 'powershell' for command environment: Not usable outside of PowerShell
[0.710s] DEBUG:colcon.colcon_core.shell:Skip shell extension 'dsv' for command environment
[0.716s] INFO:colcon.colcon_ros.task.ament_python.build:Building ROS package in '/home/ccl/Multitask-Drone/src/drone_monitor' with build type 'ament_python'
[0.716s] Level 1:colcon.colcon_core.shell:create_environment_hook('drone_monitor', 'ament_prefix_path')
[0.716s] INFO:colcon.colcon_core.shell:Creating environment hook '/home/ccl/Multitask-Drone/install/drone_monitor/share/drone_monitor/hook/ament_prefix_path.ps1'
[0.718s] INFO:colcon.colcon_core.shell:Creating environment descriptor '/home/ccl/Multitask-Drone/install/drone_monitor/share/drone_monitor/hook/ament_prefix_path.dsv'
[0.720s] INFO:colcon.colcon_core.shell:Creating environment hook '/home/ccl/Multitask-Drone/install/drone_monitor/share/drone_monitor/hook/ament_prefix_path.sh'
[0.721s] INFO:colcon.colcon_core.shell:Skip shell extension 'powershell' for command environment: Not usable outside of PowerShell
[0.721s] DEBUG:colcon.colcon_core.shell:Skip shell extension 'dsv' for command environment
[0.740s] DEBUG:colcon.colcon_core.event_handler.log_command:Invoking command in '/home/ccl/Multitask-Drone/build/drone_interfaces': CMAKE_PREFIX_PATH=${CMAKE_PREFIX_PATH}:/home/ccl/Multitask-Drone/install/drone_vision:/home/ccl/Multitask-Drone/install/drone_monitor:/home/ccl/Multitask-Drone/install/drone_controller:/opt/ros/humble /usr/bin/cmake --build /home/ccl/Multitask-Drone/build/drone_interfaces -- -j8 -l8
[1.068s] INFO:colcon.colcon_core.task.python.build:Building Python package in '/home/ccl/Multitask-Drone/src/drone_monitor'
[1.069s] INFO:colcon.colcon_core.shell:Skip shell extension 'powershell' for command environment: Not usable outside of PowerShell
[1.069s] DEBUG:colcon.colcon_core.shell:Skip shell extension 'dsv' for command environment
[1.565s] DEBUG:colcon.colcon_core.event_handler.log_command:Invoking command in '/home/ccl/Multitask-Drone/src/drone_monitor': PYTHONPATH=/home/ccl/Multitask-Drone/build/drone_monitor/prefix_override:/usr/lib/python3/dist-packages/colcon_core/task/python/colcon_distutils_commands:/home/ccl/Multitask-Drone/install/drone_monitor/lib/python3.10/site-packages:${PYTHONPATH} /usr/bin/python3 -W ignore:setup.py install is deprecated -W ignore:easy_install command is deprecated setup.py egg_info --egg-base ../../build/drone_monitor build --build-base /home/ccl/Multitask-Drone/build/drone_monitor/build install --record /home/ccl/Multitask-Drone/build/drone_monitor/install.log --single-version-externally-managed install_data
[1.867s] DEBUG:colcon.colcon_core.event_handler.log_command:Invoked command in '/home/ccl/Multitask-Drone/src/drone_monitor' returned '0': PYTHONPATH=/home/ccl/Multitask-Drone/build/drone_monitor/prefix_override:/usr/lib/python3/dist-packages/colcon_core/task/python/colcon_distutils_commands:/home/ccl/Multitask-Drone/install/drone_monitor/lib/python3.10/site-packages:${PYTHONPATH} /usr/bin/python3 -W ignore:setup.py install is deprecated -W ignore:easy_install command is deprecated setup.py egg_info --egg-base ../../build/drone_monitor build --build-base /home/ccl/Multitask-Drone/build/drone_monitor/build install --record /home/ccl/Multitask-Drone/build/drone_monitor/install.log --single-version-externally-managed install_data
[1.880s] Level 1:colcon.colcon_core.environment:checking '/home/ccl/Multitask-Drone/install/drone_monitor' for CMake module files
[1.881s] Level 1:colcon.colcon_core.environment:checking '/home/ccl/Multitask-Drone/install/drone_monitor' for CMake config files
[1.881s] Level 1:colcon.colcon_core.environment:checking '/home/ccl/Multitask-Drone/install/drone_monitor/lib'
[1.882s] Level 1:colcon.colcon_core.environment:checking '/home/ccl/Multitask-Drone/install/drone_monitor/bin'
[1.882s] Level 1:colcon.colcon_core.environment:checking '/home/ccl/Multitask-Drone/install/drone_monitor/lib/pkgconfig/drone_monitor.pc'
[1.882s] Level 1:colcon.colcon_core.environment:checking '/home/ccl/Multitask-Drone/install/drone_monitor/lib/python3.10/site-packages'
[1.882s] Level 1:colcon.colcon_core.shell:create_environment_hook('drone_monitor', 'pythonpath')
[1.882s] INFO:colcon.colcon_core.shell:Creating environment hook '/home/ccl/Multitask-Drone/install/drone_monitor/share/drone_monitor/hook/pythonpath.ps1'
[1.885s] INFO:colcon.colcon_core.shell:Creating environment descriptor '/home/ccl/Multitask-Drone/install/drone_monitor/share/drone_monitor/hook/pythonpath.dsv'
[1.886s] INFO:colcon.colcon_core.shell:Creating environment hook '/home/ccl/Multitask-Drone/install/drone_monitor/share/drone_monitor/hook/pythonpath.sh'
[1.887s] Level 1:colcon.colcon_core.environment:checking '/home/ccl/Multitask-Drone/install/drone_monitor/bin'
[1.887s] Level 1:colcon.colcon_core.environment:create_environment_scripts_only(drone_monitor)
[1.887s] INFO:colcon.colcon_core.shell:Creating package script '/home/ccl/Multitask-Drone/install/drone_monitor/share/drone_monitor/package.ps1'
[1.891s] INFO:colcon.colcon_core.shell:Creating package descriptor '/home/ccl/Multitask-Drone/install/drone_monitor/share/drone_monitor/package.dsv'
[1.895s] INFO:colcon.colcon_core.shell:Creating package script '/home/ccl/Multitask-Drone/install/drone_monitor/share/drone_monitor/package.sh'
[1.897s] INFO:colcon.colcon_core.shell:Creating package script '/home/ccl/Multitask-Drone/install/drone_monitor/share/drone_monitor/package.bash'
[1.898s] INFO:colcon.colcon_core.shell:Creating package script '/home/ccl/Multitask-Drone/install/drone_monitor/share/drone_monitor/package.zsh'
[1.899s] Level 1:colcon.colcon_core.environment:create_file_with_runtime_dependencies(/home/ccl/Multitask-Drone/install/drone_monitor/share/colcon-core/packages/drone_monitor)
[2.006s] DEBUG:colcon.colcon_core.event_handler.log_command:Invoked command in '/home/ccl/Multitask-Drone/build/drone_interfaces' returned '0': CMAKE_PREFIX_PATH=${CMAKE_PREFIX_PATH}:/home/ccl/Multitask-Drone/install/drone_vision:/home/ccl/Multitask-Drone/install/drone_monitor:/home/ccl/Multitask-Drone/install/drone_controller:/opt/ros/humble /usr/bin/cmake --build /home/ccl/Multitask-Drone/build/drone_interfaces -- -j8 -l8
[2.025s] DEBUG:colcon.colcon_core.event_handler.log_command:Invoking command in '/home/ccl/Multitask-Drone/build/drone_interfaces': CMAKE_PREFIX_PATH=${CMAKE_PREFIX_PATH}:/home/ccl/Multitask-Drone/install/drone_vision:/home/ccl/Multitask-Drone/install/drone_monitor:/home/ccl/Multitask-Drone/install/drone_controller:/opt/ros/humble /usr/bin/cmake --install /home/ccl/Multitask-Drone/build/drone_interfaces
[2.146s] Level 1:colcon.colcon_core.environment:create_environment_scripts_only(drone_interfaces)
[2.146s] Level 1:colcon.colcon_core.environment:checking '/home/ccl/Multitask-Drone/install/drone_interfaces' for CMake module files
[2.147s] DEBUG:colcon.colcon_core.event_handler.log_command:Invoked command in '/home/ccl/Multitask-Drone/build/drone_interfaces' returned '0': CMAKE_PREFIX_PATH=${CMAKE_PREFIX_PATH}:/home/ccl/Multitask-Drone/install/drone_vision:/home/ccl/Multitask-Drone/install/drone_monitor:/home/ccl/Multitask-Drone/install/drone_controller:/opt/ros/humble /usr/bin/cmake --install /home/ccl/Multitask-Drone/build/drone_interfaces
[2.147s] Level 1:colcon.colcon_core.environment:checking '/home/ccl/Multitask-Drone/install/drone_interfaces' for CMake config files
[2.147s] Level 1:colcon.colcon_core.shell:create_environment_hook('drone_interfaces', 'cmake_prefix_path')
[2.148s] INFO:colcon.colcon_core.shell:Creating environment hook '/home/ccl/Multitask-Drone/install/drone_interfaces/share/drone_interfaces/hook/cmake_prefix_path.ps1'
[2.148s] INFO:colcon.colcon_core.shell:Creating environment descriptor '/home/ccl/Multitask-Drone/install/drone_interfaces/share/drone_interfaces/hook/cmake_prefix_path.dsv'
[2.149s] INFO:colcon.colcon_core.shell:Creating environment hook '/home/ccl/Multitask-Drone/install/drone_interfaces/share/drone_interfaces/hook/cmake_prefix_path.sh'
[2.150s] Level 1:colcon.colcon_core.environment:checking '/home/ccl/Multitask-Drone/install/drone_interfaces/lib'
[2.150s] Level 1:colcon.colcon_core.shell:create_environment_hook('drone_interfaces', 'ld_library_path_lib')
[2.151s] INFO:colcon.colcon_core.shell:Creating environment hook '/home/ccl/Multitask-Drone/install/drone_interfaces/share/drone_interfaces/hook/ld_library_path_lib.ps1'
[2.151s] INFO:colcon.colcon_core.shell:Creating environment descriptor '/home/ccl/Multitask-Drone/install/drone_interfaces/share/drone_interfaces/hook/ld_library_path_lib.dsv'
[2.151s] INFO:colcon.colcon_core.shell:Creating environment hook '/home/ccl/Multitask-Drone/install/drone_interfaces/share/drone_interfaces/hook/ld_library_path_lib.sh'
[2.152s] Level 1:colcon.colcon_core.environment:checking '/home/ccl/Multitask-Drone/install/drone_interfaces/bin'
[2.152s] Level 1:colcon.colcon_core.environment:checking '/home/ccl/Multitask-Drone/install/drone_interfaces/lib/pkgconfig/drone_interfaces.pc'
[2.152s] Level 1:colcon.colcon_core.environment:checking '/home/ccl/Multitask-Drone/install/drone_interfaces/lib/python3.10/site-packages'
[2.152s] Level 1:colcon.colcon_core.environment:checking '/home/ccl/Multitask-Drone/install/drone_interfaces/bin'
[2.153s] INFO:colcon.colcon_core.shell:Creating package script '/home/ccl/Multitask-Drone/install/drone_interfaces/share/drone_interfaces/package.ps1'
[2.154s] INFO:colcon.colcon_core.shell:Creating package descriptor '/home/ccl/Multitask-Drone/install/drone_interfaces/share/drone_interfaces/package.dsv'
[2.154s] INFO:colcon.colcon_core.shell:Creating package script '/home/ccl/Multitask-Drone/install/drone_interfaces/share/drone_interfaces/package.sh'
[2.154s] INFO:colcon.colcon_core.shell:Creating package script '/home/ccl/Multitask-Drone/install/drone_interfaces/share/drone_interfaces/package.bash'
[2.159s] INFO:colcon.colcon_core.shell:Creating package script '/home/ccl/Multitask-Drone/install/drone_interfaces/share/drone_interfaces/package.zsh'
[2.159s] Level 1:colcon.colcon_core.environment:create_file_with_runtime_dependencies(/home/ccl/Multitask-Drone/install/drone_interfaces/share/colcon-core/packages/drone_interfaces)
[2.160s] Level 1:colcon.colcon_core.environment:create_environment_scripts_only(drone_interfaces)
[2.160s] Level 1:colcon.colcon_core.environment:checking '/home/ccl/Multitask-Drone/install/drone_interfaces' for CMake module files
[2.161s] Level 1:colcon.colcon_core.environment:checking '/home/ccl/Multitask-Drone/install/drone_interfaces' for CMake config files
[2.161s] Level 1:colcon.colcon_core.shell:create_environment_hook('drone_interfaces', 'cmake_prefix_path')
[2.161s] INFO:colcon.colcon_core.shell:Creating environment hook '/home/ccl/Multitask-Drone/install/drone_interfaces/share/drone_interfaces/hook/cmake_prefix_path.ps1'
[2.161s] INFO:colcon.colcon_core.shell:Creating environment descriptor '/home/ccl/Multitask-Drone/install/drone_interfaces/share/drone_interfaces/hook/cmake_prefix_path.dsv'
[2.162s] INFO:colcon.colcon_core.shell:Creating environment hook '/home/ccl/Multitask-Drone/install/drone_interfaces/share/drone_interfaces/hook/cmake_prefix_path.sh'
[2.162s] Level 1:colcon.colcon_core.environment:checking '/home/ccl/Multitask-Drone/install/drone_interfaces/lib'
[2.162s] Level 1:colcon.colcon_core.shell:create_environment_hook('drone_interfaces', 'ld_library_path_lib')
[2.162s] INFO:colcon.colcon_core.shell:Creating environment hook '/home/ccl/Multitask-Drone/install/drone_interfaces/share/drone_interfaces/hook/ld_library_path_lib.ps1'
[2.163s] INFO:colcon.colcon_core.shell:Creating environment descriptor '/home/ccl/Multitask-Drone/install/drone_interfaces/share/drone_interfaces/hook/ld_library_path_lib.dsv'
[2.163s] INFO:colcon.colcon_core.shell:Creating environment hook '/home/ccl/Multitask-Drone/install/drone_interfaces/share/drone_interfaces/hook/ld_library_path_lib.sh'
[2.163s] Level 1:colcon.colcon_core.environment:checking '/home/ccl/Multitask-Drone/install/drone_interfaces/bin'
[2.163s] Level 1:colcon.colcon_core.environment:checking '/home/ccl/Multitask-Drone/install/drone_interfaces/lib/pkgconfig/drone_interfaces.pc'
[2.164s] Level 1:colcon.colcon_core.environment:checking '/home/ccl/Multitask-Drone/install/drone_interfaces/lib/python3.10/site-packages'
[2.164s] Level 1:colcon.colcon_core.environment:checking '/home/ccl/Multitask-Drone/install/drone_interfaces/bin'
[2.164s] INFO:colcon.colcon_core.shell:Creating package script '/home/ccl/Multitask-Drone/install/drone_interfaces/share/drone_interfaces/package.ps1'
[2.165s] INFO:colcon.colcon_core.shell:Creating package descriptor '/home/ccl/Multitask-Drone/install/drone_interfaces/share/drone_interfaces/package.dsv'
[2.165s] INFO:colcon.colcon_core.shell:Creating package script '/home/ccl/Multitask-Drone/install/drone_interfaces/share/drone_interfaces/package.sh'
[2.165s] INFO:colcon.colcon_core.shell:Creating package script '/home/ccl/Multitask-Drone/install/drone_interfaces/share/drone_interfaces/package.bash'
[2.166s] INFO:colcon.colcon_core.shell:Creating package script '/home/ccl/Multitask-Drone/install/drone_interfaces/share/drone_interfaces/package.zsh'
[2.166s] Level 1:colcon.colcon_core.environment:create_file_with_runtime_dependencies(/home/ccl/Multitask-Drone/install/drone_interfaces/share/colcon-core/packages/drone_interfaces)
[2.170s] INFO:colcon.colcon_ros.task.ament_python.build:Building ROS package in '/home/ccl/Multitask-Drone/src/drone_controller' with build type 'ament_python'
[2.170s] Level 1:colcon.colcon_core.shell:create_environment_hook('drone_controller', 'ament_prefix_path')
[2.170s] INFO:colcon.colcon_core.shell:Creating environment hook '/home/ccl/Multitask-Drone/install/drone_controller/share/drone_controller/hook/ament_prefix_path.ps1'
[2.171s] INFO:colcon.colcon_core.shell:Creating environment descriptor '/home/ccl/Multitask-Drone/install/drone_controller/share/drone_controller/hook/ament_prefix_path.dsv'
[2.171s] INFO:colcon.colcon_core.shell:Creating environment hook '/home/ccl/Multitask-Drone/install/drone_controller/share/drone_controller/hook/ament_prefix_path.sh'
[2.172s] INFO:colcon.colcon_core.shell:Skip shell extension 'powershell' for command environment: Not usable outside of PowerShell
[2.172s] DEBUG:colcon.colcon_core.shell:Skip shell extension 'dsv' for command environment
[2.175s] INFO:colcon.colcon_ros.task.ament_python.build:Building ROS package in '/home/ccl/Multitask-Drone/src/drone_vision' with build type 'ament_python'
[2.175s] Level 1:colcon.colcon_core.shell:create_environment_hook('drone_vision', 'ament_prefix_path')
[2.175s] INFO:colcon.colcon_core.shell:Creating environment hook '/home/ccl/Multitask-Drone/install/drone_vision/share/drone_vision/hook/ament_prefix_path.ps1'
[2.176s] INFO:colcon.colcon_core.shell:Creating environment descriptor '/home/ccl/Multitask-Drone/install/drone_vision/share/drone_vision/hook/ament_prefix_path.dsv'
[2.176s] INFO:colcon.colcon_core.shell:Creating environment hook '/home/ccl/Multitask-Drone/install/drone_vision/share/drone_vision/hook/ament_prefix_path.sh'
[2.176s] INFO:colcon.colcon_core.shell:Skip shell extension 'powershell' for command environment: Not usable outside of PowerShell
[2.176s] DEBUG:colcon.colcon_core.shell:Skip shell extension 'dsv' for command environment
[2.448s] INFO:colcon.colcon_core.task.python.build:Building Python package in '/home/ccl/Multitask-Drone/src/drone_vision'
[2.448s] INFO:colcon.colcon_core.shell:Skip shell extension 'powershell' for command environment: Not usable outside of PowerShell
[2.448s] DEBUG:colcon.colcon_core.shell:Skip shell extension 'dsv' for command environment
[2.688s] INFO:colcon.colcon_core.task.python.build:Building Python package in '/home/ccl/Multitask-Drone/src/drone_controller'
[2.689s] INFO:colcon.colcon_core.shell:Skip shell extension 'powershell' for command environment: Not usable outside of PowerShell
[2.689s] DEBUG:colcon.colcon_core.shell:Skip shell extension 'dsv' for command environment
[3.004s] DEBUG:colcon.colcon_core.event_handler.log_command:Invoking command in '/home/ccl/Multitask-Drone/src/drone_controller': PYTHONPATH=/home/ccl/Multitask-Drone/build/drone_controller/prefix_override:/usr/lib/python3/dist-packages/colcon_core/task/python/colcon_distutils_commands:/home/ccl/Multitask-Drone/install/drone_controller/lib/python3.10/site-packages:${PYTHONPATH} /usr/bin/python3 -W ignore:setup.py install is deprecated -W ignore:easy_install command is deprecated setup.py egg_info --egg-base ../../build/drone_controller build --build-base /home/ccl/Multitask-Drone/build/drone_controller/build install --record /home/ccl/Multitask-Drone/build/drone_controller/install.log --single-version-externally-managed install_data
[3.039s] DEBUG:colcon.colcon_core.event_handler.log_command:Invoking command in '/home/ccl/Multitask-Drone/src/drone_vision': PYTHONPATH=/home/ccl/Multitask-Drone/build/drone_vision/prefix_override:/usr/lib/python3/dist-packages/colcon_core/task/python/colcon_distutils_commands:/home/ccl/Multitask-Drone/install/drone_vision/lib/python3.10/site-packages:${PYTHONPATH} /usr/bin/python3 -W ignore:setup.py install is deprecated -W ignore:easy_install command is deprecated setup.py egg_info --egg-base ../../build/drone_vision build --build-base /home/ccl/Multitask-Drone/build/drone_vision/build install --record /home/ccl/Multitask-Drone/build/drone_vision/install.log --single-version-externally-managed install_data
[3.266s] Level 1:colcon.colcon_core.environment:checking '/home/ccl/Multitask-Drone/install/drone_controller' for CMake module files
[3.267s] Level 1:colcon.colcon_core.environment:checking '/home/ccl/Multitask-Drone/install/drone_controller' for CMake config files
[3.268s] DEBUG:colcon.colcon_core.event_handler.log_command:Invoked command in '/home/ccl/Multitask-Drone/src/drone_controller' returned '0': PYTHONPATH=/home/ccl/Multitask-Drone/build/drone_controller/prefix_override:/usr/lib/python3/dist-packages/colcon_core/task/python/colcon_distutils_commands:/home/ccl/Multitask-Drone/install/drone_controller/lib/python3.10/site-packages:${PYTHONPATH} /usr/bin/python3 -W ignore:setup.py install is deprecated -W ignore:easy_install command is deprecated setup.py egg_info --egg-base ../../build/drone_controller build --build-base /home/ccl/Multitask-Drone/build/drone_controller/build install --record /home/ccl/Multitask-Drone/build/drone_controller/install.log --single-version-externally-managed install_data
[3.269s] Level 1:colcon.colcon_core.environment:checking '/home/ccl/Multitask-Drone/install/drone_controller/lib'
[3.269s] Level 1:colcon.colcon_core.environment:checking '/home/ccl/Multitask-Drone/install/drone_controller/bin'
[3.269s] Level 1:colcon.colcon_core.environment:checking '/home/ccl/Multitask-Drone/install/drone_controller/lib/pkgconfig/drone_controller.pc'
[3.269s] Level 1:colcon.colcon_core.environment:checking '/home/ccl/Multitask-Drone/install/drone_controller/lib/python3.10/site-packages'
[3.269s] Level 1:colcon.colcon_core.shell:create_environment_hook('drone_controller', 'pythonpath')
[3.269s] INFO:colcon.colcon_core.shell:Creating environment hook '/home/ccl/Multitask-Drone/install/drone_controller/share/drone_controller/hook/pythonpath.ps1'
[3.271s] INFO:colcon.colcon_core.shell:Creating environment descriptor '/home/ccl/Multitask-Drone/install/drone_controller/share/drone_controller/hook/pythonpath.dsv'
[3.272s] INFO:colcon.colcon_core.shell:Creating environment hook '/home/ccl/Multitask-Drone/install/drone_controller/share/drone_controller/hook/pythonpath.sh'
[3.273s] Level 1:colcon.colcon_core.environment:checking '/home/ccl/Multitask-Drone/install/drone_controller/bin'
[3.273s] Level 1:colcon.colcon_core.environment:create_environment_scripts_only(drone_controller)
[3.273s] INFO:colcon.colcon_core.shell:Creating package script '/home/ccl/Multitask-Drone/install/drone_controller/share/drone_controller/package.ps1'
[3.274s] INFO:colcon.colcon_core.shell:Creating package descriptor '/home/ccl/Multitask-Drone/install/drone_controller/share/drone_controller/package.dsv'
[3.275s] INFO:colcon.colcon_core.shell:Creating package script '/home/ccl/Multitask-Drone/install/drone_controller/share/drone_controller/package.sh'
[3.275s] INFO:colcon.colcon_core.shell:Creating package script '/home/ccl/Multitask-Drone/install/drone_controller/share/drone_controller/package.bash'
[3.276s] INFO:colcon.colcon_core.shell:Creating package script '/home/ccl/Multitask-Drone/install/drone_controller/share/drone_controller/package.zsh'
[3.277s] Level 1:colcon.colcon_core.environment:create_file_with_runtime_dependencies(/home/ccl/Multitask-Drone/install/drone_controller/share/colcon-core/packages/drone_controller)
[3.320s] Level 1:colcon.colcon_core.environment:checking '/home/ccl/Multitask-Drone/install/drone_vision' for CMake module files
[3.321s] DEBUG:colcon.colcon_core.event_handler.log_command:Invoked command in '/home/ccl/Multitask-Drone/src/drone_vision' returned '0': PYTHONPATH=/home/ccl/Multitask-Drone/build/drone_vision/prefix_override:/usr/lib/python3/dist-packages/colcon_core/task/python/colcon_distutils_commands:/home/ccl/Multitask-Drone/install/drone_vision/lib/python3.10/site-packages:${PYTHONPATH} /usr/bin/python3 -W ignore:setup.py install is deprecated -W ignore:easy_install command is deprecated setup.py egg_info --egg-base ../../build/drone_vision build --build-base /home/ccl/Multitask-Drone/build/drone_vision/build install --record /home/ccl/Multitask-Drone/build/drone_vision/install.log --single-version-externally-managed install_data
[3.322s] Level 1:colcon.colcon_core.environment:checking '/home/ccl/Multitask-Drone/install/drone_vision' for CMake config files
[3.322s] Level 1:colcon.colcon_core.environment:checking '/home/ccl/Multitask-Drone/install/drone_vision/lib'
[3.322s] Level 1:colcon.colcon_core.environment:checking '/home/ccl/Multitask-Drone/install/drone_vision/bin'
[3.322s] Level 1:colcon.colcon_core.environment:checking '/home/ccl/Multitask-Drone/install/drone_vision/lib/pkgconfig/drone_vision.pc'
[3.323s] Level 1:colcon.colcon_core.environment:checking '/home/ccl/Multitask-Drone/install/drone_vision/lib/python3.10/site-packages'
[3.323s] Level 1:colcon.colcon_core.shell:create_environment_hook('drone_vision', 'pythonpath')
[3.323s] INFO:colcon.colcon_core.shell:Creating environment hook '/home/ccl/Multitask-Drone/install/drone_vision/share/drone_vision/hook/pythonpath.ps1'
[3.324s] INFO:colcon.colcon_core.shell:Creating environment descriptor '/home/ccl/Multitask-Drone/install/drone_vision/share/drone_vision/hook/pythonpath.dsv'
[3.327s] INFO:colcon.colcon_core.shell:Creating environment hook '/home/ccl/Multitask-Drone/install/drone_vision/share/drone_vision/hook/pythonpath.sh'
[3.328s] Level 1:colcon.colcon_core.environment:checking '/home/ccl/Multitask-Drone/install/drone_vision/bin'
[3.328s] Level 1:colcon.colcon_core.environment:create_environment_scripts_only(drone_vision)
[3.328s] INFO:colcon.colcon_core.shell:Creating package script '/home/ccl/Multitask-Drone/install/drone_vision/share/drone_vision/package.ps1'
[3.329s] INFO:colcon.colcon_core.shell:Creating package descriptor '/home/ccl/Multitask-Drone/install/drone_vision/share/drone_vision/package.dsv'
[3.330s] INFO:colcon.colcon_core.shell:Creating package script '/home/ccl/Multitask-Drone/install/drone_vision/share/drone_vision/package.sh'
[3.331s] INFO:colcon.colcon_core.shell:Creating package script '/home/ccl/Multitask-Drone/install/drone_vision/share/drone_vision/package.bash'
[3.332s] INFO:colcon.colcon_core.shell:Creating package script '/home/ccl/Multitask-Drone/install/drone_vision/share/drone_vision/package.zsh'
[3.333s] Level 1:colcon.colcon_core.environment:create_file_with_runtime_dependencies(/home/ccl/Multitask-Drone/install/drone_vision/share/colcon-core/packages/drone_vision)
[3.333s] DEBUG:colcon.colcon_parallel_executor.executor.parallel:closing loop
[3.333s] DEBUG:colcon.colcon_parallel_executor.executor.parallel:loop closed
[3.334s] DEBUG:colcon.colcon_parallel_executor.executor.parallel:run_until_complete finished with '0'
[3.334s] DEBUG:colcon.colcon_core.event_reactor:joining thread
[3.342s] INFO:colcon.colcon_core.plugin_system:Skipping extension 'colcon_notification.desktop_notification.terminal_notifier': Not used on non-Darwin systems
[3.342s] INFO:colcon.colcon_core.plugin_system:Skipping extension 'colcon_notification.desktop_notification.win32': Not used on non-Windows systems
[3.342s] INFO:colcon.colcon_notification.desktop_notification:Sending desktop notification using 'notify2'
[3.370s] DEBUG:colcon.colcon_core.event_reactor:joined thread
[3.370s] INFO:colcon.colcon_core.shell:Creating prefix script '/home/ccl/Multitask-Drone/install/local_setup.ps1'
[3.372s] INFO:colcon.colcon_core.shell:Creating prefix util module '/home/ccl/Multitask-Drone/install/_local_setup_util_ps1.py'
[3.374s] INFO:colcon.colcon_core.shell:Creating prefix chain script '/home/ccl/Multitask-Drone/install/setup.ps1'
[3.377s] INFO:colcon.colcon_core.shell:Creating prefix script '/home/ccl/Multitask-Drone/install/local_setup.sh'
[3.378s] INFO:colcon.colcon_core.shell:Creating prefix util module '/home/ccl/Multitask-Drone/install/_local_setup_util_sh.py'
[3.379s] INFO:colcon.colcon_core.shell:Creating prefix chain script '/home/ccl/Multitask-Drone/install/setup.sh'
[3.382s] INFO:colcon.colcon_core.shell:Creating prefix script '/home/ccl/Multitask-Drone/install/local_setup.bash'
[3.386s] INFO:colcon.colcon_core.shell:Creating prefix chain script '/home/ccl/Multitask-Drone/install/setup.bash'
[3.387s] INFO:colcon.colcon_core.shell:Creating prefix script '/home/ccl/Multitask-Drone/install/local_setup.zsh'
[3.389s] INFO:colcon.colcon_core.shell:Creating prefix chain script '/home/ccl/Multitask-Drone/install/setup.zsh'
