[1.112s] Invoking command in '/home/orangepi/Multitask-Drone/src/drone_monitor': PYTHONPATH=/home/orangepi/Multitask-Drone/build/drone_monitor/prefix_override:/usr/lib/python3/dist-packages/colcon_core/task/python/colcon_distutils_commands:/home/orangepi/Multitask-Drone/install/drone_monitor/lib/python3.10/site-packages:${PYTHONPATH} /usr/bin/python3 -W ignore:setup.py install is deprecated -W ignore:easy_install command is deprecated setup.py egg_info --egg-base ../../build/drone_monitor build --build-base /home/orangepi/Multitask-Drone/build/drone_monitor/build install --record /home/orangepi/Multitask-Drone/build/drone_monitor/install.log --single-version-externally-managed install_data
[1.482s] running egg_info
[1.483s] creating ../../build/drone_monitor/drone_monitor.egg-info
[1.484s] writing ../../build/drone_monitor/drone_monitor.egg-info/PKG-INFO
[1.485s] writing dependency_links to ../../build/drone_monitor/drone_monitor.egg-info/dependency_links.txt
[1.485s] writing entry points to ../../build/drone_monitor/drone_monitor.egg-info/entry_points.txt
[1.486s] writing requirements to ../../build/drone_monitor/drone_monitor.egg-info/requires.txt
[1.486s] writing top-level names to ../../build/drone_monitor/drone_monitor.egg-info/top_level.txt
[1.486s] writing manifest file '../../build/drone_monitor/drone_monitor.egg-info/SOURCES.txt'
[1.488s] reading manifest file '../../build/drone_monitor/drone_monitor.egg-info/SOURCES.txt'
[1.489s] adding license file 'LICENSE'
[1.490s] writing manifest file '../../build/drone_monitor/drone_monitor.egg-info/SOURCES.txt'
[1.490s] running build
[1.491s] running build_py
[1.491s] creating /home/orangepi/Multitask-Drone/build/drone_monitor/build
[1.491s] creating /home/orangepi/Multitask-Drone/build/drone_monitor/build/lib
[1.492s] creating /home/orangepi/Multitask-Drone/build/drone_monitor/build/lib/src
[1.492s] copying src/__init__.py -> /home/orangepi/Multitask-Drone/build/drone_monitor/build/lib/src
[1.493s] running install
[1.493s] running install_lib
[1.494s] creating /home/orangepi/Multitask-Drone/install/drone_monitor/lib/python3.10/site-packages/src
[1.494s] copying /home/orangepi/Multitask-Drone/build/drone_monitor/build/lib/src/__init__.py -> /home/orangepi/Multitask-Drone/install/drone_monitor/lib/python3.10/site-packages/src
[1.495s] byte-compiling /home/orangepi/Multitask-Drone/install/drone_monitor/lib/python3.10/site-packages/src/__init__.py to __init__.cpython-310.pyc
[1.495s] running install_data
[1.495s] creating /home/orangepi/Multitask-Drone/install/drone_monitor/share/ament_index
[1.496s] creating /home/orangepi/Multitask-Drone/install/drone_monitor/share/ament_index/resource_index
[1.496s] creating /home/orangepi/Multitask-Drone/install/drone_monitor/share/ament_index/resource_index/packages
[1.497s] copying resource/drone_monitor -> /home/orangepi/Multitask-Drone/install/drone_monitor/share/ament_index/resource_index/packages
[1.497s] copying package.xml -> /home/orangepi/Multitask-Drone/install/drone_monitor/share/drone_monitor
[1.497s] running install_egg_info
[1.500s] Copying ../../build/drone_monitor/drone_monitor.egg-info to /home/orangepi/Multitask-Drone/install/drone_monitor/lib/python3.10/site-packages/drone_monitor-0.0.0-py3.10.egg-info
[1.501s] running install_scripts
[1.543s] writing list of installed files to '/home/orangepi/Multitask-Drone/build/drone_monitor/install.log'
[1.642s] Invoked command in '/home/orangepi/Multitask-Drone/src/drone_monitor' returned '0': PYTHONPATH=/home/orangepi/Multitask-Drone/build/drone_monitor/prefix_override:/usr/lib/python3/dist-packages/colcon_core/task/python/colcon_distutils_commands:/home/orangepi/Multitask-Drone/install/drone_monitor/lib/python3.10/site-packages:${PYTHONPATH} /usr/bin/python3 -W ignore:setup.py install is deprecated -W ignore:easy_install command is deprecated setup.py egg_info --egg-base ../../build/drone_monitor build --build-base /home/orangepi/Multitask-Drone/build/drone_monitor/build install --record /home/orangepi/Multitask-Drone/build/drone_monitor/install.log --single-version-externally-managed install_data
