[0.020s] Invoking command in '/home/jetson/Multitask-Drone/build/drone_interfaces': CMAKE_PREFIX_PATH=/opt/ros/humble /usr/bin/cmake /home/jetson/Multitask-Drone/src/drone_interfaces -DCMAKE_INSTALL_PREFIX=/home/jetson/Multitask-Drone/install/drone_interfaces
[0.162s] -- The C compiler identification is GNU 11.4.0
[0.282s] -- The CXX compiler identification is GNU 11.4.0
[0.296s] -- Detecting C compiler ABI info
[0.404s] -- Detecting C compiler ABI info - done
[0.429s] -- Check for working C compiler: /usr/bin/cc - skipped
[0.430s] -- Detecting C compile features
[0.431s] -- Detecting C compile features - done
[0.443s] -- Detecting CXX compiler ABI info
[0.583s] -- Detecting CXX compiler ABI info - done
[0.609s] -- Check for working CXX compiler: /usr/bin/c++ - skipped
[0.610s] -- Detecting CXX compile features
[0.611s] -- Detecting CXX compile features - done
[0.621s] -- Found ament_cmake: 1.3.11 (/opt/ros/humble/share/ament_cmake/cmake)
[0.890s] -- Found Python3: /usr/bin/python3 (found version "3.10.12") found components: Interpreter 
[1.072s] -- Found rosidl_default_generators: 1.2.0 (/opt/ros/humble/share/rosidl_default_generators/cmake)
[1.078s] -- Using all available rosidl_typesupport_c: rosidl_typesupport_fastrtps_c;rosidl_typesupport_introspection_c
[1.091s] -- Found rosidl_adapter: 3.1.6 (/opt/ros/humble/share/rosidl_adapter/cmake)
[1.151s] -- Using all available rosidl_typesupport_cpp: rosidl_typesupport_fastrtps_cpp;rosidl_typesupport_introspection_cpp
[1.200s] -- Found std_msgs: 4.2.4 (/opt/ros/humble/share/std_msgs/cmake)
[1.240s] -- Found mavros_msgs: 2.9.0 (/opt/ros/humble/share/mavros_msgs/cmake)
[1.389s] -- Found ament_lint_auto: 0.12.11 (/opt/ros/humble/share/ament_lint_auto/cmake)
[2.246s] -- Found ament_cmake_ros: 0.10.0 (/opt/ros/humble/share/ament_cmake_ros/cmake)
[3.069s] -- Using all available rosidl_typesupport_c: rosidl_typesupport_fastrtps_c;rosidl_typesupport_introspection_c
[4.160s] -- Using all available rosidl_typesupport_cpp: rosidl_typesupport_fastrtps_cpp;rosidl_typesupport_introspection_cpp
[4.212s] -- Found PythonInterp: /usr/bin/python3 (found suitable version "3.10.12", minimum required is "3.6") 
[4.216s] -- Found python_cmake_module: 0.10.0 (/opt/ros/humble/share/python_cmake_module/cmake)
[4.279s] -- Found PythonLibs: /usr/lib/aarch64-linux-gnu/libpython3.10.so (found suitable version "3.10.12", minimum required is "3.5") 
[4.280s] -- Using PYTHON_EXECUTABLE: /usr/bin/python3
[4.280s] -- Using PYTHON_INCLUDE_DIRS: /usr/include/python3.10
[4.280s] -- Using PYTHON_LIBRARIES: /usr/lib/aarch64-linux-gnu/libpython3.10.so
[4.320s] -- Found PythonExtra: .so  
[4.600s] -- Added test 'lint_cmake' to check CMake code style
[4.603s] -- Added test 'xmllint' to check XML markup files
[4.613s] -- Configuring done
[4.716s] -- Generating done
[4.741s] -- Build files have been written to: /home/jetson/Multitask-Drone/build/drone_interfaces
[4.767s] Invoked command in '/home/jetson/Multitask-Drone/build/drone_interfaces' returned '0': CMAKE_PREFIX_PATH=/opt/ros/humble /usr/bin/cmake /home/jetson/Multitask-Drone/src/drone_interfaces -DCMAKE_INSTALL_PREFIX=/home/jetson/Multitask-Drone/install/drone_interfaces
[4.773s] Invoking command in '/home/jetson/Multitask-Drone/build/drone_interfaces': CMAKE_PREFIX_PATH=/opt/ros/humble /usr/bin/cmake --build /home/jetson/Multitask-Drone/build/drone_interfaces -- -j6 -l6
[4.847s] [  1%] [34m[1mGenerating C code for ROS interfaces[0m
[4.870s] [  2%] [34m[1mGenerating C++ code for ROS interfaces[0m
[4.879s] [  2%] Built target ament_cmake_python_copy_drone_interfaces
[5.289s] running egg_info
[5.290s] creating drone_interfaces.egg-info
[5.291s] writing drone_interfaces.egg-info/PKG-INFO
[5.291s] writing dependency_links to drone_interfaces.egg-info/dependency_links.txt
[5.291s] writing top-level names to drone_interfaces.egg-info/top_level.txt
[5.292s] writing manifest file 'drone_interfaces.egg-info/SOURCES.txt'
[5.295s] reading manifest file 'drone_interfaces.egg-info/SOURCES.txt'
[5.296s] writing manifest file 'drone_interfaces.egg-info/SOURCES.txt'
[5.359s] [  2%] Built target ament_cmake_python_build_drone_interfaces_egg
[6.378s] [  3%] [32mBuilding C object CMakeFiles/drone_interfaces__rosidl_generator_c.dir/rosidl_generator_c/drone_interfaces/msg/detail/yaw__functions.c.o[0m
[6.380s] [  4%] [32mBuilding C object CMakeFiles/drone_interfaces__rosidl_generator_c.dir/rosidl_generator_c/drone_interfaces/msg/detail/panel_box__functions.c.o[0m
[6.406s] [  5%] [32mBuilding C object CMakeFiles/drone_interfaces__rosidl_generator_c.dir/rosidl_generator_c/drone_interfaces/msg/detail/task__functions.c.o[0m
[6.437s] [  6%] [32mBuilding C object CMakeFiles/drone_interfaces__rosidl_generator_c.dir/rosidl_generator_c/drone_interfaces/msg/detail/raw_waypoint__functions.c.o[0m
[6.444s] [  7%] [32mBuilding C object CMakeFiles/drone_interfaces__rosidl_generator_c.dir/rosidl_generator_c/drone_interfaces/msg/detail/task_state__functions.c.o[0m
[6.482s] [  9%] [32mBuilding C object CMakeFiles/drone_interfaces__rosidl_generator_c.dir/rosidl_generator_c/drone_interfaces/srv/detail/yolo_request__functions.c.o[0m
[6.483s] [  9%] [32mBuilding C object CMakeFiles/drone_interfaces__rosidl_generator_c.dir/rosidl_generator_c/drone_interfaces/srv/detail/task_dispatch__functions.c.o[0m
[6.505s] [ 10%] [32mBuilding C object CMakeFiles/drone_interfaces__rosidl_generator_c.dir/rosidl_generator_c/drone_interfaces/srv/detail/task_push__functions.c.o[0m
[6.526s] [ 11%] [32mBuilding C object CMakeFiles/drone_interfaces__rosidl_generator_c.dir/rosidl_generator_c/drone_interfaces/action/detail/execute_waypoint__functions.c.o[0m
[6.565s] [ 11%] Built target drone_interfaces__cpp
[6.583s] [ 13%] [34m[1mGenerating C++ type support dispatch for ROS interfaces[0m
[6.584s] [ 13%] [34m[1mGenerating C++ type support for eProsima Fast-RTPS[0m
[6.596s] [ 14%] [34m[1mGenerating C++ introspection for ROS interfaces[0m
[6.770s] [ 15%] [32m[1mLinking C shared library libdrone_interfaces__rosidl_generator_c.so[0m
[6.834s] [ 15%] Built target drone_interfaces__rosidl_generator_c
[6.852s] [ 17%] [34m[1mGenerating C type support dispatch for ROS interfaces[0m
[6.852s] [ 17%] [34m[1mGenerating C type support for eProsima Fast-RTPS[0m
[6.860s] [ 18%] [34m[1mGenerating C introspection for ROS interfaces[0m
[7.749s] [ 20%] [32mBuilding CXX object CMakeFiles/drone_interfaces__rosidl_typesupport_cpp.dir/rosidl_typesupport_cpp/drone_interfaces/msg/yaw__type_support.cpp.o[0m
[7.819s] [ 21%] [32mBuilding CXX object CMakeFiles/drone_interfaces__rosidl_typesupport_c.dir/rosidl_typesupport_c/drone_interfaces/msg/yaw__type_support.cpp.o[0m
[7.880s] [ 22%] [32mBuilding CXX object CMakeFiles/drone_interfaces__rosidl_typesupport_c.dir/rosidl_typesupport_c/drone_interfaces/msg/panel_box__type_support.cpp.o[0m
[7.933s] [ 23%] [32mBuilding CXX object CMakeFiles/drone_interfaces__rosidl_typesupport_c.dir/rosidl_typesupport_c/drone_interfaces/msg/task__type_support.cpp.o[0m
[7.990s] [ 24%] [32mBuilding CXX object CMakeFiles/drone_interfaces__rosidl_typesupport_c.dir/rosidl_typesupport_c/drone_interfaces/msg/task_state__type_support.cpp.o[0m
[7.995s] [ 25%] [32mBuilding CXX object CMakeFiles/drone_interfaces__rosidl_typesupport_introspection_cpp.dir/rosidl_typesupport_introspection_cpp/drone_interfaces/msg/detail/yaw__type_support.cpp.o[0m
[8.057s] [ 26%] [32mBuilding CXX object CMakeFiles/drone_interfaces__rosidl_typesupport_c.dir/rosidl_typesupport_c/drone_interfaces/msg/raw_waypoint__type_support.cpp.o[0m
[8.066s] [ 27%] [32mBuilding CXX object CMakeFiles/drone_interfaces__rosidl_typesupport_fastrtps_cpp.dir/rosidl_typesupport_fastrtps_cpp/drone_interfaces/msg/detail/dds_fastrtps/yaw__type_support.cpp.o[0m
[8.115s] [ 28%] [32mBuilding CXX object CMakeFiles/drone_interfaces__rosidl_typesupport_c.dir/rosidl_typesupport_c/drone_interfaces/srv/task_dispatch__type_support.cpp.o[0m
[8.179s] [ 29%] [32mBuilding CXX object CMakeFiles/drone_interfaces__rosidl_typesupport_c.dir/rosidl_typesupport_c/drone_interfaces/srv/yolo_request__type_support.cpp.o[0m
[8.256s] [ 30%] [32mBuilding CXX object CMakeFiles/drone_interfaces__rosidl_typesupport_c.dir/rosidl_typesupport_c/drone_interfaces/srv/task_push__type_support.cpp.o[0m
[8.272s] [ 31%] [32mBuilding C object CMakeFiles/drone_interfaces__rosidl_typesupport_introspection_c.dir/rosidl_typesupport_introspection_c/drone_interfaces/msg/detail/yaw__type_support.c.o[0m
[8.273s] [ 32%] [32mBuilding CXX object CMakeFiles/drone_interfaces__rosidl_typesupport_fastrtps_c.dir/rosidl_typesupport_fastrtps_c/drone_interfaces/msg/detail/yaw__type_support_c.cpp.o[0m
[8.312s] [ 33%] [32mBuilding CXX object CMakeFiles/drone_interfaces__rosidl_typesupport_c.dir/rosidl_typesupport_c/drone_interfaces/action/execute_waypoint__type_support.cpp.o[0m
[8.345s] [ 34%] [32mBuilding C object CMakeFiles/drone_interfaces__rosidl_typesupport_introspection_c.dir/rosidl_typesupport_introspection_c/drone_interfaces/msg/detail/panel_box__type_support.c.o[0m
[8.370s] [ 35%] [32mBuilding CXX object CMakeFiles/drone_interfaces__rosidl_typesupport_cpp.dir/rosidl_typesupport_cpp/drone_interfaces/msg/panel_box__type_support.cpp.o[0m
[8.410s] [ 36%] [32mBuilding C object CMakeFiles/drone_interfaces__rosidl_typesupport_introspection_c.dir/rosidl_typesupport_introspection_c/drone_interfaces/msg/detail/task__type_support.c.o[0m
[8.427s] [ 37%] [32m[1mLinking CXX shared library libdrone_interfaces__rosidl_typesupport_c.so[0m
[8.481s] [ 38%] [32mBuilding C object CMakeFiles/drone_interfaces__rosidl_typesupport_introspection_c.dir/rosidl_typesupport_introspection_c/drone_interfaces/msg/detail/task_state__type_support.c.o[0m
[8.510s] [ 38%] Built target drone_interfaces__rosidl_typesupport_c
[8.523s] [ 40%] [32mBuilding CXX object CMakeFiles/drone_interfaces__rosidl_typesupport_cpp.dir/rosidl_typesupport_cpp/drone_interfaces/msg/task__type_support.cpp.o[0m
[8.544s] [ 41%] [32mBuilding C object CMakeFiles/drone_interfaces__rosidl_typesupport_introspection_c.dir/rosidl_typesupport_introspection_c/drone_interfaces/msg/detail/raw_waypoint__type_support.c.o[0m
[8.610s] [ 42%] [32mBuilding C object CMakeFiles/drone_interfaces__rosidl_typesupport_introspection_c.dir/rosidl_typesupport_introspection_c/drone_interfaces/srv/detail/task_dispatch__type_support.c.o[0m
[8.679s] [ 43%] [32mBuilding C object CMakeFiles/drone_interfaces__rosidl_typesupport_introspection_c.dir/rosidl_typesupport_introspection_c/drone_interfaces/srv/detail/yolo_request__type_support.c.o[0m
[8.721s] [ 44%] [32mBuilding CXX object CMakeFiles/drone_interfaces__rosidl_typesupport_introspection_cpp.dir/rosidl_typesupport_introspection_cpp/drone_interfaces/msg/detail/panel_box__type_support.cpp.o[0m
[8.746s] [ 45%] [32mBuilding C object CMakeFiles/drone_interfaces__rosidl_typesupport_introspection_c.dir/rosidl_typesupport_introspection_c/drone_interfaces/srv/detail/task_push__type_support.c.o[0m
[8.819s] [ 46%] [32mBuilding C object CMakeFiles/drone_interfaces__rosidl_typesupport_introspection_c.dir/rosidl_typesupport_introspection_c/drone_interfaces/action/detail/execute_waypoint__type_support.c.o[0m
[8.845s] [ 47%] [32mBuilding CXX object CMakeFiles/drone_interfaces__rosidl_typesupport_cpp.dir/rosidl_typesupport_cpp/drone_interfaces/msg/task_state__type_support.cpp.o[0m
[8.853s] [ 48%] [32mBuilding CXX object CMakeFiles/drone_interfaces__rosidl_typesupport_fastrtps_cpp.dir/rosidl_typesupport_fastrtps_cpp/drone_interfaces/msg/detail/dds_fastrtps/panel_box__type_support.cpp.o[0m
[8.917s] [ 49%] [32m[1mLinking C shared library libdrone_interfaces__rosidl_typesupport_introspection_c.so[0m
[8.971s] [ 49%] Built target drone_interfaces__rosidl_typesupport_introspection_c
[8.989s] [ 50%] [32mBuilding CXX object CMakeFiles/drone_interfaces__rosidl_typesupport_fastrtps_cpp.dir/rosidl_typesupport_fastrtps_cpp/drone_interfaces/msg/detail/dds_fastrtps/task__type_support.cpp.o[0m
[9.040s] [ 51%] [32mBuilding CXX object CMakeFiles/drone_interfaces__rosidl_typesupport_fastrtps_c.dir/rosidl_typesupport_fastrtps_c/drone_interfaces/msg/detail/panel_box__type_support_c.cpp.o[0m
[9.082s] [ 52%] [32mBuilding CXX object CMakeFiles/drone_interfaces__rosidl_typesupport_cpp.dir/rosidl_typesupport_cpp/drone_interfaces/msg/raw_waypoint__type_support.cpp.o[0m
[9.331s] [ 53%] [32mBuilding CXX object CMakeFiles/drone_interfaces__rosidl_typesupport_cpp.dir/rosidl_typesupport_cpp/drone_interfaces/srv/task_dispatch__type_support.cpp.o[0m
[9.452s] [ 54%] [32mBuilding CXX object CMakeFiles/drone_interfaces__rosidl_typesupport_introspection_cpp.dir/rosidl_typesupport_introspection_cpp/drone_interfaces/msg/detail/task__type_support.cpp.o[0m
[9.585s] [ 55%] [32mBuilding CXX object CMakeFiles/drone_interfaces__rosidl_typesupport_cpp.dir/rosidl_typesupport_cpp/drone_interfaces/srv/yolo_request__type_support.cpp.o[0m
[9.678s] [ 56%] [32mBuilding CXX object CMakeFiles/drone_interfaces__rosidl_typesupport_fastrtps_c.dir/rosidl_typesupport_fastrtps_c/drone_interfaces/msg/detail/task__type_support_c.cpp.o[0m
[9.741s] [ 57%] [32mBuilding CXX object CMakeFiles/drone_interfaces__rosidl_typesupport_fastrtps_cpp.dir/rosidl_typesupport_fastrtps_cpp/drone_interfaces/msg/detail/dds_fastrtps/task_state__type_support.cpp.o[0m
[9.815s] [ 58%] [32mBuilding CXX object CMakeFiles/drone_interfaces__rosidl_typesupport_cpp.dir/rosidl_typesupport_cpp/drone_interfaces/srv/task_push__type_support.cpp.o[0m
[9.959s] [ 60%] [32mBuilding CXX object CMakeFiles/drone_interfaces__rosidl_typesupport_cpp.dir/rosidl_typesupport_cpp/drone_interfaces/action/execute_waypoint__type_support.cpp.o[0m
[10.151s] [ 61%] [32mBuilding CXX object CMakeFiles/drone_interfaces__rosidl_typesupport_fastrtps_c.dir/rosidl_typesupport_fastrtps_c/drone_interfaces/msg/detail/task_state__type_support_c.cpp.o[0m
[10.298s] [ 62%] [32mBuilding CXX object CMakeFiles/drone_interfaces__rosidl_typesupport_fastrtps_c.dir/rosidl_typesupport_fastrtps_c/drone_interfaces/msg/detail/raw_waypoint__type_support_c.cpp.o[0m
[10.317s] [ 63%] [32mBuilding CXX object CMakeFiles/drone_interfaces__rosidl_typesupport_introspection_cpp.dir/rosidl_typesupport_introspection_cpp/drone_interfaces/msg/detail/task_state__type_support.cpp.o[0m
[10.325s] [ 64%] [32mBuilding CXX object CMakeFiles/drone_interfaces__rosidl_typesupport_fastrtps_c.dir/rosidl_typesupport_fastrtps_c/drone_interfaces/srv/detail/task_dispatch__type_support_c.cpp.o[0m
[10.485s] [ 65%] [32mBuilding CXX object CMakeFiles/drone_interfaces__rosidl_typesupport_fastrtps_cpp.dir/rosidl_typesupport_fastrtps_cpp/drone_interfaces/msg/detail/dds_fastrtps/raw_waypoint__type_support.cpp.o[0m
[10.783s] [ 66%] [32mBuilding CXX object CMakeFiles/drone_interfaces__rosidl_typesupport_fastrtps_c.dir/rosidl_typesupport_fastrtps_c/drone_interfaces/srv/detail/yolo_request__type_support_c.cpp.o[0m
[10.904s] [ 67%] [32mBuilding CXX object CMakeFiles/drone_interfaces__rosidl_typesupport_fastrtps_c.dir/rosidl_typesupport_fastrtps_c/drone_interfaces/srv/detail/task_push__type_support_c.cpp.o[0m
[10.979s] [ 68%] [32m[1mLinking CXX shared library libdrone_interfaces__rosidl_typesupport_cpp.so[0m
[11.010s] [ 69%] [32mBuilding CXX object CMakeFiles/drone_interfaces__rosidl_typesupport_fastrtps_c.dir/rosidl_typesupport_fastrtps_c/drone_interfaces/action/detail/execute_waypoint__type_support_c.cpp.o[0m
[11.075s] [ 69%] Built target drone_interfaces__rosidl_typesupport_cpp
[11.095s] [ 70%] [32mBuilding CXX object CMakeFiles/drone_interfaces__rosidl_typesupport_fastrtps_cpp.dir/rosidl_typesupport_fastrtps_cpp/drone_interfaces/srv/detail/dds_fastrtps/task_dispatch__type_support.cpp.o[0m
[11.104s] [ 71%] [32mBuilding CXX object CMakeFiles/drone_interfaces__rosidl_typesupport_introspection_cpp.dir/rosidl_typesupport_introspection_cpp/drone_interfaces/msg/detail/raw_waypoint__type_support.cpp.o[0m
[11.263s] [ 72%] [32mBuilding CXX object CMakeFiles/drone_interfaces__rosidl_typesupport_fastrtps_cpp.dir/rosidl_typesupport_fastrtps_cpp/drone_interfaces/srv/detail/dds_fastrtps/yolo_request__type_support.cpp.o[0m
[11.498s] [ 73%] [32mBuilding CXX object CMakeFiles/drone_interfaces__rosidl_typesupport_fastrtps_cpp.dir/rosidl_typesupport_fastrtps_cpp/drone_interfaces/srv/detail/dds_fastrtps/task_push__type_support.cpp.o[0m
[11.525s] [ 74%] [32mBuilding CXX object CMakeFiles/drone_interfaces__rosidl_typesupport_fastrtps_cpp.dir/rosidl_typesupport_fastrtps_cpp/drone_interfaces/action/detail/dds_fastrtps/execute_waypoint__type_support.cpp.o[0m
[11.759s] [ 75%] [32m[1mLinking CXX shared library libdrone_interfaces__rosidl_typesupport_fastrtps_c.so[0m
[11.908s] [ 75%] Built target drone_interfaces__rosidl_typesupport_fastrtps_c
[11.923s] [ 76%] [32mBuilding CXX object CMakeFiles/drone_interfaces__rosidl_typesupport_introspection_cpp.dir/rosidl_typesupport_introspection_cpp/drone_interfaces/srv/detail/task_dispatch__type_support.cpp.o[0m
[11.938s] [ 77%] [32mBuilding CXX object CMakeFiles/drone_interfaces__rosidl_typesupport_introspection_cpp.dir/rosidl_typesupport_introspection_cpp/drone_interfaces/srv/detail/yolo_request__type_support.cpp.o[0m
[11.990s] [ 78%] [32mBuilding CXX object CMakeFiles/drone_interfaces__rosidl_typesupport_introspection_cpp.dir/rosidl_typesupport_introspection_cpp/drone_interfaces/srv/detail/task_push__type_support.cpp.o[0m
[12.075s] [ 80%] [32mBuilding CXX object CMakeFiles/drone_interfaces__rosidl_typesupport_introspection_cpp.dir/rosidl_typesupport_introspection_cpp/drone_interfaces/action/detail/execute_waypoint__type_support.cpp.o[0m
[12.724s] [ 81%] [32m[1mLinking CXX shared library libdrone_interfaces__rosidl_typesupport_fastrtps_cpp.so[0m
[12.863s] [ 81%] Built target drone_interfaces__rosidl_typesupport_fastrtps_cpp
[13.154s] [ 82%] [32m[1mLinking CXX shared library libdrone_interfaces__rosidl_typesupport_introspection_cpp.so[0m
[13.290s] [ 82%] Built target drone_interfaces__rosidl_typesupport_introspection_cpp
[13.326s] [ 82%] Built target drone_interfaces
[13.366s] [ 83%] [34m[1mGenerating Python code for ROS interfaces[0m
[15.753s] [ 83%] Built target drone_interfaces__py
[15.789s] [ 85%] [32mBuilding C object CMakeFiles/drone_interfaces__rosidl_generator_py.dir/rosidl_generator_py/drone_interfaces/msg/_raw_waypoint_s.c.o[0m
[15.789s] [ 85%] [32mBuilding C object CMakeFiles/drone_interfaces__rosidl_generator_py.dir/rosidl_generator_py/drone_interfaces/msg/_task_state_s.c.o[0m
[15.791s] [ 86%] [32mBuilding C object CMakeFiles/drone_interfaces__rosidl_generator_py.dir/rosidl_generator_py/drone_interfaces/msg/_panel_box_s.c.o[0m
[15.791s] [ 87%] [32mBuilding C object CMakeFiles/drone_interfaces__rosidl_generator_py.dir/rosidl_generator_py/drone_interfaces/srv/_task_dispatch_s.c.o[0m
[15.792s] [ 88%] [32mBuilding C object CMakeFiles/drone_interfaces__rosidl_generator_py.dir/rosidl_generator_py/drone_interfaces/msg/_yaw_s.c.o[0m
[15.792s] [ 89%] [32mBuilding C object CMakeFiles/drone_interfaces__rosidl_generator_py.dir/rosidl_generator_py/drone_interfaces/msg/_task_s.c.o[0m
[15.994s] [ 91%] [32mBuilding C object CMakeFiles/drone_interfaces__rosidl_generator_py.dir/rosidl_generator_py/drone_interfaces/srv/_task_push_s.c.o[0m
[15.994s] [ 91%] [32mBuilding C object CMakeFiles/drone_interfaces__rosidl_generator_py.dir/rosidl_generator_py/drone_interfaces/srv/_yolo_request_s.c.o[0m
[15.994s] [ 92%] [32mBuilding C object CMakeFiles/drone_interfaces__rosidl_generator_py.dir/rosidl_generator_py/drone_interfaces/action/_execute_waypoint_s.c.o[0m
[16.251s] [ 93%] [32m[1mLinking C shared library rosidl_generator_py/drone_interfaces/libdrone_interfaces__rosidl_generator_py.so[0m
[16.340s] [ 93%] Built target drone_interfaces__rosidl_generator_py
[16.372s] [ 96%] [32mBuilding C object CMakeFiles/drone_interfaces__rosidl_typesupport_c__pyext.dir/rosidl_generator_py/drone_interfaces/_drone_interfaces_s.ep.rosidl_typesupport_c.c.o[0m
[16.373s] [ 96%] [32mBuilding C object CMakeFiles/drone_interfaces__rosidl_typesupport_introspection_c__pyext.dir/rosidl_generator_py/drone_interfaces/_drone_interfaces_s.ep.rosidl_typesupport_introspection_c.c.o[0m
[16.373s] [ 96%] [32mBuilding C object CMakeFiles/drone_interfaces__rosidl_typesupport_fastrtps_c__pyext.dir/rosidl_generator_py/drone_interfaces/_drone_interfaces_s.ep.rosidl_typesupport_fastrtps_c.c.o[0m
[16.644s] [ 98%] [32m[1mLinking C shared library rosidl_generator_py/drone_interfaces/drone_interfaces_s__rosidl_typesupport_c.cpython-310-aarch64-linux-gnu.so[0m
[16.644s] [ 98%] [32m[1mLinking C shared library rosidl_generator_py/drone_interfaces/drone_interfaces_s__rosidl_typesupport_introspection_c.cpython-310-aarch64-linux-gnu.so[0m
[16.655s] [100%] [32m[1mLinking C shared library rosidl_generator_py/drone_interfaces/drone_interfaces_s__rosidl_typesupport_fastrtps_c.cpython-310-aarch64-linux-gnu.so[0m
[16.733s] [100%] Built target drone_interfaces__rosidl_typesupport_c__pyext
[16.737s] [100%] Built target drone_interfaces__rosidl_typesupport_introspection_c__pyext
[16.750s] [100%] Built target drone_interfaces__rosidl_typesupport_fastrtps_c__pyext
[16.776s] Invoked command in '/home/jetson/Multitask-Drone/build/drone_interfaces' returned '0': CMAKE_PREFIX_PATH=/opt/ros/humble /usr/bin/cmake --build /home/jetson/Multitask-Drone/build/drone_interfaces -- -j6 -l6
[16.796s] Invoking command in '/home/jetson/Multitask-Drone/build/drone_interfaces': CMAKE_PREFIX_PATH=/opt/ros/humble /usr/bin/cmake --install /home/jetson/Multitask-Drone/build/drone_interfaces
[16.811s] -- Install configuration: ""
[16.811s] -- Installing: /home/jetson/Multitask-Drone/install/drone_interfaces/share/ament_index/resource_index/rosidl_interfaces/drone_interfaces
[16.812s] -- Installing: /home/jetson/Multitask-Drone/install/drone_interfaces/include/drone_interfaces/drone_interfaces
[16.812s] -- Installing: /home/jetson/Multitask-Drone/install/drone_interfaces/include/drone_interfaces/drone_interfaces/action
[16.812s] -- Installing: /home/jetson/Multitask-Drone/install/drone_interfaces/include/drone_interfaces/drone_interfaces/action/execute_waypoint.h
[16.812s] -- Installing: /home/jetson/Multitask-Drone/install/drone_interfaces/include/drone_interfaces/drone_interfaces/action/detail
[16.812s] -- Installing: /home/jetson/Multitask-Drone/install/drone_interfaces/include/drone_interfaces/drone_interfaces/action/detail/execute_waypoint__functions.h
[16.813s] -- Installing: /home/jetson/Multitask-Drone/install/drone_interfaces/include/drone_interfaces/drone_interfaces/action/detail/execute_waypoint__struct.h
[16.813s] -- Installing: /home/jetson/Multitask-Drone/install/drone_interfaces/include/drone_interfaces/drone_interfaces/action/detail/execute_waypoint__functions.c
[16.814s] -- Installing: /home/jetson/Multitask-Drone/install/drone_interfaces/include/drone_interfaces/drone_interfaces/action/detail/execute_waypoint__type_support.h
[16.814s] -- Installing: /home/jetson/Multitask-Drone/install/drone_interfaces/include/drone_interfaces/drone_interfaces/msg
[16.814s] -- Installing: /home/jetson/Multitask-Drone/install/drone_interfaces/include/drone_interfaces/drone_interfaces/msg/raw_waypoint.h
[16.814s] -- Installing: /home/jetson/Multitask-Drone/install/drone_interfaces/include/drone_interfaces/drone_interfaces/msg/yaw.h
[16.814s] -- Installing: /home/jetson/Multitask-Drone/install/drone_interfaces/include/drone_interfaces/drone_interfaces/msg/panel_box.h
[16.814s] -- Installing: /home/jetson/Multitask-Drone/install/drone_interfaces/include/drone_interfaces/drone_interfaces/msg/task_state.h
[16.815s] -- Installing: /home/jetson/Multitask-Drone/install/drone_interfaces/include/drone_interfaces/drone_interfaces/msg/rosidl_generator_c__visibility_control.h
[16.815s] -- Installing: /home/jetson/Multitask-Drone/install/drone_interfaces/include/drone_interfaces/drone_interfaces/msg/task.h
[16.815s] -- Installing: /home/jetson/Multitask-Drone/install/drone_interfaces/include/drone_interfaces/drone_interfaces/msg/detail
[16.815s] -- Installing: /home/jetson/Multitask-Drone/install/drone_interfaces/include/drone_interfaces/drone_interfaces/msg/detail/raw_waypoint__functions.h
[16.815s] -- Installing: /home/jetson/Multitask-Drone/install/drone_interfaces/include/drone_interfaces/drone_interfaces/msg/detail/raw_waypoint__struct.h
[16.816s] -- Installing: /home/jetson/Multitask-Drone/install/drone_interfaces/include/drone_interfaces/drone_interfaces/msg/detail/raw_waypoint__functions.c
[16.816s] -- Installing: /home/jetson/Multitask-Drone/install/drone_interfaces/include/drone_interfaces/drone_interfaces/msg/detail/task__type_support.h
[16.816s] -- Installing: /home/jetson/Multitask-Drone/install/drone_interfaces/include/drone_interfaces/drone_interfaces/msg/detail/panel_box__functions.h
[16.816s] -- Installing: /home/jetson/Multitask-Drone/install/drone_interfaces/include/drone_interfaces/drone_interfaces/msg/detail/task_state__struct.h
[16.816s] -- Installing: /home/jetson/Multitask-Drone/install/drone_interfaces/include/drone_interfaces/drone_interfaces/msg/detail/panel_box__struct.h
[16.817s] -- Installing: /home/jetson/Multitask-Drone/install/drone_interfaces/include/drone_interfaces/drone_interfaces/msg/detail/yaw__functions.c
[16.817s] -- Installing: /home/jetson/Multitask-Drone/install/drone_interfaces/include/drone_interfaces/drone_interfaces/msg/detail/yaw__type_support.h
[16.817s] -- Installing: /home/jetson/Multitask-Drone/install/drone_interfaces/include/drone_interfaces/drone_interfaces/msg/detail/task_state__type_support.h
[16.817s] -- Installing: /home/jetson/Multitask-Drone/install/drone_interfaces/include/drone_interfaces/drone_interfaces/msg/detail/task__functions.c
[16.817s] -- Installing: /home/jetson/Multitask-Drone/install/drone_interfaces/include/drone_interfaces/drone_interfaces/msg/detail/raw_waypoint__type_support.h
[16.818s] -- Installing: /home/jetson/Multitask-Drone/install/drone_interfaces/include/drone_interfaces/drone_interfaces/msg/detail/task__functions.h
[16.818s] -- Installing: /home/jetson/Multitask-Drone/install/drone_interfaces/include/drone_interfaces/drone_interfaces/msg/detail/panel_box__type_support.h
[16.818s] -- Installing: /home/jetson/Multitask-Drone/install/drone_interfaces/include/drone_interfaces/drone_interfaces/msg/detail/task__struct.h
[16.818s] -- Installing: /home/jetson/Multitask-Drone/install/drone_interfaces/include/drone_interfaces/drone_interfaces/msg/detail/task_state__functions.h
[16.818s] -- Installing: /home/jetson/Multitask-Drone/install/drone_interfaces/include/drone_interfaces/drone_interfaces/msg/detail/task_state__functions.c
[16.819s] -- Installing: /home/jetson/Multitask-Drone/install/drone_interfaces/include/drone_interfaces/drone_interfaces/msg/detail/yaw__functions.h
[16.819s] -- Installing: /home/jetson/Multitask-Drone/install/drone_interfaces/include/drone_interfaces/drone_interfaces/msg/detail/yaw__struct.h
[16.819s] -- Installing: /home/jetson/Multitask-Drone/install/drone_interfaces/include/drone_interfaces/drone_interfaces/msg/detail/panel_box__functions.c
[16.819s] -- Installing: /home/jetson/Multitask-Drone/install/drone_interfaces/include/drone_interfaces/drone_interfaces/srv
[16.819s] -- Installing: /home/jetson/Multitask-Drone/install/drone_interfaces/include/drone_interfaces/drone_interfaces/srv/yolo_request.h
[16.820s] -- Installing: /home/jetson/Multitask-Drone/install/drone_interfaces/include/drone_interfaces/drone_interfaces/srv/task_push.h
[16.820s] -- Installing: /home/jetson/Multitask-Drone/install/drone_interfaces/include/drone_interfaces/drone_interfaces/srv/task_dispatch.h
[16.820s] -- Installing: /home/jetson/Multitask-Drone/install/drone_interfaces/include/drone_interfaces/drone_interfaces/srv/detail
[16.820s] -- Installing: /home/jetson/Multitask-Drone/install/drone_interfaces/include/drone_interfaces/drone_interfaces/srv/detail/task_dispatch__functions.h
[16.820s] -- Installing: /home/jetson/Multitask-Drone/install/drone_interfaces/include/drone_interfaces/drone_interfaces/srv/detail/yolo_request__type_support.h
[16.820s] -- Installing: /home/jetson/Multitask-Drone/install/drone_interfaces/include/drone_interfaces/drone_interfaces/srv/detail/task_push__functions.h
[16.821s] -- Installing: /home/jetson/Multitask-Drone/install/drone_interfaces/include/drone_interfaces/drone_interfaces/srv/detail/task_dispatch__functions.c
[16.821s] -- Installing: /home/jetson/Multitask-Drone/install/drone_interfaces/include/drone_interfaces/drone_interfaces/srv/detail/yolo_request__functions.c
[16.821s] -- Installing: /home/jetson/Multitask-Drone/install/drone_interfaces/include/drone_interfaces/drone_interfaces/srv/detail/task_push__functions.c
[16.821s] -- Installing: /home/jetson/Multitask-Drone/install/drone_interfaces/include/drone_interfaces/drone_interfaces/srv/detail/task_dispatch__type_support.h
[16.822s] -- Installing: /home/jetson/Multitask-Drone/install/drone_interfaces/include/drone_interfaces/drone_interfaces/srv/detail/task_push__struct.h
[16.822s] -- Installing: /home/jetson/Multitask-Drone/install/drone_interfaces/include/drone_interfaces/drone_interfaces/srv/detail/yolo_request__struct.h
[16.822s] -- Installing: /home/jetson/Multitask-Drone/install/drone_interfaces/include/drone_interfaces/drone_interfaces/srv/detail/task_push__type_support.h
[16.822s] -- Installing: /home/jetson/Multitask-Drone/install/drone_interfaces/include/drone_interfaces/drone_interfaces/srv/detail/task_dispatch__struct.h
[16.822s] -- Installing: /home/jetson/Multitask-Drone/install/drone_interfaces/include/drone_interfaces/drone_interfaces/srv/detail/yolo_request__functions.h
[16.823s] -- Installing: /home/jetson/Multitask-Drone/install/drone_interfaces/share/drone_interfaces/environment/library_path.sh
[16.823s] -- Installing: /home/jetson/Multitask-Drone/install/drone_interfaces/share/drone_interfaces/environment/library_path.dsv
[16.823s] -- Installing: /home/jetson/Multitask-Drone/install/drone_interfaces/lib/libdrone_interfaces__rosidl_generator_c.so
[16.824s] -- Set runtime path of "/home/jetson/Multitask-Drone/install/drone_interfaces/lib/libdrone_interfaces__rosidl_generator_c.so" to ""
[16.824s] -- Up-to-date: /home/jetson/Multitask-Drone/install/drone_interfaces/include/drone_interfaces/drone_interfaces
[16.824s] -- Up-to-date: /home/jetson/Multitask-Drone/install/drone_interfaces/include/drone_interfaces/drone_interfaces/action
[16.824s] -- Up-to-date: /home/jetson/Multitask-Drone/install/drone_interfaces/include/drone_interfaces/drone_interfaces/action/detail
[16.825s] -- Installing: /home/jetson/Multitask-Drone/install/drone_interfaces/include/drone_interfaces/drone_interfaces/action/detail/execute_waypoint__rosidl_typesupport_fastrtps_c.h
[16.825s] -- Up-to-date: /home/jetson/Multitask-Drone/install/drone_interfaces/include/drone_interfaces/drone_interfaces/msg
[16.825s] -- Up-to-date: /home/jetson/Multitask-Drone/install/drone_interfaces/include/drone_interfaces/drone_interfaces/msg/detail
[16.825s] -- Installing: /home/jetson/Multitask-Drone/install/drone_interfaces/include/drone_interfaces/drone_interfaces/msg/detail/yaw__rosidl_typesupport_fastrtps_c.h
[16.825s] -- Installing: /home/jetson/Multitask-Drone/install/drone_interfaces/include/drone_interfaces/drone_interfaces/msg/detail/panel_box__rosidl_typesupport_fastrtps_c.h
[16.825s] -- Installing: /home/jetson/Multitask-Drone/install/drone_interfaces/include/drone_interfaces/drone_interfaces/msg/detail/task_state__rosidl_typesupport_fastrtps_c.h
[16.825s] -- Installing: /home/jetson/Multitask-Drone/install/drone_interfaces/include/drone_interfaces/drone_interfaces/msg/detail/raw_waypoint__rosidl_typesupport_fastrtps_c.h
[16.825s] -- Installing: /home/jetson/Multitask-Drone/install/drone_interfaces/include/drone_interfaces/drone_interfaces/msg/detail/task__rosidl_typesupport_fastrtps_c.h
[16.826s] -- Installing: /home/jetson/Multitask-Drone/install/drone_interfaces/include/drone_interfaces/drone_interfaces/msg/rosidl_typesupport_fastrtps_c__visibility_control.h
[16.826s] -- Up-to-date: /home/jetson/Multitask-Drone/install/drone_interfaces/include/drone_interfaces/drone_interfaces/srv
[16.826s] -- Up-to-date: /home/jetson/Multitask-Drone/install/drone_interfaces/include/drone_interfaces/drone_interfaces/srv/detail
[16.826s] -- Installing: /home/jetson/Multitask-Drone/install/drone_interfaces/include/drone_interfaces/drone_interfaces/srv/detail/task_push__rosidl_typesupport_fastrtps_c.h
[16.826s] -- Installing: /home/jetson/Multitask-Drone/install/drone_interfaces/include/drone_interfaces/drone_interfaces/srv/detail/yolo_request__rosidl_typesupport_fastrtps_c.h
[16.826s] -- Installing: /home/jetson/Multitask-Drone/install/drone_interfaces/include/drone_interfaces/drone_interfaces/srv/detail/task_dispatch__rosidl_typesupport_fastrtps_c.h
[16.826s] -- Installing: /home/jetson/Multitask-Drone/install/drone_interfaces/lib/libdrone_interfaces__rosidl_typesupport_fastrtps_c.so
[16.827s] -- Set runtime path of "/home/jetson/Multitask-Drone/install/drone_interfaces/lib/libdrone_interfaces__rosidl_typesupport_fastrtps_c.so" to ""
[16.827s] -- Up-to-date: /home/jetson/Multitask-Drone/install/drone_interfaces/include/drone_interfaces/drone_interfaces
[16.827s] -- Up-to-date: /home/jetson/Multitask-Drone/install/drone_interfaces/include/drone_interfaces/drone_interfaces/action
[16.827s] -- Up-to-date: /home/jetson/Multitask-Drone/install/drone_interfaces/include/drone_interfaces/drone_interfaces/action/detail
[16.828s] -- Installing: /home/jetson/Multitask-Drone/install/drone_interfaces/include/drone_interfaces/drone_interfaces/action/detail/execute_waypoint__type_support.c
[16.828s] -- Installing: /home/jetson/Multitask-Drone/install/drone_interfaces/include/drone_interfaces/drone_interfaces/action/detail/execute_waypoint__rosidl_typesupport_introspection_c.h
[16.828s] -- Up-to-date: /home/jetson/Multitask-Drone/install/drone_interfaces/include/drone_interfaces/drone_interfaces/msg
[16.828s] -- Installing: /home/jetson/Multitask-Drone/install/drone_interfaces/include/drone_interfaces/drone_interfaces/msg/rosidl_typesupport_introspection_c__visibility_control.h
[16.828s] -- Up-to-date: /home/jetson/Multitask-Drone/install/drone_interfaces/include/drone_interfaces/drone_interfaces/msg/detail
[16.828s] -- Installing: /home/jetson/Multitask-Drone/install/drone_interfaces/include/drone_interfaces/drone_interfaces/msg/detail/task__rosidl_typesupport_introspection_c.h
[16.828s] -- Installing: /home/jetson/Multitask-Drone/install/drone_interfaces/include/drone_interfaces/drone_interfaces/msg/detail/raw_waypoint__rosidl_typesupport_introspection_c.h
[16.829s] -- Installing: /home/jetson/Multitask-Drone/install/drone_interfaces/include/drone_interfaces/drone_interfaces/msg/detail/panel_box__type_support.c
[16.829s] -- Installing: /home/jetson/Multitask-Drone/install/drone_interfaces/include/drone_interfaces/drone_interfaces/msg/detail/raw_waypoint__type_support.c
[16.829s] -- Installing: /home/jetson/Multitask-Drone/install/drone_interfaces/include/drone_interfaces/drone_interfaces/msg/detail/task__type_support.c
[16.829s] -- Installing: /home/jetson/Multitask-Drone/install/drone_interfaces/include/drone_interfaces/drone_interfaces/msg/detail/yaw__type_support.c
[16.829s] -- Installing: /home/jetson/Multitask-Drone/install/drone_interfaces/include/drone_interfaces/drone_interfaces/msg/detail/panel_box__rosidl_typesupport_introspection_c.h
[16.830s] -- Installing: /home/jetson/Multitask-Drone/install/drone_interfaces/include/drone_interfaces/drone_interfaces/msg/detail/yaw__rosidl_typesupport_introspection_c.h
[16.830s] -- Installing: /home/jetson/Multitask-Drone/install/drone_interfaces/include/drone_interfaces/drone_interfaces/msg/detail/task_state__type_support.c
[16.830s] -- Installing: /home/jetson/Multitask-Drone/install/drone_interfaces/include/drone_interfaces/drone_interfaces/msg/detail/task_state__rosidl_typesupport_introspection_c.h
[16.830s] -- Up-to-date: /home/jetson/Multitask-Drone/install/drone_interfaces/include/drone_interfaces/drone_interfaces/srv
[16.830s] -- Up-to-date: /home/jetson/Multitask-Drone/install/drone_interfaces/include/drone_interfaces/drone_interfaces/srv/detail
[16.830s] -- Installing: /home/jetson/Multitask-Drone/install/drone_interfaces/include/drone_interfaces/drone_interfaces/srv/detail/task_dispatch__type_support.c
[16.830s] -- Installing: /home/jetson/Multitask-Drone/install/drone_interfaces/include/drone_interfaces/drone_interfaces/srv/detail/yolo_request__type_support.c
[16.831s] -- Installing: /home/jetson/Multitask-Drone/install/drone_interfaces/include/drone_interfaces/drone_interfaces/srv/detail/task_dispatch__rosidl_typesupport_introspection_c.h
[16.831s] -- Installing: /home/jetson/Multitask-Drone/install/drone_interfaces/include/drone_interfaces/drone_interfaces/srv/detail/yolo_request__rosidl_typesupport_introspection_c.h
[16.831s] -- Installing: /home/jetson/Multitask-Drone/install/drone_interfaces/include/drone_interfaces/drone_interfaces/srv/detail/task_push__rosidl_typesupport_introspection_c.h
[16.831s] -- Installing: /home/jetson/Multitask-Drone/install/drone_interfaces/include/drone_interfaces/drone_interfaces/srv/detail/task_push__type_support.c
[16.831s] -- Installing: /home/jetson/Multitask-Drone/install/drone_interfaces/lib/libdrone_interfaces__rosidl_typesupport_introspection_c.so
[16.832s] -- Set runtime path of "/home/jetson/Multitask-Drone/install/drone_interfaces/lib/libdrone_interfaces__rosidl_typesupport_introspection_c.so" to ""
[16.832s] -- Installing: /home/jetson/Multitask-Drone/install/drone_interfaces/lib/libdrone_interfaces__rosidl_typesupport_c.so
[16.833s] -- Set runtime path of "/home/jetson/Multitask-Drone/install/drone_interfaces/lib/libdrone_interfaces__rosidl_typesupport_c.so" to ""
[16.833s] -- Up-to-date: /home/jetson/Multitask-Drone/install/drone_interfaces/include/drone_interfaces/drone_interfaces
[16.833s] -- Up-to-date: /home/jetson/Multitask-Drone/install/drone_interfaces/include/drone_interfaces/drone_interfaces/action
[16.833s] -- Installing: /home/jetson/Multitask-Drone/install/drone_interfaces/include/drone_interfaces/drone_interfaces/action/execute_waypoint.hpp
[16.833s] -- Up-to-date: /home/jetson/Multitask-Drone/install/drone_interfaces/include/drone_interfaces/drone_interfaces/action/detail
[16.833s] -- Installing: /home/jetson/Multitask-Drone/install/drone_interfaces/include/drone_interfaces/drone_interfaces/action/detail/execute_waypoint__traits.hpp
[16.833s] -- Installing: /home/jetson/Multitask-Drone/install/drone_interfaces/include/drone_interfaces/drone_interfaces/action/detail/execute_waypoint__type_support.hpp
[16.834s] -- Installing: /home/jetson/Multitask-Drone/install/drone_interfaces/include/drone_interfaces/drone_interfaces/action/detail/execute_waypoint__builder.hpp
[16.834s] -- Installing: /home/jetson/Multitask-Drone/install/drone_interfaces/include/drone_interfaces/drone_interfaces/action/detail/execute_waypoint__struct.hpp
[16.834s] -- Up-to-date: /home/jetson/Multitask-Drone/install/drone_interfaces/include/drone_interfaces/drone_interfaces/msg
[16.834s] -- Installing: /home/jetson/Multitask-Drone/install/drone_interfaces/include/drone_interfaces/drone_interfaces/msg/panel_box.hpp
[16.834s] -- Installing: /home/jetson/Multitask-Drone/install/drone_interfaces/include/drone_interfaces/drone_interfaces/msg/task.hpp
[16.834s] -- Installing: /home/jetson/Multitask-Drone/install/drone_interfaces/include/drone_interfaces/drone_interfaces/msg/raw_waypoint.hpp
[16.834s] -- Installing: /home/jetson/Multitask-Drone/install/drone_interfaces/include/drone_interfaces/drone_interfaces/msg/yaw.hpp
[16.835s] -- Installing: /home/jetson/Multitask-Drone/install/drone_interfaces/include/drone_interfaces/drone_interfaces/msg/task_state.hpp
[16.835s] -- Installing: /home/jetson/Multitask-Drone/install/drone_interfaces/include/drone_interfaces/drone_interfaces/msg/rosidl_generator_cpp__visibility_control.hpp
[16.835s] -- Up-to-date: /home/jetson/Multitask-Drone/install/drone_interfaces/include/drone_interfaces/drone_interfaces/msg/detail
[16.835s] -- Installing: /home/jetson/Multitask-Drone/install/drone_interfaces/include/drone_interfaces/drone_interfaces/msg/detail/task_state__traits.hpp
[16.835s] -- Installing: /home/jetson/Multitask-Drone/install/drone_interfaces/include/drone_interfaces/drone_interfaces/msg/detail/task_state__type_support.hpp
[16.835s] -- Installing: /home/jetson/Multitask-Drone/install/drone_interfaces/include/drone_interfaces/drone_interfaces/msg/detail/yaw__struct.hpp
[16.836s] -- Installing: /home/jetson/Multitask-Drone/install/drone_interfaces/include/drone_interfaces/drone_interfaces/msg/detail/yaw__builder.hpp
[16.836s] -- Installing: /home/jetson/Multitask-Drone/install/drone_interfaces/include/drone_interfaces/drone_interfaces/msg/detail/panel_box__builder.hpp
[16.836s] -- Installing: /home/jetson/Multitask-Drone/install/drone_interfaces/include/drone_interfaces/drone_interfaces/msg/detail/yaw__type_support.hpp
[16.836s] -- Installing: /home/jetson/Multitask-Drone/install/drone_interfaces/include/drone_interfaces/drone_interfaces/msg/detail/panel_box__struct.hpp
[16.836s] -- Installing: /home/jetson/Multitask-Drone/install/drone_interfaces/include/drone_interfaces/drone_interfaces/msg/detail/task_state__builder.hpp
[16.836s] -- Installing: /home/jetson/Multitask-Drone/install/drone_interfaces/include/drone_interfaces/drone_interfaces/msg/detail/task__traits.hpp
[16.837s] -- Installing: /home/jetson/Multitask-Drone/install/drone_interfaces/include/drone_interfaces/drone_interfaces/msg/detail/panel_box__type_support.hpp
[16.837s] -- Installing: /home/jetson/Multitask-Drone/install/drone_interfaces/include/drone_interfaces/drone_interfaces/msg/detail/raw_waypoint__struct.hpp
[16.837s] -- Installing: /home/jetson/Multitask-Drone/install/drone_interfaces/include/drone_interfaces/drone_interfaces/msg/detail/raw_waypoint__type_support.hpp
[16.837s] -- Installing: /home/jetson/Multitask-Drone/install/drone_interfaces/include/drone_interfaces/drone_interfaces/msg/detail/yaw__traits.hpp
[16.837s] -- Installing: /home/jetson/Multitask-Drone/install/drone_interfaces/include/drone_interfaces/drone_interfaces/msg/detail/raw_waypoint__traits.hpp
[16.837s] -- Installing: /home/jetson/Multitask-Drone/install/drone_interfaces/include/drone_interfaces/drone_interfaces/msg/detail/raw_waypoint__builder.hpp
[16.838s] -- Installing: /home/jetson/Multitask-Drone/install/drone_interfaces/include/drone_interfaces/drone_interfaces/msg/detail/task_state__struct.hpp
[16.838s] -- Installing: /home/jetson/Multitask-Drone/install/drone_interfaces/include/drone_interfaces/drone_interfaces/msg/detail/task__struct.hpp
[16.838s] -- Installing: /home/jetson/Multitask-Drone/install/drone_interfaces/include/drone_interfaces/drone_interfaces/msg/detail/panel_box__traits.hpp
[16.838s] -- Installing: /home/jetson/Multitask-Drone/install/drone_interfaces/include/drone_interfaces/drone_interfaces/msg/detail/task__type_support.hpp
[16.838s] -- Installing: /home/jetson/Multitask-Drone/install/drone_interfaces/include/drone_interfaces/drone_interfaces/msg/detail/task__builder.hpp
[16.838s] -- Up-to-date: /home/jetson/Multitask-Drone/install/drone_interfaces/include/drone_interfaces/drone_interfaces/srv
[16.839s] -- Installing: /home/jetson/Multitask-Drone/install/drone_interfaces/include/drone_interfaces/drone_interfaces/srv/task_dispatch.hpp
[16.839s] -- Installing: /home/jetson/Multitask-Drone/install/drone_interfaces/include/drone_interfaces/drone_interfaces/srv/task_push.hpp
[16.839s] -- Up-to-date: /home/jetson/Multitask-Drone/install/drone_interfaces/include/drone_interfaces/drone_interfaces/srv/detail
[16.839s] -- Installing: /home/jetson/Multitask-Drone/install/drone_interfaces/include/drone_interfaces/drone_interfaces/srv/detail/yolo_request__type_support.hpp
[16.839s] -- Installing: /home/jetson/Multitask-Drone/install/drone_interfaces/include/drone_interfaces/drone_interfaces/srv/detail/yolo_request__traits.hpp
[16.839s] -- Installing: /home/jetson/Multitask-Drone/install/drone_interfaces/include/drone_interfaces/drone_interfaces/srv/detail/task_push__type_support.hpp
[16.839s] -- Installing: /home/jetson/Multitask-Drone/install/drone_interfaces/include/drone_interfaces/drone_interfaces/srv/detail/task_push__builder.hpp
[16.840s] -- Installing: /home/jetson/Multitask-Drone/install/drone_interfaces/include/drone_interfaces/drone_interfaces/srv/detail/task_dispatch__builder.hpp
[16.840s] -- Installing: /home/jetson/Multitask-Drone/install/drone_interfaces/include/drone_interfaces/drone_interfaces/srv/detail/task_dispatch__struct.hpp
[16.840s] -- Installing: /home/jetson/Multitask-Drone/install/drone_interfaces/include/drone_interfaces/drone_interfaces/srv/detail/yolo_request__struct.hpp
[16.840s] -- Installing: /home/jetson/Multitask-Drone/install/drone_interfaces/include/drone_interfaces/drone_interfaces/srv/detail/task_push__traits.hpp
[16.840s] -- Installing: /home/jetson/Multitask-Drone/install/drone_interfaces/include/drone_interfaces/drone_interfaces/srv/detail/task_push__struct.hpp
[16.840s] -- Installing: /home/jetson/Multitask-Drone/install/drone_interfaces/include/drone_interfaces/drone_interfaces/srv/detail/task_dispatch__type_support.hpp
[16.841s] -- Installing: /home/jetson/Multitask-Drone/install/drone_interfaces/include/drone_interfaces/drone_interfaces/srv/detail/task_dispatch__traits.hpp
[16.841s] -- Installing: /home/jetson/Multitask-Drone/install/drone_interfaces/include/drone_interfaces/drone_interfaces/srv/detail/yolo_request__builder.hpp
[16.841s] -- Installing: /home/jetson/Multitask-Drone/install/drone_interfaces/include/drone_interfaces/drone_interfaces/srv/yolo_request.hpp
[16.841s] -- Up-to-date: /home/jetson/Multitask-Drone/install/drone_interfaces/include/drone_interfaces/drone_interfaces
[16.841s] -- Up-to-date: /home/jetson/Multitask-Drone/install/drone_interfaces/include/drone_interfaces/drone_interfaces/action
[16.841s] -- Up-to-date: /home/jetson/Multitask-Drone/install/drone_interfaces/include/drone_interfaces/drone_interfaces/action/detail
[16.842s] -- Installing: /home/jetson/Multitask-Drone/install/drone_interfaces/include/drone_interfaces/drone_interfaces/action/detail/execute_waypoint__rosidl_typesupport_fastrtps_cpp.hpp
[16.842s] -- Installing: /home/jetson/Multitask-Drone/install/drone_interfaces/include/drone_interfaces/drone_interfaces/action/detail/dds_fastrtps
[16.842s] -- Up-to-date: /home/jetson/Multitask-Drone/install/drone_interfaces/include/drone_interfaces/drone_interfaces/msg
[16.842s] -- Installing: /home/jetson/Multitask-Drone/install/drone_interfaces/include/drone_interfaces/drone_interfaces/msg/rosidl_typesupport_fastrtps_cpp__visibility_control.h
[16.842s] -- Up-to-date: /home/jetson/Multitask-Drone/install/drone_interfaces/include/drone_interfaces/drone_interfaces/msg/detail
[16.842s] -- Installing: /home/jetson/Multitask-Drone/install/drone_interfaces/include/drone_interfaces/drone_interfaces/msg/detail/raw_waypoint__rosidl_typesupport_fastrtps_cpp.hpp
[16.842s] -- Installing: /home/jetson/Multitask-Drone/install/drone_interfaces/include/drone_interfaces/drone_interfaces/msg/detail/panel_box__rosidl_typesupport_fastrtps_cpp.hpp
[16.842s] -- Installing: /home/jetson/Multitask-Drone/install/drone_interfaces/include/drone_interfaces/drone_interfaces/msg/detail/yaw__rosidl_typesupport_fastrtps_cpp.hpp
[16.843s] -- Installing: /home/jetson/Multitask-Drone/install/drone_interfaces/include/drone_interfaces/drone_interfaces/msg/detail/task__rosidl_typesupport_fastrtps_cpp.hpp
[16.843s] -- Installing: /home/jetson/Multitask-Drone/install/drone_interfaces/include/drone_interfaces/drone_interfaces/msg/detail/dds_fastrtps
[16.843s] -- Installing: /home/jetson/Multitask-Drone/install/drone_interfaces/include/drone_interfaces/drone_interfaces/msg/detail/task_state__rosidl_typesupport_fastrtps_cpp.hpp
[16.843s] -- Up-to-date: /home/jetson/Multitask-Drone/install/drone_interfaces/include/drone_interfaces/drone_interfaces/srv
[16.843s] -- Up-to-date: /home/jetson/Multitask-Drone/install/drone_interfaces/include/drone_interfaces/drone_interfaces/srv/detail
[16.843s] -- Installing: /home/jetson/Multitask-Drone/install/drone_interfaces/include/drone_interfaces/drone_interfaces/srv/detail/task_push__rosidl_typesupport_fastrtps_cpp.hpp
[16.843s] -- Installing: /home/jetson/Multitask-Drone/install/drone_interfaces/include/drone_interfaces/drone_interfaces/srv/detail/dds_fastrtps
[16.843s] -- Installing: /home/jetson/Multitask-Drone/install/drone_interfaces/include/drone_interfaces/drone_interfaces/srv/detail/yolo_request__rosidl_typesupport_fastrtps_cpp.hpp
[16.844s] -- Installing: /home/jetson/Multitask-Drone/install/drone_interfaces/include/drone_interfaces/drone_interfaces/srv/detail/task_dispatch__rosidl_typesupport_fastrtps_cpp.hpp
[16.844s] -- Installing: /home/jetson/Multitask-Drone/install/drone_interfaces/lib/libdrone_interfaces__rosidl_typesupport_fastrtps_cpp.so
[16.845s] -- Set runtime path of "/home/jetson/Multitask-Drone/install/drone_interfaces/lib/libdrone_interfaces__rosidl_typesupport_fastrtps_cpp.so" to ""
[16.845s] -- Up-to-date: /home/jetson/Multitask-Drone/install/drone_interfaces/include/drone_interfaces/drone_interfaces
[16.845s] -- Up-to-date: /home/jetson/Multitask-Drone/install/drone_interfaces/include/drone_interfaces/drone_interfaces/action
[16.845s] -- Up-to-date: /home/jetson/Multitask-Drone/install/drone_interfaces/include/drone_interfaces/drone_interfaces/action/detail
[16.845s] -- Installing: /home/jetson/Multitask-Drone/install/drone_interfaces/include/drone_interfaces/drone_interfaces/action/detail/execute_waypoint__rosidl_typesupport_introspection_cpp.hpp
[16.845s] -- Installing: /home/jetson/Multitask-Drone/install/drone_interfaces/include/drone_interfaces/drone_interfaces/action/detail/execute_waypoint__type_support.cpp
[16.845s] -- Up-to-date: /home/jetson/Multitask-Drone/install/drone_interfaces/include/drone_interfaces/drone_interfaces/msg
[16.845s] -- Up-to-date: /home/jetson/Multitask-Drone/install/drone_interfaces/include/drone_interfaces/drone_interfaces/msg/detail
[16.846s] -- Installing: /home/jetson/Multitask-Drone/install/drone_interfaces/include/drone_interfaces/drone_interfaces/msg/detail/task_state__type_support.cpp
[16.846s] -- Installing: /home/jetson/Multitask-Drone/install/drone_interfaces/include/drone_interfaces/drone_interfaces/msg/detail/raw_waypoint__type_support.cpp
[16.846s] -- Installing: /home/jetson/Multitask-Drone/install/drone_interfaces/include/drone_interfaces/drone_interfaces/msg/detail/panel_box__rosidl_typesupport_introspection_cpp.hpp
[16.846s] -- Installing: /home/jetson/Multitask-Drone/install/drone_interfaces/include/drone_interfaces/drone_interfaces/msg/detail/task__type_support.cpp
[16.846s] -- Installing: /home/jetson/Multitask-Drone/install/drone_interfaces/include/drone_interfaces/drone_interfaces/msg/detail/task__rosidl_typesupport_introspection_cpp.hpp
[16.846s] -- Installing: /home/jetson/Multitask-Drone/install/drone_interfaces/include/drone_interfaces/drone_interfaces/msg/detail/task_state__rosidl_typesupport_introspection_cpp.hpp
[16.846s] -- Installing: /home/jetson/Multitask-Drone/install/drone_interfaces/include/drone_interfaces/drone_interfaces/msg/detail/raw_waypoint__rosidl_typesupport_introspection_cpp.hpp
[16.846s] -- Installing: /home/jetson/Multitask-Drone/install/drone_interfaces/include/drone_interfaces/drone_interfaces/msg/detail/panel_box__type_support.cpp
[16.847s] -- Installing: /home/jetson/Multitask-Drone/install/drone_interfaces/include/drone_interfaces/drone_interfaces/msg/detail/yaw__type_support.cpp
[16.847s] -- Installing: /home/jetson/Multitask-Drone/install/drone_interfaces/include/drone_interfaces/drone_interfaces/msg/detail/yaw__rosidl_typesupport_introspection_cpp.hpp
[16.847s] -- Up-to-date: /home/jetson/Multitask-Drone/install/drone_interfaces/include/drone_interfaces/drone_interfaces/srv
[16.847s] -- Up-to-date: /home/jetson/Multitask-Drone/install/drone_interfaces/include/drone_interfaces/drone_interfaces/srv/detail
[16.847s] -- Installing: /home/jetson/Multitask-Drone/install/drone_interfaces/include/drone_interfaces/drone_interfaces/srv/detail/task_dispatch__rosidl_typesupport_introspection_cpp.hpp
[16.847s] -- Installing: /home/jetson/Multitask-Drone/install/drone_interfaces/include/drone_interfaces/drone_interfaces/srv/detail/yolo_request__rosidl_typesupport_introspection_cpp.hpp
[16.847s] -- Installing: /home/jetson/Multitask-Drone/install/drone_interfaces/include/drone_interfaces/drone_interfaces/srv/detail/task_dispatch__type_support.cpp
[16.848s] -- Installing: /home/jetson/Multitask-Drone/install/drone_interfaces/include/drone_interfaces/drone_interfaces/srv/detail/task_push__rosidl_typesupport_introspection_cpp.hpp
[16.848s] -- Installing: /home/jetson/Multitask-Drone/install/drone_interfaces/include/drone_interfaces/drone_interfaces/srv/detail/task_push__type_support.cpp
[16.848s] -- Installing: /home/jetson/Multitask-Drone/install/drone_interfaces/include/drone_interfaces/drone_interfaces/srv/detail/yolo_request__type_support.cpp
[16.848s] -- Installing: /home/jetson/Multitask-Drone/install/drone_interfaces/lib/libdrone_interfaces__rosidl_typesupport_introspection_cpp.so
[16.849s] -- Set runtime path of "/home/jetson/Multitask-Drone/install/drone_interfaces/lib/libdrone_interfaces__rosidl_typesupport_introspection_cpp.so" to ""
[16.849s] -- Installing: /home/jetson/Multitask-Drone/install/drone_interfaces/lib/libdrone_interfaces__rosidl_typesupport_cpp.so
[16.850s] -- Set runtime path of "/home/jetson/Multitask-Drone/install/drone_interfaces/lib/libdrone_interfaces__rosidl_typesupport_cpp.so" to ""
[16.850s] -- Installing: /home/jetson/Multitask-Drone/install/drone_interfaces/share/drone_interfaces/environment/pythonpath.sh
[16.850s] -- Installing: /home/jetson/Multitask-Drone/install/drone_interfaces/share/drone_interfaces/environment/pythonpath.dsv
[16.850s] -- Installing: /home/jetson/Multitask-Drone/install/drone_interfaces/local/lib/python3.10/dist-packages/drone_interfaces-0.0.0-py3.10.egg-info
[16.850s] -- Installing: /home/jetson/Multitask-Drone/install/drone_interfaces/local/lib/python3.10/dist-packages/drone_interfaces-0.0.0-py3.10.egg-info/SOURCES.txt
[16.850s] -- Installing: /home/jetson/Multitask-Drone/install/drone_interfaces/local/lib/python3.10/dist-packages/drone_interfaces-0.0.0-py3.10.egg-info/PKG-INFO
[16.851s] -- Installing: /home/jetson/Multitask-Drone/install/drone_interfaces/local/lib/python3.10/dist-packages/drone_interfaces-0.0.0-py3.10.egg-info/top_level.txt
[16.851s] -- Installing: /home/jetson/Multitask-Drone/install/drone_interfaces/local/lib/python3.10/dist-packages/drone_interfaces-0.0.0-py3.10.egg-info/dependency_links.txt
[16.851s] -- Installing: /home/jetson/Multitask-Drone/install/drone_interfaces/local/lib/python3.10/dist-packages/drone_interfaces
[16.851s] -- Installing: /home/jetson/Multitask-Drone/install/drone_interfaces/local/lib/python3.10/dist-packages/drone_interfaces/drone_interfaces_s__rosidl_typesupport_introspection_c.cpython-310-aarch64-linux-gnu.so
[16.851s] -- Installing: /home/jetson/Multitask-Drone/install/drone_interfaces/local/lib/python3.10/dist-packages/drone_interfaces/_drone_interfaces_s.ep.rosidl_typesupport_c.c
[16.852s] -- Installing: /home/jetson/Multitask-Drone/install/drone_interfaces/local/lib/python3.10/dist-packages/drone_interfaces/action
[16.852s] -- Installing: /home/jetson/Multitask-Drone/install/drone_interfaces/local/lib/python3.10/dist-packages/drone_interfaces/action/_execute_waypoint_s.c
[16.852s] -- Installing: /home/jetson/Multitask-Drone/install/drone_interfaces/local/lib/python3.10/dist-packages/drone_interfaces/action/__init__.py
[16.852s] -- Installing: /home/jetson/Multitask-Drone/install/drone_interfaces/local/lib/python3.10/dist-packages/drone_interfaces/action/_execute_waypoint.py
[16.852s] -- Installing: /home/jetson/Multitask-Drone/install/drone_interfaces/local/lib/python3.10/dist-packages/drone_interfaces/drone_interfaces_s__rosidl_typesupport_c.cpython-310-aarch64-linux-gnu.so
[16.853s] -- Installing: /home/jetson/Multitask-Drone/install/drone_interfaces/local/lib/python3.10/dist-packages/drone_interfaces/msg
[16.853s] -- Installing: /home/jetson/Multitask-Drone/install/drone_interfaces/local/lib/python3.10/dist-packages/drone_interfaces/msg/_yaw_s.c
[16.853s] -- Installing: /home/jetson/Multitask-Drone/install/drone_interfaces/local/lib/python3.10/dist-packages/drone_interfaces/msg/_task.py
[16.853s] -- Installing: /home/jetson/Multitask-Drone/install/drone_interfaces/local/lib/python3.10/dist-packages/drone_interfaces/msg/_task_s.c
[16.853s] -- Installing: /home/jetson/Multitask-Drone/install/drone_interfaces/local/lib/python3.10/dist-packages/drone_interfaces/msg/_panel_box_s.c
[16.853s] -- Installing: /home/jetson/Multitask-Drone/install/drone_interfaces/local/lib/python3.10/dist-packages/drone_interfaces/msg/_raw_waypoint.py
[16.854s] -- Installing: /home/jetson/Multitask-Drone/install/drone_interfaces/local/lib/python3.10/dist-packages/drone_interfaces/msg/_raw_waypoint_s.c
[16.854s] -- Installing: /home/jetson/Multitask-Drone/install/drone_interfaces/local/lib/python3.10/dist-packages/drone_interfaces/msg/_panel_box.py
[16.854s] -- Installing: /home/jetson/Multitask-Drone/install/drone_interfaces/local/lib/python3.10/dist-packages/drone_interfaces/msg/__init__.py
[16.854s] -- Installing: /home/jetson/Multitask-Drone/install/drone_interfaces/local/lib/python3.10/dist-packages/drone_interfaces/msg/_task_state.py
[16.854s] -- Installing: /home/jetson/Multitask-Drone/install/drone_interfaces/local/lib/python3.10/dist-packages/drone_interfaces/msg/_yaw.py
[16.854s] -- Installing: /home/jetson/Multitask-Drone/install/drone_interfaces/local/lib/python3.10/dist-packages/drone_interfaces/msg/_task_state_s.c
[16.855s] -- Installing: /home/jetson/Multitask-Drone/install/drone_interfaces/local/lib/python3.10/dist-packages/drone_interfaces/libdrone_interfaces__rosidl_generator_py.so
[16.855s] -- Installing: /home/jetson/Multitask-Drone/install/drone_interfaces/local/lib/python3.10/dist-packages/drone_interfaces/_drone_interfaces_s.ep.rosidl_typesupport_fastrtps_c.c
[16.855s] -- Installing: /home/jetson/Multitask-Drone/install/drone_interfaces/local/lib/python3.10/dist-packages/drone_interfaces/__init__.py
[16.855s] -- Installing: /home/jetson/Multitask-Drone/install/drone_interfaces/local/lib/python3.10/dist-packages/drone_interfaces/srv
[16.855s] -- Installing: /home/jetson/Multitask-Drone/install/drone_interfaces/local/lib/python3.10/dist-packages/drone_interfaces/srv/_yolo_request.py
[16.856s] -- Installing: /home/jetson/Multitask-Drone/install/drone_interfaces/local/lib/python3.10/dist-packages/drone_interfaces/srv/_task_dispatch.py
[16.856s] -- Installing: /home/jetson/Multitask-Drone/install/drone_interfaces/local/lib/python3.10/dist-packages/drone_interfaces/srv/_yolo_request_s.c
[16.856s] -- Installing: /home/jetson/Multitask-Drone/install/drone_interfaces/local/lib/python3.10/dist-packages/drone_interfaces/srv/_task_push.py
[16.856s] -- Installing: /home/jetson/Multitask-Drone/install/drone_interfaces/local/lib/python3.10/dist-packages/drone_interfaces/srv/_task_dispatch_s.c
[16.856s] -- Installing: /home/jetson/Multitask-Drone/install/drone_interfaces/local/lib/python3.10/dist-packages/drone_interfaces/srv/_task_push_s.c
[16.856s] -- Installing: /home/jetson/Multitask-Drone/install/drone_interfaces/local/lib/python3.10/dist-packages/drone_interfaces/srv/__init__.py
[16.857s] -- Installing: /home/jetson/Multitask-Drone/install/drone_interfaces/local/lib/python3.10/dist-packages/drone_interfaces/_drone_interfaces_s.ep.rosidl_typesupport_introspection_c.c
[16.857s] -- Installing: /home/jetson/Multitask-Drone/install/drone_interfaces/local/lib/python3.10/dist-packages/drone_interfaces/drone_interfaces_s__rosidl_typesupport_fastrtps_c.cpython-310-aarch64-linux-gnu.so
[16.940s] Listing '/home/jetson/Multitask-Drone/install/drone_interfaces/local/lib/python3.10/dist-packages/drone_interfaces'...
[16.940s] Compiling '/home/jetson/Multitask-Drone/install/drone_interfaces/local/lib/python3.10/dist-packages/drone_interfaces/__init__.py'...
[16.940s] Listing '/home/jetson/Multitask-Drone/install/drone_interfaces/local/lib/python3.10/dist-packages/drone_interfaces/action'...
[16.940s] Compiling '/home/jetson/Multitask-Drone/install/drone_interfaces/local/lib/python3.10/dist-packages/drone_interfaces/action/__init__.py'...
[16.940s] Compiling '/home/jetson/Multitask-Drone/install/drone_interfaces/local/lib/python3.10/dist-packages/drone_interfaces/action/_execute_waypoint.py'...
[16.940s] Listing '/home/jetson/Multitask-Drone/install/drone_interfaces/local/lib/python3.10/dist-packages/drone_interfaces/msg'...
[16.940s] Compiling '/home/jetson/Multitask-Drone/install/drone_interfaces/local/lib/python3.10/dist-packages/drone_interfaces/msg/__init__.py'...
[16.940s] Compiling '/home/jetson/Multitask-Drone/install/drone_interfaces/local/lib/python3.10/dist-packages/drone_interfaces/msg/_panel_box.py'...
[16.941s] Compiling '/home/jetson/Multitask-Drone/install/drone_interfaces/local/lib/python3.10/dist-packages/drone_interfaces/msg/_raw_waypoint.py'...
[16.941s] Compiling '/home/jetson/Multitask-Drone/install/drone_interfaces/local/lib/python3.10/dist-packages/drone_interfaces/msg/_task.py'...
[16.941s] Compiling '/home/jetson/Multitask-Drone/install/drone_interfaces/local/lib/python3.10/dist-packages/drone_interfaces/msg/_task_state.py'...
[16.941s] Compiling '/home/jetson/Multitask-Drone/install/drone_interfaces/local/lib/python3.10/dist-packages/drone_interfaces/msg/_yaw.py'...
[16.941s] Listing '/home/jetson/Multitask-Drone/install/drone_interfaces/local/lib/python3.10/dist-packages/drone_interfaces/srv'...
[16.941s] Compiling '/home/jetson/Multitask-Drone/install/drone_interfaces/local/lib/python3.10/dist-packages/drone_interfaces/srv/__init__.py'...
[16.941s] Compiling '/home/jetson/Multitask-Drone/install/drone_interfaces/local/lib/python3.10/dist-packages/drone_interfaces/srv/_task_dispatch.py'...
[16.941s] Compiling '/home/jetson/Multitask-Drone/install/drone_interfaces/local/lib/python3.10/dist-packages/drone_interfaces/srv/_task_push.py'...
[16.941s] Compiling '/home/jetson/Multitask-Drone/install/drone_interfaces/local/lib/python3.10/dist-packages/drone_interfaces/srv/_yolo_request.py'...
[16.951s] -- Installing: /home/jetson/Multitask-Drone/install/drone_interfaces/local/lib/python3.10/dist-packages/drone_interfaces/drone_interfaces_s__rosidl_typesupport_fastrtps_c.cpython-310-aarch64-linux-gnu.so
[16.951s] -- Set runtime path of "/home/jetson/Multitask-Drone/install/drone_interfaces/local/lib/python3.10/dist-packages/drone_interfaces/drone_interfaces_s__rosidl_typesupport_fastrtps_c.cpython-310-aarch64-linux-gnu.so" to ""
[16.951s] -- Installing: /home/jetson/Multitask-Drone/install/drone_interfaces/local/lib/python3.10/dist-packages/drone_interfaces/drone_interfaces_s__rosidl_typesupport_introspection_c.cpython-310-aarch64-linux-gnu.so
[16.952s] -- Set runtime path of "/home/jetson/Multitask-Drone/install/drone_interfaces/local/lib/python3.10/dist-packages/drone_interfaces/drone_interfaces_s__rosidl_typesupport_introspection_c.cpython-310-aarch64-linux-gnu.so" to ""
[16.952s] -- Installing: /home/jetson/Multitask-Drone/install/drone_interfaces/local/lib/python3.10/dist-packages/drone_interfaces/drone_interfaces_s__rosidl_typesupport_c.cpython-310-aarch64-linux-gnu.so
[16.953s] -- Set runtime path of "/home/jetson/Multitask-Drone/install/drone_interfaces/local/lib/python3.10/dist-packages/drone_interfaces/drone_interfaces_s__rosidl_typesupport_c.cpython-310-aarch64-linux-gnu.so" to ""
[16.953s] -- Installing: /home/jetson/Multitask-Drone/install/drone_interfaces/lib/libdrone_interfaces__rosidl_generator_py.so
[16.954s] -- Set runtime path of "/home/jetson/Multitask-Drone/install/drone_interfaces/lib/libdrone_interfaces__rosidl_generator_py.so" to ""
[16.954s] -- Installing: /home/jetson/Multitask-Drone/install/drone_interfaces/share/drone_interfaces/msg/Yaw.idl
[16.954s] -- Installing: /home/jetson/Multitask-Drone/install/drone_interfaces/share/drone_interfaces/msg/PanelBox.idl
[16.954s] -- Installing: /home/jetson/Multitask-Drone/install/drone_interfaces/share/drone_interfaces/msg/Task.idl
[16.954s] -- Installing: /home/jetson/Multitask-Drone/install/drone_interfaces/share/drone_interfaces/msg/TaskState.idl
[16.955s] -- Installing: /home/jetson/Multitask-Drone/install/drone_interfaces/share/drone_interfaces/msg/RawWaypoint.idl
[16.955s] -- Installing: /home/jetson/Multitask-Drone/install/drone_interfaces/share/drone_interfaces/srv/TaskDispatch.idl
[16.955s] -- Installing: /home/jetson/Multitask-Drone/install/drone_interfaces/share/drone_interfaces/srv/YoloRequest.idl
[16.956s] -- Installing: /home/jetson/Multitask-Drone/install/drone_interfaces/share/drone_interfaces/srv/TaskPush.idl
[16.956s] -- Installing: /home/jetson/Multitask-Drone/install/drone_interfaces/share/drone_interfaces/action/ExecuteWaypoint.idl
[16.956s] -- Installing: /home/jetson/Multitask-Drone/install/drone_interfaces/share/drone_interfaces/msg/Yaw.msg
[16.956s] -- Installing: /home/jetson/Multitask-Drone/install/drone_interfaces/share/drone_interfaces/msg/PanelBox.msg
[16.957s] -- Installing: /home/jetson/Multitask-Drone/install/drone_interfaces/share/drone_interfaces/msg/Task.msg
[16.957s] -- Installing: /home/jetson/Multitask-Drone/install/drone_interfaces/share/drone_interfaces/msg/TaskState.msg
[16.957s] -- Installing: /home/jetson/Multitask-Drone/install/drone_interfaces/share/drone_interfaces/msg/RawWaypoint.msg
[16.957s] -- Installing: /home/jetson/Multitask-Drone/install/drone_interfaces/share/drone_interfaces/srv/TaskDispatch.srv
[16.958s] -- Installing: /home/jetson/Multitask-Drone/install/drone_interfaces/share/drone_interfaces/srv/TaskDispatch_Request.msg
[16.958s] -- Installing: /home/jetson/Multitask-Drone/install/drone_interfaces/share/drone_interfaces/srv/TaskDispatch_Response.msg
[16.958s] -- Installing: /home/jetson/Multitask-Drone/install/drone_interfaces/share/drone_interfaces/srv/YoloRequest.srv
[16.958s] -- Installing: /home/jetson/Multitask-Drone/install/drone_interfaces/share/drone_interfaces/srv/YoloRequest_Request.msg
[16.959s] -- Installing: /home/jetson/Multitask-Drone/install/drone_interfaces/share/drone_interfaces/srv/YoloRequest_Response.msg
[16.959s] -- Installing: /home/jetson/Multitask-Drone/install/drone_interfaces/share/drone_interfaces/srv/TaskPush.srv
[16.959s] -- Installing: /home/jetson/Multitask-Drone/install/drone_interfaces/share/drone_interfaces/srv/TaskPush_Request.msg
[16.959s] -- Installing: /home/jetson/Multitask-Drone/install/drone_interfaces/share/drone_interfaces/srv/TaskPush_Response.msg
[16.960s] -- Installing: /home/jetson/Multitask-Drone/install/drone_interfaces/share/drone_interfaces/action/ExecuteWaypoint.action
[16.960s] -- Installing: /home/jetson/Multitask-Drone/install/drone_interfaces/share/ament_index/resource_index/package_run_dependencies/drone_interfaces
[16.960s] -- Installing: /home/jetson/Multitask-Drone/install/drone_interfaces/share/ament_index/resource_index/parent_prefix_path/drone_interfaces
[16.961s] -- Installing: /home/jetson/Multitask-Drone/install/drone_interfaces/share/drone_interfaces/environment/ament_prefix_path.sh
[16.961s] -- Installing: /home/jetson/Multitask-Drone/install/drone_interfaces/share/drone_interfaces/environment/ament_prefix_path.dsv
[16.961s] -- Installing: /home/jetson/Multitask-Drone/install/drone_interfaces/share/drone_interfaces/environment/path.sh
[16.961s] -- Installing: /home/jetson/Multitask-Drone/install/drone_interfaces/share/drone_interfaces/environment/path.dsv
[16.962s] -- Installing: /home/jetson/Multitask-Drone/install/drone_interfaces/share/drone_interfaces/local_setup.bash
[16.962s] -- Installing: /home/jetson/Multitask-Drone/install/drone_interfaces/share/drone_interfaces/local_setup.sh
[16.962s] -- Installing: /home/jetson/Multitask-Drone/install/drone_interfaces/share/drone_interfaces/local_setup.zsh
[16.962s] -- Installing: /home/jetson/Multitask-Drone/install/drone_interfaces/share/drone_interfaces/local_setup.dsv
[16.963s] -- Installing: /home/jetson/Multitask-Drone/install/drone_interfaces/share/drone_interfaces/package.dsv
[16.963s] -- Installing: /home/jetson/Multitask-Drone/install/drone_interfaces/share/ament_index/resource_index/packages/drone_interfaces
[16.963s] -- Installing: /home/jetson/Multitask-Drone/install/drone_interfaces/share/drone_interfaces/cmake/export_drone_interfaces__rosidl_generator_cExport.cmake
[16.963s] -- Installing: /home/jetson/Multitask-Drone/install/drone_interfaces/share/drone_interfaces/cmake/export_drone_interfaces__rosidl_generator_cExport-noconfig.cmake
[16.964s] -- Installing: /home/jetson/Multitask-Drone/install/drone_interfaces/share/drone_interfaces/cmake/export_drone_interfaces__rosidl_typesupport_fastrtps_cExport.cmake
[16.964s] -- Installing: /home/jetson/Multitask-Drone/install/drone_interfaces/share/drone_interfaces/cmake/export_drone_interfaces__rosidl_typesupport_fastrtps_cExport-noconfig.cmake
[16.964s] -- Installing: /home/jetson/Multitask-Drone/install/drone_interfaces/share/drone_interfaces/cmake/drone_interfaces__rosidl_typesupport_introspection_cExport.cmake
[16.965s] -- Installing: /home/jetson/Multitask-Drone/install/drone_interfaces/share/drone_interfaces/cmake/drone_interfaces__rosidl_typesupport_introspection_cExport-noconfig.cmake
[16.965s] -- Installing: /home/jetson/Multitask-Drone/install/drone_interfaces/share/drone_interfaces/cmake/drone_interfaces__rosidl_typesupport_cExport.cmake
[16.965s] -- Installing: /home/jetson/Multitask-Drone/install/drone_interfaces/share/drone_interfaces/cmake/drone_interfaces__rosidl_typesupport_cExport-noconfig.cmake
[16.965s] -- Installing: /home/jetson/Multitask-Drone/install/drone_interfaces/share/drone_interfaces/cmake/export_drone_interfaces__rosidl_generator_cppExport.cmake
[16.966s] -- Installing: /home/jetson/Multitask-Drone/install/drone_interfaces/share/drone_interfaces/cmake/export_drone_interfaces__rosidl_typesupport_fastrtps_cppExport.cmake
[16.966s] -- Installing: /home/jetson/Multitask-Drone/install/drone_interfaces/share/drone_interfaces/cmake/export_drone_interfaces__rosidl_typesupport_fastrtps_cppExport-noconfig.cmake
[16.966s] -- Installing: /home/jetson/Multitask-Drone/install/drone_interfaces/share/drone_interfaces/cmake/drone_interfaces__rosidl_typesupport_introspection_cppExport.cmake
[16.967s] -- Installing: /home/jetson/Multitask-Drone/install/drone_interfaces/share/drone_interfaces/cmake/drone_interfaces__rosidl_typesupport_introspection_cppExport-noconfig.cmake
[16.967s] -- Installing: /home/jetson/Multitask-Drone/install/drone_interfaces/share/drone_interfaces/cmake/drone_interfaces__rosidl_typesupport_cppExport.cmake
[16.967s] -- Installing: /home/jetson/Multitask-Drone/install/drone_interfaces/share/drone_interfaces/cmake/drone_interfaces__rosidl_typesupport_cppExport-noconfig.cmake
[16.967s] -- Installing: /home/jetson/Multitask-Drone/install/drone_interfaces/share/drone_interfaces/cmake/export_drone_interfaces__rosidl_generator_pyExport.cmake
[16.968s] -- Installing: /home/jetson/Multitask-Drone/install/drone_interfaces/share/drone_interfaces/cmake/export_drone_interfaces__rosidl_generator_pyExport-noconfig.cmake
[16.968s] -- Installing: /home/jetson/Multitask-Drone/install/drone_interfaces/share/drone_interfaces/cmake/rosidl_cmake-extras.cmake
[16.968s] -- Installing: /home/jetson/Multitask-Drone/install/drone_interfaces/share/drone_interfaces/cmake/ament_cmake_export_dependencies-extras.cmake
[16.969s] -- Installing: /home/jetson/Multitask-Drone/install/drone_interfaces/share/drone_interfaces/cmake/ament_cmake_export_include_directories-extras.cmake
[16.969s] -- Installing: /home/jetson/Multitask-Drone/install/drone_interfaces/share/drone_interfaces/cmake/ament_cmake_export_libraries-extras.cmake
[16.969s] -- Installing: /home/jetson/Multitask-Drone/install/drone_interfaces/share/drone_interfaces/cmake/ament_cmake_export_targets-extras.cmake
[16.969s] -- Installing: /home/jetson/Multitask-Drone/install/drone_interfaces/share/drone_interfaces/cmake/rosidl_cmake_export_typesupport_targets-extras.cmake
[16.970s] -- Installing: /home/jetson/Multitask-Drone/install/drone_interfaces/share/drone_interfaces/cmake/rosidl_cmake_export_typesupport_libraries-extras.cmake
[16.970s] -- Installing: /home/jetson/Multitask-Drone/install/drone_interfaces/share/drone_interfaces/cmake/drone_interfacesConfig.cmake
[16.970s] -- Installing: /home/jetson/Multitask-Drone/install/drone_interfaces/share/drone_interfaces/cmake/drone_interfacesConfig-version.cmake
[16.970s] -- Installing: /home/jetson/Multitask-Drone/install/drone_interfaces/share/drone_interfaces/package.xml
[16.976s] Invoked command in '/home/jetson/Multitask-Drone/build/drone_interfaces' returned '0': CMAKE_PREFIX_PATH=/opt/ros/humble /usr/bin/cmake --install /home/jetson/Multitask-Drone/build/drone_interfaces
