[0.786s] Invoking command in '/home/ccl/Multitask-Drone/src/drone_controller': PYTHONPATH=/home/ccl/Multitask-Drone/build/drone_controller/prefix_override:/usr/lib/python3/dist-packages/colcon_core/task/python/colcon_distutils_commands:/home/ccl/Multitask-Drone/install/drone_controller/lib/python3.10/site-packages:${PYTHONPATH} /usr/bin/python3 -W ignore:setup.py install is deprecated -W ignore:easy_install command is deprecated setup.py egg_info --egg-base ../../build/drone_controller build --build-base /home/ccl/Multitask-Drone/build/drone_controller/build install --record /home/ccl/Multitask-Drone/build/drone_controller/install.log --single-version-externally-managed install_data
[0.982s] running egg_info
[0.983s] writing ../../build/drone_controller/drone_controller.egg-info/PKG-INFO
[0.983s] writing dependency_links to ../../build/drone_controller/drone_controller.egg-info/dependency_links.txt
[0.983s] writing entry points to ../../build/drone_controller/drone_controller.egg-info/entry_points.txt
[0.984s] writing requirements to ../../build/drone_controller/drone_controller.egg-info/requires.txt
[0.984s] writing top-level names to ../../build/drone_controller/drone_controller.egg-info/top_level.txt
[0.986s] reading manifest file '../../build/drone_controller/drone_controller.egg-info/SOURCES.txt'
[0.986s] adding license file 'LICENSE'
[0.987s] writing manifest file '../../build/drone_controller/drone_controller.egg-info/SOURCES.txt'
[0.988s] running build
[0.988s] running build_py
[0.988s] copying drone_controller/drone_controller.py -> /home/ccl/Multitask-Drone/build/drone_controller/build/lib/drone_controller
[0.989s] running install
[0.989s] running install_lib
[0.990s] copying /home/ccl/Multitask-Drone/build/drone_controller/build/lib/drone_controller/drone_controller.py -> /home/ccl/Multitask-Drone/install/drone_controller/lib/python3.10/site-packages/drone_controller
[0.991s] byte-compiling /home/ccl/Multitask-Drone/install/drone_controller/lib/python3.10/site-packages/drone_controller/drone_controller.py to drone_controller.cpython-310.pyc
[0.997s] running install_data
[0.997s] running install_egg_info
[0.997s] removing '/home/ccl/Multitask-Drone/install/drone_controller/lib/python3.10/site-packages/drone_controller-0.0.0-py3.10.egg-info' (and everything under it)
[0.999s] Copying ../../build/drone_controller/drone_controller.egg-info to /home/ccl/Multitask-Drone/install/drone_controller/lib/python3.10/site-packages/drone_controller-0.0.0-py3.10.egg-info
[0.999s] running install_scripts
[1.022s] Installing drone_controller script to /home/ccl/Multitask-Drone/install/drone_controller/lib/drone_controller
[1.022s] Installing task_executor script to /home/ccl/Multitask-Drone/install/drone_controller/lib/drone_controller
[1.022s] Installing waypoint_handler script to /home/ccl/Multitask-Drone/install/drone_controller/lib/drone_controller
[1.023s] Installing yiku_test script to /home/ccl/Multitask-Drone/install/drone_controller/lib/drone_controller
[1.023s] writing list of installed files to '/home/ccl/Multitask-Drone/build/drone_controller/install.log'
[1.053s] Invoked command in '/home/ccl/Multitask-Drone/src/drone_controller' returned '0': PYTHONPATH=/home/ccl/Multitask-Drone/build/drone_controller/prefix_override:/usr/lib/python3/dist-packages/colcon_core/task/python/colcon_distutils_commands:/home/ccl/Multitask-Drone/install/drone_controller/lib/python3.10/site-packages:${PYTHONPATH} /usr/bin/python3 -W ignore:setup.py install is deprecated -W ignore:easy_install command is deprecated setup.py egg_info --egg-base ../../build/drone_controller build --build-base /home/ccl/Multitask-Drone/build/drone_controller/build install --record /home/ccl/Multitask-Drone/build/drone_controller/install.log --single-version-externally-managed install_data
