[0.022s] Invoking command in '/home/jetson/Multitask-Drone/build/drone_interfaces': CMAKE_PREFIX_PATH=/opt/ros/humble /usr/bin/cmake /home/jetson/Multitask-Drone/src/drone_interfaces -DCMAKE_INSTALL_PREFIX=/home/jetson/Multitask-Drone/install/drone_interfaces
[0.172s] -- The C compiler identification is GNU 11.4.0
[0.283s] -- The CXX compiler identification is GNU 11.4.0
[0.297s] -- Detecting C compiler ABI info
[0.399s] -- Detecting C compiler ABI info - done
[0.409s] -- Check for working C compiler: /usr/bin/cc - skipped
[0.409s] -- Detecting C compile features
[0.410s] -- Detecting C compile features - done
[0.415s] -- Detecting CXX compiler ABI info
[0.537s] -- Detecting CXX compiler ABI info - done
[0.547s] -- Check for working CXX compiler: /usr/bin/c++ - skipped
[0.547s] -- Detecting CXX compile features
[0.548s] -- Detecting CXX compile features - done
[0.552s] -- Found ament_cmake: 1.3.11 (/opt/ros/humble/share/ament_cmake/cmake)
[0.791s] -- Found Python3: /usr/bin/python3 (found version "3.10.12") found components: Interpreter 
[0.942s] -- Found rosidl_default_generators: 1.2.0 (/opt/ros/humble/share/rosidl_default_generators/cmake)
[0.947s] -- Using all available rosidl_typesupport_c: rosidl_typesupport_fastrtps_c;rosidl_typesupport_introspection_c
[0.959s] -- Found rosidl_adapter: 3.1.6 (/opt/ros/humble/share/rosidl_adapter/cmake)
[1.029s] -- Using all available rosidl_typesupport_cpp: rosidl_typesupport_fastrtps_cpp;rosidl_typesupport_introspection_cpp
[1.081s] -- Found std_msgs: 4.2.4 (/opt/ros/humble/share/std_msgs/cmake)
[1.124s] -- Found mavros_msgs: 2.9.0 (/opt/ros/humble/share/mavros_msgs/cmake)
[1.274s] -- Found ament_lint_auto: 0.12.11 (/opt/ros/humble/share/ament_lint_auto/cmake)
[2.090s] -- Found ament_cmake_ros: 0.10.0 (/opt/ros/humble/share/ament_cmake_ros/cmake)
[2.878s] -- Using all available rosidl_typesupport_c: rosidl_typesupport_fastrtps_c;rosidl_typesupport_introspection_c
[3.964s] -- Using all available rosidl_typesupport_cpp: rosidl_typesupport_fastrtps_cpp;rosidl_typesupport_introspection_cpp
[4.013s] -- Found PythonInterp: /usr/bin/python3 (found suitable version "3.10.12", minimum required is "3.6") 
[4.017s] -- Found python_cmake_module: 0.10.0 (/opt/ros/humble/share/python_cmake_module/cmake)
[4.080s] -- Found PythonLibs: /usr/lib/aarch64-linux-gnu/libpython3.10.so (found suitable version "3.10.12", minimum required is "3.5") 
[4.080s] -- Using PYTHON_EXECUTABLE: /usr/bin/python3
[4.080s] -- Using PYTHON_INCLUDE_DIRS: /usr/include/python3.10
[4.081s] -- Using PYTHON_LIBRARIES: /usr/lib/aarch64-linux-gnu/libpython3.10.so
[4.119s] -- Found PythonExtra: .so  
[4.378s] -- Added test 'lint_cmake' to check CMake code style
[4.380s] -- Added test 'xmllint' to check XML markup files
[4.391s] -- Configuring done
[4.491s] -- Generating done
[4.516s] -- Build files have been written to: /home/jetson/Multitask-Drone/build/drone_interfaces
[4.540s] Invoked command in '/home/jetson/Multitask-Drone/build/drone_interfaces' returned '0': CMAKE_PREFIX_PATH=/opt/ros/humble /usr/bin/cmake /home/jetson/Multitask-Drone/src/drone_interfaces -DCMAKE_INSTALL_PREFIX=/home/jetson/Multitask-Drone/install/drone_interfaces
[4.546s] Invoking command in '/home/jetson/Multitask-Drone/build/drone_interfaces': CMAKE_PREFIX_PATH=/opt/ros/humble /usr/bin/cmake --build /home/jetson/Multitask-Drone/build/drone_interfaces -- -j6 -l6
[4.617s] [  1%] [34m[1mGenerating C code for ROS interfaces[0m
[4.635s] [  2%] [34m[1mGenerating C++ code for ROS interfaces[0m
[4.647s] [  2%] Built target ament_cmake_python_copy_drone_interfaces
[5.045s] running egg_info
[5.046s] creating drone_interfaces.egg-info
[5.047s] writing drone_interfaces.egg-info/PKG-INFO
[5.047s] writing dependency_links to drone_interfaces.egg-info/dependency_links.txt
[5.047s] writing top-level names to drone_interfaces.egg-info/top_level.txt
[5.048s] writing manifest file 'drone_interfaces.egg-info/SOURCES.txt'
[5.052s] reading manifest file 'drone_interfaces.egg-info/SOURCES.txt'
[5.053s] writing manifest file 'drone_interfaces.egg-info/SOURCES.txt'
[5.116s] [  2%] Built target ament_cmake_python_build_drone_interfaces_egg
[6.175s] [  2%] Built target drone_interfaces__cpp
[6.193s] [  5%] [34m[1mGenerating C++ type support for eProsima Fast-RTPS[0m
[6.194s] [  5%] [34m[1mGenerating C++ introspection for ROS interfaces[0m
[6.194s] [  5%] [34m[1mGenerating C++ type support dispatch for ROS interfaces[0m
[6.195s] [  7%] [32mBuilding C object CMakeFiles/drone_interfaces__rosidl_generator_c.dir/rosidl_generator_c/drone_interfaces/msg/detail/yaw__functions.c.o[0m
[6.196s] [  7%] [32mBuilding C object CMakeFiles/drone_interfaces__rosidl_generator_c.dir/rosidl_generator_c/drone_interfaces/msg/detail/task__functions.c.o[0m
[6.198s] [  8%] [32mBuilding C object CMakeFiles/drone_interfaces__rosidl_generator_c.dir/rosidl_generator_c/drone_interfaces/msg/detail/panel_box__functions.c.o[0m
[6.316s] [ 11%] [32mBuilding C object CMakeFiles/drone_interfaces__rosidl_generator_c.dir/rosidl_generator_c/drone_interfaces/srv/detail/task_dispatch__functions.c.o[0m
[6.316s] [ 11%] [32mBuilding C object CMakeFiles/drone_interfaces__rosidl_generator_c.dir/rosidl_generator_c/drone_interfaces/msg/detail/raw_waypoint__functions.c.o[0m
[6.316s] [ 11%] [32mBuilding C object CMakeFiles/drone_interfaces__rosidl_generator_c.dir/rosidl_generator_c/drone_interfaces/msg/detail/task_state__functions.c.o[0m
[6.402s] [ 12%] [32mBuilding C object CMakeFiles/drone_interfaces__rosidl_generator_c.dir/rosidl_generator_c/drone_interfaces/srv/detail/task_push__functions.c.o[0m
[6.403s] [ 13%] [32mBuilding C object CMakeFiles/drone_interfaces__rosidl_generator_c.dir/rosidl_generator_c/drone_interfaces/srv/detail/yolo_request__functions.c.o[0m
[6.438s] [ 14%] [32mBuilding C object CMakeFiles/drone_interfaces__rosidl_generator_c.dir/rosidl_generator_c/drone_interfaces/action/detail/execute_waypoint__functions.c.o[0m
[6.668s] [ 15%] [32m[1mLinking C shared library libdrone_interfaces__rosidl_generator_c.so[0m
[6.733s] [ 15%] Built target drone_interfaces__rosidl_generator_c
[6.751s] [ 18%] [34m[1mGenerating C introspection for ROS interfaces[0m
[6.751s] [ 18%] [34m[1mGenerating C type support dispatch for ROS interfaces[0m
[6.752s] [ 18%] [34m[1mGenerating C type support for eProsima Fast-RTPS[0m
[7.217s] [ 20%] [32mBuilding CXX object CMakeFiles/drone_interfaces__rosidl_typesupport_cpp.dir/rosidl_typesupport_cpp/drone_interfaces/msg/yaw__type_support.cpp.o[0m
[7.651s] [ 21%] [32mBuilding CXX object CMakeFiles/drone_interfaces__rosidl_typesupport_introspection_cpp.dir/rosidl_typesupport_introspection_cpp/drone_interfaces/msg/detail/yaw__type_support.cpp.o[0m
[7.811s] [ 22%] [32mBuilding CXX object CMakeFiles/drone_interfaces__rosidl_typesupport_c.dir/rosidl_typesupport_c/drone_interfaces/msg/yaw__type_support.cpp.o[0m
[7.827s] [ 23%] [32mBuilding CXX object CMakeFiles/drone_interfaces__rosidl_typesupport_cpp.dir/rosidl_typesupport_cpp/drone_interfaces/msg/panel_box__type_support.cpp.o[0m
[7.874s] [ 24%] [32mBuilding CXX object CMakeFiles/drone_interfaces__rosidl_typesupport_c.dir/rosidl_typesupport_c/drone_interfaces/msg/panel_box__type_support.cpp.o[0m
[7.880s] [ 25%] [32mBuilding CXX object CMakeFiles/drone_interfaces__rosidl_typesupport_fastrtps_cpp.dir/rosidl_typesupport_fastrtps_cpp/drone_interfaces/msg/detail/dds_fastrtps/yaw__type_support.cpp.o[0m
[7.926s] [ 26%] [32mBuilding CXX object CMakeFiles/drone_interfaces__rosidl_typesupport_c.dir/rosidl_typesupport_c/drone_interfaces/msg/task__type_support.cpp.o[0m
[8.015s] [ 27%] [32mBuilding CXX object CMakeFiles/drone_interfaces__rosidl_typesupport_c.dir/rosidl_typesupport_c/drone_interfaces/msg/task_state__type_support.cpp.o[0m
[8.108s] [ 28%] [32mBuilding CXX object CMakeFiles/drone_interfaces__rosidl_typesupport_c.dir/rosidl_typesupport_c/drone_interfaces/msg/raw_waypoint__type_support.cpp.o[0m
[8.218s] [ 29%] [32mBuilding CXX object CMakeFiles/drone_interfaces__rosidl_typesupport_c.dir/rosidl_typesupport_c/drone_interfaces/srv/task_dispatch__type_support.cpp.o[0m
[8.283s] [ 30%] [32mBuilding CXX object CMakeFiles/drone_interfaces__rosidl_typesupport_c.dir/rosidl_typesupport_c/drone_interfaces/srv/yolo_request__type_support.cpp.o[0m
[8.295s] [ 31%] [32mBuilding C object CMakeFiles/drone_interfaces__rosidl_typesupport_introspection_c.dir/rosidl_typesupport_introspection_c/drone_interfaces/msg/detail/yaw__type_support.c.o[0m
[8.368s] [ 32%] [32mBuilding CXX object CMakeFiles/drone_interfaces__rosidl_typesupport_c.dir/rosidl_typesupport_c/drone_interfaces/srv/task_push__type_support.cpp.o[0m
[8.378s] [ 33%] [32mBuilding CXX object CMakeFiles/drone_interfaces__rosidl_typesupport_fastrtps_c.dir/rosidl_typesupport_fastrtps_c/drone_interfaces/msg/detail/yaw__type_support_c.cpp.o[0m
[8.386s] [ 34%] [32mBuilding C object CMakeFiles/drone_interfaces__rosidl_typesupport_introspection_c.dir/rosidl_typesupport_introspection_c/drone_interfaces/msg/detail/panel_box__type_support.c.o[0m
[8.458s] [ 35%] [32mBuilding CXX object CMakeFiles/drone_interfaces__rosidl_typesupport_c.dir/rosidl_typesupport_c/drone_interfaces/action/execute_waypoint__type_support.cpp.o[0m
[8.461s] [ 36%] [32mBuilding CXX object CMakeFiles/drone_interfaces__rosidl_typesupport_introspection_cpp.dir/rosidl_typesupport_introspection_cpp/drone_interfaces/msg/detail/panel_box__type_support.cpp.o[0m
[8.481s] [ 37%] [32mBuilding C object CMakeFiles/drone_interfaces__rosidl_typesupport_introspection_c.dir/rosidl_typesupport_introspection_c/drone_interfaces/msg/detail/task__type_support.c.o[0m
[8.483s] [ 38%] [32mBuilding CXX object CMakeFiles/drone_interfaces__rosidl_typesupport_cpp.dir/rosidl_typesupport_cpp/drone_interfaces/msg/task__type_support.cpp.o[0m
[8.686s] [ 40%] [32mBuilding C object CMakeFiles/drone_interfaces__rosidl_typesupport_introspection_c.dir/rosidl_typesupport_introspection_c/drone_interfaces/msg/detail/task_state__type_support.c.o[0m
[8.696s] [ 41%] [32m[1mLinking CXX shared library libdrone_interfaces__rosidl_typesupport_c.so[0m
[8.819s] [ 42%] [32mBuilding C object CMakeFiles/drone_interfaces__rosidl_typesupport_introspection_c.dir/rosidl_typesupport_introspection_c/drone_interfaces/msg/detail/raw_waypoint__type_support.c.o[0m
[8.843s] [ 42%] Built target drone_interfaces__rosidl_typesupport_c
[8.857s] [ 43%] [32mBuilding C object CMakeFiles/drone_interfaces__rosidl_typesupport_introspection_c.dir/rosidl_typesupport_introspection_c/drone_interfaces/srv/detail/task_dispatch__type_support.c.o[0m
[8.912s] [ 44%] [32mBuilding C object CMakeFiles/drone_interfaces__rosidl_typesupport_introspection_c.dir/rosidl_typesupport_introspection_c/drone_interfaces/srv/detail/yolo_request__type_support.c.o[0m
[8.957s] [ 45%] [32mBuilding CXX object CMakeFiles/drone_interfaces__rosidl_typesupport_fastrtps_cpp.dir/rosidl_typesupport_fastrtps_cpp/drone_interfaces/msg/detail/dds_fastrtps/panel_box__type_support.cpp.o[0m
[8.968s] [ 46%] [32mBuilding C object CMakeFiles/drone_interfaces__rosidl_typesupport_introspection_c.dir/rosidl_typesupport_introspection_c/drone_interfaces/srv/detail/task_push__type_support.c.o[0m
[9.009s] [ 47%] [32mBuilding C object CMakeFiles/drone_interfaces__rosidl_typesupport_introspection_c.dir/rosidl_typesupport_introspection_c/drone_interfaces/action/detail/execute_waypoint__type_support.c.o[0m
[9.101s] [ 48%] [32mBuilding CXX object CMakeFiles/drone_interfaces__rosidl_typesupport_fastrtps_cpp.dir/rosidl_typesupport_fastrtps_cpp/drone_interfaces/msg/detail/dds_fastrtps/task__type_support.cpp.o[0m
[9.119s] [ 49%] [32m[1mLinking C shared library libdrone_interfaces__rosidl_typesupport_introspection_c.so[0m
[9.157s] [ 50%] [32mBuilding CXX object CMakeFiles/drone_interfaces__rosidl_typesupport_cpp.dir/rosidl_typesupport_cpp/drone_interfaces/msg/task_state__type_support.cpp.o[0m
[9.239s] [ 50%] Built target drone_interfaces__rosidl_typesupport_introspection_c
[9.256s] [ 51%] [32mBuilding CXX object CMakeFiles/drone_interfaces__rosidl_typesupport_cpp.dir/rosidl_typesupport_cpp/drone_interfaces/msg/raw_waypoint__type_support.cpp.o[0m
[9.273s] [ 52%] [32mBuilding CXX object CMakeFiles/drone_interfaces__rosidl_typesupport_fastrtps_c.dir/rosidl_typesupport_fastrtps_c/drone_interfaces/msg/detail/panel_box__type_support_c.cpp.o[0m
[9.394s] [ 53%] [32mBuilding CXX object CMakeFiles/drone_interfaces__rosidl_typesupport_introspection_cpp.dir/rosidl_typesupport_introspection_cpp/drone_interfaces/msg/detail/task__type_support.cpp.o[0m
[9.857s] [ 54%] [32mBuilding CXX object CMakeFiles/drone_interfaces__rosidl_typesupport_cpp.dir/rosidl_typesupport_cpp/drone_interfaces/srv/task_dispatch__type_support.cpp.o[0m
[9.876s] [ 55%] [32mBuilding CXX object CMakeFiles/drone_interfaces__rosidl_typesupport_cpp.dir/rosidl_typesupport_cpp/drone_interfaces/srv/yolo_request__type_support.cpp.o[0m
[9.905s] [ 56%] [32mBuilding CXX object CMakeFiles/drone_interfaces__rosidl_typesupport_fastrtps_cpp.dir/rosidl_typesupport_fastrtps_cpp/drone_interfaces/msg/detail/dds_fastrtps/task_state__type_support.cpp.o[0m
[10.041s] [ 57%] [32mBuilding CXX object CMakeFiles/drone_interfaces__rosidl_typesupport_fastrtps_c.dir/rosidl_typesupport_fastrtps_c/drone_interfaces/msg/detail/task__type_support_c.cpp.o[0m
[10.202s] [ 58%] [32mBuilding CXX object CMakeFiles/drone_interfaces__rosidl_typesupport_fastrtps_cpp.dir/rosidl_typesupport_fastrtps_cpp/drone_interfaces/msg/detail/dds_fastrtps/raw_waypoint__type_support.cpp.o[0m
[10.541s] [ 60%] [32mBuilding CXX object CMakeFiles/drone_interfaces__rosidl_typesupport_cpp.dir/rosidl_typesupport_cpp/drone_interfaces/srv/task_push__type_support.cpp.o[0m
[10.553s] [ 61%] [32mBuilding CXX object CMakeFiles/drone_interfaces__rosidl_typesupport_introspection_cpp.dir/rosidl_typesupport_introspection_cpp/drone_interfaces/msg/detail/task_state__type_support.cpp.o[0m
[10.620s] [ 62%] [32mBuilding CXX object CMakeFiles/drone_interfaces__rosidl_typesupport_cpp.dir/rosidl_typesupport_cpp/drone_interfaces/action/execute_waypoint__type_support.cpp.o[0m
[10.905s] [ 63%] [32mBuilding CXX object CMakeFiles/drone_interfaces__rosidl_typesupport_fastrtps_cpp.dir/rosidl_typesupport_fastrtps_cpp/drone_interfaces/srv/detail/dds_fastrtps/task_dispatch__type_support.cpp.o[0m
[10.984s] [ 64%] [32mBuilding CXX object CMakeFiles/drone_interfaces__rosidl_typesupport_fastrtps_c.dir/rosidl_typesupport_fastrtps_c/drone_interfaces/msg/detail/task_state__type_support_c.cpp.o[0m
[11.454s] [ 65%] [32mBuilding CXX object CMakeFiles/drone_interfaces__rosidl_typesupport_introspection_cpp.dir/rosidl_typesupport_introspection_cpp/drone_interfaces/msg/detail/raw_waypoint__type_support.cpp.o[0m
[11.470s] [ 66%] [32mBuilding CXX object CMakeFiles/drone_interfaces__rosidl_typesupport_introspection_cpp.dir/rosidl_typesupport_introspection_cpp/drone_interfaces/srv/detail/task_dispatch__type_support.cpp.o[0m
[11.599s] [ 67%] [32mBuilding CXX object CMakeFiles/drone_interfaces__rosidl_typesupport_introspection_cpp.dir/rosidl_typesupport_introspection_cpp/drone_interfaces/srv/detail/yolo_request__type_support.cpp.o[0m
[11.908s] [ 68%] [32mBuilding CXX object CMakeFiles/drone_interfaces__rosidl_typesupport_fastrtps_c.dir/rosidl_typesupport_fastrtps_c/drone_interfaces/msg/detail/raw_waypoint__type_support_c.cpp.o[0m
[12.115s] [ 69%] [32m[1mLinking CXX shared library libdrone_interfaces__rosidl_typesupport_cpp.so[0m
[12.130s] [ 70%] [32mBuilding CXX object CMakeFiles/drone_interfaces__rosidl_typesupport_fastrtps_cpp.dir/rosidl_typesupport_fastrtps_cpp/drone_interfaces/srv/detail/dds_fastrtps/yolo_request__type_support.cpp.o[0m
[12.233s] [ 70%] Built target drone_interfaces__rosidl_typesupport_cpp
[12.290s] [ 71%] [32mBuilding CXX object CMakeFiles/drone_interfaces__rosidl_typesupport_fastrtps_cpp.dir/rosidl_typesupport_fastrtps_cpp/drone_interfaces/srv/detail/dds_fastrtps/task_push__type_support.cpp.o[0m
[12.537s] [ 72%] [32mBuilding CXX object CMakeFiles/drone_interfaces__rosidl_typesupport_fastrtps_cpp.dir/rosidl_typesupport_fastrtps_cpp/drone_interfaces/action/detail/dds_fastrtps/execute_waypoint__type_support.cpp.o[0m
[12.689s] [ 73%] [32mBuilding CXX object CMakeFiles/drone_interfaces__rosidl_typesupport_introspection_cpp.dir/rosidl_typesupport_introspection_cpp/drone_interfaces/srv/detail/task_push__type_support.cpp.o[0m
[12.838s] [ 74%] [32mBuilding CXX object CMakeFiles/drone_interfaces__rosidl_typesupport_introspection_cpp.dir/rosidl_typesupport_introspection_cpp/drone_interfaces/action/detail/execute_waypoint__type_support.cpp.o[0m
[12.924s] [ 75%] [32mBuilding CXX object CMakeFiles/drone_interfaces__rosidl_typesupport_fastrtps_c.dir/rosidl_typesupport_fastrtps_c/drone_interfaces/srv/detail/task_dispatch__type_support_c.cpp.o[0m
[13.033s] [ 76%] [32mBuilding CXX object CMakeFiles/drone_interfaces__rosidl_typesupport_fastrtps_c.dir/rosidl_typesupport_fastrtps_c/drone_interfaces/srv/detail/yolo_request__type_support_c.cpp.o[0m
[13.690s] [ 77%] [32mBuilding CXX object CMakeFiles/drone_interfaces__rosidl_typesupport_fastrtps_c.dir/rosidl_typesupport_fastrtps_c/drone_interfaces/srv/detail/task_push__type_support_c.cpp.o[0m
[13.728s] [ 78%] [32mBuilding CXX object CMakeFiles/drone_interfaces__rosidl_typesupport_fastrtps_c.dir/rosidl_typesupport_fastrtps_c/drone_interfaces/action/detail/execute_waypoint__type_support_c.cpp.o[0m
[14.148s] [ 80%] [32m[1mLinking CXX shared library libdrone_interfaces__rosidl_typesupport_fastrtps_cpp.so[0m
[14.503s] [ 80%] Built target drone_interfaces__rosidl_typesupport_fastrtps_cpp
[14.834s] [ 81%] [32m[1mLinking CXX shared library libdrone_interfaces__rosidl_typesupport_introspection_cpp.so[0m
[14.967s] [ 82%] [32m[1mLinking CXX shared library libdrone_interfaces__rosidl_typesupport_fastrtps_c.so[0m
[15.043s] [ 82%] Built target drone_interfaces__rosidl_typesupport_introspection_cpp
[15.173s] [ 82%] Built target drone_interfaces__rosidl_typesupport_fastrtps_c
[15.252s] [ 82%] Built target drone_interfaces
[15.348s] [ 83%] [34m[1mGenerating Python code for ROS interfaces[0m
[18.501s] [ 83%] Built target drone_interfaces__py
[18.542s] [ 84%] [32mBuilding C object CMakeFiles/drone_interfaces__rosidl_generator_py.dir/rosidl_generator_py/drone_interfaces/msg/_yaw_s.c.o[0m
[18.544s] [ 86%] [32mBuilding C object CMakeFiles/drone_interfaces__rosidl_generator_py.dir/rosidl_generator_py/drone_interfaces/msg/_task_s.c.o[0m
[18.544s] [ 86%] [32mBuilding C object CMakeFiles/drone_interfaces__rosidl_generator_py.dir/rosidl_generator_py/drone_interfaces/msg/_raw_waypoint_s.c.o[0m
[18.559s] [ 87%] [32mBuilding C object CMakeFiles/drone_interfaces__rosidl_generator_py.dir/rosidl_generator_py/drone_interfaces/msg/_panel_box_s.c.o[0m
[18.567s] [ 88%] [32mBuilding C object CMakeFiles/drone_interfaces__rosidl_generator_py.dir/rosidl_generator_py/drone_interfaces/msg/_task_state_s.c.o[0m
[18.575s] [ 89%] [32mBuilding C object CMakeFiles/drone_interfaces__rosidl_generator_py.dir/rosidl_generator_py/drone_interfaces/srv/_task_dispatch_s.c.o[0m
[18.874s] [ 90%] [32mBuilding C object CMakeFiles/drone_interfaces__rosidl_generator_py.dir/rosidl_generator_py/drone_interfaces/srv/_yolo_request_s.c.o[0m
[18.876s] [ 91%] [32mBuilding C object CMakeFiles/drone_interfaces__rosidl_generator_py.dir/rosidl_generator_py/drone_interfaces/srv/_task_push_s.c.o[0m
[18.901s] [ 92%] [32mBuilding C object CMakeFiles/drone_interfaces__rosidl_generator_py.dir/rosidl_generator_py/drone_interfaces/action/_execute_waypoint_s.c.o[0m
[19.174s] [ 93%] [32m[1mLinking C shared library rosidl_generator_py/drone_interfaces/libdrone_interfaces__rosidl_generator_py.so[0m
[19.262s] [ 93%] Built target drone_interfaces__rosidl_generator_py
[19.296s] [ 94%] [32mBuilding C object CMakeFiles/drone_interfaces__rosidl_typesupport_fastrtps_c__pyext.dir/rosidl_generator_py/drone_interfaces/_drone_interfaces_s.ep.rosidl_typesupport_fastrtps_c.c.o[0m
[19.297s] [ 95%] [32mBuilding C object CMakeFiles/drone_interfaces__rosidl_typesupport_c__pyext.dir/rosidl_generator_py/drone_interfaces/_drone_interfaces_s.ep.rosidl_typesupport_c.c.o[0m
[19.299s] [ 96%] [32mBuilding C object CMakeFiles/drone_interfaces__rosidl_typesupport_introspection_c__pyext.dir/rosidl_generator_py/drone_interfaces/_drone_interfaces_s.ep.rosidl_typesupport_introspection_c.c.o[0m
[19.588s] [ 98%] [32m[1mLinking C shared library rosidl_generator_py/drone_interfaces/drone_interfaces_s__rosidl_typesupport_fastrtps_c.cpython-310-aarch64-linux-gnu.so[0m
[19.588s] [ 98%] [32m[1mLinking C shared library rosidl_generator_py/drone_interfaces/drone_interfaces_s__rosidl_typesupport_c.cpython-310-aarch64-linux-gnu.so[0m
[19.636s] [100%] [32m[1mLinking C shared library rosidl_generator_py/drone_interfaces/drone_interfaces_s__rosidl_typesupport_introspection_c.cpython-310-aarch64-linux-gnu.so[0m
[19.679s] [100%] Built target drone_interfaces__rosidl_typesupport_c__pyext
[19.683s] [100%] Built target drone_interfaces__rosidl_typesupport_fastrtps_c__pyext
[19.735s] [100%] Built target drone_interfaces__rosidl_typesupport_introspection_c__pyext
[19.760s] Invoked command in '/home/jetson/Multitask-Drone/build/drone_interfaces' returned '0': CMAKE_PREFIX_PATH=/opt/ros/humble /usr/bin/cmake --build /home/jetson/Multitask-Drone/build/drone_interfaces -- -j6 -l6
[19.781s] Invoking command in '/home/jetson/Multitask-Drone/build/drone_interfaces': CMAKE_PREFIX_PATH=/opt/ros/humble /usr/bin/cmake --install /home/jetson/Multitask-Drone/build/drone_interfaces
[19.795s] -- Install configuration: ""
[19.796s] -- Installing: /home/jetson/Multitask-Drone/install/drone_interfaces/share/ament_index/resource_index/rosidl_interfaces/drone_interfaces
[19.796s] -- Installing: /home/jetson/Multitask-Drone/install/drone_interfaces/include/drone_interfaces/drone_interfaces
[19.796s] -- Installing: /home/jetson/Multitask-Drone/install/drone_interfaces/include/drone_interfaces/drone_interfaces/action
[19.796s] -- Installing: /home/jetson/Multitask-Drone/install/drone_interfaces/include/drone_interfaces/drone_interfaces/action/execute_waypoint.h
[19.797s] -- Installing: /home/jetson/Multitask-Drone/install/drone_interfaces/include/drone_interfaces/drone_interfaces/action/detail
[19.797s] -- Installing: /home/jetson/Multitask-Drone/install/drone_interfaces/include/drone_interfaces/drone_interfaces/action/detail/execute_waypoint__functions.h
[19.797s] -- Installing: /home/jetson/Multitask-Drone/install/drone_interfaces/include/drone_interfaces/drone_interfaces/action/detail/execute_waypoint__struct.h
[19.797s] -- Installing: /home/jetson/Multitask-Drone/install/drone_interfaces/include/drone_interfaces/drone_interfaces/action/detail/execute_waypoint__functions.c
[19.798s] -- Installing: /home/jetson/Multitask-Drone/install/drone_interfaces/include/drone_interfaces/drone_interfaces/action/detail/execute_waypoint__type_support.h
[19.798s] -- Installing: /home/jetson/Multitask-Drone/install/drone_interfaces/include/drone_interfaces/drone_interfaces/msg
[19.798s] -- Installing: /home/jetson/Multitask-Drone/install/drone_interfaces/include/drone_interfaces/drone_interfaces/msg/raw_waypoint.h
[19.799s] -- Installing: /home/jetson/Multitask-Drone/install/drone_interfaces/include/drone_interfaces/drone_interfaces/msg/yaw.h
[19.799s] -- Installing: /home/jetson/Multitask-Drone/install/drone_interfaces/include/drone_interfaces/drone_interfaces/msg/panel_box.h
[19.799s] -- Installing: /home/jetson/Multitask-Drone/install/drone_interfaces/include/drone_interfaces/drone_interfaces/msg/task_state.h
[19.799s] -- Installing: /home/jetson/Multitask-Drone/install/drone_interfaces/include/drone_interfaces/drone_interfaces/msg/rosidl_generator_c__visibility_control.h
[19.799s] -- Installing: /home/jetson/Multitask-Drone/install/drone_interfaces/include/drone_interfaces/drone_interfaces/msg/task.h
[19.799s] -- Installing: /home/jetson/Multitask-Drone/install/drone_interfaces/include/drone_interfaces/drone_interfaces/msg/detail
[19.800s] -- Installing: /home/jetson/Multitask-Drone/install/drone_interfaces/include/drone_interfaces/drone_interfaces/msg/detail/raw_waypoint__functions.h
[19.800s] -- Installing: /home/jetson/Multitask-Drone/install/drone_interfaces/include/drone_interfaces/drone_interfaces/msg/detail/raw_waypoint__struct.h
[19.800s] -- Installing: /home/jetson/Multitask-Drone/install/drone_interfaces/include/drone_interfaces/drone_interfaces/msg/detail/raw_waypoint__functions.c
[19.800s] -- Installing: /home/jetson/Multitask-Drone/install/drone_interfaces/include/drone_interfaces/drone_interfaces/msg/detail/task__type_support.h
[19.800s] -- Installing: /home/jetson/Multitask-Drone/install/drone_interfaces/include/drone_interfaces/drone_interfaces/msg/detail/panel_box__functions.h
[19.800s] -- Installing: /home/jetson/Multitask-Drone/install/drone_interfaces/include/drone_interfaces/drone_interfaces/msg/detail/task_state__struct.h
[19.800s] -- Installing: /home/jetson/Multitask-Drone/install/drone_interfaces/include/drone_interfaces/drone_interfaces/msg/detail/panel_box__struct.h
[19.801s] -- Installing: /home/jetson/Multitask-Drone/install/drone_interfaces/include/drone_interfaces/drone_interfaces/msg/detail/yaw__functions.c
[19.801s] -- Installing: /home/jetson/Multitask-Drone/install/drone_interfaces/include/drone_interfaces/drone_interfaces/msg/detail/yaw__type_support.h
[19.801s] -- Installing: /home/jetson/Multitask-Drone/install/drone_interfaces/include/drone_interfaces/drone_interfaces/msg/detail/task_state__type_support.h
[19.801s] -- Installing: /home/jetson/Multitask-Drone/install/drone_interfaces/include/drone_interfaces/drone_interfaces/msg/detail/task__functions.c
[19.801s] -- Installing: /home/jetson/Multitask-Drone/install/drone_interfaces/include/drone_interfaces/drone_interfaces/msg/detail/raw_waypoint__type_support.h
[19.802s] -- Installing: /home/jetson/Multitask-Drone/install/drone_interfaces/include/drone_interfaces/drone_interfaces/msg/detail/task__functions.h
[19.802s] -- Installing: /home/jetson/Multitask-Drone/install/drone_interfaces/include/drone_interfaces/drone_interfaces/msg/detail/panel_box__type_support.h
[19.802s] -- Installing: /home/jetson/Multitask-Drone/install/drone_interfaces/include/drone_interfaces/drone_interfaces/msg/detail/task__struct.h
[19.802s] -- Installing: /home/jetson/Multitask-Drone/install/drone_interfaces/include/drone_interfaces/drone_interfaces/msg/detail/task_state__functions.h
[19.803s] -- Installing: /home/jetson/Multitask-Drone/install/drone_interfaces/include/drone_interfaces/drone_interfaces/msg/detail/task_state__functions.c
[19.803s] -- Installing: /home/jetson/Multitask-Drone/install/drone_interfaces/include/drone_interfaces/drone_interfaces/msg/detail/yaw__functions.h
[19.803s] -- Installing: /home/jetson/Multitask-Drone/install/drone_interfaces/include/drone_interfaces/drone_interfaces/msg/detail/yaw__struct.h
[19.803s] -- Installing: /home/jetson/Multitask-Drone/install/drone_interfaces/include/drone_interfaces/drone_interfaces/msg/detail/panel_box__functions.c
[19.803s] -- Installing: /home/jetson/Multitask-Drone/install/drone_interfaces/include/drone_interfaces/drone_interfaces/srv
[19.804s] -- Installing: /home/jetson/Multitask-Drone/install/drone_interfaces/include/drone_interfaces/drone_interfaces/srv/yolo_request.h
[19.804s] -- Installing: /home/jetson/Multitask-Drone/install/drone_interfaces/include/drone_interfaces/drone_interfaces/srv/task_push.h
[19.804s] -- Installing: /home/jetson/Multitask-Drone/install/drone_interfaces/include/drone_interfaces/drone_interfaces/srv/task_dispatch.h
[19.804s] -- Installing: /home/jetson/Multitask-Drone/install/drone_interfaces/include/drone_interfaces/drone_interfaces/srv/detail
[19.804s] -- Installing: /home/jetson/Multitask-Drone/install/drone_interfaces/include/drone_interfaces/drone_interfaces/srv/detail/task_dispatch__functions.h
[19.804s] -- Installing: /home/jetson/Multitask-Drone/install/drone_interfaces/include/drone_interfaces/drone_interfaces/srv/detail/yolo_request__type_support.h
[19.804s] -- Installing: /home/jetson/Multitask-Drone/install/drone_interfaces/include/drone_interfaces/drone_interfaces/srv/detail/task_push__functions.h
[19.805s] -- Installing: /home/jetson/Multitask-Drone/install/drone_interfaces/include/drone_interfaces/drone_interfaces/srv/detail/task_dispatch__functions.c
[19.805s] -- Installing: /home/jetson/Multitask-Drone/install/drone_interfaces/include/drone_interfaces/drone_interfaces/srv/detail/yolo_request__functions.c
[19.805s] -- Installing: /home/jetson/Multitask-Drone/install/drone_interfaces/include/drone_interfaces/drone_interfaces/srv/detail/task_push__functions.c
[19.805s] -- Installing: /home/jetson/Multitask-Drone/install/drone_interfaces/include/drone_interfaces/drone_interfaces/srv/detail/task_dispatch__type_support.h
[19.805s] -- Installing: /home/jetson/Multitask-Drone/install/drone_interfaces/include/drone_interfaces/drone_interfaces/srv/detail/task_push__struct.h
[19.806s] -- Installing: /home/jetson/Multitask-Drone/install/drone_interfaces/include/drone_interfaces/drone_interfaces/srv/detail/yolo_request__struct.h
[19.806s] -- Installing: /home/jetson/Multitask-Drone/install/drone_interfaces/include/drone_interfaces/drone_interfaces/srv/detail/task_push__type_support.h
[19.806s] -- Installing: /home/jetson/Multitask-Drone/install/drone_interfaces/include/drone_interfaces/drone_interfaces/srv/detail/task_dispatch__struct.h
[19.806s] -- Installing: /home/jetson/Multitask-Drone/install/drone_interfaces/include/drone_interfaces/drone_interfaces/srv/detail/yolo_request__functions.h
[19.807s] -- Installing: /home/jetson/Multitask-Drone/install/drone_interfaces/share/drone_interfaces/environment/library_path.sh
[19.807s] -- Installing: /home/jetson/Multitask-Drone/install/drone_interfaces/share/drone_interfaces/environment/library_path.dsv
[19.807s] -- Installing: /home/jetson/Multitask-Drone/install/drone_interfaces/lib/libdrone_interfaces__rosidl_generator_c.so
[19.808s] -- Set runtime path of "/home/jetson/Multitask-Drone/install/drone_interfaces/lib/libdrone_interfaces__rosidl_generator_c.so" to ""
[19.808s] -- Up-to-date: /home/jetson/Multitask-Drone/install/drone_interfaces/include/drone_interfaces/drone_interfaces
[19.808s] -- Up-to-date: /home/jetson/Multitask-Drone/install/drone_interfaces/include/drone_interfaces/drone_interfaces/action
[19.808s] -- Up-to-date: /home/jetson/Multitask-Drone/install/drone_interfaces/include/drone_interfaces/drone_interfaces/action/detail
[19.809s] -- Installing: /home/jetson/Multitask-Drone/install/drone_interfaces/include/drone_interfaces/drone_interfaces/action/detail/execute_waypoint__rosidl_typesupport_fastrtps_c.h
[19.809s] -- Up-to-date: /home/jetson/Multitask-Drone/install/drone_interfaces/include/drone_interfaces/drone_interfaces/msg
[19.809s] -- Up-to-date: /home/jetson/Multitask-Drone/install/drone_interfaces/include/drone_interfaces/drone_interfaces/msg/detail
[19.809s] -- Installing: /home/jetson/Multitask-Drone/install/drone_interfaces/include/drone_interfaces/drone_interfaces/msg/detail/yaw__rosidl_typesupport_fastrtps_c.h
[19.809s] -- Installing: /home/jetson/Multitask-Drone/install/drone_interfaces/include/drone_interfaces/drone_interfaces/msg/detail/panel_box__rosidl_typesupport_fastrtps_c.h
[19.809s] -- Installing: /home/jetson/Multitask-Drone/install/drone_interfaces/include/drone_interfaces/drone_interfaces/msg/detail/task_state__rosidl_typesupport_fastrtps_c.h
[19.809s] -- Installing: /home/jetson/Multitask-Drone/install/drone_interfaces/include/drone_interfaces/drone_interfaces/msg/detail/raw_waypoint__rosidl_typesupport_fastrtps_c.h
[19.810s] -- Installing: /home/jetson/Multitask-Drone/install/drone_interfaces/include/drone_interfaces/drone_interfaces/msg/detail/task__rosidl_typesupport_fastrtps_c.h
[19.810s] -- Installing: /home/jetson/Multitask-Drone/install/drone_interfaces/include/drone_interfaces/drone_interfaces/msg/rosidl_typesupport_fastrtps_c__visibility_control.h
[19.810s] -- Up-to-date: /home/jetson/Multitask-Drone/install/drone_interfaces/include/drone_interfaces/drone_interfaces/srv
[19.810s] -- Up-to-date: /home/jetson/Multitask-Drone/install/drone_interfaces/include/drone_interfaces/drone_interfaces/srv/detail
[19.810s] -- Installing: /home/jetson/Multitask-Drone/install/drone_interfaces/include/drone_interfaces/drone_interfaces/srv/detail/task_push__rosidl_typesupport_fastrtps_c.h
[19.810s] -- Installing: /home/jetson/Multitask-Drone/install/drone_interfaces/include/drone_interfaces/drone_interfaces/srv/detail/yolo_request__rosidl_typesupport_fastrtps_c.h
[19.810s] -- Installing: /home/jetson/Multitask-Drone/install/drone_interfaces/include/drone_interfaces/drone_interfaces/srv/detail/task_dispatch__rosidl_typesupport_fastrtps_c.h
[19.811s] -- Installing: /home/jetson/Multitask-Drone/install/drone_interfaces/lib/libdrone_interfaces__rosidl_typesupport_fastrtps_c.so
[19.811s] -- Set runtime path of "/home/jetson/Multitask-Drone/install/drone_interfaces/lib/libdrone_interfaces__rosidl_typesupport_fastrtps_c.so" to ""
[19.811s] -- Up-to-date: /home/jetson/Multitask-Drone/install/drone_interfaces/include/drone_interfaces/drone_interfaces
[19.812s] -- Up-to-date: /home/jetson/Multitask-Drone/install/drone_interfaces/include/drone_interfaces/drone_interfaces/action
[19.812s] -- Up-to-date: /home/jetson/Multitask-Drone/install/drone_interfaces/include/drone_interfaces/drone_interfaces/action/detail
[19.812s] -- Installing: /home/jetson/Multitask-Drone/install/drone_interfaces/include/drone_interfaces/drone_interfaces/action/detail/execute_waypoint__type_support.c
[19.812s] -- Installing: /home/jetson/Multitask-Drone/install/drone_interfaces/include/drone_interfaces/drone_interfaces/action/detail/execute_waypoint__rosidl_typesupport_introspection_c.h
[19.812s] -- Up-to-date: /home/jetson/Multitask-Drone/install/drone_interfaces/include/drone_interfaces/drone_interfaces/msg
[19.812s] -- Installing: /home/jetson/Multitask-Drone/install/drone_interfaces/include/drone_interfaces/drone_interfaces/msg/rosidl_typesupport_introspection_c__visibility_control.h
[19.812s] -- Up-to-date: /home/jetson/Multitask-Drone/install/drone_interfaces/include/drone_interfaces/drone_interfaces/msg/detail
[19.813s] -- Installing: /home/jetson/Multitask-Drone/install/drone_interfaces/include/drone_interfaces/drone_interfaces/msg/detail/task__rosidl_typesupport_introspection_c.h
[19.813s] -- Installing: /home/jetson/Multitask-Drone/install/drone_interfaces/include/drone_interfaces/drone_interfaces/msg/detail/raw_waypoint__rosidl_typesupport_introspection_c.h
[19.813s] -- Installing: /home/jetson/Multitask-Drone/install/drone_interfaces/include/drone_interfaces/drone_interfaces/msg/detail/panel_box__type_support.c
[19.813s] -- Installing: /home/jetson/Multitask-Drone/install/drone_interfaces/include/drone_interfaces/drone_interfaces/msg/detail/raw_waypoint__type_support.c
[19.813s] -- Installing: /home/jetson/Multitask-Drone/install/drone_interfaces/include/drone_interfaces/drone_interfaces/msg/detail/task__type_support.c
[19.813s] -- Installing: /home/jetson/Multitask-Drone/install/drone_interfaces/include/drone_interfaces/drone_interfaces/msg/detail/yaw__type_support.c
[19.813s] -- Installing: /home/jetson/Multitask-Drone/install/drone_interfaces/include/drone_interfaces/drone_interfaces/msg/detail/panel_box__rosidl_typesupport_introspection_c.h
[19.814s] -- Installing: /home/jetson/Multitask-Drone/install/drone_interfaces/include/drone_interfaces/drone_interfaces/msg/detail/yaw__rosidl_typesupport_introspection_c.h
[19.814s] -- Installing: /home/jetson/Multitask-Drone/install/drone_interfaces/include/drone_interfaces/drone_interfaces/msg/detail/task_state__type_support.c
[19.814s] -- Installing: /home/jetson/Multitask-Drone/install/drone_interfaces/include/drone_interfaces/drone_interfaces/msg/detail/task_state__rosidl_typesupport_introspection_c.h
[19.814s] -- Up-to-date: /home/jetson/Multitask-Drone/install/drone_interfaces/include/drone_interfaces/drone_interfaces/srv
[19.814s] -- Up-to-date: /home/jetson/Multitask-Drone/install/drone_interfaces/include/drone_interfaces/drone_interfaces/srv/detail
[19.814s] -- Installing: /home/jetson/Multitask-Drone/install/drone_interfaces/include/drone_interfaces/drone_interfaces/srv/detail/task_dispatch__type_support.c
[19.815s] -- Installing: /home/jetson/Multitask-Drone/install/drone_interfaces/include/drone_interfaces/drone_interfaces/srv/detail/yolo_request__type_support.c
[19.815s] -- Installing: /home/jetson/Multitask-Drone/install/drone_interfaces/include/drone_interfaces/drone_interfaces/srv/detail/task_dispatch__rosidl_typesupport_introspection_c.h
[19.815s] -- Installing: /home/jetson/Multitask-Drone/install/drone_interfaces/include/drone_interfaces/drone_interfaces/srv/detail/yolo_request__rosidl_typesupport_introspection_c.h
[19.815s] -- Installing: /home/jetson/Multitask-Drone/install/drone_interfaces/include/drone_interfaces/drone_interfaces/srv/detail/task_push__rosidl_typesupport_introspection_c.h
[19.815s] -- Installing: /home/jetson/Multitask-Drone/install/drone_interfaces/include/drone_interfaces/drone_interfaces/srv/detail/task_push__type_support.c
[19.815s] -- Installing: /home/jetson/Multitask-Drone/install/drone_interfaces/lib/libdrone_interfaces__rosidl_typesupport_introspection_c.so
[19.816s] -- Set runtime path of "/home/jetson/Multitask-Drone/install/drone_interfaces/lib/libdrone_interfaces__rosidl_typesupport_introspection_c.so" to ""
[19.816s] -- Installing: /home/jetson/Multitask-Drone/install/drone_interfaces/lib/libdrone_interfaces__rosidl_typesupport_c.so
[19.817s] -- Set runtime path of "/home/jetson/Multitask-Drone/install/drone_interfaces/lib/libdrone_interfaces__rosidl_typesupport_c.so" to ""
[19.817s] -- Up-to-date: /home/jetson/Multitask-Drone/install/drone_interfaces/include/drone_interfaces/drone_interfaces
[19.817s] -- Up-to-date: /home/jetson/Multitask-Drone/install/drone_interfaces/include/drone_interfaces/drone_interfaces/action
[19.817s] -- Installing: /home/jetson/Multitask-Drone/install/drone_interfaces/include/drone_interfaces/drone_interfaces/action/execute_waypoint.hpp
[19.817s] -- Up-to-date: /home/jetson/Multitask-Drone/install/drone_interfaces/include/drone_interfaces/drone_interfaces/action/detail
[19.817s] -- Installing: /home/jetson/Multitask-Drone/install/drone_interfaces/include/drone_interfaces/drone_interfaces/action/detail/execute_waypoint__traits.hpp
[19.818s] -- Installing: /home/jetson/Multitask-Drone/install/drone_interfaces/include/drone_interfaces/drone_interfaces/action/detail/execute_waypoint__type_support.hpp
[19.818s] -- Installing: /home/jetson/Multitask-Drone/install/drone_interfaces/include/drone_interfaces/drone_interfaces/action/detail/execute_waypoint__builder.hpp
[19.818s] -- Installing: /home/jetson/Multitask-Drone/install/drone_interfaces/include/drone_interfaces/drone_interfaces/action/detail/execute_waypoint__struct.hpp
[19.818s] -- Up-to-date: /home/jetson/Multitask-Drone/install/drone_interfaces/include/drone_interfaces/drone_interfaces/msg
[19.818s] -- Installing: /home/jetson/Multitask-Drone/install/drone_interfaces/include/drone_interfaces/drone_interfaces/msg/panel_box.hpp
[19.818s] -- Installing: /home/jetson/Multitask-Drone/install/drone_interfaces/include/drone_interfaces/drone_interfaces/msg/task.hpp
[19.818s] -- Installing: /home/jetson/Multitask-Drone/install/drone_interfaces/include/drone_interfaces/drone_interfaces/msg/raw_waypoint.hpp
[19.819s] -- Installing: /home/jetson/Multitask-Drone/install/drone_interfaces/include/drone_interfaces/drone_interfaces/msg/yaw.hpp
[19.819s] -- Installing: /home/jetson/Multitask-Drone/install/drone_interfaces/include/drone_interfaces/drone_interfaces/msg/task_state.hpp
[19.819s] -- Installing: /home/jetson/Multitask-Drone/install/drone_interfaces/include/drone_interfaces/drone_interfaces/msg/rosidl_generator_cpp__visibility_control.hpp
[19.819s] -- Up-to-date: /home/jetson/Multitask-Drone/install/drone_interfaces/include/drone_interfaces/drone_interfaces/msg/detail
[19.819s] -- Installing: /home/jetson/Multitask-Drone/install/drone_interfaces/include/drone_interfaces/drone_interfaces/msg/detail/task_state__traits.hpp
[19.819s] -- Installing: /home/jetson/Multitask-Drone/install/drone_interfaces/include/drone_interfaces/drone_interfaces/msg/detail/task_state__type_support.hpp
[19.819s] -- Installing: /home/jetson/Multitask-Drone/install/drone_interfaces/include/drone_interfaces/drone_interfaces/msg/detail/yaw__struct.hpp
[19.820s] -- Installing: /home/jetson/Multitask-Drone/install/drone_interfaces/include/drone_interfaces/drone_interfaces/msg/detail/yaw__builder.hpp
[19.820s] -- Installing: /home/jetson/Multitask-Drone/install/drone_interfaces/include/drone_interfaces/drone_interfaces/msg/detail/panel_box__builder.hpp
[19.820s] -- Installing: /home/jetson/Multitask-Drone/install/drone_interfaces/include/drone_interfaces/drone_interfaces/msg/detail/yaw__type_support.hpp
[19.820s] -- Installing: /home/jetson/Multitask-Drone/install/drone_interfaces/include/drone_interfaces/drone_interfaces/msg/detail/panel_box__struct.hpp
[19.820s] -- Installing: /home/jetson/Multitask-Drone/install/drone_interfaces/include/drone_interfaces/drone_interfaces/msg/detail/task_state__builder.hpp
[19.821s] -- Installing: /home/jetson/Multitask-Drone/install/drone_interfaces/include/drone_interfaces/drone_interfaces/msg/detail/task__traits.hpp
[19.821s] -- Installing: /home/jetson/Multitask-Drone/install/drone_interfaces/include/drone_interfaces/drone_interfaces/msg/detail/panel_box__type_support.hpp
[19.821s] -- Installing: /home/jetson/Multitask-Drone/install/drone_interfaces/include/drone_interfaces/drone_interfaces/msg/detail/raw_waypoint__struct.hpp
[19.821s] -- Installing: /home/jetson/Multitask-Drone/install/drone_interfaces/include/drone_interfaces/drone_interfaces/msg/detail/raw_waypoint__type_support.hpp
[19.821s] -- Installing: /home/jetson/Multitask-Drone/install/drone_interfaces/include/drone_interfaces/drone_interfaces/msg/detail/yaw__traits.hpp
[19.821s] -- Installing: /home/jetson/Multitask-Drone/install/drone_interfaces/include/drone_interfaces/drone_interfaces/msg/detail/raw_waypoint__traits.hpp
[19.821s] -- Installing: /home/jetson/Multitask-Drone/install/drone_interfaces/include/drone_interfaces/drone_interfaces/msg/detail/raw_waypoint__builder.hpp
[19.822s] -- Installing: /home/jetson/Multitask-Drone/install/drone_interfaces/include/drone_interfaces/drone_interfaces/msg/detail/task_state__struct.hpp
[19.822s] -- Installing: /home/jetson/Multitask-Drone/install/drone_interfaces/include/drone_interfaces/drone_interfaces/msg/detail/task__struct.hpp
[19.822s] -- Installing: /home/jetson/Multitask-Drone/install/drone_interfaces/include/drone_interfaces/drone_interfaces/msg/detail/panel_box__traits.hpp
[19.822s] -- Installing: /home/jetson/Multitask-Drone/install/drone_interfaces/include/drone_interfaces/drone_interfaces/msg/detail/task__type_support.hpp
[19.822s] -- Installing: /home/jetson/Multitask-Drone/install/drone_interfaces/include/drone_interfaces/drone_interfaces/msg/detail/task__builder.hpp
[19.823s] -- Up-to-date: /home/jetson/Multitask-Drone/install/drone_interfaces/include/drone_interfaces/drone_interfaces/srv
[19.823s] -- Installing: /home/jetson/Multitask-Drone/install/drone_interfaces/include/drone_interfaces/drone_interfaces/srv/task_dispatch.hpp
[19.823s] -- Installing: /home/jetson/Multitask-Drone/install/drone_interfaces/include/drone_interfaces/drone_interfaces/srv/task_push.hpp
[19.823s] -- Up-to-date: /home/jetson/Multitask-Drone/install/drone_interfaces/include/drone_interfaces/drone_interfaces/srv/detail
[19.823s] -- Installing: /home/jetson/Multitask-Drone/install/drone_interfaces/include/drone_interfaces/drone_interfaces/srv/detail/yolo_request__type_support.hpp
[19.823s] -- Installing: /home/jetson/Multitask-Drone/install/drone_interfaces/include/drone_interfaces/drone_interfaces/srv/detail/yolo_request__traits.hpp
[19.823s] -- Installing: /home/jetson/Multitask-Drone/install/drone_interfaces/include/drone_interfaces/drone_interfaces/srv/detail/task_push__type_support.hpp
[19.823s] -- Installing: /home/jetson/Multitask-Drone/install/drone_interfaces/include/drone_interfaces/drone_interfaces/srv/detail/task_push__builder.hpp
[19.824s] -- Installing: /home/jetson/Multitask-Drone/install/drone_interfaces/include/drone_interfaces/drone_interfaces/srv/detail/task_dispatch__builder.hpp
[19.824s] -- Installing: /home/jetson/Multitask-Drone/install/drone_interfaces/include/drone_interfaces/drone_interfaces/srv/detail/task_dispatch__struct.hpp
[19.826s] -- Installing: /home/jetson/Multitask-Drone/install/drone_interfaces/include/drone_interfaces/drone_interfaces/srv/detail/yolo_request__struct.hpp
[19.826s] -- Installing: /home/jetson/Multitask-Drone/install/drone_interfaces/include/drone_interfaces/drone_interfaces/srv/detail/task_push__traits.hpp
[19.827s] -- Installing: /home/jetson/Multitask-Drone/install/drone_interfaces/include/drone_interfaces/drone_interfaces/srv/detail/task_push__struct.hpp
[19.827s] -- Installing: /home/jetson/Multitask-Drone/install/drone_interfaces/include/drone_interfaces/drone_interfaces/srv/detail/task_dispatch__type_support.hpp
[19.827s] -- Installing: /home/jetson/Multitask-Drone/install/drone_interfaces/include/drone_interfaces/drone_interfaces/srv/detail/task_dispatch__traits.hpp
[19.828s] -- Installing: /home/jetson/Multitask-Drone/install/drone_interfaces/include/drone_interfaces/drone_interfaces/srv/detail/yolo_request__builder.hpp
[19.828s] -- Installing: /home/jetson/Multitask-Drone/install/drone_interfaces/include/drone_interfaces/drone_interfaces/srv/yolo_request.hpp
[19.828s] -- Up-to-date: /home/jetson/Multitask-Drone/install/drone_interfaces/include/drone_interfaces/drone_interfaces
[19.828s] -- Up-to-date: /home/jetson/Multitask-Drone/install/drone_interfaces/include/drone_interfaces/drone_interfaces/action
[19.829s] -- Up-to-date: /home/jetson/Multitask-Drone/install/drone_interfaces/include/drone_interfaces/drone_interfaces/action/detail
[19.829s] -- Installing: /home/jetson/Multitask-Drone/install/drone_interfaces/include/drone_interfaces/drone_interfaces/action/detail/execute_waypoint__rosidl_typesupport_fastrtps_cpp.hpp
[19.829s] -- Installing: /home/jetson/Multitask-Drone/install/drone_interfaces/include/drone_interfaces/drone_interfaces/action/detail/dds_fastrtps
[19.829s] -- Up-to-date: /home/jetson/Multitask-Drone/install/drone_interfaces/include/drone_interfaces/drone_interfaces/msg
[19.830s] -- Installing: /home/jetson/Multitask-Drone/install/drone_interfaces/include/drone_interfaces/drone_interfaces/msg/rosidl_typesupport_fastrtps_cpp__visibility_control.h
[19.830s] -- Up-to-date: /home/jetson/Multitask-Drone/install/drone_interfaces/include/drone_interfaces/drone_interfaces/msg/detail
[19.830s] -- Installing: /home/jetson/Multitask-Drone/install/drone_interfaces/include/drone_interfaces/drone_interfaces/msg/detail/raw_waypoint__rosidl_typesupport_fastrtps_cpp.hpp
[19.831s] -- Installing: /home/jetson/Multitask-Drone/install/drone_interfaces/include/drone_interfaces/drone_interfaces/msg/detail/panel_box__rosidl_typesupport_fastrtps_cpp.hpp
[19.831s] -- Installing: /home/jetson/Multitask-Drone/install/drone_interfaces/include/drone_interfaces/drone_interfaces/msg/detail/yaw__rosidl_typesupport_fastrtps_cpp.hpp
[19.831s] -- Installing: /home/jetson/Multitask-Drone/install/drone_interfaces/include/drone_interfaces/drone_interfaces/msg/detail/task__rosidl_typesupport_fastrtps_cpp.hpp
[19.831s] -- Installing: /home/jetson/Multitask-Drone/install/drone_interfaces/include/drone_interfaces/drone_interfaces/msg/detail/dds_fastrtps
[19.832s] -- Installing: /home/jetson/Multitask-Drone/install/drone_interfaces/include/drone_interfaces/drone_interfaces/msg/detail/task_state__rosidl_typesupport_fastrtps_cpp.hpp
[19.832s] -- Up-to-date: /home/jetson/Multitask-Drone/install/drone_interfaces/include/drone_interfaces/drone_interfaces/srv
[19.832s] -- Up-to-date: /home/jetson/Multitask-Drone/install/drone_interfaces/include/drone_interfaces/drone_interfaces/srv/detail
[19.832s] -- Installing: /home/jetson/Multitask-Drone/install/drone_interfaces/include/drone_interfaces/drone_interfaces/srv/detail/task_push__rosidl_typesupport_fastrtps_cpp.hpp
[19.832s] -- Installing: /home/jetson/Multitask-Drone/install/drone_interfaces/include/drone_interfaces/drone_interfaces/srv/detail/dds_fastrtps
[19.833s] -- Installing: /home/jetson/Multitask-Drone/install/drone_interfaces/include/drone_interfaces/drone_interfaces/srv/detail/yolo_request__rosidl_typesupport_fastrtps_cpp.hpp
[19.833s] -- Installing: /home/jetson/Multitask-Drone/install/drone_interfaces/include/drone_interfaces/drone_interfaces/srv/detail/task_dispatch__rosidl_typesupport_fastrtps_cpp.hpp
[19.833s] -- Installing: /home/jetson/Multitask-Drone/install/drone_interfaces/lib/libdrone_interfaces__rosidl_typesupport_fastrtps_cpp.so
[19.833s] -- Set runtime path of "/home/jetson/Multitask-Drone/install/drone_interfaces/lib/libdrone_interfaces__rosidl_typesupport_fastrtps_cpp.so" to ""
[19.834s] -- Up-to-date: /home/jetson/Multitask-Drone/install/drone_interfaces/include/drone_interfaces/drone_interfaces
[19.834s] -- Up-to-date: /home/jetson/Multitask-Drone/install/drone_interfaces/include/drone_interfaces/drone_interfaces/action
[19.834s] -- Up-to-date: /home/jetson/Multitask-Drone/install/drone_interfaces/include/drone_interfaces/drone_interfaces/action/detail
[19.835s] -- Installing: /home/jetson/Multitask-Drone/install/drone_interfaces/include/drone_interfaces/drone_interfaces/action/detail/execute_waypoint__rosidl_typesupport_introspection_cpp.hpp
[19.835s] -- Installing: /home/jetson/Multitask-Drone/install/drone_interfaces/include/drone_interfaces/drone_interfaces/action/detail/execute_waypoint__type_support.cpp
[19.835s] -- Up-to-date: /home/jetson/Multitask-Drone/install/drone_interfaces/include/drone_interfaces/drone_interfaces/msg
[19.835s] -- Up-to-date: /home/jetson/Multitask-Drone/install/drone_interfaces/include/drone_interfaces/drone_interfaces/msg/detail
[19.836s] -- Installing: /home/jetson/Multitask-Drone/install/drone_interfaces/include/drone_interfaces/drone_interfaces/msg/detail/task_state__type_support.cpp
[19.836s] -- Installing: /home/jetson/Multitask-Drone/install/drone_interfaces/include/drone_interfaces/drone_interfaces/msg/detail/raw_waypoint__type_support.cpp
[19.836s] -- Installing: /home/jetson/Multitask-Drone/install/drone_interfaces/include/drone_interfaces/drone_interfaces/msg/detail/panel_box__rosidl_typesupport_introspection_cpp.hpp
[19.837s] -- Installing: /home/jetson/Multitask-Drone/install/drone_interfaces/include/drone_interfaces/drone_interfaces/msg/detail/task__type_support.cpp
[19.837s] -- Installing: /home/jetson/Multitask-Drone/install/drone_interfaces/include/drone_interfaces/drone_interfaces/msg/detail/task__rosidl_typesupport_introspection_cpp.hpp
[19.837s] -- Installing: /home/jetson/Multitask-Drone/install/drone_interfaces/include/drone_interfaces/drone_interfaces/msg/detail/task_state__rosidl_typesupport_introspection_cpp.hpp
[19.837s] -- Installing: /home/jetson/Multitask-Drone/install/drone_interfaces/include/drone_interfaces/drone_interfaces/msg/detail/raw_waypoint__rosidl_typesupport_introspection_cpp.hpp
[19.838s] -- Installing: /home/jetson/Multitask-Drone/install/drone_interfaces/include/drone_interfaces/drone_interfaces/msg/detail/panel_box__type_support.cpp
[19.838s] -- Installing: /home/jetson/Multitask-Drone/install/drone_interfaces/include/drone_interfaces/drone_interfaces/msg/detail/yaw__type_support.cpp
[19.838s] -- Installing: /home/jetson/Multitask-Drone/install/drone_interfaces/include/drone_interfaces/drone_interfaces/msg/detail/yaw__rosidl_typesupport_introspection_cpp.hpp
[19.838s] -- Up-to-date: /home/jetson/Multitask-Drone/install/drone_interfaces/include/drone_interfaces/drone_interfaces/srv
[19.839s] -- Up-to-date: /home/jetson/Multitask-Drone/install/drone_interfaces/include/drone_interfaces/drone_interfaces/srv/detail
[19.839s] -- Installing: /home/jetson/Multitask-Drone/install/drone_interfaces/include/drone_interfaces/drone_interfaces/srv/detail/task_dispatch__rosidl_typesupport_introspection_cpp.hpp
[19.839s] -- Installing: /home/jetson/Multitask-Drone/install/drone_interfaces/include/drone_interfaces/drone_interfaces/srv/detail/yolo_request__rosidl_typesupport_introspection_cpp.hpp
[19.839s] -- Installing: /home/jetson/Multitask-Drone/install/drone_interfaces/include/drone_interfaces/drone_interfaces/srv/detail/task_dispatch__type_support.cpp
[19.840s] -- Installing: /home/jetson/Multitask-Drone/install/drone_interfaces/include/drone_interfaces/drone_interfaces/srv/detail/task_push__rosidl_typesupport_introspection_cpp.hpp
[19.840s] -- Installing: /home/jetson/Multitask-Drone/install/drone_interfaces/include/drone_interfaces/drone_interfaces/srv/detail/task_push__type_support.cpp
[19.840s] -- Installing: /home/jetson/Multitask-Drone/install/drone_interfaces/include/drone_interfaces/drone_interfaces/srv/detail/yolo_request__type_support.cpp
[19.841s] -- Installing: /home/jetson/Multitask-Drone/install/drone_interfaces/lib/libdrone_interfaces__rosidl_typesupport_introspection_cpp.so
[19.841s] -- Set runtime path of "/home/jetson/Multitask-Drone/install/drone_interfaces/lib/libdrone_interfaces__rosidl_typesupport_introspection_cpp.so" to ""
[19.841s] -- Installing: /home/jetson/Multitask-Drone/install/drone_interfaces/lib/libdrone_interfaces__rosidl_typesupport_cpp.so
[19.841s] -- Set runtime path of "/home/jetson/Multitask-Drone/install/drone_interfaces/lib/libdrone_interfaces__rosidl_typesupport_cpp.so" to ""
[19.842s] -- Installing: /home/jetson/Multitask-Drone/install/drone_interfaces/share/drone_interfaces/environment/pythonpath.sh
[19.842s] -- Installing: /home/jetson/Multitask-Drone/install/drone_interfaces/share/drone_interfaces/environment/pythonpath.dsv
[19.842s] -- Installing: /home/jetson/Multitask-Drone/install/drone_interfaces/local/lib/python3.10/dist-packages/drone_interfaces-0.0.0-py3.10.egg-info
[19.842s] -- Installing: /home/jetson/Multitask-Drone/install/drone_interfaces/local/lib/python3.10/dist-packages/drone_interfaces-0.0.0-py3.10.egg-info/SOURCES.txt
[19.842s] -- Installing: /home/jetson/Multitask-Drone/install/drone_interfaces/local/lib/python3.10/dist-packages/drone_interfaces-0.0.0-py3.10.egg-info/PKG-INFO
[19.843s] -- Installing: /home/jetson/Multitask-Drone/install/drone_interfaces/local/lib/python3.10/dist-packages/drone_interfaces-0.0.0-py3.10.egg-info/top_level.txt
[19.843s] -- Installing: /home/jetson/Multitask-Drone/install/drone_interfaces/local/lib/python3.10/dist-packages/drone_interfaces-0.0.0-py3.10.egg-info/dependency_links.txt
[19.843s] -- Installing: /home/jetson/Multitask-Drone/install/drone_interfaces/local/lib/python3.10/dist-packages/drone_interfaces
[19.843s] -- Installing: /home/jetson/Multitask-Drone/install/drone_interfaces/local/lib/python3.10/dist-packages/drone_interfaces/drone_interfaces_s__rosidl_typesupport_introspection_c.cpython-310-aarch64-linux-gnu.so
[19.843s] -- Installing: /home/jetson/Multitask-Drone/install/drone_interfaces/local/lib/python3.10/dist-packages/drone_interfaces/_drone_interfaces_s.ep.rosidl_typesupport_c.c
[19.844s] -- Installing: /home/jetson/Multitask-Drone/install/drone_interfaces/local/lib/python3.10/dist-packages/drone_interfaces/action
[19.844s] -- Installing: /home/jetson/Multitask-Drone/install/drone_interfaces/local/lib/python3.10/dist-packages/drone_interfaces/action/_execute_waypoint_s.c
[19.844s] -- Installing: /home/jetson/Multitask-Drone/install/drone_interfaces/local/lib/python3.10/dist-packages/drone_interfaces/action/__init__.py
[19.844s] -- Installing: /home/jetson/Multitask-Drone/install/drone_interfaces/local/lib/python3.10/dist-packages/drone_interfaces/action/_execute_waypoint.py
[19.845s] -- Installing: /home/jetson/Multitask-Drone/install/drone_interfaces/local/lib/python3.10/dist-packages/drone_interfaces/drone_interfaces_s__rosidl_typesupport_c.cpython-310-aarch64-linux-gnu.so
[19.845s] -- Installing: /home/jetson/Multitask-Drone/install/drone_interfaces/local/lib/python3.10/dist-packages/drone_interfaces/msg
[19.845s] -- Installing: /home/jetson/Multitask-Drone/install/drone_interfaces/local/lib/python3.10/dist-packages/drone_interfaces/msg/_yaw_s.c
[19.845s] -- Installing: /home/jetson/Multitask-Drone/install/drone_interfaces/local/lib/python3.10/dist-packages/drone_interfaces/msg/_task.py
[19.846s] -- Installing: /home/jetson/Multitask-Drone/install/drone_interfaces/local/lib/python3.10/dist-packages/drone_interfaces/msg/_task_s.c
[19.846s] -- Installing: /home/jetson/Multitask-Drone/install/drone_interfaces/local/lib/python3.10/dist-packages/drone_interfaces/msg/_panel_box_s.c
[19.846s] -- Installing: /home/jetson/Multitask-Drone/install/drone_interfaces/local/lib/python3.10/dist-packages/drone_interfaces/msg/_raw_waypoint.py
[19.846s] -- Installing: /home/jetson/Multitask-Drone/install/drone_interfaces/local/lib/python3.10/dist-packages/drone_interfaces/msg/_raw_waypoint_s.c
[19.846s] -- Installing: /home/jetson/Multitask-Drone/install/drone_interfaces/local/lib/python3.10/dist-packages/drone_interfaces/msg/_panel_box.py
[19.846s] -- Installing: /home/jetson/Multitask-Drone/install/drone_interfaces/local/lib/python3.10/dist-packages/drone_interfaces/msg/__init__.py
[19.847s] -- Installing: /home/jetson/Multitask-Drone/install/drone_interfaces/local/lib/python3.10/dist-packages/drone_interfaces/msg/_task_state.py
[19.847s] -- Installing: /home/jetson/Multitask-Drone/install/drone_interfaces/local/lib/python3.10/dist-packages/drone_interfaces/msg/_yaw.py
[19.847s] -- Installing: /home/jetson/Multitask-Drone/install/drone_interfaces/local/lib/python3.10/dist-packages/drone_interfaces/msg/_task_state_s.c
[19.847s] -- Installing: /home/jetson/Multitask-Drone/install/drone_interfaces/local/lib/python3.10/dist-packages/drone_interfaces/libdrone_interfaces__rosidl_generator_py.so
[19.847s] -- Installing: /home/jetson/Multitask-Drone/install/drone_interfaces/local/lib/python3.10/dist-packages/drone_interfaces/_drone_interfaces_s.ep.rosidl_typesupport_fastrtps_c.c
[19.848s] -- Installing: /home/jetson/Multitask-Drone/install/drone_interfaces/local/lib/python3.10/dist-packages/drone_interfaces/__init__.py
[19.848s] -- Installing: /home/jetson/Multitask-Drone/install/drone_interfaces/local/lib/python3.10/dist-packages/drone_interfaces/srv
[19.848s] -- Installing: /home/jetson/Multitask-Drone/install/drone_interfaces/local/lib/python3.10/dist-packages/drone_interfaces/srv/_yolo_request.py
[19.848s] -- Installing: /home/jetson/Multitask-Drone/install/drone_interfaces/local/lib/python3.10/dist-packages/drone_interfaces/srv/_task_dispatch.py
[19.849s] -- Installing: /home/jetson/Multitask-Drone/install/drone_interfaces/local/lib/python3.10/dist-packages/drone_interfaces/srv/_yolo_request_s.c
[19.849s] -- Installing: /home/jetson/Multitask-Drone/install/drone_interfaces/local/lib/python3.10/dist-packages/drone_interfaces/srv/_task_push.py
[19.849s] -- Installing: /home/jetson/Multitask-Drone/install/drone_interfaces/local/lib/python3.10/dist-packages/drone_interfaces/srv/_task_dispatch_s.c
[19.849s] -- Installing: /home/jetson/Multitask-Drone/install/drone_interfaces/local/lib/python3.10/dist-packages/drone_interfaces/srv/_task_push_s.c
[19.849s] -- Installing: /home/jetson/Multitask-Drone/install/drone_interfaces/local/lib/python3.10/dist-packages/drone_interfaces/srv/__init__.py
[19.849s] -- Installing: /home/jetson/Multitask-Drone/install/drone_interfaces/local/lib/python3.10/dist-packages/drone_interfaces/_drone_interfaces_s.ep.rosidl_typesupport_introspection_c.c
[19.850s] -- Installing: /home/jetson/Multitask-Drone/install/drone_interfaces/local/lib/python3.10/dist-packages/drone_interfaces/drone_interfaces_s__rosidl_typesupport_fastrtps_c.cpython-310-aarch64-linux-gnu.so
[19.926s] Listing '/home/jetson/Multitask-Drone/install/drone_interfaces/local/lib/python3.10/dist-packages/drone_interfaces'...
[19.927s] Compiling '/home/jetson/Multitask-Drone/install/drone_interfaces/local/lib/python3.10/dist-packages/drone_interfaces/__init__.py'...
[19.927s] Listing '/home/jetson/Multitask-Drone/install/drone_interfaces/local/lib/python3.10/dist-packages/drone_interfaces/action'...
[19.927s] Compiling '/home/jetson/Multitask-Drone/install/drone_interfaces/local/lib/python3.10/dist-packages/drone_interfaces/action/__init__.py'...
[19.927s] Compiling '/home/jetson/Multitask-Drone/install/drone_interfaces/local/lib/python3.10/dist-packages/drone_interfaces/action/_execute_waypoint.py'...
[19.928s] Listing '/home/jetson/Multitask-Drone/install/drone_interfaces/local/lib/python3.10/dist-packages/drone_interfaces/msg'...
[19.928s] Compiling '/home/jetson/Multitask-Drone/install/drone_interfaces/local/lib/python3.10/dist-packages/drone_interfaces/msg/__init__.py'...
[19.928s] Compiling '/home/jetson/Multitask-Drone/install/drone_interfaces/local/lib/python3.10/dist-packages/drone_interfaces/msg/_panel_box.py'...
[19.928s] Compiling '/home/jetson/Multitask-Drone/install/drone_interfaces/local/lib/python3.10/dist-packages/drone_interfaces/msg/_raw_waypoint.py'...
[19.929s] Compiling '/home/jetson/Multitask-Drone/install/drone_interfaces/local/lib/python3.10/dist-packages/drone_interfaces/msg/_task.py'...
[19.929s] Compiling '/home/jetson/Multitask-Drone/install/drone_interfaces/local/lib/python3.10/dist-packages/drone_interfaces/msg/_task_state.py'...
[19.929s] Compiling '/home/jetson/Multitask-Drone/install/drone_interfaces/local/lib/python3.10/dist-packages/drone_interfaces/msg/_yaw.py'...
[19.929s] Listing '/home/jetson/Multitask-Drone/install/drone_interfaces/local/lib/python3.10/dist-packages/drone_interfaces/srv'...
[19.930s] Compiling '/home/jetson/Multitask-Drone/install/drone_interfaces/local/lib/python3.10/dist-packages/drone_interfaces/srv/__init__.py'...
[19.930s] Compiling '/home/jetson/Multitask-Drone/install/drone_interfaces/local/lib/python3.10/dist-packages/drone_interfaces/srv/_task_dispatch.py'...
[19.930s] Compiling '/home/jetson/Multitask-Drone/install/drone_interfaces/local/lib/python3.10/dist-packages/drone_interfaces/srv/_task_push.py'...
[19.930s] Compiling '/home/jetson/Multitask-Drone/install/drone_interfaces/local/lib/python3.10/dist-packages/drone_interfaces/srv/_yolo_request.py'...
[19.937s] -- Installing: /home/jetson/Multitask-Drone/install/drone_interfaces/local/lib/python3.10/dist-packages/drone_interfaces/drone_interfaces_s__rosidl_typesupport_fastrtps_c.cpython-310-aarch64-linux-gnu.so
[19.938s] -- Set runtime path of "/home/jetson/Multitask-Drone/install/drone_interfaces/local/lib/python3.10/dist-packages/drone_interfaces/drone_interfaces_s__rosidl_typesupport_fastrtps_c.cpython-310-aarch64-linux-gnu.so" to ""
[19.938s] -- Installing: /home/jetson/Multitask-Drone/install/drone_interfaces/local/lib/python3.10/dist-packages/drone_interfaces/drone_interfaces_s__rosidl_typesupport_introspection_c.cpython-310-aarch64-linux-gnu.so
[19.940s] -- Set runtime path of "/home/jetson/Multitask-Drone/install/drone_interfaces/local/lib/python3.10/dist-packages/drone_interfaces/drone_interfaces_s__rosidl_typesupport_introspection_c.cpython-310-aarch64-linux-gnu.so" to ""
[19.940s] -- Installing: /home/jetson/Multitask-Drone/install/drone_interfaces/local/lib/python3.10/dist-packages/drone_interfaces/drone_interfaces_s__rosidl_typesupport_c.cpython-310-aarch64-linux-gnu.so
[19.941s] -- Set runtime path of "/home/jetson/Multitask-Drone/install/drone_interfaces/local/lib/python3.10/dist-packages/drone_interfaces/drone_interfaces_s__rosidl_typesupport_c.cpython-310-aarch64-linux-gnu.so" to ""
[19.941s] -- Installing: /home/jetson/Multitask-Drone/install/drone_interfaces/lib/libdrone_interfaces__rosidl_generator_py.so
[19.942s] -- Set runtime path of "/home/jetson/Multitask-Drone/install/drone_interfaces/lib/libdrone_interfaces__rosidl_generator_py.so" to ""
[19.942s] -- Installing: /home/jetson/Multitask-Drone/install/drone_interfaces/share/drone_interfaces/msg/Yaw.idl
[19.943s] -- Installing: /home/jetson/Multitask-Drone/install/drone_interfaces/share/drone_interfaces/msg/PanelBox.idl
[19.944s] -- Installing: /home/jetson/Multitask-Drone/install/drone_interfaces/share/drone_interfaces/msg/Task.idl
[19.944s] -- Installing: /home/jetson/Multitask-Drone/install/drone_interfaces/share/drone_interfaces/msg/TaskState.idl
[19.944s] -- Installing: /home/jetson/Multitask-Drone/install/drone_interfaces/share/drone_interfaces/msg/RawWaypoint.idl
[19.944s] -- Installing: /home/jetson/Multitask-Drone/install/drone_interfaces/share/drone_interfaces/srv/TaskDispatch.idl
[19.945s] -- Installing: /home/jetson/Multitask-Drone/install/drone_interfaces/share/drone_interfaces/srv/YoloRequest.idl
[19.945s] -- Installing: /home/jetson/Multitask-Drone/install/drone_interfaces/share/drone_interfaces/srv/TaskPush.idl
[19.945s] -- Installing: /home/jetson/Multitask-Drone/install/drone_interfaces/share/drone_interfaces/action/ExecuteWaypoint.idl
[19.945s] -- Installing: /home/jetson/Multitask-Drone/install/drone_interfaces/share/drone_interfaces/msg/Yaw.msg
[19.945s] -- Installing: /home/jetson/Multitask-Drone/install/drone_interfaces/share/drone_interfaces/msg/PanelBox.msg
[19.946s] -- Installing: /home/jetson/Multitask-Drone/install/drone_interfaces/share/drone_interfaces/msg/Task.msg
[19.946s] -- Installing: /home/jetson/Multitask-Drone/install/drone_interfaces/share/drone_interfaces/msg/TaskState.msg
[19.946s] -- Installing: /home/jetson/Multitask-Drone/install/drone_interfaces/share/drone_interfaces/msg/RawWaypoint.msg
[19.946s] -- Installing: /home/jetson/Multitask-Drone/install/drone_interfaces/share/drone_interfaces/srv/TaskDispatch.srv
[19.946s] -- Installing: /home/jetson/Multitask-Drone/install/drone_interfaces/share/drone_interfaces/srv/TaskDispatch_Request.msg
[19.946s] -- Installing: /home/jetson/Multitask-Drone/install/drone_interfaces/share/drone_interfaces/srv/TaskDispatch_Response.msg
[19.947s] -- Installing: /home/jetson/Multitask-Drone/install/drone_interfaces/share/drone_interfaces/srv/YoloRequest.srv
[19.947s] -- Installing: /home/jetson/Multitask-Drone/install/drone_interfaces/share/drone_interfaces/srv/YoloRequest_Request.msg
[19.947s] -- Installing: /home/jetson/Multitask-Drone/install/drone_interfaces/share/drone_interfaces/srv/YoloRequest_Response.msg
[19.947s] -- Installing: /home/jetson/Multitask-Drone/install/drone_interfaces/share/drone_interfaces/srv/TaskPush.srv
[19.947s] -- Installing: /home/jetson/Multitask-Drone/install/drone_interfaces/share/drone_interfaces/srv/TaskPush_Request.msg
[19.947s] -- Installing: /home/jetson/Multitask-Drone/install/drone_interfaces/share/drone_interfaces/srv/TaskPush_Response.msg
[19.948s] -- Installing: /home/jetson/Multitask-Drone/install/drone_interfaces/share/drone_interfaces/action/ExecuteWaypoint.action
[19.948s] -- Installing: /home/jetson/Multitask-Drone/install/drone_interfaces/share/ament_index/resource_index/package_run_dependencies/drone_interfaces
[19.948s] -- Installing: /home/jetson/Multitask-Drone/install/drone_interfaces/share/ament_index/resource_index/parent_prefix_path/drone_interfaces
[19.948s] -- Installing: /home/jetson/Multitask-Drone/install/drone_interfaces/share/drone_interfaces/environment/ament_prefix_path.sh
[19.948s] -- Installing: /home/jetson/Multitask-Drone/install/drone_interfaces/share/drone_interfaces/environment/ament_prefix_path.dsv
[19.948s] -- Installing: /home/jetson/Multitask-Drone/install/drone_interfaces/share/drone_interfaces/environment/path.sh
[19.949s] -- Installing: /home/jetson/Multitask-Drone/install/drone_interfaces/share/drone_interfaces/environment/path.dsv
[19.949s] -- Installing: /home/jetson/Multitask-Drone/install/drone_interfaces/share/drone_interfaces/local_setup.bash
[19.949s] -- Installing: /home/jetson/Multitask-Drone/install/drone_interfaces/share/drone_interfaces/local_setup.sh
[19.949s] -- Installing: /home/jetson/Multitask-Drone/install/drone_interfaces/share/drone_interfaces/local_setup.zsh
[19.950s] -- Installing: /home/jetson/Multitask-Drone/install/drone_interfaces/share/drone_interfaces/local_setup.dsv
[19.950s] -- Installing: /home/jetson/Multitask-Drone/install/drone_interfaces/share/drone_interfaces/package.dsv
[19.950s] -- Installing: /home/jetson/Multitask-Drone/install/drone_interfaces/share/ament_index/resource_index/packages/drone_interfaces
[19.950s] -- Installing: /home/jetson/Multitask-Drone/install/drone_interfaces/share/drone_interfaces/cmake/export_drone_interfaces__rosidl_generator_cExport.cmake
[19.951s] -- Installing: /home/jetson/Multitask-Drone/install/drone_interfaces/share/drone_interfaces/cmake/export_drone_interfaces__rosidl_generator_cExport-noconfig.cmake
[19.951s] -- Installing: /home/jetson/Multitask-Drone/install/drone_interfaces/share/drone_interfaces/cmake/export_drone_interfaces__rosidl_typesupport_fastrtps_cExport.cmake
[19.951s] -- Installing: /home/jetson/Multitask-Drone/install/drone_interfaces/share/drone_interfaces/cmake/export_drone_interfaces__rosidl_typesupport_fastrtps_cExport-noconfig.cmake
[19.952s] -- Installing: /home/jetson/Multitask-Drone/install/drone_interfaces/share/drone_interfaces/cmake/drone_interfaces__rosidl_typesupport_introspection_cExport.cmake
[19.952s] -- Installing: /home/jetson/Multitask-Drone/install/drone_interfaces/share/drone_interfaces/cmake/drone_interfaces__rosidl_typesupport_introspection_cExport-noconfig.cmake
[19.952s] -- Installing: /home/jetson/Multitask-Drone/install/drone_interfaces/share/drone_interfaces/cmake/drone_interfaces__rosidl_typesupport_cExport.cmake
[19.953s] -- Installing: /home/jetson/Multitask-Drone/install/drone_interfaces/share/drone_interfaces/cmake/drone_interfaces__rosidl_typesupport_cExport-noconfig.cmake
[19.953s] -- Installing: /home/jetson/Multitask-Drone/install/drone_interfaces/share/drone_interfaces/cmake/export_drone_interfaces__rosidl_generator_cppExport.cmake
[19.953s] -- Installing: /home/jetson/Multitask-Drone/install/drone_interfaces/share/drone_interfaces/cmake/export_drone_interfaces__rosidl_typesupport_fastrtps_cppExport.cmake
[19.953s] -- Installing: /home/jetson/Multitask-Drone/install/drone_interfaces/share/drone_interfaces/cmake/export_drone_interfaces__rosidl_typesupport_fastrtps_cppExport-noconfig.cmake
[19.954s] -- Installing: /home/jetson/Multitask-Drone/install/drone_interfaces/share/drone_interfaces/cmake/drone_interfaces__rosidl_typesupport_introspection_cppExport.cmake
[19.954s] -- Installing: /home/jetson/Multitask-Drone/install/drone_interfaces/share/drone_interfaces/cmake/drone_interfaces__rosidl_typesupport_introspection_cppExport-noconfig.cmake
[19.954s] -- Installing: /home/jetson/Multitask-Drone/install/drone_interfaces/share/drone_interfaces/cmake/drone_interfaces__rosidl_typesupport_cppExport.cmake
[19.955s] -- Installing: /home/jetson/Multitask-Drone/install/drone_interfaces/share/drone_interfaces/cmake/drone_interfaces__rosidl_typesupport_cppExport-noconfig.cmake
[19.955s] -- Installing: /home/jetson/Multitask-Drone/install/drone_interfaces/share/drone_interfaces/cmake/export_drone_interfaces__rosidl_generator_pyExport.cmake
[19.955s] -- Installing: /home/jetson/Multitask-Drone/install/drone_interfaces/share/drone_interfaces/cmake/export_drone_interfaces__rosidl_generator_pyExport-noconfig.cmake
[19.956s] -- Installing: /home/jetson/Multitask-Drone/install/drone_interfaces/share/drone_interfaces/cmake/rosidl_cmake-extras.cmake
[19.956s] -- Installing: /home/jetson/Multitask-Drone/install/drone_interfaces/share/drone_interfaces/cmake/ament_cmake_export_dependencies-extras.cmake
[19.956s] -- Installing: /home/jetson/Multitask-Drone/install/drone_interfaces/share/drone_interfaces/cmake/ament_cmake_export_include_directories-extras.cmake
[19.956s] -- Installing: /home/jetson/Multitask-Drone/install/drone_interfaces/share/drone_interfaces/cmake/ament_cmake_export_libraries-extras.cmake
[19.956s] -- Installing: /home/jetson/Multitask-Drone/install/drone_interfaces/share/drone_interfaces/cmake/ament_cmake_export_targets-extras.cmake
[19.957s] -- Installing: /home/jetson/Multitask-Drone/install/drone_interfaces/share/drone_interfaces/cmake/rosidl_cmake_export_typesupport_targets-extras.cmake
[19.957s] -- Installing: /home/jetson/Multitask-Drone/install/drone_interfaces/share/drone_interfaces/cmake/rosidl_cmake_export_typesupport_libraries-extras.cmake
[19.957s] -- Installing: /home/jetson/Multitask-Drone/install/drone_interfaces/share/drone_interfaces/cmake/drone_interfacesConfig.cmake
[19.957s] -- Installing: /home/jetson/Multitask-Drone/install/drone_interfaces/share/drone_interfaces/cmake/drone_interfacesConfig-version.cmake
[19.958s] -- Installing: /home/jetson/Multitask-Drone/install/drone_interfaces/share/drone_interfaces/package.xml
[19.965s] Invoked command in '/home/jetson/Multitask-Drone/build/drone_interfaces' returned '0': CMAKE_PREFIX_PATH=/opt/ros/humble /usr/bin/cmake --install /home/jetson/Multitask-Drone/build/drone_interfaces
