[0.786s] Invoking command in '/home/ccl/Multitask-Drone/src/drone_vision': PYTHONPATH=/home/ccl/Multitask-Drone/build/drone_vision/prefix_override:/usr/lib/python3/dist-packages/colcon_core/task/python/colcon_distutils_commands:/home/ccl/Multitask-Drone/install/drone_vision/lib/python3.10/site-packages:${PYTHONPATH} /usr/bin/python3 -W ignore:setup.py install is deprecated -W ignore:easy_install command is deprecated setup.py egg_info --egg-base ../../build/drone_vision build --build-base /home/ccl/Multitask-Drone/build/drone_vision/build install --record /home/ccl/Multitask-Drone/build/drone_vision/install.log --single-version-externally-managed install_data
[0.977s] running egg_info
[0.977s] writing ../../build/drone_vision/drone_vision.egg-info/PKG-INFO
[0.977s] writing dependency_links to ../../build/drone_vision/drone_vision.egg-info/dependency_links.txt
[0.977s] writing entry points to ../../build/drone_vision/drone_vision.egg-info/entry_points.txt
[0.978s] writing requirements to ../../build/drone_vision/drone_vision.egg-info/requires.txt
[0.978s] writing top-level names to ../../build/drone_vision/drone_vision.egg-info/top_level.txt
[0.979s] reading manifest file '../../build/drone_vision/drone_vision.egg-info/SOURCES.txt'
[0.979s] adding license file 'LICENSE'
[0.980s] writing manifest file '../../build/drone_vision/drone_vision.egg-info/SOURCES.txt'
[0.982s] running build
[0.982s] running build_py
[0.982s] running install
[0.982s] running install_lib
[0.983s] running install_data
[0.983s] running install_egg_info
[0.984s] removing '/home/ccl/Multitask-Drone/install/drone_vision/lib/python3.10/site-packages/drone_vision-0.0.0-py3.10.egg-info' (and everything under it)
[0.984s] Copying ../../build/drone_vision/drone_vision.egg-info to /home/ccl/Multitask-Drone/install/drone_vision/lib/python3.10/site-packages/drone_vision-0.0.0-py3.10.egg-info
[0.985s] running install_scripts
[1.006s] Installing object_detector script to /home/ccl/Multitask-Drone/install/drone_vision/lib/drone_vision
[1.006s] writing list of installed files to '/home/ccl/Multitask-Drone/build/drone_vision/install.log'
[1.034s] Invoked command in '/home/ccl/Multitask-Drone/src/drone_vision' returned '0': PYTHONPATH=/home/ccl/Multitask-Drone/build/drone_vision/prefix_override:/usr/lib/python3/dist-packages/colcon_core/task/python/colcon_distutils_commands:/home/ccl/Multitask-Drone/install/drone_vision/lib/python3.10/site-packages:${PYTHONPATH} /usr/bin/python3 -W ignore:setup.py install is deprecated -W ignore:easy_install command is deprecated setup.py egg_info --egg-base ../../build/drone_vision build --build-base /home/ccl/Multitask-Drone/build/drone_vision/build install --record /home/ccl/Multitask-Drone/build/drone_vision/install.log --single-version-externally-managed install_data
