[0.021s] Invoking command in '/home/jetson/Multitask-Drone/build/drone_interfaces': CMAKE_PREFIX_PATH=/opt/ros/humble /usr/bin/cmake --build /home/jetson/Multitask-Drone/build/drone_interfaces -- -j6 -l6
[0.092s] [35m[1mConsolidate compiler generated dependencies of target drone_interfaces__rosidl_generator_c[0m
[0.106s] [  1%] Built target drone_interfaces__cpp
[0.118s] [ 12%] Built target drone_interfaces__rosidl_generator_c
[0.121s] [ 12%] Built target ament_cmake_python_copy_drone_interfaces
[0.127s] [35m[1mConsolidate compiler generated dependencies of target drone_interfaces__rosidl_typesupport_fastrtps_cpp[0m
[0.127s] [35m[1mConsolidate compiler generated dependencies of target drone_interfaces__rosidl_typesupport_introspection_cpp[0m
[0.135s] [35m[1mConsolidate compiler generated dependencies of target drone_interfaces__rosidl_typesupport_cpp[0m
[0.142s] [35m[1mConsolidate compiler generated dependencies of target drone_interfaces__rosidl_typesupport_fastrtps_c[0m
[0.152s] [35m[1mConsolidate compiler generated dependencies of target drone_interfaces__rosidl_typesupport_c[0m
[0.162s] [35m[1mConsolidate compiler generated dependencies of target drone_interfaces__rosidl_typesupport_introspection_c[0m
[0.165s] [ 30%] Built target drone_interfaces__rosidl_typesupport_introspection_cpp
[0.166s] [ 35%] Built target drone_interfaces__rosidl_typesupport_fastrtps_cpp
[0.176s] [ 47%] Built target drone_interfaces__rosidl_typesupport_fastrtps_c
[0.179s] [ 58%] Built target drone_interfaces__rosidl_typesupport_cpp
[0.184s] [ 70%] Built target drone_interfaces__rosidl_typesupport_c
[0.188s] [ 82%] Built target drone_interfaces__rosidl_typesupport_introspection_c
[0.223s] [ 82%] Built target drone_interfaces
[0.262s] [ 83%] Built target drone_interfaces__py
[0.284s] [35m[1mConsolidate compiler generated dependencies of target drone_interfaces__rosidl_generator_py[0m
[0.319s] [ 93%] Built target drone_interfaces__rosidl_generator_py
[0.336s] [35m[1mConsolidate compiler generated dependencies of target drone_interfaces__rosidl_typesupport_introspection_c__pyext[0m
[0.336s] [35m[1mConsolidate compiler generated dependencies of target drone_interfaces__rosidl_typesupport_c__pyext[0m
[0.336s] [35m[1mConsolidate compiler generated dependencies of target drone_interfaces__rosidl_typesupport_fastrtps_c__pyext[0m
[0.357s] [100%] Built target drone_interfaces__rosidl_typesupport_introspection_c__pyext
[0.357s] [100%] Built target drone_interfaces__rosidl_typesupport_fastrtps_c__pyext
[0.358s] [100%] Built target drone_interfaces__rosidl_typesupport_c__pyext
[0.570s] running egg_info
[0.571s] writing drone_interfaces.egg-info/PKG-INFO
[0.571s] writing dependency_links to drone_interfaces.egg-info/dependency_links.txt
[0.572s] writing top-level names to drone_interfaces.egg-info/top_level.txt
[0.576s] reading manifest file 'drone_interfaces.egg-info/SOURCES.txt'
[0.577s] writing manifest file 'drone_interfaces.egg-info/SOURCES.txt'
[0.639s] [100%] Built target ament_cmake_python_build_drone_interfaces_egg
[0.664s] Invoked command in '/home/jetson/Multitask-Drone/build/drone_interfaces' returned '0': CMAKE_PREFIX_PATH=/opt/ros/humble /usr/bin/cmake --build /home/jetson/Multitask-Drone/build/drone_interfaces -- -j6 -l6
[0.681s] Invoking command in '/home/jetson/Multitask-Drone/build/drone_interfaces': CMAKE_PREFIX_PATH=/opt/ros/humble /usr/bin/cmake --install /home/jetson/Multitask-Drone/build/drone_interfaces
[0.697s] -- Install configuration: ""
[0.697s] -- Up-to-date: /home/jetson/Multitask-Drone/install/drone_interfaces/share/ament_index/resource_index/rosidl_interfaces/drone_interfaces
[0.698s] -- Up-to-date: /home/jetson/Multitask-Drone/install/drone_interfaces/include/drone_interfaces/drone_interfaces
[0.698s] -- Up-to-date: /home/jetson/Multitask-Drone/install/drone_interfaces/include/drone_interfaces/drone_interfaces/action
[0.698s] -- Up-to-date: /home/jetson/Multitask-Drone/install/drone_interfaces/include/drone_interfaces/drone_interfaces/action/execute_waypoint.h
[0.698s] -- Up-to-date: /home/jetson/Multitask-Drone/install/drone_interfaces/include/drone_interfaces/drone_interfaces/action/detail
[0.698s] -- Up-to-date: /home/jetson/Multitask-Drone/install/drone_interfaces/include/drone_interfaces/drone_interfaces/action/detail/execute_waypoint__functions.h
[0.699s] -- Up-to-date: /home/jetson/Multitask-Drone/install/drone_interfaces/include/drone_interfaces/drone_interfaces/action/detail/execute_waypoint__struct.h
[0.699s] -- Up-to-date: /home/jetson/Multitask-Drone/install/drone_interfaces/include/drone_interfaces/drone_interfaces/action/detail/execute_waypoint__functions.c
[0.699s] -- Up-to-date: /home/jetson/Multitask-Drone/install/drone_interfaces/include/drone_interfaces/drone_interfaces/action/detail/execute_waypoint__type_support.h
[0.699s] -- Up-to-date: /home/jetson/Multitask-Drone/install/drone_interfaces/include/drone_interfaces/drone_interfaces/msg
[0.700s] -- Up-to-date: /home/jetson/Multitask-Drone/install/drone_interfaces/include/drone_interfaces/drone_interfaces/msg/raw_waypoint.h
[0.700s] -- Up-to-date: /home/jetson/Multitask-Drone/install/drone_interfaces/include/drone_interfaces/drone_interfaces/msg/yaw.h
[0.701s] -- Up-to-date: /home/jetson/Multitask-Drone/install/drone_interfaces/include/drone_interfaces/drone_interfaces/msg/panel_box.h
[0.701s] -- Up-to-date: /home/jetson/Multitask-Drone/install/drone_interfaces/include/drone_interfaces/drone_interfaces/msg/task_state.h
[0.701s] -- Up-to-date: /home/jetson/Multitask-Drone/install/drone_interfaces/include/drone_interfaces/drone_interfaces/msg/rosidl_generator_c__visibility_control.h
[0.701s] -- Up-to-date: /home/jetson/Multitask-Drone/install/drone_interfaces/include/drone_interfaces/drone_interfaces/msg/task.h
[0.701s] -- Up-to-date: /home/jetson/Multitask-Drone/install/drone_interfaces/include/drone_interfaces/drone_interfaces/msg/detail
[0.701s] -- Up-to-date: /home/jetson/Multitask-Drone/install/drone_interfaces/include/drone_interfaces/drone_interfaces/msg/detail/raw_waypoint__functions.h
[0.702s] -- Up-to-date: /home/jetson/Multitask-Drone/install/drone_interfaces/include/drone_interfaces/drone_interfaces/msg/detail/raw_waypoint__struct.h
[0.702s] -- Up-to-date: /home/jetson/Multitask-Drone/install/drone_interfaces/include/drone_interfaces/drone_interfaces/msg/detail/raw_waypoint__functions.c
[0.702s] -- Up-to-date: /home/jetson/Multitask-Drone/install/drone_interfaces/include/drone_interfaces/drone_interfaces/msg/detail/task__type_support.h
[0.702s] -- Up-to-date: /home/jetson/Multitask-Drone/install/drone_interfaces/include/drone_interfaces/drone_interfaces/msg/detail/panel_box__functions.h
[0.702s] -- Up-to-date: /home/jetson/Multitask-Drone/install/drone_interfaces/include/drone_interfaces/drone_interfaces/msg/detail/task_state__struct.h
[0.703s] -- Up-to-date: /home/jetson/Multitask-Drone/install/drone_interfaces/include/drone_interfaces/drone_interfaces/msg/detail/panel_box__struct.h
[0.703s] -- Up-to-date: /home/jetson/Multitask-Drone/install/drone_interfaces/include/drone_interfaces/drone_interfaces/msg/detail/yaw__functions.c
[0.703s] -- Up-to-date: /home/jetson/Multitask-Drone/install/drone_interfaces/include/drone_interfaces/drone_interfaces/msg/detail/yaw__type_support.h
[0.703s] -- Up-to-date: /home/jetson/Multitask-Drone/install/drone_interfaces/include/drone_interfaces/drone_interfaces/msg/detail/task_state__type_support.h
[0.703s] -- Up-to-date: /home/jetson/Multitask-Drone/install/drone_interfaces/include/drone_interfaces/drone_interfaces/msg/detail/task__functions.c
[0.703s] -- Up-to-date: /home/jetson/Multitask-Drone/install/drone_interfaces/include/drone_interfaces/drone_interfaces/msg/detail/raw_waypoint__type_support.h
[0.703s] -- Up-to-date: /home/jetson/Multitask-Drone/install/drone_interfaces/include/drone_interfaces/drone_interfaces/msg/detail/task__functions.h
[0.704s] -- Up-to-date: /home/jetson/Multitask-Drone/install/drone_interfaces/include/drone_interfaces/drone_interfaces/msg/detail/panel_box__type_support.h
[0.704s] -- Up-to-date: /home/jetson/Multitask-Drone/install/drone_interfaces/include/drone_interfaces/drone_interfaces/msg/detail/task__struct.h
[0.704s] -- Up-to-date: /home/jetson/Multitask-Drone/install/drone_interfaces/include/drone_interfaces/drone_interfaces/msg/detail/task_state__functions.h
[0.704s] -- Up-to-date: /home/jetson/Multitask-Drone/install/drone_interfaces/include/drone_interfaces/drone_interfaces/msg/detail/task_state__functions.c
[0.704s] -- Up-to-date: /home/jetson/Multitask-Drone/install/drone_interfaces/include/drone_interfaces/drone_interfaces/msg/detail/yaw__functions.h
[0.704s] -- Up-to-date: /home/jetson/Multitask-Drone/install/drone_interfaces/include/drone_interfaces/drone_interfaces/msg/detail/yaw__struct.h
[0.704s] -- Up-to-date: /home/jetson/Multitask-Drone/install/drone_interfaces/include/drone_interfaces/drone_interfaces/msg/detail/panel_box__functions.c
[0.705s] -- Up-to-date: /home/jetson/Multitask-Drone/install/drone_interfaces/include/drone_interfaces/drone_interfaces/srv
[0.705s] -- Up-to-date: /home/jetson/Multitask-Drone/install/drone_interfaces/include/drone_interfaces/drone_interfaces/srv/yolo_request.h
[0.705s] -- Up-to-date: /home/jetson/Multitask-Drone/install/drone_interfaces/include/drone_interfaces/drone_interfaces/srv/task_push.h
[0.705s] -- Up-to-date: /home/jetson/Multitask-Drone/install/drone_interfaces/include/drone_interfaces/drone_interfaces/srv/task_dispatch.h
[0.705s] -- Up-to-date: /home/jetson/Multitask-Drone/install/drone_interfaces/include/drone_interfaces/drone_interfaces/srv/detail
[0.705s] -- Up-to-date: /home/jetson/Multitask-Drone/install/drone_interfaces/include/drone_interfaces/drone_interfaces/srv/detail/task_dispatch__functions.h
[0.706s] -- Up-to-date: /home/jetson/Multitask-Drone/install/drone_interfaces/include/drone_interfaces/drone_interfaces/srv/detail/yolo_request__type_support.h
[0.706s] -- Up-to-date: /home/jetson/Multitask-Drone/install/drone_interfaces/include/drone_interfaces/drone_interfaces/srv/detail/task_push__functions.h
[0.706s] -- Up-to-date: /home/jetson/Multitask-Drone/install/drone_interfaces/include/drone_interfaces/drone_interfaces/srv/detail/task_dispatch__functions.c
[0.706s] -- Up-to-date: /home/jetson/Multitask-Drone/install/drone_interfaces/include/drone_interfaces/drone_interfaces/srv/detail/yolo_request__functions.c
[0.706s] -- Up-to-date: /home/jetson/Multitask-Drone/install/drone_interfaces/include/drone_interfaces/drone_interfaces/srv/detail/task_push__functions.c
[0.706s] -- Up-to-date: /home/jetson/Multitask-Drone/install/drone_interfaces/include/drone_interfaces/drone_interfaces/srv/detail/task_dispatch__type_support.h
[0.707s] -- Up-to-date: /home/jetson/Multitask-Drone/install/drone_interfaces/include/drone_interfaces/drone_interfaces/srv/detail/task_push__struct.h
[0.707s] -- Up-to-date: /home/jetson/Multitask-Drone/install/drone_interfaces/include/drone_interfaces/drone_interfaces/srv/detail/yolo_request__struct.h
[0.707s] -- Up-to-date: /home/jetson/Multitask-Drone/install/drone_interfaces/include/drone_interfaces/drone_interfaces/srv/detail/task_push__type_support.h
[0.707s] -- Up-to-date: /home/jetson/Multitask-Drone/install/drone_interfaces/include/drone_interfaces/drone_interfaces/srv/detail/task_dispatch__struct.h
[0.707s] -- Up-to-date: /home/jetson/Multitask-Drone/install/drone_interfaces/include/drone_interfaces/drone_interfaces/srv/detail/yolo_request__functions.h
[0.707s] -- Up-to-date: /home/jetson/Multitask-Drone/install/drone_interfaces/share/drone_interfaces/environment/library_path.sh
[0.707s] -- Up-to-date: /home/jetson/Multitask-Drone/install/drone_interfaces/share/drone_interfaces/environment/library_path.dsv
[0.708s] -- Up-to-date: /home/jetson/Multitask-Drone/install/drone_interfaces/lib/libdrone_interfaces__rosidl_generator_c.so
[0.708s] -- Up-to-date: /home/jetson/Multitask-Drone/install/drone_interfaces/include/drone_interfaces/drone_interfaces
[0.708s] -- Up-to-date: /home/jetson/Multitask-Drone/install/drone_interfaces/include/drone_interfaces/drone_interfaces/action
[0.708s] -- Up-to-date: /home/jetson/Multitask-Drone/install/drone_interfaces/include/drone_interfaces/drone_interfaces/action/detail
[0.708s] -- Up-to-date: /home/jetson/Multitask-Drone/install/drone_interfaces/include/drone_interfaces/drone_interfaces/action/detail/execute_waypoint__rosidl_typesupport_fastrtps_c.h
[0.708s] -- Up-to-date: /home/jetson/Multitask-Drone/install/drone_interfaces/include/drone_interfaces/drone_interfaces/msg
[0.708s] -- Up-to-date: /home/jetson/Multitask-Drone/install/drone_interfaces/include/drone_interfaces/drone_interfaces/msg/detail
[0.709s] -- Up-to-date: /home/jetson/Multitask-Drone/install/drone_interfaces/include/drone_interfaces/drone_interfaces/msg/detail/yaw__rosidl_typesupport_fastrtps_c.h
[0.709s] -- Up-to-date: /home/jetson/Multitask-Drone/install/drone_interfaces/include/drone_interfaces/drone_interfaces/msg/detail/panel_box__rosidl_typesupport_fastrtps_c.h
[0.709s] -- Up-to-date: /home/jetson/Multitask-Drone/install/drone_interfaces/include/drone_interfaces/drone_interfaces/msg/detail/task_state__rosidl_typesupport_fastrtps_c.h
[0.709s] -- Up-to-date: /home/jetson/Multitask-Drone/install/drone_interfaces/include/drone_interfaces/drone_interfaces/msg/detail/raw_waypoint__rosidl_typesupport_fastrtps_c.h
[0.709s] -- Up-to-date: /home/jetson/Multitask-Drone/install/drone_interfaces/include/drone_interfaces/drone_interfaces/msg/detail/task__rosidl_typesupport_fastrtps_c.h
[0.709s] -- Up-to-date: /home/jetson/Multitask-Drone/install/drone_interfaces/include/drone_interfaces/drone_interfaces/msg/rosidl_typesupport_fastrtps_c__visibility_control.h
[0.709s] -- Up-to-date: /home/jetson/Multitask-Drone/install/drone_interfaces/include/drone_interfaces/drone_interfaces/srv
[0.710s] -- Up-to-date: /home/jetson/Multitask-Drone/install/drone_interfaces/include/drone_interfaces/drone_interfaces/srv/detail
[0.710s] -- Up-to-date: /home/jetson/Multitask-Drone/install/drone_interfaces/include/drone_interfaces/drone_interfaces/srv/detail/task_push__rosidl_typesupport_fastrtps_c.h
[0.710s] -- Up-to-date: /home/jetson/Multitask-Drone/install/drone_interfaces/include/drone_interfaces/drone_interfaces/srv/detail/yolo_request__rosidl_typesupport_fastrtps_c.h
[0.710s] -- Up-to-date: /home/jetson/Multitask-Drone/install/drone_interfaces/include/drone_interfaces/drone_interfaces/srv/detail/task_dispatch__rosidl_typesupport_fastrtps_c.h
[0.710s] -- Up-to-date: /home/jetson/Multitask-Drone/install/drone_interfaces/lib/libdrone_interfaces__rosidl_typesupport_fastrtps_c.so
[0.710s] -- Up-to-date: /home/jetson/Multitask-Drone/install/drone_interfaces/include/drone_interfaces/drone_interfaces
[0.710s] -- Up-to-date: /home/jetson/Multitask-Drone/install/drone_interfaces/include/drone_interfaces/drone_interfaces/action
[0.710s] -- Up-to-date: /home/jetson/Multitask-Drone/install/drone_interfaces/include/drone_interfaces/drone_interfaces/action/detail
[0.710s] -- Up-to-date: /home/jetson/Multitask-Drone/install/drone_interfaces/include/drone_interfaces/drone_interfaces/action/detail/execute_waypoint__type_support.c
[0.711s] -- Up-to-date: /home/jetson/Multitask-Drone/install/drone_interfaces/include/drone_interfaces/drone_interfaces/action/detail/execute_waypoint__rosidl_typesupport_introspection_c.h
[0.711s] -- Up-to-date: /home/jetson/Multitask-Drone/install/drone_interfaces/include/drone_interfaces/drone_interfaces/msg
[0.711s] -- Up-to-date: /home/jetson/Multitask-Drone/install/drone_interfaces/include/drone_interfaces/drone_interfaces/msg/rosidl_typesupport_introspection_c__visibility_control.h
[0.711s] -- Up-to-date: /home/jetson/Multitask-Drone/install/drone_interfaces/include/drone_interfaces/drone_interfaces/msg/detail
[0.711s] -- Up-to-date: /home/jetson/Multitask-Drone/install/drone_interfaces/include/drone_interfaces/drone_interfaces/msg/detail/task__rosidl_typesupport_introspection_c.h
[0.711s] -- Up-to-date: /home/jetson/Multitask-Drone/install/drone_interfaces/include/drone_interfaces/drone_interfaces/msg/detail/raw_waypoint__rosidl_typesupport_introspection_c.h
[0.711s] -- Up-to-date: /home/jetson/Multitask-Drone/install/drone_interfaces/include/drone_interfaces/drone_interfaces/msg/detail/panel_box__type_support.c
[0.711s] -- Up-to-date: /home/jetson/Multitask-Drone/install/drone_interfaces/include/drone_interfaces/drone_interfaces/msg/detail/raw_waypoint__type_support.c
[0.711s] -- Up-to-date: /home/jetson/Multitask-Drone/install/drone_interfaces/include/drone_interfaces/drone_interfaces/msg/detail/task__type_support.c
[0.712s] -- Up-to-date: /home/jetson/Multitask-Drone/install/drone_interfaces/include/drone_interfaces/drone_interfaces/msg/detail/yaw__type_support.c
[0.712s] -- Up-to-date: /home/jetson/Multitask-Drone/install/drone_interfaces/include/drone_interfaces/drone_interfaces/msg/detail/panel_box__rosidl_typesupport_introspection_c.h
[0.712s] -- Up-to-date: /home/jetson/Multitask-Drone/install/drone_interfaces/include/drone_interfaces/drone_interfaces/msg/detail/yaw__rosidl_typesupport_introspection_c.h
[0.712s] -- Up-to-date: /home/jetson/Multitask-Drone/install/drone_interfaces/include/drone_interfaces/drone_interfaces/msg/detail/task_state__type_support.c
[0.712s] -- Up-to-date: /home/jetson/Multitask-Drone/install/drone_interfaces/include/drone_interfaces/drone_interfaces/msg/detail/task_state__rosidl_typesupport_introspection_c.h
[0.712s] -- Up-to-date: /home/jetson/Multitask-Drone/install/drone_interfaces/include/drone_interfaces/drone_interfaces/srv
[0.712s] -- Up-to-date: /home/jetson/Multitask-Drone/install/drone_interfaces/include/drone_interfaces/drone_interfaces/srv/detail
[0.713s] -- Up-to-date: /home/jetson/Multitask-Drone/install/drone_interfaces/include/drone_interfaces/drone_interfaces/srv/detail/task_dispatch__type_support.c
[0.713s] -- Up-to-date: /home/jetson/Multitask-Drone/install/drone_interfaces/include/drone_interfaces/drone_interfaces/srv/detail/yolo_request__type_support.c
[0.713s] -- Up-to-date: /home/jetson/Multitask-Drone/install/drone_interfaces/include/drone_interfaces/drone_interfaces/srv/detail/task_dispatch__rosidl_typesupport_introspection_c.h
[0.713s] -- Up-to-date: /home/jetson/Multitask-Drone/install/drone_interfaces/include/drone_interfaces/drone_interfaces/srv/detail/yolo_request__rosidl_typesupport_introspection_c.h
[0.713s] -- Up-to-date: /home/jetson/Multitask-Drone/install/drone_interfaces/include/drone_interfaces/drone_interfaces/srv/detail/task_push__rosidl_typesupport_introspection_c.h
[0.713s] -- Up-to-date: /home/jetson/Multitask-Drone/install/drone_interfaces/include/drone_interfaces/drone_interfaces/srv/detail/task_push__type_support.c
[0.713s] -- Up-to-date: /home/jetson/Multitask-Drone/install/drone_interfaces/lib/libdrone_interfaces__rosidl_typesupport_introspection_c.so
[0.713s] -- Up-to-date: /home/jetson/Multitask-Drone/install/drone_interfaces/lib/libdrone_interfaces__rosidl_typesupport_c.so
[0.714s] -- Up-to-date: /home/jetson/Multitask-Drone/install/drone_interfaces/include/drone_interfaces/drone_interfaces
[0.714s] -- Up-to-date: /home/jetson/Multitask-Drone/install/drone_interfaces/include/drone_interfaces/drone_interfaces/action
[0.714s] -- Up-to-date: /home/jetson/Multitask-Drone/install/drone_interfaces/include/drone_interfaces/drone_interfaces/action/execute_waypoint.hpp
[0.714s] -- Up-to-date: /home/jetson/Multitask-Drone/install/drone_interfaces/include/drone_interfaces/drone_interfaces/action/detail
[0.714s] -- Up-to-date: /home/jetson/Multitask-Drone/install/drone_interfaces/include/drone_interfaces/drone_interfaces/action/detail/execute_waypoint__traits.hpp
[0.714s] -- Up-to-date: /home/jetson/Multitask-Drone/install/drone_interfaces/include/drone_interfaces/drone_interfaces/action/detail/execute_waypoint__type_support.hpp
[0.714s] -- Up-to-date: /home/jetson/Multitask-Drone/install/drone_interfaces/include/drone_interfaces/drone_interfaces/action/detail/execute_waypoint__builder.hpp
[0.714s] -- Up-to-date: /home/jetson/Multitask-Drone/install/drone_interfaces/include/drone_interfaces/drone_interfaces/action/detail/execute_waypoint__struct.hpp
[0.714s] -- Up-to-date: /home/jetson/Multitask-Drone/install/drone_interfaces/include/drone_interfaces/drone_interfaces/msg
[0.714s] -- Up-to-date: /home/jetson/Multitask-Drone/install/drone_interfaces/include/drone_interfaces/drone_interfaces/msg/panel_box.hpp
[0.715s] -- Up-to-date: /home/jetson/Multitask-Drone/install/drone_interfaces/include/drone_interfaces/drone_interfaces/msg/task.hpp
[0.715s] -- Up-to-date: /home/jetson/Multitask-Drone/install/drone_interfaces/include/drone_interfaces/drone_interfaces/msg/raw_waypoint.hpp
[0.715s] -- Up-to-date: /home/jetson/Multitask-Drone/install/drone_interfaces/include/drone_interfaces/drone_interfaces/msg/yaw.hpp
[0.715s] -- Up-to-date: /home/jetson/Multitask-Drone/install/drone_interfaces/include/drone_interfaces/drone_interfaces/msg/task_state.hpp
[0.715s] -- Up-to-date: /home/jetson/Multitask-Drone/install/drone_interfaces/include/drone_interfaces/drone_interfaces/msg/rosidl_generator_cpp__visibility_control.hpp
[0.715s] -- Up-to-date: /home/jetson/Multitask-Drone/install/drone_interfaces/include/drone_interfaces/drone_interfaces/msg/detail
[0.715s] -- Up-to-date: /home/jetson/Multitask-Drone/install/drone_interfaces/include/drone_interfaces/drone_interfaces/msg/detail/task_state__traits.hpp
[0.715s] -- Up-to-date: /home/jetson/Multitask-Drone/install/drone_interfaces/include/drone_interfaces/drone_interfaces/msg/detail/task_state__type_support.hpp
[0.715s] -- Up-to-date: /home/jetson/Multitask-Drone/install/drone_interfaces/include/drone_interfaces/drone_interfaces/msg/detail/yaw__struct.hpp
[0.715s] -- Up-to-date: /home/jetson/Multitask-Drone/install/drone_interfaces/include/drone_interfaces/drone_interfaces/msg/detail/yaw__builder.hpp
[0.715s] -- Up-to-date: /home/jetson/Multitask-Drone/install/drone_interfaces/include/drone_interfaces/drone_interfaces/msg/detail/panel_box__builder.hpp
[0.716s] -- Up-to-date: /home/jetson/Multitask-Drone/install/drone_interfaces/include/drone_interfaces/drone_interfaces/msg/detail/yaw__type_support.hpp
[0.716s] -- Up-to-date: /home/jetson/Multitask-Drone/install/drone_interfaces/include/drone_interfaces/drone_interfaces/msg/detail/panel_box__struct.hpp
[0.716s] -- Up-to-date: /home/jetson/Multitask-Drone/install/drone_interfaces/include/drone_interfaces/drone_interfaces/msg/detail/task_state__builder.hpp
[0.716s] -- Up-to-date: /home/jetson/Multitask-Drone/install/drone_interfaces/include/drone_interfaces/drone_interfaces/msg/detail/task__traits.hpp
[0.716s] -- Up-to-date: /home/jetson/Multitask-Drone/install/drone_interfaces/include/drone_interfaces/drone_interfaces/msg/detail/panel_box__type_support.hpp
[0.716s] -- Up-to-date: /home/jetson/Multitask-Drone/install/drone_interfaces/include/drone_interfaces/drone_interfaces/msg/detail/raw_waypoint__struct.hpp
[0.716s] -- Up-to-date: /home/jetson/Multitask-Drone/install/drone_interfaces/include/drone_interfaces/drone_interfaces/msg/detail/raw_waypoint__type_support.hpp
[0.716s] -- Up-to-date: /home/jetson/Multitask-Drone/install/drone_interfaces/include/drone_interfaces/drone_interfaces/msg/detail/yaw__traits.hpp
[0.716s] -- Up-to-date: /home/jetson/Multitask-Drone/install/drone_interfaces/include/drone_interfaces/drone_interfaces/msg/detail/raw_waypoint__traits.hpp
[0.716s] -- Up-to-date: /home/jetson/Multitask-Drone/install/drone_interfaces/include/drone_interfaces/drone_interfaces/msg/detail/raw_waypoint__builder.hpp
[0.716s] -- Up-to-date: /home/jetson/Multitask-Drone/install/drone_interfaces/include/drone_interfaces/drone_interfaces/msg/detail/task_state__struct.hpp
[0.717s] -- Up-to-date: /home/jetson/Multitask-Drone/install/drone_interfaces/include/drone_interfaces/drone_interfaces/msg/detail/task__struct.hpp
[0.717s] -- Up-to-date: /home/jetson/Multitask-Drone/install/drone_interfaces/include/drone_interfaces/drone_interfaces/msg/detail/panel_box__traits.hpp
[0.717s] -- Up-to-date: /home/jetson/Multitask-Drone/install/drone_interfaces/include/drone_interfaces/drone_interfaces/msg/detail/task__type_support.hpp
[0.717s] -- Up-to-date: /home/jetson/Multitask-Drone/install/drone_interfaces/include/drone_interfaces/drone_interfaces/msg/detail/task__builder.hpp
[0.717s] -- Up-to-date: /home/jetson/Multitask-Drone/install/drone_interfaces/include/drone_interfaces/drone_interfaces/srv
[0.717s] -- Up-to-date: /home/jetson/Multitask-Drone/install/drone_interfaces/include/drone_interfaces/drone_interfaces/srv/task_dispatch.hpp
[0.717s] -- Up-to-date: /home/jetson/Multitask-Drone/install/drone_interfaces/include/drone_interfaces/drone_interfaces/srv/task_push.hpp
[0.717s] -- Up-to-date: /home/jetson/Multitask-Drone/install/drone_interfaces/include/drone_interfaces/drone_interfaces/srv/detail
[0.717s] -- Up-to-date: /home/jetson/Multitask-Drone/install/drone_interfaces/include/drone_interfaces/drone_interfaces/srv/detail/yolo_request__type_support.hpp
[0.717s] -- Up-to-date: /home/jetson/Multitask-Drone/install/drone_interfaces/include/drone_interfaces/drone_interfaces/srv/detail/yolo_request__traits.hpp
[0.717s] -- Up-to-date: /home/jetson/Multitask-Drone/install/drone_interfaces/include/drone_interfaces/drone_interfaces/srv/detail/task_push__type_support.hpp
[0.718s] -- Up-to-date: /home/jetson/Multitask-Drone/install/drone_interfaces/include/drone_interfaces/drone_interfaces/srv/detail/task_push__builder.hpp
[0.718s] -- Up-to-date: /home/jetson/Multitask-Drone/install/drone_interfaces/include/drone_interfaces/drone_interfaces/srv/detail/task_dispatch__builder.hpp
[0.718s] -- Up-to-date: /home/jetson/Multitask-Drone/install/drone_interfaces/include/drone_interfaces/drone_interfaces/srv/detail/task_dispatch__struct.hpp
[0.718s] -- Up-to-date: /home/jetson/Multitask-Drone/install/drone_interfaces/include/drone_interfaces/drone_interfaces/srv/detail/yolo_request__struct.hpp
[0.718s] -- Up-to-date: /home/jetson/Multitask-Drone/install/drone_interfaces/include/drone_interfaces/drone_interfaces/srv/detail/task_push__traits.hpp
[0.718s] -- Up-to-date: /home/jetson/Multitask-Drone/install/drone_interfaces/include/drone_interfaces/drone_interfaces/srv/detail/task_push__struct.hpp
[0.718s] -- Up-to-date: /home/jetson/Multitask-Drone/install/drone_interfaces/include/drone_interfaces/drone_interfaces/srv/detail/task_dispatch__type_support.hpp
[0.718s] -- Up-to-date: /home/jetson/Multitask-Drone/install/drone_interfaces/include/drone_interfaces/drone_interfaces/srv/detail/task_dispatch__traits.hpp
[0.718s] -- Up-to-date: /home/jetson/Multitask-Drone/install/drone_interfaces/include/drone_interfaces/drone_interfaces/srv/detail/yolo_request__builder.hpp
[0.718s] -- Up-to-date: /home/jetson/Multitask-Drone/install/drone_interfaces/include/drone_interfaces/drone_interfaces/srv/yolo_request.hpp
[0.718s] -- Up-to-date: /home/jetson/Multitask-Drone/install/drone_interfaces/include/drone_interfaces/drone_interfaces
[0.719s] -- Up-to-date: /home/jetson/Multitask-Drone/install/drone_interfaces/include/drone_interfaces/drone_interfaces/action
[0.719s] -- Up-to-date: /home/jetson/Multitask-Drone/install/drone_interfaces/include/drone_interfaces/drone_interfaces/action/detail
[0.719s] -- Up-to-date: /home/jetson/Multitask-Drone/install/drone_interfaces/include/drone_interfaces/drone_interfaces/action/detail/execute_waypoint__rosidl_typesupport_fastrtps_cpp.hpp
[0.719s] -- Up-to-date: /home/jetson/Multitask-Drone/install/drone_interfaces/include/drone_interfaces/drone_interfaces/action/detail/dds_fastrtps
[0.719s] -- Up-to-date: /home/jetson/Multitask-Drone/install/drone_interfaces/include/drone_interfaces/drone_interfaces/msg
[0.719s] -- Up-to-date: /home/jetson/Multitask-Drone/install/drone_interfaces/include/drone_interfaces/drone_interfaces/msg/rosidl_typesupport_fastrtps_cpp__visibility_control.h
[0.719s] -- Up-to-date: /home/jetson/Multitask-Drone/install/drone_interfaces/include/drone_interfaces/drone_interfaces/msg/detail
[0.719s] -- Up-to-date: /home/jetson/Multitask-Drone/install/drone_interfaces/include/drone_interfaces/drone_interfaces/msg/detail/raw_waypoint__rosidl_typesupport_fastrtps_cpp.hpp
[0.719s] -- Up-to-date: /home/jetson/Multitask-Drone/install/drone_interfaces/include/drone_interfaces/drone_interfaces/msg/detail/panel_box__rosidl_typesupport_fastrtps_cpp.hpp
[0.719s] -- Up-to-date: /home/jetson/Multitask-Drone/install/drone_interfaces/include/drone_interfaces/drone_interfaces/msg/detail/yaw__rosidl_typesupport_fastrtps_cpp.hpp
[0.719s] -- Up-to-date: /home/jetson/Multitask-Drone/install/drone_interfaces/include/drone_interfaces/drone_interfaces/msg/detail/task__rosidl_typesupport_fastrtps_cpp.hpp
[0.720s] -- Up-to-date: /home/jetson/Multitask-Drone/install/drone_interfaces/include/drone_interfaces/drone_interfaces/msg/detail/dds_fastrtps
[0.720s] -- Up-to-date: /home/jetson/Multitask-Drone/install/drone_interfaces/include/drone_interfaces/drone_interfaces/msg/detail/task_state__rosidl_typesupport_fastrtps_cpp.hpp
[0.720s] -- Up-to-date: /home/jetson/Multitask-Drone/install/drone_interfaces/include/drone_interfaces/drone_interfaces/srv
[0.720s] -- Up-to-date: /home/jetson/Multitask-Drone/install/drone_interfaces/include/drone_interfaces/drone_interfaces/srv/detail
[0.720s] -- Up-to-date: /home/jetson/Multitask-Drone/install/drone_interfaces/include/drone_interfaces/drone_interfaces/srv/detail/task_push__rosidl_typesupport_fastrtps_cpp.hpp
[0.720s] -- Up-to-date: /home/jetson/Multitask-Drone/install/drone_interfaces/include/drone_interfaces/drone_interfaces/srv/detail/dds_fastrtps
[0.720s] -- Up-to-date: /home/jetson/Multitask-Drone/install/drone_interfaces/include/drone_interfaces/drone_interfaces/srv/detail/yolo_request__rosidl_typesupport_fastrtps_cpp.hpp
[0.720s] -- Up-to-date: /home/jetson/Multitask-Drone/install/drone_interfaces/include/drone_interfaces/drone_interfaces/srv/detail/task_dispatch__rosidl_typesupport_fastrtps_cpp.hpp
[0.720s] -- Up-to-date: /home/jetson/Multitask-Drone/install/drone_interfaces/lib/libdrone_interfaces__rosidl_typesupport_fastrtps_cpp.so
[0.720s] -- Up-to-date: /home/jetson/Multitask-Drone/install/drone_interfaces/include/drone_interfaces/drone_interfaces
[0.720s] -- Up-to-date: /home/jetson/Multitask-Drone/install/drone_interfaces/include/drone_interfaces/drone_interfaces/action
[0.721s] -- Up-to-date: /home/jetson/Multitask-Drone/install/drone_interfaces/include/drone_interfaces/drone_interfaces/action/detail
[0.721s] -- Up-to-date: /home/jetson/Multitask-Drone/install/drone_interfaces/include/drone_interfaces/drone_interfaces/action/detail/execute_waypoint__rosidl_typesupport_introspection_cpp.hpp
[0.721s] -- Up-to-date: /home/jetson/Multitask-Drone/install/drone_interfaces/include/drone_interfaces/drone_interfaces/action/detail/execute_waypoint__type_support.cpp
[0.721s] -- Up-to-date: /home/jetson/Multitask-Drone/install/drone_interfaces/include/drone_interfaces/drone_interfaces/msg
[0.721s] -- Up-to-date: /home/jetson/Multitask-Drone/install/drone_interfaces/include/drone_interfaces/drone_interfaces/msg/detail
[0.721s] -- Up-to-date: /home/jetson/Multitask-Drone/install/drone_interfaces/include/drone_interfaces/drone_interfaces/msg/detail/task_state__type_support.cpp
[0.721s] -- Up-to-date: /home/jetson/Multitask-Drone/install/drone_interfaces/include/drone_interfaces/drone_interfaces/msg/detail/raw_waypoint__type_support.cpp
[0.721s] -- Up-to-date: /home/jetson/Multitask-Drone/install/drone_interfaces/include/drone_interfaces/drone_interfaces/msg/detail/panel_box__rosidl_typesupport_introspection_cpp.hpp
[0.721s] -- Up-to-date: /home/jetson/Multitask-Drone/install/drone_interfaces/include/drone_interfaces/drone_interfaces/msg/detail/task__type_support.cpp
[0.722s] -- Up-to-date: /home/jetson/Multitask-Drone/install/drone_interfaces/include/drone_interfaces/drone_interfaces/msg/detail/task__rosidl_typesupport_introspection_cpp.hpp
[0.722s] -- Up-to-date: /home/jetson/Multitask-Drone/install/drone_interfaces/include/drone_interfaces/drone_interfaces/msg/detail/task_state__rosidl_typesupport_introspection_cpp.hpp
[0.722s] -- Up-to-date: /home/jetson/Multitask-Drone/install/drone_interfaces/include/drone_interfaces/drone_interfaces/msg/detail/raw_waypoint__rosidl_typesupport_introspection_cpp.hpp
[0.722s] -- Up-to-date: /home/jetson/Multitask-Drone/install/drone_interfaces/include/drone_interfaces/drone_interfaces/msg/detail/panel_box__type_support.cpp
[0.722s] -- Up-to-date: /home/jetson/Multitask-Drone/install/drone_interfaces/include/drone_interfaces/drone_interfaces/msg/detail/yaw__type_support.cpp
[0.722s] -- Up-to-date: /home/jetson/Multitask-Drone/install/drone_interfaces/include/drone_interfaces/drone_interfaces/msg/detail/yaw__rosidl_typesupport_introspection_cpp.hpp
[0.722s] -- Up-to-date: /home/jetson/Multitask-Drone/install/drone_interfaces/include/drone_interfaces/drone_interfaces/srv
[0.722s] -- Up-to-date: /home/jetson/Multitask-Drone/install/drone_interfaces/include/drone_interfaces/drone_interfaces/srv/detail
[0.722s] -- Up-to-date: /home/jetson/Multitask-Drone/install/drone_interfaces/include/drone_interfaces/drone_interfaces/srv/detail/task_dispatch__rosidl_typesupport_introspection_cpp.hpp
[0.722s] -- Up-to-date: /home/jetson/Multitask-Drone/install/drone_interfaces/include/drone_interfaces/drone_interfaces/srv/detail/yolo_request__rosidl_typesupport_introspection_cpp.hpp
[0.723s] -- Up-to-date: /home/jetson/Multitask-Drone/install/drone_interfaces/include/drone_interfaces/drone_interfaces/srv/detail/task_dispatch__type_support.cpp
[0.723s] -- Up-to-date: /home/jetson/Multitask-Drone/install/drone_interfaces/include/drone_interfaces/drone_interfaces/srv/detail/task_push__rosidl_typesupport_introspection_cpp.hpp
[0.723s] -- Up-to-date: /home/jetson/Multitask-Drone/install/drone_interfaces/include/drone_interfaces/drone_interfaces/srv/detail/task_push__type_support.cpp
[0.723s] -- Up-to-date: /home/jetson/Multitask-Drone/install/drone_interfaces/include/drone_interfaces/drone_interfaces/srv/detail/yolo_request__type_support.cpp
[0.723s] -- Up-to-date: /home/jetson/Multitask-Drone/install/drone_interfaces/lib/libdrone_interfaces__rosidl_typesupport_introspection_cpp.so
[0.723s] -- Up-to-date: /home/jetson/Multitask-Drone/install/drone_interfaces/lib/libdrone_interfaces__rosidl_typesupport_cpp.so
[0.723s] -- Up-to-date: /home/jetson/Multitask-Drone/install/drone_interfaces/share/drone_interfaces/environment/pythonpath.sh
[0.723s] -- Up-to-date: /home/jetson/Multitask-Drone/install/drone_interfaces/share/drone_interfaces/environment/pythonpath.dsv
[0.723s] -- Up-to-date: /home/jetson/Multitask-Drone/install/drone_interfaces/local/lib/python3.10/dist-packages/drone_interfaces-0.0.0-py3.10.egg-info
[0.723s] -- Installing: /home/jetson/Multitask-Drone/install/drone_interfaces/local/lib/python3.10/dist-packages/drone_interfaces-0.0.0-py3.10.egg-info/SOURCES.txt
[0.723s] -- Installing: /home/jetson/Multitask-Drone/install/drone_interfaces/local/lib/python3.10/dist-packages/drone_interfaces-0.0.0-py3.10.egg-info/PKG-INFO
[0.724s] -- Installing: /home/jetson/Multitask-Drone/install/drone_interfaces/local/lib/python3.10/dist-packages/drone_interfaces-0.0.0-py3.10.egg-info/top_level.txt
[0.724s] -- Installing: /home/jetson/Multitask-Drone/install/drone_interfaces/local/lib/python3.10/dist-packages/drone_interfaces-0.0.0-py3.10.egg-info/dependency_links.txt
[0.724s] -- Up-to-date: /home/jetson/Multitask-Drone/install/drone_interfaces/local/lib/python3.10/dist-packages/drone_interfaces
[0.724s] -- Up-to-date: /home/jetson/Multitask-Drone/install/drone_interfaces/local/lib/python3.10/dist-packages/drone_interfaces/drone_interfaces_s__rosidl_typesupport_introspection_c.cpython-310-aarch64-linux-gnu.so
[0.724s] -- Up-to-date: /home/jetson/Multitask-Drone/install/drone_interfaces/local/lib/python3.10/dist-packages/drone_interfaces/_drone_interfaces_s.ep.rosidl_typesupport_c.c
[0.724s] -- Up-to-date: /home/jetson/Multitask-Drone/install/drone_interfaces/local/lib/python3.10/dist-packages/drone_interfaces/action
[0.724s] -- Up-to-date: /home/jetson/Multitask-Drone/install/drone_interfaces/local/lib/python3.10/dist-packages/drone_interfaces/action/_execute_waypoint_s.c
[0.724s] -- Up-to-date: /home/jetson/Multitask-Drone/install/drone_interfaces/local/lib/python3.10/dist-packages/drone_interfaces/action/__init__.py
[0.724s] -- Up-to-date: /home/jetson/Multitask-Drone/install/drone_interfaces/local/lib/python3.10/dist-packages/drone_interfaces/action/_execute_waypoint.py
[0.724s] -- Up-to-date: /home/jetson/Multitask-Drone/install/drone_interfaces/local/lib/python3.10/dist-packages/drone_interfaces/drone_interfaces_s__rosidl_typesupport_c.cpython-310-aarch64-linux-gnu.so
[0.725s] -- Up-to-date: /home/jetson/Multitask-Drone/install/drone_interfaces/local/lib/python3.10/dist-packages/drone_interfaces/msg
[0.725s] -- Up-to-date: /home/jetson/Multitask-Drone/install/drone_interfaces/local/lib/python3.10/dist-packages/drone_interfaces/msg/_yaw_s.c
[0.725s] -- Up-to-date: /home/jetson/Multitask-Drone/install/drone_interfaces/local/lib/python3.10/dist-packages/drone_interfaces/msg/_task.py
[0.725s] -- Up-to-date: /home/jetson/Multitask-Drone/install/drone_interfaces/local/lib/python3.10/dist-packages/drone_interfaces/msg/_task_s.c
[0.725s] -- Up-to-date: /home/jetson/Multitask-Drone/install/drone_interfaces/local/lib/python3.10/dist-packages/drone_interfaces/msg/_panel_box_s.c
[0.725s] -- Up-to-date: /home/jetson/Multitask-Drone/install/drone_interfaces/local/lib/python3.10/dist-packages/drone_interfaces/msg/_raw_waypoint.py
[0.725s] -- Up-to-date: /home/jetson/Multitask-Drone/install/drone_interfaces/local/lib/python3.10/dist-packages/drone_interfaces/msg/_raw_waypoint_s.c
[0.725s] -- Up-to-date: /home/jetson/Multitask-Drone/install/drone_interfaces/local/lib/python3.10/dist-packages/drone_interfaces/msg/_panel_box.py
[0.725s] -- Up-to-date: /home/jetson/Multitask-Drone/install/drone_interfaces/local/lib/python3.10/dist-packages/drone_interfaces/msg/__init__.py
[0.725s] -- Up-to-date: /home/jetson/Multitask-Drone/install/drone_interfaces/local/lib/python3.10/dist-packages/drone_interfaces/msg/_task_state.py
[0.726s] -- Up-to-date: /home/jetson/Multitask-Drone/install/drone_interfaces/local/lib/python3.10/dist-packages/drone_interfaces/msg/_yaw.py
[0.726s] -- Up-to-date: /home/jetson/Multitask-Drone/install/drone_interfaces/local/lib/python3.10/dist-packages/drone_interfaces/msg/_task_state_s.c
[0.726s] -- Up-to-date: /home/jetson/Multitask-Drone/install/drone_interfaces/local/lib/python3.10/dist-packages/drone_interfaces/libdrone_interfaces__rosidl_generator_py.so
[0.726s] -- Up-to-date: /home/jetson/Multitask-Drone/install/drone_interfaces/local/lib/python3.10/dist-packages/drone_interfaces/_drone_interfaces_s.ep.rosidl_typesupport_fastrtps_c.c
[0.726s] -- Up-to-date: /home/jetson/Multitask-Drone/install/drone_interfaces/local/lib/python3.10/dist-packages/drone_interfaces/__init__.py
[0.726s] -- Up-to-date: /home/jetson/Multitask-Drone/install/drone_interfaces/local/lib/python3.10/dist-packages/drone_interfaces/srv
[0.726s] -- Up-to-date: /home/jetson/Multitask-Drone/install/drone_interfaces/local/lib/python3.10/dist-packages/drone_interfaces/srv/_yolo_request.py
[0.726s] -- Up-to-date: /home/jetson/Multitask-Drone/install/drone_interfaces/local/lib/python3.10/dist-packages/drone_interfaces/srv/_task_dispatch.py
[0.726s] -- Up-to-date: /home/jetson/Multitask-Drone/install/drone_interfaces/local/lib/python3.10/dist-packages/drone_interfaces/srv/_yolo_request_s.c
[0.726s] -- Up-to-date: /home/jetson/Multitask-Drone/install/drone_interfaces/local/lib/python3.10/dist-packages/drone_interfaces/srv/_task_push.py
[0.727s] -- Up-to-date: /home/jetson/Multitask-Drone/install/drone_interfaces/local/lib/python3.10/dist-packages/drone_interfaces/srv/_task_dispatch_s.c
[0.727s] -- Up-to-date: /home/jetson/Multitask-Drone/install/drone_interfaces/local/lib/python3.10/dist-packages/drone_interfaces/srv/_task_push_s.c
[0.727s] -- Up-to-date: /home/jetson/Multitask-Drone/install/drone_interfaces/local/lib/python3.10/dist-packages/drone_interfaces/srv/__init__.py
[0.727s] -- Up-to-date: /home/jetson/Multitask-Drone/install/drone_interfaces/local/lib/python3.10/dist-packages/drone_interfaces/_drone_interfaces_s.ep.rosidl_typesupport_introspection_c.c
[0.727s] -- Up-to-date: /home/jetson/Multitask-Drone/install/drone_interfaces/local/lib/python3.10/dist-packages/drone_interfaces/drone_interfaces_s__rosidl_typesupport_fastrtps_c.cpython-310-aarch64-linux-gnu.so
[0.768s] Listing '/home/jetson/Multitask-Drone/install/drone_interfaces/local/lib/python3.10/dist-packages/drone_interfaces'...
[0.768s] Listing '/home/jetson/Multitask-Drone/install/drone_interfaces/local/lib/python3.10/dist-packages/drone_interfaces/action'...
[0.768s] Listing '/home/jetson/Multitask-Drone/install/drone_interfaces/local/lib/python3.10/dist-packages/drone_interfaces/msg'...
[0.768s] Listing '/home/jetson/Multitask-Drone/install/drone_interfaces/local/lib/python3.10/dist-packages/drone_interfaces/srv'...
[0.777s] -- Up-to-date: /home/jetson/Multitask-Drone/install/drone_interfaces/local/lib/python3.10/dist-packages/drone_interfaces/drone_interfaces_s__rosidl_typesupport_fastrtps_c.cpython-310-aarch64-linux-gnu.so
[0.778s] -- Up-to-date: /home/jetson/Multitask-Drone/install/drone_interfaces/local/lib/python3.10/dist-packages/drone_interfaces/drone_interfaces_s__rosidl_typesupport_introspection_c.cpython-310-aarch64-linux-gnu.so
[0.779s] -- Up-to-date: /home/jetson/Multitask-Drone/install/drone_interfaces/local/lib/python3.10/dist-packages/drone_interfaces/drone_interfaces_s__rosidl_typesupport_c.cpython-310-aarch64-linux-gnu.so
[0.779s] -- Up-to-date: /home/jetson/Multitask-Drone/install/drone_interfaces/lib/libdrone_interfaces__rosidl_generator_py.so
[0.779s] -- Up-to-date: /home/jetson/Multitask-Drone/install/drone_interfaces/share/drone_interfaces/msg/Yaw.idl
[0.780s] -- Up-to-date: /home/jetson/Multitask-Drone/install/drone_interfaces/share/drone_interfaces/msg/PanelBox.idl
[0.780s] -- Up-to-date: /home/jetson/Multitask-Drone/install/drone_interfaces/share/drone_interfaces/msg/Task.idl
[0.780s] -- Up-to-date: /home/jetson/Multitask-Drone/install/drone_interfaces/share/drone_interfaces/msg/TaskState.idl
[0.780s] -- Up-to-date: /home/jetson/Multitask-Drone/install/drone_interfaces/share/drone_interfaces/msg/RawWaypoint.idl
[0.780s] -- Up-to-date: /home/jetson/Multitask-Drone/install/drone_interfaces/share/drone_interfaces/srv/TaskDispatch.idl
[0.781s] -- Up-to-date: /home/jetson/Multitask-Drone/install/drone_interfaces/share/drone_interfaces/srv/YoloRequest.idl
[0.781s] -- Up-to-date: /home/jetson/Multitask-Drone/install/drone_interfaces/share/drone_interfaces/srv/TaskPush.idl
[0.781s] -- Up-to-date: /home/jetson/Multitask-Drone/install/drone_interfaces/share/drone_interfaces/action/ExecuteWaypoint.idl
[0.781s] -- Up-to-date: /home/jetson/Multitask-Drone/install/drone_interfaces/share/drone_interfaces/msg/Yaw.msg
[0.781s] -- Up-to-date: /home/jetson/Multitask-Drone/install/drone_interfaces/share/drone_interfaces/msg/PanelBox.msg
[0.782s] -- Up-to-date: /home/jetson/Multitask-Drone/install/drone_interfaces/share/drone_interfaces/msg/Task.msg
[0.782s] -- Up-to-date: /home/jetson/Multitask-Drone/install/drone_interfaces/share/drone_interfaces/msg/TaskState.msg
[0.782s] -- Up-to-date: /home/jetson/Multitask-Drone/install/drone_interfaces/share/drone_interfaces/msg/RawWaypoint.msg
[0.782s] -- Up-to-date: /home/jetson/Multitask-Drone/install/drone_interfaces/share/drone_interfaces/srv/TaskDispatch.srv
[0.782s] -- Up-to-date: /home/jetson/Multitask-Drone/install/drone_interfaces/share/drone_interfaces/srv/TaskDispatch_Request.msg
[0.782s] -- Up-to-date: /home/jetson/Multitask-Drone/install/drone_interfaces/share/drone_interfaces/srv/TaskDispatch_Response.msg
[0.783s] -- Up-to-date: /home/jetson/Multitask-Drone/install/drone_interfaces/share/drone_interfaces/srv/YoloRequest.srv
[0.783s] -- Up-to-date: /home/jetson/Multitask-Drone/install/drone_interfaces/share/drone_interfaces/srv/YoloRequest_Request.msg
[0.783s] -- Up-to-date: /home/jetson/Multitask-Drone/install/drone_interfaces/share/drone_interfaces/srv/YoloRequest_Response.msg
[0.783s] -- Up-to-date: /home/jetson/Multitask-Drone/install/drone_interfaces/share/drone_interfaces/srv/TaskPush.srv
[0.783s] -- Up-to-date: /home/jetson/Multitask-Drone/install/drone_interfaces/share/drone_interfaces/srv/TaskPush_Request.msg
[0.783s] -- Up-to-date: /home/jetson/Multitask-Drone/install/drone_interfaces/share/drone_interfaces/srv/TaskPush_Response.msg
[0.783s] -- Up-to-date: /home/jetson/Multitask-Drone/install/drone_interfaces/share/drone_interfaces/action/ExecuteWaypoint.action
[0.784s] -- Up-to-date: /home/jetson/Multitask-Drone/install/drone_interfaces/share/ament_index/resource_index/package_run_dependencies/drone_interfaces
[0.784s] -- Up-to-date: /home/jetson/Multitask-Drone/install/drone_interfaces/share/ament_index/resource_index/parent_prefix_path/drone_interfaces
[0.784s] -- Up-to-date: /home/jetson/Multitask-Drone/install/drone_interfaces/share/drone_interfaces/environment/ament_prefix_path.sh
[0.784s] -- Up-to-date: /home/jetson/Multitask-Drone/install/drone_interfaces/share/drone_interfaces/environment/ament_prefix_path.dsv
[0.784s] -- Up-to-date: /home/jetson/Multitask-Drone/install/drone_interfaces/share/drone_interfaces/environment/path.sh
[0.784s] -- Up-to-date: /home/jetson/Multitask-Drone/install/drone_interfaces/share/drone_interfaces/environment/path.dsv
[0.784s] -- Up-to-date: /home/jetson/Multitask-Drone/install/drone_interfaces/share/drone_interfaces/local_setup.bash
[0.785s] -- Up-to-date: /home/jetson/Multitask-Drone/install/drone_interfaces/share/drone_interfaces/local_setup.sh
[0.785s] -- Up-to-date: /home/jetson/Multitask-Drone/install/drone_interfaces/share/drone_interfaces/local_setup.zsh
[0.785s] -- Up-to-date: /home/jetson/Multitask-Drone/install/drone_interfaces/share/drone_interfaces/local_setup.dsv
[0.785s] -- Installing: /home/jetson/Multitask-Drone/install/drone_interfaces/share/drone_interfaces/package.dsv
[0.785s] -- Up-to-date: /home/jetson/Multitask-Drone/install/drone_interfaces/share/ament_index/resource_index/packages/drone_interfaces
[0.786s] -- Up-to-date: /home/jetson/Multitask-Drone/install/drone_interfaces/share/drone_interfaces/cmake/export_drone_interfaces__rosidl_generator_cExport.cmake
[0.786s] -- Up-to-date: /home/jetson/Multitask-Drone/install/drone_interfaces/share/drone_interfaces/cmake/export_drone_interfaces__rosidl_generator_cExport-noconfig.cmake
[0.786s] -- Up-to-date: /home/jetson/Multitask-Drone/install/drone_interfaces/share/drone_interfaces/cmake/export_drone_interfaces__rosidl_typesupport_fastrtps_cExport.cmake
[0.786s] -- Up-to-date: /home/jetson/Multitask-Drone/install/drone_interfaces/share/drone_interfaces/cmake/export_drone_interfaces__rosidl_typesupport_fastrtps_cExport-noconfig.cmake
[0.786s] -- Up-to-date: /home/jetson/Multitask-Drone/install/drone_interfaces/share/drone_interfaces/cmake/drone_interfaces__rosidl_typesupport_introspection_cExport.cmake
[0.786s] -- Up-to-date: /home/jetson/Multitask-Drone/install/drone_interfaces/share/drone_interfaces/cmake/drone_interfaces__rosidl_typesupport_introspection_cExport-noconfig.cmake
[0.787s] -- Up-to-date: /home/jetson/Multitask-Drone/install/drone_interfaces/share/drone_interfaces/cmake/drone_interfaces__rosidl_typesupport_cExport.cmake
[0.787s] -- Up-to-date: /home/jetson/Multitask-Drone/install/drone_interfaces/share/drone_interfaces/cmake/drone_interfaces__rosidl_typesupport_cExport-noconfig.cmake
[0.790s] -- Up-to-date: /home/jetson/Multitask-Drone/install/drone_interfaces/share/drone_interfaces/cmake/export_drone_interfaces__rosidl_generator_cppExport.cmake
[0.791s] -- Up-to-date: /home/jetson/Multitask-Drone/install/drone_interfaces/share/drone_interfaces/cmake/export_drone_interfaces__rosidl_typesupport_fastrtps_cppExport.cmake
[0.791s] -- Up-to-date: /home/jetson/Multitask-Drone/install/drone_interfaces/share/drone_interfaces/cmake/export_drone_interfaces__rosidl_typesupport_fastrtps_cppExport-noconfig.cmake
[0.792s] -- Up-to-date: /home/jetson/Multitask-Drone/install/drone_interfaces/share/drone_interfaces/cmake/drone_interfaces__rosidl_typesupport_introspection_cppExport.cmake
[0.794s] -- Up-to-date: /home/jetson/Multitask-Drone/install/drone_interfaces/share/drone_interfaces/cmake/drone_interfaces__rosidl_typesupport_introspection_cppExport-noconfig.cmake
[0.794s] -- Up-to-date: /home/jetson/Multitask-Drone/install/drone_interfaces/share/drone_interfaces/cmake/drone_interfaces__rosidl_typesupport_cppExport.cmake
[0.794s] -- Up-to-date: /home/jetson/Multitask-Drone/install/drone_interfaces/share/drone_interfaces/cmake/drone_interfaces__rosidl_typesupport_cppExport-noconfig.cmake
[0.795s] -- Up-to-date: /home/jetson/Multitask-Drone/install/drone_interfaces/share/drone_interfaces/cmake/export_drone_interfaces__rosidl_generator_pyExport.cmake
[0.796s] -- Up-to-date: /home/jetson/Multitask-Drone/install/drone_interfaces/share/drone_interfaces/cmake/export_drone_interfaces__rosidl_generator_pyExport-noconfig.cmake
[0.796s] -- Up-to-date: /home/jetson/Multitask-Drone/install/drone_interfaces/share/drone_interfaces/cmake/rosidl_cmake-extras.cmake
[0.797s] -- Up-to-date: /home/jetson/Multitask-Drone/install/drone_interfaces/share/drone_interfaces/cmake/ament_cmake_export_dependencies-extras.cmake
[0.798s] -- Up-to-date: /home/jetson/Multitask-Drone/install/drone_interfaces/share/drone_interfaces/cmake/ament_cmake_export_include_directories-extras.cmake
[0.798s] -- Up-to-date: /home/jetson/Multitask-Drone/install/drone_interfaces/share/drone_interfaces/cmake/ament_cmake_export_libraries-extras.cmake
[0.798s] -- Up-to-date: /home/jetson/Multitask-Drone/install/drone_interfaces/share/drone_interfaces/cmake/ament_cmake_export_targets-extras.cmake
[0.799s] -- Up-to-date: /home/jetson/Multitask-Drone/install/drone_interfaces/share/drone_interfaces/cmake/rosidl_cmake_export_typesupport_targets-extras.cmake
[0.800s] -- Up-to-date: /home/jetson/Multitask-Drone/install/drone_interfaces/share/drone_interfaces/cmake/rosidl_cmake_export_typesupport_libraries-extras.cmake
[0.800s] -- Up-to-date: /home/jetson/Multitask-Drone/install/drone_interfaces/share/drone_interfaces/cmake/drone_interfacesConfig.cmake
[0.801s] -- Up-to-date: /home/jetson/Multitask-Drone/install/drone_interfaces/share/drone_interfaces/cmake/drone_interfacesConfig-version.cmake
[0.802s] -- Up-to-date: /home/jetson/Multitask-Drone/install/drone_interfaces/share/drone_interfaces/package.xml
[0.803s] Invoked command in '/home/jetson/Multitask-Drone/build/drone_interfaces' returned '0': CMAKE_PREFIX_PATH=/opt/ros/humble /usr/bin/cmake --install /home/jetson/Multitask-Drone/build/drone_interfaces
