running egg_info
creating ../../build/drone_monitor/drone_monitor.egg-info
writing ../../build/drone_monitor/drone_monitor.egg-info/PKG-INFO
writing dependency_links to ../../build/drone_monitor/drone_monitor.egg-info/dependency_links.txt
writing entry points to ../../build/drone_monitor/drone_monitor.egg-info/entry_points.txt
writing requirements to ../../build/drone_monitor/drone_monitor.egg-info/requires.txt
writing top-level names to ../../build/drone_monitor/drone_monitor.egg-info/top_level.txt
writing manifest file '../../build/drone_monitor/drone_monitor.egg-info/SOURCES.txt'
reading manifest file '../../build/drone_monitor/drone_monitor.egg-info/SOURCES.txt'
adding license file 'LICENSE'
writing manifest file '../../build/drone_monitor/drone_monitor.egg-info/SOURCES.txt'
running build
running build_py
creating /home/orangepi/Multitask-Drone/build/drone_monitor/build
creating /home/orangepi/Multitask-Drone/build/drone_monitor/build/lib
creating /home/orangepi/Multitask-Drone/build/drone_monitor/build/lib/src
copying src/__init__.py -> /home/orangepi/Multitask-Drone/build/drone_monitor/build/lib/src
running install
running install_lib
creating /home/orangepi/Multitask-Drone/install/drone_monitor/lib/python3.10/site-packages/src
copying /home/orangepi/Multitask-Drone/build/drone_monitor/build/lib/src/__init__.py -> /home/orangepi/Multitask-Drone/install/drone_monitor/lib/python3.10/site-packages/src
byte-compiling /home/orangepi/Multitask-Drone/install/drone_monitor/lib/python3.10/site-packages/src/__init__.py to __init__.cpython-310.pyc
running install_data
creating /home/orangepi/Multitask-Drone/install/drone_monitor/share/ament_index
creating /home/orangepi/Multitask-Drone/install/drone_monitor/share/ament_index/resource_index
creating /home/orangepi/Multitask-Drone/install/drone_monitor/share/ament_index/resource_index/packages
copying resource/drone_monitor -> /home/orangepi/Multitask-Drone/install/drone_monitor/share/ament_index/resource_index/packages
copying package.xml -> /home/orangepi/Multitask-Drone/install/drone_monitor/share/drone_monitor
running install_egg_info
Copying ../../build/drone_monitor/drone_monitor.egg-info to /home/orangepi/Multitask-Drone/install/drone_monitor/lib/python3.10/site-packages/drone_monitor-0.0.0-py3.10.egg-info
running install_scripts
writing list of installed files to '/home/orangepi/Multitask-Drone/build/drone_monitor/install.log'
