[1.536s] Invoking command in '/home/jetson/Multitask-Drone/src/drone_vision': AMENT_PREFIX_PATH=/home/jetson/Multitask-Drone/install/drone_interfaces:${AMENT_PREFIX_PATH} CMAKE_PREFIX_PATH=/home/jetson/Multitask-Drone/install/drone_interfaces LD_LIBRARY_PATH=/home/jetson/Multitask-Drone/install/drone_interfaces/lib:${LD_LIBRARY_PATH} PYTHONPATH=/home/jetson/Multitask-Drone/build/drone_vision/prefix_override:/usr/lib/python3/dist-packages/colcon_core/task/python/colcon_distutils_commands:/home/jetson/Multitask-Drone/install/drone_vision/lib/python3.10/site-packages:/home/jetson/Multitask-Drone/install/drone_interfaces/local/lib/python3.10/dist-packages:${PYTHONPATH} /usr/bin/python3 -W ignore:setup.py install is deprecated -W ignore:easy_install command is deprecated setup.py egg_info --egg-base ../../build/drone_vision build --build-base /home/jetson/Multitask-Drone/build/drone_vision/build install --record /home/jetson/Multitask-Drone/build/drone_vision/install.log --single-version-externally-managed install_data
[1.933s] running egg_info
[1.934s] writing ../../build/drone_vision/drone_vision.egg-info/PKG-INFO
[1.934s] writing dependency_links to ../../build/drone_vision/drone_vision.egg-info/dependency_links.txt
[1.935s] writing entry points to ../../build/drone_vision/drone_vision.egg-info/entry_points.txt
[1.935s] writing requirements to ../../build/drone_vision/drone_vision.egg-info/requires.txt
[1.935s] writing top-level names to ../../build/drone_vision/drone_vision.egg-info/top_level.txt
[1.938s] reading manifest file '../../build/drone_vision/drone_vision.egg-info/SOURCES.txt'
[1.938s] adding license file 'LICENSE'
[1.939s] writing manifest file '../../build/drone_vision/drone_vision.egg-info/SOURCES.txt'
[1.940s] running build
[1.940s] running build_py
[1.941s] running install
[1.941s] running install_lib
[1.943s] running install_data
[1.943s] running install_egg_info
[1.947s] removing '/home/jetson/Multitask-Drone/install/drone_vision/lib/python3.10/site-packages/drone_vision-0.0.0-py3.10.egg-info' (and everything under it)
[1.947s] Copying ../../build/drone_vision/drone_vision.egg-info to /home/jetson/Multitask-Drone/install/drone_vision/lib/python3.10/site-packages/drone_vision-0.0.0-py3.10.egg-info
[1.949s] running install_scripts
[1.982s] Installing object_detector script to /home/jetson/Multitask-Drone/install/drone_vision/lib/drone_vision
[1.983s] writing list of installed files to '/home/jetson/Multitask-Drone/build/drone_vision/install.log'
[2.050s] Invoked command in '/home/jetson/Multitask-Drone/src/drone_vision' returned '0': AMENT_PREFIX_PATH=/home/jetson/Multitask-Drone/install/drone_interfaces:${AMENT_PREFIX_PATH} CMAKE_PREFIX_PATH=/home/jetson/Multitask-Drone/install/drone_interfaces LD_LIBRARY_PATH=/home/jetson/Multitask-Drone/install/drone_interfaces/lib:${LD_LIBRARY_PATH} PYTHONPATH=/home/jetson/Multitask-Drone/build/drone_vision/prefix_override:/usr/lib/python3/dist-packages/colcon_core/task/python/colcon_distutils_commands:/home/jetson/Multitask-Drone/install/drone_vision/lib/python3.10/site-packages:/home/jetson/Multitask-Drone/install/drone_interfaces/local/lib/python3.10/dist-packages:${PYTHONPATH} /usr/bin/python3 -W ignore:setup.py install is deprecated -W ignore:easy_install command is deprecated setup.py egg_info --egg-base ../../build/drone_vision build --build-base /home/jetson/Multitask-Drone/build/drone_vision/build install --record /home/jetson/Multitask-Drone/build/drone_vision/install.log --single-version-externally-managed install_data
