[1.531s] Invoking command in '/home/orangepi/Multitask-Drone/src/drone_vision': AMENT_PREFIX_PATH=/home/orangepi/Multitask-Drone/install/drone_interfaces:${AMENT_PREFIX_PATH} CMAKE_PREFIX_PATH=/home/orangepi/Multitask-Drone/install/drone_interfaces LD_LIBRARY_PATH=/home/orangepi/Multitask-Drone/install/drone_interfaces/lib:${LD_LIBRARY_PATH} PYTHONPATH=/home/orangepi/Multitask-Drone/build/drone_vision/prefix_override:/usr/lib/python3/dist-packages/colcon_core/task/python/colcon_distutils_commands:/home/orangepi/Multitask-Drone/install/drone_vision/lib/python3.10/site-packages:/home/orangepi/Multitask-Drone/install/drone_interfaces/local/lib/python3.10/dist-packages:${PYTHONPATH} /usr/bin/python3 -W ignore:setup.py install is deprecated -W ignore:easy_install command is deprecated setup.py egg_info --egg-base ../../build/drone_vision build --build-base /home/orangepi/Multitask-Drone/build/drone_vision/build install --record /home/orangepi/Multitask-Drone/build/drone_vision/install.log --single-version-externally-managed install_data
[1.923s] running egg_info
[1.924s] writing ../../build/drone_vision/drone_vision.egg-info/PKG-INFO
[1.925s] writing dependency_links to ../../build/drone_vision/drone_vision.egg-info/dependency_links.txt
[1.925s] writing entry points to ../../build/drone_vision/drone_vision.egg-info/entry_points.txt
[1.926s] writing requirements to ../../build/drone_vision/drone_vision.egg-info/requires.txt
[1.926s] writing top-level names to ../../build/drone_vision/drone_vision.egg-info/top_level.txt
[1.928s] reading manifest file '../../build/drone_vision/drone_vision.egg-info/SOURCES.txt'
[1.928s] adding license file 'LICENSE'
[1.929s] writing manifest file '../../build/drone_vision/drone_vision.egg-info/SOURCES.txt'
[1.929s] running build
[1.930s] running build_py
[1.930s] running install
[1.930s] running install_lib
[1.931s] running install_data
[1.931s] running install_egg_info
[1.931s] removing '/home/orangepi/Multitask-Drone/install/drone_vision/lib/python3.10/site-packages/drone_vision-0.0.0-py3.10.egg-info' (and everything under it)
[1.932s] Copying ../../build/drone_vision/drone_vision.egg-info to /home/orangepi/Multitask-Drone/install/drone_vision/lib/python3.10/site-packages/drone_vision-0.0.0-py3.10.egg-info
[1.932s] running install_scripts
[1.964s] Installing object_detector script to /home/orangepi/Multitask-Drone/install/drone_vision/lib/drone_vision
[1.965s] writing list of installed files to '/home/orangepi/Multitask-Drone/build/drone_vision/install.log'
[2.055s] Invoked command in '/home/orangepi/Multitask-Drone/src/drone_vision' returned '0': AMENT_PREFIX_PATH=/home/orangepi/Multitask-Drone/install/drone_interfaces:${AMENT_PREFIX_PATH} CMAKE_PREFIX_PATH=/home/orangepi/Multitask-Drone/install/drone_interfaces LD_LIBRARY_PATH=/home/orangepi/Multitask-Drone/install/drone_interfaces/lib:${LD_LIBRARY_PATH} PYTHONPATH=/home/orangepi/Multitask-Drone/build/drone_vision/prefix_override:/usr/lib/python3/dist-packages/colcon_core/task/python/colcon_distutils_commands:/home/orangepi/Multitask-Drone/install/drone_vision/lib/python3.10/site-packages:/home/orangepi/Multitask-Drone/install/drone_interfaces/local/lib/python3.10/dist-packages:${PYTHONPATH} /usr/bin/python3 -W ignore:setup.py install is deprecated -W ignore:easy_install command is deprecated setup.py egg_info --egg-base ../../build/drone_vision build --build-base /home/orangepi/Multitask-Drone/build/drone_vision/build install --record /home/orangepi/Multitask-Drone/build/drone_vision/install.log --single-version-externally-managed install_data
