[0.605s] Invoking command in '/home/ccl/Multitask-Drone/src/drone_vision': AMENT_PREFIX_PATH=/home/ccl/Multitask-Drone/install/drone_interfaces:${AMENT_PREFIX_PATH} CMAKE_PREFIX_PATH=/home/ccl/Multitask-Drone/install/drone_interfaces LD_LIBRARY_PATH=/home/ccl/Multitask-Drone/install/drone_interfaces/lib:${LD_LIBRARY_PATH} PYTHONPATH=/home/ccl/Multitask-Drone/build/drone_vision/prefix_override:/usr/lib/python3/dist-packages/colcon_core/task/python/colcon_distutils_commands:/home/ccl/Multitask-Drone/install/drone_vision/lib/python3.10/site-packages:/home/ccl/Multitask-Drone/install/drone_interfaces/local/lib/python3.10/dist-packages:${PYTHONPATH} /usr/bin/python3 -W ignore:setup.py install is deprecated -W ignore:easy_install command is deprecated setup.py egg_info --egg-base ../../build/drone_vision build --build-base /home/ccl/Multitask-Drone/build/drone_vision/build install --record /home/ccl/Multitask-Drone/build/drone_vision/install.log --single-version-externally-managed install_data
[0.763s] running egg_info
[0.764s] creating ../../build/drone_vision/drone_vision.egg-info
[0.764s] writing ../../build/drone_vision/drone_vision.egg-info/PKG-INFO
[0.764s] writing dependency_links to ../../build/drone_vision/drone_vision.egg-info/dependency_links.txt
[0.764s] writing entry points to ../../build/drone_vision/drone_vision.egg-info/entry_points.txt
[0.765s] writing requirements to ../../build/drone_vision/drone_vision.egg-info/requires.txt
[0.765s] writing top-level names to ../../build/drone_vision/drone_vision.egg-info/top_level.txt
[0.765s] writing manifest file '../../build/drone_vision/drone_vision.egg-info/SOURCES.txt'
[0.766s] reading manifest file '../../build/drone_vision/drone_vision.egg-info/SOURCES.txt'
[0.766s] adding license file 'LICENSE'
[0.766s] writing manifest file '../../build/drone_vision/drone_vision.egg-info/SOURCES.txt'
[0.767s] running build
[0.767s] running build_py
[0.767s] creating /home/ccl/Multitask-Drone/build/drone_vision/build
[0.767s] creating /home/ccl/Multitask-Drone/build/drone_vision/build/lib
[0.767s] creating /home/ccl/Multitask-Drone/build/drone_vision/build/lib/drone_vision
[0.767s] copying drone_vision/__init__.py -> /home/ccl/Multitask-Drone/build/drone_vision/build/lib/drone_vision
[0.767s] copying drone_vision/utils.py -> /home/ccl/Multitask-Drone/build/drone_vision/build/lib/drone_vision
[0.767s] copying drone_vision/object_detector.py -> /home/ccl/Multitask-Drone/build/drone_vision/build/lib/drone_vision
[0.767s] running install
[0.768s] running install_lib
[0.768s] creating /home/ccl/Multitask-Drone/install/drone_vision/lib/python3.10/site-packages/drone_vision
[0.768s] copying /home/ccl/Multitask-Drone/build/drone_vision/build/lib/drone_vision/__init__.py -> /home/ccl/Multitask-Drone/install/drone_vision/lib/python3.10/site-packages/drone_vision
[0.769s] copying /home/ccl/Multitask-Drone/build/drone_vision/build/lib/drone_vision/utils.py -> /home/ccl/Multitask-Drone/install/drone_vision/lib/python3.10/site-packages/drone_vision
[0.769s] copying /home/ccl/Multitask-Drone/build/drone_vision/build/lib/drone_vision/object_detector.py -> /home/ccl/Multitask-Drone/install/drone_vision/lib/python3.10/site-packages/drone_vision
[0.770s] byte-compiling /home/ccl/Multitask-Drone/install/drone_vision/lib/python3.10/site-packages/drone_vision/__init__.py to __init__.cpython-310.pyc
[0.770s] byte-compiling /home/ccl/Multitask-Drone/install/drone_vision/lib/python3.10/site-packages/drone_vision/utils.py to utils.cpython-310.pyc
[0.770s] byte-compiling /home/ccl/Multitask-Drone/install/drone_vision/lib/python3.10/site-packages/drone_vision/object_detector.py to object_detector.cpython-310.pyc
[0.770s] running install_data
[0.770s] creating /home/ccl/Multitask-Drone/install/drone_vision/share/ament_index
[0.770s] creating /home/ccl/Multitask-Drone/install/drone_vision/share/ament_index/resource_index
[0.771s] creating /home/ccl/Multitask-Drone/install/drone_vision/share/ament_index/resource_index/packages
[0.771s] copying resource/drone_vision -> /home/ccl/Multitask-Drone/install/drone_vision/share/ament_index/resource_index/packages
[0.771s] copying package.xml -> /home/ccl/Multitask-Drone/install/drone_vision/share/drone_vision
[0.771s] copying launch/drone_vision.launch.py -> /home/ccl/Multitask-Drone/install/drone_vision/share/drone_vision
[0.771s] running install_egg_info
[0.774s] Copying ../../build/drone_vision/drone_vision.egg-info to /home/ccl/Multitask-Drone/install/drone_vision/lib/python3.10/site-packages/drone_vision-0.0.0-py3.10.egg-info
[0.776s] running install_scripts
[0.791s] Installing object_detector script to /home/ccl/Multitask-Drone/install/drone_vision/lib/drone_vision
[0.791s] writing list of installed files to '/home/ccl/Multitask-Drone/build/drone_vision/install.log'
[0.811s] Invoked command in '/home/ccl/Multitask-Drone/src/drone_vision' returned '0': AMENT_PREFIX_PATH=/home/ccl/Multitask-Drone/install/drone_interfaces:${AMENT_PREFIX_PATH} CMAKE_PREFIX_PATH=/home/ccl/Multitask-Drone/install/drone_interfaces LD_LIBRARY_PATH=/home/ccl/Multitask-Drone/install/drone_interfaces/lib:${LD_LIBRARY_PATH} PYTHONPATH=/home/ccl/Multitask-Drone/build/drone_vision/prefix_override:/usr/lib/python3/dist-packages/colcon_core/task/python/colcon_distutils_commands:/home/ccl/Multitask-Drone/install/drone_vision/lib/python3.10/site-packages:/home/ccl/Multitask-Drone/install/drone_interfaces/local/lib/python3.10/dist-packages:${PYTHONPATH} /usr/bin/python3 -W ignore:setup.py install is deprecated -W ignore:easy_install command is deprecated setup.py egg_info --egg-base ../../build/drone_vision build --build-base /home/ccl/Multitask-Drone/build/drone_vision/build install --record /home/ccl/Multitask-Drone/build/drone_vision/install.log --single-version-externally-managed install_data
