[0.877s] Invoking command in '/home/ccl/Multitask-Drone/src/drone_controller': PYTHONPATH=/home/ccl/Multitask-Drone/build/drone_controller/prefix_override:/usr/lib/python3/dist-packages/colcon_core/task/python/colcon_distutils_commands:/home/ccl/Multitask-Drone/install/drone_controller/lib/python3.10/site-packages:${PYTHONPATH} /usr/bin/python3 -W ignore:setup.py install is deprecated -W ignore:easy_install command is deprecated setup.py egg_info --egg-base ../../build/drone_controller build --build-base /home/ccl/Multitask-Drone/build/drone_controller/build install --record /home/ccl/Multitask-Drone/build/drone_controller/install.log --single-version-externally-managed install_data
[1.117s] running egg_info
[1.118s] writing ../../build/drone_controller/drone_controller.egg-info/PKG-INFO
[1.118s] writing dependency_links to ../../build/drone_controller/drone_controller.egg-info/dependency_links.txt
[1.118s] writing entry points to ../../build/drone_controller/drone_controller.egg-info/entry_points.txt
[1.121s] writing requirements to ../../build/drone_controller/drone_controller.egg-info/requires.txt
[1.121s] writing top-level names to ../../build/drone_controller/drone_controller.egg-info/top_level.txt
[1.126s] reading manifest file '../../build/drone_controller/drone_controller.egg-info/SOURCES.txt'
[1.126s] adding license file 'LICENSE'
[1.126s] writing manifest file '../../build/drone_controller/drone_controller.egg-info/SOURCES.txt'
[1.126s] running build
[1.126s] running build_py
[1.126s] copying drone_controller/waypoint/waypoint_handler.py -> /home/ccl/Multitask-Drone/build/drone_controller/build/lib/drone_controller/waypoint
[1.126s] running install
[1.127s] running install_lib
[1.127s] copying /home/ccl/Multitask-Drone/build/drone_controller/build/lib/drone_controller/waypoint/waypoint_handler.py -> /home/ccl/Multitask-Drone/install/drone_controller/lib/python3.10/site-packages/drone_controller/waypoint
[1.127s] byte-compiling /home/ccl/Multitask-Drone/install/drone_controller/lib/python3.10/site-packages/drone_controller/waypoint/waypoint_handler.py to waypoint_handler.cpython-310.pyc
[1.127s] running install_data
[1.127s] running install_egg_info
[1.132s] removing '/home/ccl/Multitask-Drone/install/drone_controller/lib/python3.10/site-packages/drone_controller-0.0.0-py3.10.egg-info' (and everything under it)
[1.133s] Copying ../../build/drone_controller/drone_controller.egg-info to /home/ccl/Multitask-Drone/install/drone_controller/lib/python3.10/site-packages/drone_controller-0.0.0-py3.10.egg-info
[1.133s] running install_scripts
[1.154s] Installing drone_controller script to /home/ccl/Multitask-Drone/install/drone_controller/lib/drone_controller
[1.154s] Installing task_executor script to /home/ccl/Multitask-Drone/install/drone_controller/lib/drone_controller
[1.154s] Installing waypoint_handler script to /home/ccl/Multitask-Drone/install/drone_controller/lib/drone_controller
[1.154s] Installing yiku_test script to /home/ccl/Multitask-Drone/install/drone_controller/lib/drone_controller
[1.155s] writing list of installed files to '/home/ccl/Multitask-Drone/build/drone_controller/install.log'
[1.185s] Invoked command in '/home/ccl/Multitask-Drone/src/drone_controller' returned '0': PYTHONPATH=/home/ccl/Multitask-Drone/build/drone_controller/prefix_override:/usr/lib/python3/dist-packages/colcon_core/task/python/colcon_distutils_commands:/home/ccl/Multitask-Drone/install/drone_controller/lib/python3.10/site-packages:${PYTHONPATH} /usr/bin/python3 -W ignore:setup.py install is deprecated -W ignore:easy_install command is deprecated setup.py egg_info --egg-base ../../build/drone_controller build --build-base /home/ccl/Multitask-Drone/build/drone_controller/build install --record /home/ccl/Multitask-Drone/build/drone_controller/install.log --single-version-externally-managed install_data
