[0.886s] Invoking command in '/home/ccl/Multitask-Drone/src/drone_vision': PYTHONPATH=/home/ccl/Multitask-Drone/build/drone_vision/prefix_override:/usr/lib/python3/dist-packages/colcon_core/task/python/colcon_distutils_commands:/home/ccl/Multitask-Drone/install/drone_vision/lib/python3.10/site-packages:${PYTHONPATH} /usr/bin/python3 -W ignore:setup.py install is deprecated -W ignore:easy_install command is deprecated setup.py egg_info --egg-base ../../build/drone_vision build --build-base /home/ccl/Multitask-Drone/build/drone_vision/build install --record /home/ccl/Multitask-Drone/build/drone_vision/install.log --single-version-externally-managed install_data
[1.140s] running egg_info
[1.140s] writing ../../build/drone_vision/drone_vision.egg-info/PKG-INFO
[1.141s] writing dependency_links to ../../build/drone_vision/drone_vision.egg-info/dependency_links.txt
[1.141s] writing entry points to ../../build/drone_vision/drone_vision.egg-info/entry_points.txt
[1.141s] writing requirements to ../../build/drone_vision/drone_vision.egg-info/requires.txt
[1.142s] writing top-level names to ../../build/drone_vision/drone_vision.egg-info/top_level.txt
[1.144s] reading manifest file '../../build/drone_vision/drone_vision.egg-info/SOURCES.txt'
[1.144s] adding license file 'LICENSE'
[1.146s] writing manifest file '../../build/drone_vision/drone_vision.egg-info/SOURCES.txt'
[1.146s] running build
[1.146s] running build_py
[1.146s] running install
[1.146s] running install_lib
[1.147s] running install_data
[1.147s] running install_egg_info
[1.148s] removing '/home/ccl/Multitask-Drone/install/drone_vision/lib/python3.10/site-packages/drone_vision-0.0.0-py3.10.egg-info' (and everything under it)
[1.148s] Copying ../../build/drone_vision/drone_vision.egg-info to /home/ccl/Multitask-Drone/install/drone_vision/lib/python3.10/site-packages/drone_vision-0.0.0-py3.10.egg-info
[1.149s] running install_scripts
[1.167s] Installing object_detector script to /home/ccl/Multitask-Drone/install/drone_vision/lib/drone_vision
[1.167s] writing list of installed files to '/home/ccl/Multitask-Drone/build/drone_vision/install.log'
[1.187s] Invoked command in '/home/ccl/Multitask-Drone/src/drone_vision' returned '0': PYTHONPATH=/home/ccl/Multitask-Drone/build/drone_vision/prefix_override:/usr/lib/python3/dist-packages/colcon_core/task/python/colcon_distutils_commands:/home/ccl/Multitask-Drone/install/drone_vision/lib/python3.10/site-packages:${PYTHONPATH} /usr/bin/python3 -W ignore:setup.py install is deprecated -W ignore:easy_install command is deprecated setup.py egg_info --egg-base ../../build/drone_vision build --build-base /home/ccl/Multitask-Drone/build/drone_vision/build install --record /home/ccl/Multitask-Drone/build/drone_vision/install.log --single-version-externally-managed install_data
