[1.527s] Invoking command in '/home/orangepi/Multitask-Drone/src/drone_monitor': PYTHONPATH=/home/orangepi/Multitask-Drone/build/drone_monitor/prefix_override:/usr/lib/python3/dist-packages/colcon_core/task/python/colcon_distutils_commands:/home/orangepi/Multitask-Drone/install/drone_monitor/lib/python3.10/site-packages:${PYTHONPATH} /usr/bin/python3 -W ignore:setup.py install is deprecated -W ignore:easy_install command is deprecated setup.py egg_info --egg-base ../../build/drone_monitor build --build-base /home/orangepi/Multitask-Drone/build/drone_monitor/build install --record /home/orangepi/Multitask-Drone/build/drone_monitor/install.log --single-version-externally-managed install_data
[1.994s] running egg_info
[1.995s] writing ../../build/drone_monitor/drone_monitor.egg-info/PKG-INFO
[2.000s] writing dependency_links to ../../build/drone_monitor/drone_monitor.egg-info/dependency_links.txt
[2.002s] writing entry points to ../../build/drone_monitor/drone_monitor.egg-info/entry_points.txt
[2.003s] writing requirements to ../../build/drone_monitor/drone_monitor.egg-info/requires.txt
[2.004s] writing top-level names to ../../build/drone_monitor/drone_monitor.egg-info/top_level.txt
[2.006s] reading manifest file '../../build/drone_monitor/drone_monitor.egg-info/SOURCES.txt'
[2.012s] adding license file 'LICENSE'
[2.015s] writing manifest file '../../build/drone_monitor/drone_monitor.egg-info/SOURCES.txt'
[2.016s] running build
[2.020s] running build_py
[2.023s] running install
[2.025s] running install_lib
[2.026s] running install_data
[2.027s] running install_egg_info
[2.027s] removing '/home/orangepi/Multitask-Drone/install/drone_monitor/lib/python3.10/site-packages/drone_monitor-0.0.0-py3.10.egg-info' (and everything under it)
[2.028s] Copying ../../build/drone_monitor/drone_monitor.egg-info to /home/orangepi/Multitask-Drone/install/drone_monitor/lib/python3.10/site-packages/drone_monitor-0.0.0-py3.10.egg-info
[2.028s] running install_scripts
[2.028s] writing list of installed files to '/home/orangepi/Multitask-Drone/build/drone_monitor/install.log'
[2.043s] Invoked command in '/home/orangepi/Multitask-Drone/src/drone_monitor' returned '0': PYTHONPATH=/home/orangepi/Multitask-Drone/build/drone_monitor/prefix_override:/usr/lib/python3/dist-packages/colcon_core/task/python/colcon_distutils_commands:/home/orangepi/Multitask-Drone/install/drone_monitor/lib/python3.10/site-packages:${PYTHONPATH} /usr/bin/python3 -W ignore:setup.py install is deprecated -W ignore:easy_install command is deprecated setup.py egg_info --egg-base ../../build/drone_monitor build --build-base /home/orangepi/Multitask-Drone/build/drone_monitor/build install --record /home/orangepi/Multitask-Drone/build/drone_monitor/install.log --single-version-externally-managed install_data
