running egg_info
creating ../../build/drone_controller/drone_controller.egg-info
writing ../../build/drone_controller/drone_controller.egg-info/PKG-INFO
writing dependency_links to ../../build/drone_controller/drone_controller.egg-info/dependency_links.txt
writing entry points to ../../build/drone_controller/drone_controller.egg-info/entry_points.txt
writing requirements to ../../build/drone_controller/drone_controller.egg-info/requires.txt
writing top-level names to ../../build/drone_controller/drone_controller.egg-info/top_level.txt
writing manifest file '../../build/drone_controller/drone_controller.egg-info/SOURCES.txt'
reading manifest file '../../build/drone_controller/drone_controller.egg-info/SOURCES.txt'
adding license file 'LICENSE'
writing manifest file '../../build/drone_controller/drone_controller.egg-info/SOURCES.txt'
running build
running build_py
creating /home/jetson/Multitask-Drone/build/drone_controller/build
creating /home/jetson/Multitask-Drone/build/drone_controller/build/lib
creating /home/jetson/Multitask-Drone/build/drone_controller/build/lib/drone_controller
copying drone_controller/config.py -> /home/jetson/Multitask-Drone/build/drone_controller/build/lib/drone_controller
copying drone_controller/drone_controller.py -> /home/jetson/Multitask-Drone/build/drone_controller/build/lib/drone_controller
copying drone_controller/__init__.py -> /home/jetson/Multitask-Drone/build/drone_controller/build/lib/drone_controller
copying drone_controller/constant.py -> /home/jetson/Multitask-Drone/build/drone_controller/build/lib/drone_controller
copying drone_controller/utils.py -> /home/jetson/Multitask-Drone/build/drone_controller/build/lib/drone_controller
copying drone_controller/yiku_test.py -> /home/jetson/Multitask-Drone/build/drone_controller/build/lib/drone_controller
creating /home/jetson/Multitask-Drone/build/drone_controller/build/lib/drone_controller/task
copying drone_controller/task/task_executor.py -> /home/jetson/Multitask-Drone/build/drone_controller/build/lib/drone_controller/task
copying drone_controller/task/task_handler.py -> /home/jetson/Multitask-Drone/build/drone_controller/build/lib/drone_controller/task
copying drone_controller/task/__init__.py -> /home/jetson/Multitask-Drone/build/drone_controller/build/lib/drone_controller/task
creating /home/jetson/Multitask-Drone/build/drone_controller/build/lib/drone_controller/waypoint
copying drone_controller/waypoint/waypoint_task_executor.py -> /home/jetson/Multitask-Drone/build/drone_controller/build/lib/drone_controller/waypoint
copying drone_controller/waypoint/waypoint_task_executor_test.py -> /home/jetson/Multitask-Drone/build/drone_controller/build/lib/drone_controller/waypoint
copying drone_controller/waypoint/waypoint_handler.py -> /home/jetson/Multitask-Drone/build/drone_controller/build/lib/drone_controller/waypoint
copying drone_controller/waypoint/__init__.py -> /home/jetson/Multitask-Drone/build/drone_controller/build/lib/drone_controller/waypoint
creating /home/jetson/Multitask-Drone/build/drone_controller/build/lib/drone_controller/payload
copying drone_controller/payload/__init__.py -> /home/jetson/Multitask-Drone/build/drone_controller/build/lib/drone_controller/payload
copying drone_controller/payload/payload_controller.py -> /home/jetson/Multitask-Drone/build/drone_controller/build/lib/drone_controller/payload
running install
running install_lib
creating /home/jetson/Multitask-Drone/install/drone_controller/lib/python3.10/site-packages/drone_controller
copying /home/jetson/Multitask-Drone/build/drone_controller/build/lib/drone_controller/config.py -> /home/jetson/Multitask-Drone/install/drone_controller/lib/python3.10/site-packages/drone_controller
copying /home/jetson/Multitask-Drone/build/drone_controller/build/lib/drone_controller/drone_controller.py -> /home/jetson/Multitask-Drone/install/drone_controller/lib/python3.10/site-packages/drone_controller
creating /home/jetson/Multitask-Drone/install/drone_controller/lib/python3.10/site-packages/drone_controller/task
copying /home/jetson/Multitask-Drone/build/drone_controller/build/lib/drone_controller/task/task_executor.py -> /home/jetson/Multitask-Drone/install/drone_controller/lib/python3.10/site-packages/drone_controller/task
copying /home/jetson/Multitask-Drone/build/drone_controller/build/lib/drone_controller/task/task_handler.py -> /home/jetson/Multitask-Drone/install/drone_controller/lib/python3.10/site-packages/drone_controller/task
copying /home/jetson/Multitask-Drone/build/drone_controller/build/lib/drone_controller/task/__init__.py -> /home/jetson/Multitask-Drone/install/drone_controller/lib/python3.10/site-packages/drone_controller/task
copying /home/jetson/Multitask-Drone/build/drone_controller/build/lib/drone_controller/__init__.py -> /home/jetson/Multitask-Drone/install/drone_controller/lib/python3.10/site-packages/drone_controller
creating /home/jetson/Multitask-Drone/install/drone_controller/lib/python3.10/site-packages/drone_controller/payload
copying /home/jetson/Multitask-Drone/build/drone_controller/build/lib/drone_controller/payload/__init__.py -> /home/jetson/Multitask-Drone/install/drone_controller/lib/python3.10/site-packages/drone_controller/payload
copying /home/jetson/Multitask-Drone/build/drone_controller/build/lib/drone_controller/payload/payload_controller.py -> /home/jetson/Multitask-Drone/install/drone_controller/lib/python3.10/site-packages/drone_controller/payload
copying /home/jetson/Multitask-Drone/build/drone_controller/build/lib/drone_controller/constant.py -> /home/jetson/Multitask-Drone/install/drone_controller/lib/python3.10/site-packages/drone_controller
creating /home/jetson/Multitask-Drone/install/drone_controller/lib/python3.10/site-packages/drone_controller/waypoint
copying /home/jetson/Multitask-Drone/build/drone_controller/build/lib/drone_controller/waypoint/waypoint_task_executor.py -> /home/jetson/Multitask-Drone/install/drone_controller/lib/python3.10/site-packages/drone_controller/waypoint
copying /home/jetson/Multitask-Drone/build/drone_controller/build/lib/drone_controller/waypoint/waypoint_task_executor_test.py -> /home/jetson/Multitask-Drone/install/drone_controller/lib/python3.10/site-packages/drone_controller/waypoint
copying /home/jetson/Multitask-Drone/build/drone_controller/build/lib/drone_controller/waypoint/waypoint_handler.py -> /home/jetson/Multitask-Drone/install/drone_controller/lib/python3.10/site-packages/drone_controller/waypoint
copying /home/jetson/Multitask-Drone/build/drone_controller/build/lib/drone_controller/waypoint/__init__.py -> /home/jetson/Multitask-Drone/install/drone_controller/lib/python3.10/site-packages/drone_controller/waypoint
copying /home/jetson/Multitask-Drone/build/drone_controller/build/lib/drone_controller/utils.py -> /home/jetson/Multitask-Drone/install/drone_controller/lib/python3.10/site-packages/drone_controller
copying /home/jetson/Multitask-Drone/build/drone_controller/build/lib/drone_controller/yiku_test.py -> /home/jetson/Multitask-Drone/install/drone_controller/lib/python3.10/site-packages/drone_controller
byte-compiling /home/jetson/Multitask-Drone/install/drone_controller/lib/python3.10/site-packages/drone_controller/config.py to config.cpython-310.pyc
byte-compiling /home/jetson/Multitask-Drone/install/drone_controller/lib/python3.10/site-packages/drone_controller/drone_controller.py to drone_controller.cpython-310.pyc
byte-compiling /home/jetson/Multitask-Drone/install/drone_controller/lib/python3.10/site-packages/drone_controller/task/task_executor.py to task_executor.cpython-310.pyc
byte-compiling /home/jetson/Multitask-Drone/install/drone_controller/lib/python3.10/site-packages/drone_controller/task/task_handler.py to task_handler.cpython-310.pyc
byte-compiling /home/jetson/Multitask-Drone/install/drone_controller/lib/python3.10/site-packages/drone_controller/task/__init__.py to __init__.cpython-310.pyc
byte-compiling /home/jetson/Multitask-Drone/install/drone_controller/lib/python3.10/site-packages/drone_controller/__init__.py to __init__.cpython-310.pyc
byte-compiling /home/jetson/Multitask-Drone/install/drone_controller/lib/python3.10/site-packages/drone_controller/payload/__init__.py to __init__.cpython-310.pyc
byte-compiling /home/jetson/Multitask-Drone/install/drone_controller/lib/python3.10/site-packages/drone_controller/payload/payload_controller.py to payload_controller.cpython-310.pyc
byte-compiling /home/jetson/Multitask-Drone/install/drone_controller/lib/python3.10/site-packages/drone_controller/constant.py to constant.cpython-310.pyc
byte-compiling /home/jetson/Multitask-Drone/install/drone_controller/lib/python3.10/site-packages/drone_controller/waypoint/waypoint_task_executor.py to waypoint_task_executor.cpython-310.pyc
byte-compiling /home/jetson/Multitask-Drone/install/drone_controller/lib/python3.10/site-packages/drone_controller/waypoint/waypoint_task_executor_test.py to waypoint_task_executor_test.cpython-310.pyc
byte-compiling /home/jetson/Multitask-Drone/install/drone_controller/lib/python3.10/site-packages/drone_controller/waypoint/waypoint_handler.py to waypoint_handler.cpython-310.pyc
byte-compiling /home/jetson/Multitask-Drone/install/drone_controller/lib/python3.10/site-packages/drone_controller/waypoint/__init__.py to __init__.cpython-310.pyc
byte-compiling /home/jetson/Multitask-Drone/install/drone_controller/lib/python3.10/site-packages/drone_controller/utils.py to utils.cpython-310.pyc
byte-compiling /home/jetson/Multitask-Drone/install/drone_controller/lib/python3.10/site-packages/drone_controller/yiku_test.py to yiku_test.cpython-310.pyc
running install_data
creating /home/jetson/Multitask-Drone/install/drone_controller/share/ament_index
creating /home/jetson/Multitask-Drone/install/drone_controller/share/ament_index/resource_index
creating /home/jetson/Multitask-Drone/install/drone_controller/share/ament_index/resource_index/packages
copying resource/drone_controller -> /home/jetson/Multitask-Drone/install/drone_controller/share/ament_index/resource_index/packages
copying package.xml -> /home/jetson/Multitask-Drone/install/drone_controller/share/drone_controller
copying launch/drone_controller.launch.py -> /home/jetson/Multitask-Drone/install/drone_controller/share/drone_controller
running install_egg_info
Copying ../../build/drone_controller/drone_controller.egg-info to /home/jetson/Multitask-Drone/install/drone_controller/lib/python3.10/site-packages/drone_controller-0.0.0-py3.10.egg-info
running install_scripts
Installing drone_controller script to /home/jetson/Multitask-Drone/install/drone_controller/lib/drone_controller
Installing task_executor script to /home/jetson/Multitask-Drone/install/drone_controller/lib/drone_controller
Installing waypoint_handler script to /home/jetson/Multitask-Drone/install/drone_controller/lib/drone_controller
Installing yiku_test script to /home/jetson/Multitask-Drone/install/drone_controller/lib/drone_controller
writing list of installed files to '/home/jetson/Multitask-Drone/build/drone_controller/install.log'
