[1.565s] Invoking command in '/home/jetson/Multitask-Drone/src/drone_controller': AMENT_PREFIX_PATH=/home/jetson/Multitask-Drone/install/drone_interfaces:${AMENT_PREFIX_PATH} CMAKE_PREFIX_PATH=/home/jetson/Multitask-Drone/install/drone_interfaces LD_LIBRARY_PATH=/home/jetson/Multitask-Drone/install/drone_interfaces/lib:${LD_LIBRARY_PATH} PYTHONPATH=/home/jetson/Multitask-Drone/build/drone_controller/prefix_override:/usr/lib/python3/dist-packages/colcon_core/task/python/colcon_distutils_commands:/home/jetson/Multitask-Drone/install/drone_controller/lib/python3.10/site-packages:/home/jetson/Multitask-Drone/install/drone_interfaces/local/lib/python3.10/dist-packages:${PYTHONPATH} /usr/bin/python3 -W ignore:setup.py install is deprecated -W ignore:easy_install command is deprecated setup.py egg_info --egg-base ../../build/drone_controller build --build-base /home/jetson/Multitask-Drone/build/drone_controller/build install --record /home/jetson/Multitask-Drone/build/drone_controller/install.log --single-version-externally-managed install_data
[1.968s] running egg_info
[1.969s] creating ../../build/drone_controller/drone_controller.egg-info
[1.969s] writing ../../build/drone_controller/drone_controller.egg-info/PKG-INFO
[1.969s] writing dependency_links to ../../build/drone_controller/drone_controller.egg-info/dependency_links.txt
[1.970s] writing entry points to ../../build/drone_controller/drone_controller.egg-info/entry_points.txt
[1.970s] writing requirements to ../../build/drone_controller/drone_controller.egg-info/requires.txt
[1.970s] writing top-level names to ../../build/drone_controller/drone_controller.egg-info/top_level.txt
[1.970s] writing manifest file '../../build/drone_controller/drone_controller.egg-info/SOURCES.txt'
[1.974s] reading manifest file '../../build/drone_controller/drone_controller.egg-info/SOURCES.txt'
[1.974s] adding license file 'LICENSE'
[1.975s] writing manifest file '../../build/drone_controller/drone_controller.egg-info/SOURCES.txt'
[1.976s] running build
[1.976s] running build_py
[1.976s] creating /home/jetson/Multitask-Drone/build/drone_controller/build
[1.976s] creating /home/jetson/Multitask-Drone/build/drone_controller/build/lib
[1.976s] creating /home/jetson/Multitask-Drone/build/drone_controller/build/lib/drone_controller
[1.976s] copying drone_controller/config.py -> /home/jetson/Multitask-Drone/build/drone_controller/build/lib/drone_controller
[1.977s] copying drone_controller/drone_controller.py -> /home/jetson/Multitask-Drone/build/drone_controller/build/lib/drone_controller
[1.978s] copying drone_controller/__init__.py -> /home/jetson/Multitask-Drone/build/drone_controller/build/lib/drone_controller
[1.978s] copying drone_controller/constant.py -> /home/jetson/Multitask-Drone/build/drone_controller/build/lib/drone_controller
[1.978s] copying drone_controller/utils.py -> /home/jetson/Multitask-Drone/build/drone_controller/build/lib/drone_controller
[1.978s] copying drone_controller/yiku_test.py -> /home/jetson/Multitask-Drone/build/drone_controller/build/lib/drone_controller
[1.979s] creating /home/jetson/Multitask-Drone/build/drone_controller/build/lib/drone_controller/task
[1.979s] copying drone_controller/task/task_executor.py -> /home/jetson/Multitask-Drone/build/drone_controller/build/lib/drone_controller/task
[1.979s] copying drone_controller/task/task_handler.py -> /home/jetson/Multitask-Drone/build/drone_controller/build/lib/drone_controller/task
[1.980s] copying drone_controller/task/__init__.py -> /home/jetson/Multitask-Drone/build/drone_controller/build/lib/drone_controller/task
[1.980s] creating /home/jetson/Multitask-Drone/build/drone_controller/build/lib/drone_controller/waypoint
[1.980s] copying drone_controller/waypoint/waypoint_task_executor.py -> /home/jetson/Multitask-Drone/build/drone_controller/build/lib/drone_controller/waypoint
[1.981s] copying drone_controller/waypoint/waypoint_task_executor_test.py -> /home/jetson/Multitask-Drone/build/drone_controller/build/lib/drone_controller/waypoint
[1.981s] copying drone_controller/waypoint/waypoint_handler.py -> /home/jetson/Multitask-Drone/build/drone_controller/build/lib/drone_controller/waypoint
[1.982s] copying drone_controller/waypoint/__init__.py -> /home/jetson/Multitask-Drone/build/drone_controller/build/lib/drone_controller/waypoint
[1.982s] creating /home/jetson/Multitask-Drone/build/drone_controller/build/lib/drone_controller/payload
[1.982s] copying drone_controller/payload/__init__.py -> /home/jetson/Multitask-Drone/build/drone_controller/build/lib/drone_controller/payload
[1.982s] copying drone_controller/payload/payload_controller.py -> /home/jetson/Multitask-Drone/build/drone_controller/build/lib/drone_controller/payload
[1.983s] running install
[1.984s] running install_lib
[1.985s] creating /home/jetson/Multitask-Drone/install/drone_controller/lib/python3.10/site-packages/drone_controller
[1.985s] copying /home/jetson/Multitask-Drone/build/drone_controller/build/lib/drone_controller/config.py -> /home/jetson/Multitask-Drone/install/drone_controller/lib/python3.10/site-packages/drone_controller
[1.985s] copying /home/jetson/Multitask-Drone/build/drone_controller/build/lib/drone_controller/drone_controller.py -> /home/jetson/Multitask-Drone/install/drone_controller/lib/python3.10/site-packages/drone_controller
[1.986s] creating /home/jetson/Multitask-Drone/install/drone_controller/lib/python3.10/site-packages/drone_controller/task
[1.986s] copying /home/jetson/Multitask-Drone/build/drone_controller/build/lib/drone_controller/task/task_executor.py -> /home/jetson/Multitask-Drone/install/drone_controller/lib/python3.10/site-packages/drone_controller/task
[1.986s] copying /home/jetson/Multitask-Drone/build/drone_controller/build/lib/drone_controller/task/task_handler.py -> /home/jetson/Multitask-Drone/install/drone_controller/lib/python3.10/site-packages/drone_controller/task
[1.986s] copying /home/jetson/Multitask-Drone/build/drone_controller/build/lib/drone_controller/task/__init__.py -> /home/jetson/Multitask-Drone/install/drone_controller/lib/python3.10/site-packages/drone_controller/task
[1.986s] copying /home/jetson/Multitask-Drone/build/drone_controller/build/lib/drone_controller/__init__.py -> /home/jetson/Multitask-Drone/install/drone_controller/lib/python3.10/site-packages/drone_controller
[1.986s] creating /home/jetson/Multitask-Drone/install/drone_controller/lib/python3.10/site-packages/drone_controller/payload
[1.987s] copying /home/jetson/Multitask-Drone/build/drone_controller/build/lib/drone_controller/payload/__init__.py -> /home/jetson/Multitask-Drone/install/drone_controller/lib/python3.10/site-packages/drone_controller/payload
[1.987s] copying /home/jetson/Multitask-Drone/build/drone_controller/build/lib/drone_controller/payload/payload_controller.py -> /home/jetson/Multitask-Drone/install/drone_controller/lib/python3.10/site-packages/drone_controller/payload
[1.987s] copying /home/jetson/Multitask-Drone/build/drone_controller/build/lib/drone_controller/constant.py -> /home/jetson/Multitask-Drone/install/drone_controller/lib/python3.10/site-packages/drone_controller
[1.987s] creating /home/jetson/Multitask-Drone/install/drone_controller/lib/python3.10/site-packages/drone_controller/waypoint
[1.987s] copying /home/jetson/Multitask-Drone/build/drone_controller/build/lib/drone_controller/waypoint/waypoint_task_executor.py -> /home/jetson/Multitask-Drone/install/drone_controller/lib/python3.10/site-packages/drone_controller/waypoint
[1.987s] copying /home/jetson/Multitask-Drone/build/drone_controller/build/lib/drone_controller/waypoint/waypoint_task_executor_test.py -> /home/jetson/Multitask-Drone/install/drone_controller/lib/python3.10/site-packages/drone_controller/waypoint
[1.988s] copying /home/jetson/Multitask-Drone/build/drone_controller/build/lib/drone_controller/waypoint/waypoint_handler.py -> /home/jetson/Multitask-Drone/install/drone_controller/lib/python3.10/site-packages/drone_controller/waypoint
[1.988s] copying /home/jetson/Multitask-Drone/build/drone_controller/build/lib/drone_controller/waypoint/__init__.py -> /home/jetson/Multitask-Drone/install/drone_controller/lib/python3.10/site-packages/drone_controller/waypoint
[1.988s] copying /home/jetson/Multitask-Drone/build/drone_controller/build/lib/drone_controller/utils.py -> /home/jetson/Multitask-Drone/install/drone_controller/lib/python3.10/site-packages/drone_controller
[1.988s] copying /home/jetson/Multitask-Drone/build/drone_controller/build/lib/drone_controller/yiku_test.py -> /home/jetson/Multitask-Drone/install/drone_controller/lib/python3.10/site-packages/drone_controller
[1.989s] byte-compiling /home/jetson/Multitask-Drone/install/drone_controller/lib/python3.10/site-packages/drone_controller/config.py to config.cpython-310.pyc
[1.990s] byte-compiling /home/jetson/Multitask-Drone/install/drone_controller/lib/python3.10/site-packages/drone_controller/drone_controller.py to drone_controller.cpython-310.pyc
[1.992s] byte-compiling /home/jetson/Multitask-Drone/install/drone_controller/lib/python3.10/site-packages/drone_controller/task/task_executor.py to task_executor.cpython-310.pyc
[1.995s] byte-compiling /home/jetson/Multitask-Drone/install/drone_controller/lib/python3.10/site-packages/drone_controller/task/task_handler.py to task_handler.cpython-310.pyc
[1.996s] byte-compiling /home/jetson/Multitask-Drone/install/drone_controller/lib/python3.10/site-packages/drone_controller/task/__init__.py to __init__.cpython-310.pyc
[1.996s] byte-compiling /home/jetson/Multitask-Drone/install/drone_controller/lib/python3.10/site-packages/drone_controller/__init__.py to __init__.cpython-310.pyc
[1.996s] byte-compiling /home/jetson/Multitask-Drone/install/drone_controller/lib/python3.10/site-packages/drone_controller/payload/__init__.py to __init__.cpython-310.pyc
[1.997s] byte-compiling /home/jetson/Multitask-Drone/install/drone_controller/lib/python3.10/site-packages/drone_controller/payload/payload_controller.py to payload_controller.cpython-310.pyc
[1.997s] byte-compiling /home/jetson/Multitask-Drone/install/drone_controller/lib/python3.10/site-packages/drone_controller/constant.py to constant.cpython-310.pyc
[1.998s] byte-compiling /home/jetson/Multitask-Drone/install/drone_controller/lib/python3.10/site-packages/drone_controller/waypoint/waypoint_task_executor.py to waypoint_task_executor.cpython-310.pyc
[2.001s] byte-compiling /home/jetson/Multitask-Drone/install/drone_controller/lib/python3.10/site-packages/drone_controller/waypoint/waypoint_task_executor_test.py to waypoint_task_executor_test.cpython-310.pyc
[2.005s] byte-compiling /home/jetson/Multitask-Drone/install/drone_controller/lib/python3.10/site-packages/drone_controller/waypoint/waypoint_handler.py to waypoint_handler.cpython-310.pyc
[2.006s] byte-compiling /home/jetson/Multitask-Drone/install/drone_controller/lib/python3.10/site-packages/drone_controller/waypoint/__init__.py to __init__.cpython-310.pyc
[2.007s] byte-compiling /home/jetson/Multitask-Drone/install/drone_controller/lib/python3.10/site-packages/drone_controller/utils.py to utils.cpython-310.pyc
[2.008s] byte-compiling /home/jetson/Multitask-Drone/install/drone_controller/lib/python3.10/site-packages/drone_controller/yiku_test.py to yiku_test.cpython-310.pyc
[2.009s] running install_data
[2.009s] creating /home/jetson/Multitask-Drone/install/drone_controller/share/ament_index
[2.010s] creating /home/jetson/Multitask-Drone/install/drone_controller/share/ament_index/resource_index
[2.010s] creating /home/jetson/Multitask-Drone/install/drone_controller/share/ament_index/resource_index/packages
[2.010s] copying resource/drone_controller -> /home/jetson/Multitask-Drone/install/drone_controller/share/ament_index/resource_index/packages
[2.010s] copying package.xml -> /home/jetson/Multitask-Drone/install/drone_controller/share/drone_controller
[2.010s] copying launch/drone_controller.launch.py -> /home/jetson/Multitask-Drone/install/drone_controller/share/drone_controller
[2.010s] running install_egg_info
[2.014s] Copying ../../build/drone_controller/drone_controller.egg-info to /home/jetson/Multitask-Drone/install/drone_controller/lib/python3.10/site-packages/drone_controller-0.0.0-py3.10.egg-info
[2.015s] running install_scripts
[2.051s] Installing drone_controller script to /home/jetson/Multitask-Drone/install/drone_controller/lib/drone_controller
[2.051s] Installing task_executor script to /home/jetson/Multitask-Drone/install/drone_controller/lib/drone_controller
[2.051s] Installing waypoint_handler script to /home/jetson/Multitask-Drone/install/drone_controller/lib/drone_controller
[2.051s] Installing yiku_test script to /home/jetson/Multitask-Drone/install/drone_controller/lib/drone_controller
[2.051s] writing list of installed files to '/home/jetson/Multitask-Drone/build/drone_controller/install.log'
[2.121s] Invoked command in '/home/jetson/Multitask-Drone/src/drone_controller' returned '0': AMENT_PREFIX_PATH=/home/jetson/Multitask-Drone/install/drone_interfaces:${AMENT_PREFIX_PATH} CMAKE_PREFIX_PATH=/home/jetson/Multitask-Drone/install/drone_interfaces LD_LIBRARY_PATH=/home/jetson/Multitask-Drone/install/drone_interfaces/lib:${LD_LIBRARY_PATH} PYTHONPATH=/home/jetson/Multitask-Drone/build/drone_controller/prefix_override:/usr/lib/python3/dist-packages/colcon_core/task/python/colcon_distutils_commands:/home/jetson/Multitask-Drone/install/drone_controller/lib/python3.10/site-packages:/home/jetson/Multitask-Drone/install/drone_interfaces/local/lib/python3.10/dist-packages:${PYTHONPATH} /usr/bin/python3 -W ignore:setup.py install is deprecated -W ignore:easy_install command is deprecated setup.py egg_info --egg-base ../../build/drone_controller build --build-base /home/jetson/Multitask-Drone/build/drone_controller/build install --record /home/jetson/Multitask-Drone/build/drone_controller/install.log --single-version-externally-managed install_data
