[0.586s] Invoking command in '/home/ccl/Multitask-Drone/src/drone_vision': AMENT_PREFIX_PATH=/home/ccl/Multitask-Drone/install/drone_interfaces:${AMENT_PREFIX_PATH} CMAKE_PREFIX_PATH=/home/ccl/Multitask-Drone/install/drone_interfaces LD_LIBRARY_PATH=/home/ccl/Multitask-Drone/install/drone_interfaces/lib:${LD_LIBRARY_PATH} PYTHONPATH=/home/ccl/Multitask-Drone/build/drone_vision/prefix_override:/usr/lib/python3/dist-packages/colcon_core/task/python/colcon_distutils_commands:/home/ccl/Multitask-Drone/install/drone_vision/lib/python3.10/site-packages:/home/ccl/Multitask-Drone/install/drone_interfaces/local/lib/python3.10/dist-packages:${PYTHONPATH} /usr/bin/python3 -W ignore:setup.py install is deprecated -W ignore:easy_install command is deprecated setup.py egg_info --egg-base ../../build/drone_vision build --build-base /home/ccl/Multitask-Drone/build/drone_vision/build install --record /home/ccl/Multitask-Drone/build/drone_vision/install.log --single-version-externally-managed install_data
[0.782s] running egg_info
[0.785s] writing ../../build/drone_vision/drone_vision.egg-info/PKG-INFO
[0.785s] writing dependency_links to ../../build/drone_vision/drone_vision.egg-info/dependency_links.txt
[0.785s] writing entry points to ../../build/drone_vision/drone_vision.egg-info/entry_points.txt
[0.785s] writing requirements to ../../build/drone_vision/drone_vision.egg-info/requires.txt
[0.785s] writing top-level names to ../../build/drone_vision/drone_vision.egg-info/top_level.txt
[0.789s] reading manifest file '../../build/drone_vision/drone_vision.egg-info/SOURCES.txt'
[0.789s] adding license file 'LICENSE'
[0.789s] writing manifest file '../../build/drone_vision/drone_vision.egg-info/SOURCES.txt'
[0.789s] running build
[0.789s] running build_py
[0.789s] running install
[0.789s] running install_lib
[0.789s] running install_data
[0.789s] running install_egg_info
[0.789s] removing '/home/ccl/Multitask-Drone/install/drone_vision/lib/python3.10/site-packages/drone_vision-0.0.0-py3.10.egg-info' (and everything under it)
[0.790s] Copying ../../build/drone_vision/drone_vision.egg-info to /home/ccl/Multitask-Drone/install/drone_vision/lib/python3.10/site-packages/drone_vision-0.0.0-py3.10.egg-info
[0.790s] running install_scripts
[0.807s] Installing object_detector script to /home/ccl/Multitask-Drone/install/drone_vision/lib/drone_vision
[0.812s] writing list of installed files to '/home/ccl/Multitask-Drone/build/drone_vision/install.log'
[0.832s] Invoked command in '/home/ccl/Multitask-Drone/src/drone_vision' returned '0': AMENT_PREFIX_PATH=/home/ccl/Multitask-Drone/install/drone_interfaces:${AMENT_PREFIX_PATH} CMAKE_PREFIX_PATH=/home/ccl/Multitask-Drone/install/drone_interfaces LD_LIBRARY_PATH=/home/ccl/Multitask-Drone/install/drone_interfaces/lib:${LD_LIBRARY_PATH} PYTHONPATH=/home/ccl/Multitask-Drone/build/drone_vision/prefix_override:/usr/lib/python3/dist-packages/colcon_core/task/python/colcon_distutils_commands:/home/ccl/Multitask-Drone/install/drone_vision/lib/python3.10/site-packages:/home/ccl/Multitask-Drone/install/drone_interfaces/local/lib/python3.10/dist-packages:${PYTHONPATH} /usr/bin/python3 -W ignore:setup.py install is deprecated -W ignore:easy_install command is deprecated setup.py egg_info --egg-base ../../build/drone_vision build --build-base /home/ccl/Multitask-Drone/build/drone_vision/build install --record /home/ccl/Multitask-Drone/build/drone_vision/install.log --single-version-externally-managed install_data
