[1.499s] Invoking command in '/home/orangepi/Multitask-Drone/src/drone_controller': AMENT_PREFIX_PATH=/home/orangepi/Multitask-Drone/install/drone_interfaces:${AMENT_PREFIX_PATH} CMAKE_PREFIX_PATH=/home/orangepi/Multitask-Drone/install/drone_interfaces LD_LIBRARY_PATH=/home/orangepi/Multitask-Drone/install/drone_interfaces/lib:${LD_LIBRARY_PATH} PYTHONPATH=/home/orangepi/Multitask-Drone/build/drone_controller/prefix_override:/usr/lib/python3/dist-packages/colcon_core/task/python/colcon_distutils_commands:/home/orangepi/Multitask-Drone/install/drone_controller/lib/python3.10/site-packages:/home/orangepi/Multitask-Drone/install/drone_interfaces/local/lib/python3.10/dist-packages:${PYTHONPATH} /usr/bin/python3 -W ignore:setup.py install is deprecated -W ignore:easy_install command is deprecated setup.py egg_info --egg-base ../../build/drone_controller build --build-base /home/orangepi/Multitask-Drone/build/drone_controller/build install --record /home/orangepi/Multitask-Drone/build/drone_controller/install.log --single-version-externally-managed install_data
[1.863s] running egg_info
[1.864s] writing ../../build/drone_controller/drone_controller.egg-info/PKG-INFO
[1.865s] writing dependency_links to ../../build/drone_controller/drone_controller.egg-info/dependency_links.txt
[1.866s] writing entry points to ../../build/drone_controller/drone_controller.egg-info/entry_points.txt
[1.866s] writing requirements to ../../build/drone_controller/drone_controller.egg-info/requires.txt
[1.867s] writing top-level names to ../../build/drone_controller/drone_controller.egg-info/top_level.txt
[1.870s] reading manifest file '../../build/drone_controller/drone_controller.egg-info/SOURCES.txt'
[1.871s] adding license file 'LICENSE'
[1.872s] writing manifest file '../../build/drone_controller/drone_controller.egg-info/SOURCES.txt'
[1.872s] running build
[1.873s] running build_py
[1.876s] copying drone_controller/yiku_test.py -> /home/orangepi/Multitask-Drone/build/drone_controller/build/lib/drone_controller
[1.876s] running install
[1.877s] running install_lib
[1.877s] copying /home/orangepi/Multitask-Drone/build/drone_controller/build/lib/drone_controller/yiku_test.py -> /home/orangepi/Multitask-Drone/install/drone_controller/lib/python3.10/site-packages/drone_controller
[1.878s] byte-compiling /home/orangepi/Multitask-Drone/install/drone_controller/lib/python3.10/site-packages/drone_controller/yiku_test.py to yiku_test.cpython-310.pyc
[1.880s] running install_data
[1.881s] running install_egg_info
[1.889s] removing '/home/orangepi/Multitask-Drone/install/drone_controller/lib/python3.10/site-packages/drone_controller-0.0.0-py3.10.egg-info' (and everything under it)
[1.889s] Copying ../../build/drone_controller/drone_controller.egg-info to /home/orangepi/Multitask-Drone/install/drone_controller/lib/python3.10/site-packages/drone_controller-0.0.0-py3.10.egg-info
[1.890s] running install_scripts
[1.925s] Installing drone_controller script to /home/orangepi/Multitask-Drone/install/drone_controller/lib/drone_controller
[1.926s] Installing task_executor script to /home/orangepi/Multitask-Drone/install/drone_controller/lib/drone_controller
[1.926s] Installing waypoint_handler script to /home/orangepi/Multitask-Drone/install/drone_controller/lib/drone_controller
[1.927s] Installing yiku_test script to /home/orangepi/Multitask-Drone/install/drone_controller/lib/drone_controller
[1.927s] writing list of installed files to '/home/orangepi/Multitask-Drone/build/drone_controller/install.log'
[2.035s] Invoked command in '/home/orangepi/Multitask-Drone/src/drone_controller' returned '0': AMENT_PREFIX_PATH=/home/orangepi/Multitask-Drone/install/drone_interfaces:${AMENT_PREFIX_PATH} CMAKE_PREFIX_PATH=/home/orangepi/Multitask-Drone/install/drone_interfaces LD_LIBRARY_PATH=/home/orangepi/Multitask-Drone/install/drone_interfaces/lib:${LD_LIBRARY_PATH} PYTHONPATH=/home/orangepi/Multitask-Drone/build/drone_controller/prefix_override:/usr/lib/python3/dist-packages/colcon_core/task/python/colcon_distutils_commands:/home/orangepi/Multitask-Drone/install/drone_controller/lib/python3.10/site-packages:/home/orangepi/Multitask-Drone/install/drone_interfaces/local/lib/python3.10/dist-packages:${PYTHONPATH} /usr/bin/python3 -W ignore:setup.py install is deprecated -W ignore:easy_install command is deprecated setup.py egg_info --egg-base ../../build/drone_controller build --build-base /home/orangepi/Multitask-Drone/build/drone_controller/build install --record /home/orangepi/Multitask-Drone/build/drone_controller/install.log --single-version-externally-managed install_data
