[0.849s] Invoking command in '/home/ccl/Multitask-Drone/src/drone_monitor': PYTHONPATH=/home/ccl/Multitask-Drone/build/drone_monitor/prefix_override:/usr/lib/python3/dist-packages/colcon_core/task/python/colcon_distutils_commands:/home/ccl/Multitask-Drone/install/drone_monitor/lib/python3.10/site-packages:${PYTHONPATH} /usr/bin/python3 -W ignore:setup.py install is deprecated -W ignore:easy_install command is deprecated setup.py egg_info --egg-base ../../build/drone_monitor build --build-base /home/ccl/Multitask-Drone/build/drone_monitor/build install --record /home/ccl/Multitask-Drone/build/drone_monitor/install.log --single-version-externally-managed install_data
[1.092s] running egg_info
[1.092s] writing ../../build/drone_monitor/drone_monitor.egg-info/PKG-INFO
[1.093s] writing dependency_links to ../../build/drone_monitor/drone_monitor.egg-info/dependency_links.txt
[1.093s] writing entry points to ../../build/drone_monitor/drone_monitor.egg-info/entry_points.txt
[1.093s] writing requirements to ../../build/drone_monitor/drone_monitor.egg-info/requires.txt
[1.093s] writing top-level names to ../../build/drone_monitor/drone_monitor.egg-info/top_level.txt
[1.094s] reading manifest file '../../build/drone_monitor/drone_monitor.egg-info/SOURCES.txt'
[1.097s] adding license file 'LICENSE'
[1.097s] writing manifest file '../../build/drone_monitor/drone_monitor.egg-info/SOURCES.txt'
[1.097s] running build
[1.097s] running build_py
[1.098s] running install
[1.098s] running install_lib
[1.099s] running install_data
[1.100s] running install_egg_info
[1.101s] removing '/home/ccl/Multitask-Drone/install/drone_monitor/lib/python3.10/site-packages/drone_monitor-0.0.0-py3.10.egg-info' (and everything under it)
[1.103s] Copying ../../build/drone_monitor/drone_monitor.egg-info to /home/ccl/Multitask-Drone/install/drone_monitor/lib/python3.10/site-packages/drone_monitor-0.0.0-py3.10.egg-info
[1.105s] running install_scripts
[1.126s] writing list of installed files to '/home/ccl/Multitask-Drone/build/drone_monitor/install.log'
[1.150s] Invoked command in '/home/ccl/Multitask-Drone/src/drone_monitor' returned '0': PYTHONPATH=/home/ccl/Multitask-Drone/build/drone_monitor/prefix_override:/usr/lib/python3/dist-packages/colcon_core/task/python/colcon_distutils_commands:/home/ccl/Multitask-Drone/install/drone_monitor/lib/python3.10/site-packages:${PYTHONPATH} /usr/bin/python3 -W ignore:setup.py install is deprecated -W ignore:easy_install command is deprecated setup.py egg_info --egg-base ../../build/drone_monitor build --build-base /home/ccl/Multitask-Drone/build/drone_monitor/build install --record /home/ccl/Multitask-Drone/build/drone_monitor/install.log --single-version-externally-managed install_data
